Saved configuration to: runs/calib8x8_brain_neuromod_trainable_seed2_20260701-064813/config.txt
Training Brain on cuda for 30 RL episodes
  Inner: 800000 timesteps, regime switch every 100000 steps
  Parallel Envs: 1
  Brain vectorization: sync
  Decision interval: 10 inner updates

--- Starting Meta-RL PPO Training (Target: 30) ---
update 10/390 | step=20480 | SPS=1362
update 20/390 | step=40960 | SPS=1348
update 30/390 | step=61440 | SPS=1339
update 40/390 | step=81920 | SPS=1335
[100016] Regime switch detected! 0 -> 1. Snapshotting anchor model.
update 50/390 | step=102400 | SPS=1332
update 60/390 | step=122880 | SPS=1327
update 70/390 | step=143360 | SPS=1328
update 80/390 | step=163840 | SPS=1324
update 90/390 | step=184320 | SPS=1324
[200016] Regime switch detected! 1 -> 0. Snapshotting anchor model.
update 100/390 | step=204800 | SPS=1325
update 110/390 | step=225280 | SPS=1331
update 120/390 | step=245760 | SPS=1342
update 130/390 | step=266240 | SPS=1355
update 140/390 | step=286720 | SPS=1359
[300016] Regime switch detected! 0 -> 1. Snapshotting anchor model.
update 150/390 | step=307200 | SPS=1357
update 160/390 | step=327680 | SPS=1361
update 170/390 | step=348160 | SPS=1368
update 180/390 | step=368640 | SPS=1376
update 190/390 | step=389120 | SPS=1375
[400016] Regime switch detected! 1 -> 0. Snapshotting anchor model.
update 200/390 | step=409600 | SPS=1372
update 210/390 | step=430080 | SPS=1377
update 220/390 | step=450560 | SPS=1381
update 230/390 | step=471040 | SPS=1386
update 240/390 | step=491520 | SPS=1383
[500016] Regime switch detected! 0 -> 1. Snapshotting anchor model.
update 250/390 | step=512000 | SPS=1380
update 260/390 | step=532480 | SPS=1383
update 270/390 | step=552960 | SPS=1386
update 280/390 | step=573440 | SPS=1389
update 290/390 | step=593920 | SPS=1393
[600016] Regime switch detected! 1 -> 0. Snapshotting anchor model.
update 300/390 | step=614400 | SPS=1395
update 310/390 | step=634880 | SPS=1396
update 320/390 | step=655360 | SPS=1397
update 330/390 | step=675840 | SPS=1394
update 340/390 | step=696320 | SPS=1392
[700016] Regime switch detected! 0 -> 1. Snapshotting anchor model.
update 350/390 | step=716800 | SPS=1390
update 360/390 | step=737280 | SPS=1389
update 370/390 | step=757760 | SPS=1387
update 380/390 | step=778240 | SPS=1385
[save] runs/calib8x8_brain_neuromod_trainable_seed2_20260701-064813/episode_1/ep1_env0_20260701-064819/inner_checkpoints/ep1_env0_update390.pt
update 390/390 | step=798720 | SPS=1383
Episode 1/30 | reward=-0.3641 | avg10=-0.3641 | avg_success_rate=0.6200 | steps=38 | time=603.0s
update 10/390 | step=20480 | SPS=1405
update 20/390 | step=40960 | SPS=1368
update 30/390 | step=61440 | SPS=1357
update 40/390 | step=81920 | SPS=1345
[100016] Regime switch detected! 0 -> 1. Snapshotting anchor model.
update 50/390 | step=102400 | SPS=1336
update 60/390 | step=122880 | SPS=1328
update 70/390 | step=143360 | SPS=1328
update 80/390 | step=163840 | SPS=1329
update 90/390 | step=184320 | SPS=1330
[200016] Regime switch detected! 1 -> 0. Snapshotting anchor model.
update 100/390 | step=204800 | SPS=1329
update 110/390 | step=225280 | SPS=1327
update 120/390 | step=245760 | SPS=1327
update 130/390 | step=266240 | SPS=1325
update 140/390 | step=286720 | SPS=1325
[300016] Regime switch detected! 0 -> 1. Snapshotting anchor model.
update 150/390 | step=307200 | SPS=1323
update 160/390 | step=327680 | SPS=1321
update 170/390 | step=348160 | SPS=1323
update 180/390 | step=368640 | SPS=1327
update 190/390 | step=389120 | SPS=1325
[400016] Regime switch detected! 1 -> 0. Snapshotting anchor model.
update 200/390 | step=409600 | SPS=1328
update 210/390 | step=430080 | SPS=1332
update 220/390 | step=450560 | SPS=1331
update 230/390 | step=471040 | SPS=1334
update 240/390 | step=491520 | SPS=1333
[500016] Regime switch detected! 0 -> 1. Snapshotting anchor model.
update 250/390 | step=512000 | SPS=1332
update 260/390 | step=532480 | SPS=1331
update 270/390 | step=552960 | SPS=1329
update 280/390 | step=573440 | SPS=1329
update 290/390 | step=593920 | SPS=1328
[600016] Regime switch detected! 1 -> 0. Snapshotting anchor model.
update 300/390 | step=614400 | SPS=1326
update 310/390 | step=634880 | SPS=1329
update 320/390 | step=655360 | SPS=1333
update 330/390 | step=675840 | SPS=1339
update 340/390 | step=696320 | SPS=1344
[700016] Regime switch detected! 0 -> 1. Snapshotting anchor model.
update 350/390 | step=716800 | SPS=1348
update 360/390 | step=737280 | SPS=1352
update 370/390 | step=757760 | SPS=1356
update 380/390 | step=778240 | SPS=1360
[save] runs/calib8x8_brain_neuromod_trainable_seed2_20260701-064813/episode_2/ep2_env0_20260701-065821/inner_checkpoints/ep2_env0_update390.pt
update 390/390 | step=798720 | SPS=1361
Episode 2/30 | reward=3.4410 | avg10=1.5384 | avg_success_rate=0.7200 | steps=38 | time=612.0s
update 10/390 | step=20480 | SPS=1403
update 20/390 | step=40960 | SPS=1374
update 30/390 | step=61440 | SPS=1351
update 40/390 | step=81920 | SPS=1339
[100016] Regime switch detected! 0 -> 1. Snapshotting anchor model.
update 50/390 | step=102400 | SPS=1348
update 60/390 | step=122880 | SPS=1341
update 70/390 | step=143360 | SPS=1341
update 80/390 | step=163840 | SPS=1339
update 90/390 | step=184320 | SPS=1337
[200016] Regime switch detected! 1 -> 0. Snapshotting anchor model.
update 100/390 | step=204800 | SPS=1333
update 110/390 | step=225280 | SPS=1333
update 120/390 | step=245760 | SPS=1331
update 130/390 | step=266240 | SPS=1328
update 140/390 | step=286720 | SPS=1327
[300016] Regime switch detected! 0 -> 1. Snapshotting anchor model.
update 150/390 | step=307200 | SPS=1324
update 160/390 | step=327680 | SPS=1322
update 170/390 | step=348160 | SPS=1330
update 180/390 | step=368640 | SPS=1330
update 190/390 | step=389120 | SPS=1328
[400016] Regime switch detected! 1 -> 0. Snapshotting anchor model.
update 200/390 | step=409600 | SPS=1327
update 210/390 | step=430080 | SPS=1326
update 220/390 | step=450560 | SPS=1325
update 230/390 | step=471040 | SPS=1324
update 240/390 | step=491520 | SPS=1326
[500016] Regime switch detected! 0 -> 1. Snapshotting anchor model.
update 250/390 | step=512000 | SPS=1332
update 260/390 | step=532480 | SPS=1330
update 270/390 | step=552960 | SPS=1331
update 280/390 | step=573440 | SPS=1335
update 290/390 | step=593920 | SPS=1333
[600016] Regime switch detected! 1 -> 0. Snapshotting anchor model.
update 300/390 | step=614400 | SPS=1332
update 310/390 | step=634880 | SPS=1337
update 320/390 | step=655360 | SPS=1335
update 330/390 | step=675840 | SPS=1335
update 340/390 | step=696320 | SPS=1335
[700016] Regime switch detected! 0 -> 1. Snapshotting anchor model.
update 350/390 | step=716800 | SPS=1337
update 360/390 | step=737280 | SPS=1341
update 370/390 | step=757760 | SPS=1344
update 380/390 | step=778240 | SPS=1352
[save] runs/calib8x8_brain_neuromod_trainable_seed2_20260701-064813/episode_3/ep3_env0_20260701-070833/inner_checkpoints/ep3_env0_update390.pt
update 390/390 | step=798720 | SPS=1358
Episode 3/30 | reward=3.4187 | avg10=2.1652 | avg_success_rate=0.8600 | steps=38 | time=613.1s
update 10/390 | step=20480 | SPS=1370
update 20/390 | step=40960 | SPS=1421
update 30/390 | step=61440 | SPS=1413
update 40/390 | step=81920 | SPS=1424
[100016] Regime switch detected! 0 -> 1. Snapshotting anchor model.
update 50/390 | step=102400 | SPS=1420
update 60/390 | step=122880 | SPS=1408
update 70/390 | step=143360 | SPS=1395
update 80/390 | step=163840 | SPS=1380
update 90/390 | step=184320 | SPS=1372
[200016] Regime switch detected! 1 -> 0. Snapshotting anchor model.
update 100/390 | step=204800 | SPS=1368
update 110/390 | step=225280 | SPS=1362
update 120/390 | step=245760 | SPS=1357
update 130/390 | step=266240 | SPS=1364
update 140/390 | step=286720 | SPS=1371
[300016] Regime switch detected! 0 -> 1. Snapshotting anchor model.
update 150/390 | step=307200 | SPS=1379
update 160/390 | step=327680 | SPS=1373
update 170/390 | step=348160 | SPS=1367
update 180/390 | step=368640 | SPS=1365
update 190/390 | step=389120 | SPS=1361
[400016] Regime switch detected! 1 -> 0. Snapshotting anchor model.
update 200/390 | step=409600 | SPS=1357
update 210/390 | step=430080 | SPS=1356
update 220/390 | step=450560 | SPS=1353
update 230/390 | step=471040 | SPS=1352
update 240/390 | step=491520 | SPS=1352
[500016] Regime switch detected! 0 -> 1. Snapshotting anchor model.
update 250/390 | step=512000 | SPS=1351
update 260/390 | step=532480 | SPS=1352
update 270/390 | step=552960 | SPS=1352
update 280/390 | step=573440 | SPS=1351
update 290/390 | step=593920 | SPS=1354
[600016] Regime switch detected! 1 -> 0. Snapshotting anchor model.
update 300/390 | step=614400 | SPS=1353
update 310/390 | step=634880 | SPS=1352
update 320/390 | step=655360 | SPS=1351
update 330/390 | step=675840 | SPS=1352
update 340/390 | step=696320 | SPS=1357
[700016] Regime switch detected! 0 -> 1. Snapshotting anchor model.
update 350/390 | step=716800 | SPS=1355
update 360/390 | step=737280 | SPS=1356
update 370/390 | step=757760 | SPS=1358
update 380/390 | step=778240 | SPS=1358
[save] runs/calib8x8_brain_neuromod_trainable_seed2_20260701-064813/episode_4/ep4_env0_20260701-071846/inner_checkpoints/ep4_env0_update390.pt
update 390/390 | step=798720 | SPS=1358
Episode 4/30 | reward=5.4552 | avg10=2.9877 | avg_success_rate=0.9400 | steps=38 | time=612.0s
update 10/390 | step=20480 | SPS=1372
update 20/390 | step=40960 | SPS=1372
update 30/390 | step=61440 | SPS=1355
update 40/390 | step=81920 | SPS=1340
[100016] Regime switch detected! 0 -> 1. Snapshotting anchor model.
update 50/390 | step=102400 | SPS=1328
update 60/390 | step=122880 | SPS=1324
update 70/390 | step=143360 | SPS=1321
update 80/390 | step=163840 | SPS=1316
update 90/390 | step=184320 | SPS=1314
[200016] Regime switch detected! 1 -> 0. Snapshotting anchor model.
update 100/390 | step=204800 | SPS=1314
update 110/390 | step=225280 | SPS=1326
update 120/390 | step=245760 | SPS=1327
update 130/390 | step=266240 | SPS=1331
update 140/390 | step=286720 | SPS=1326
[300016] Regime switch detected! 0 -> 1. Snapshotting anchor model.
update 150/390 | step=307200 | SPS=1325
update 160/390 | step=327680 | SPS=1329
update 170/390 | step=348160 | SPS=1333
update 180/390 | step=368640 | SPS=1336
update 190/390 | step=389120 | SPS=1335
[400016] Regime switch detected! 1 -> 0. Snapshotting anchor model.
update 200/390 | step=409600 | SPS=1334
update 210/390 | step=430080 | SPS=1342
update 220/390 | step=450560 | SPS=1347
update 230/390 | step=471040 | SPS=1353
update 240/390 | step=491520 | SPS=1358
[500016] Regime switch detected! 0 -> 1. Snapshotting anchor model.
update 250/390 | step=512000 | SPS=1362
update 260/390 | step=532480 | SPS=1366
update 270/390 | step=552960 | SPS=1371
update 280/390 | step=573440 | SPS=1373
update 290/390 | step=593920 | SPS=1371
[600016] Regime switch detected! 1 -> 0. Snapshotting anchor model.
update 300/390 | step=614400 | SPS=1370
update 310/390 | step=634880 | SPS=1368
update 320/390 | step=655360 | SPS=1371
update 330/390 | step=675840 | SPS=1373
update 340/390 | step=696320 | SPS=1377
[700016] Regime switch detected! 0 -> 1. Snapshotting anchor model.
update 350/390 | step=716800 | SPS=1378
update 360/390 | step=737280 | SPS=1382
update 370/390 | step=757760 | SPS=1384
update 380/390 | step=778240 | SPS=1385
[save] runs/calib8x8_brain_neuromod_trainable_seed2_20260701-064813/episode_5/ep5_env0_20260701-072858/inner_checkpoints/ep5_env0_update390.pt
update 390/390 | step=798720 | SPS=1383
Episode 5/30 | reward=5.5213 | avg10=3.4944 | avg_success_rate=0.9300 | steps=38 | time=601.0s
update 10/390 | step=20480 | SPS=1370
update 20/390 | step=40960 | SPS=1352
update 30/390 | step=61440 | SPS=1345
update 40/390 | step=81920 | SPS=1337
[100016] Regime switch detected! 0 -> 1. Snapshotting anchor model.
update 50/390 | step=102400 | SPS=1337
update 60/390 | step=122880 | SPS=1329
update 70/390 | step=143360 | SPS=1330
update 80/390 | step=163840 | SPS=1330
update 90/390 | step=184320 | SPS=1346
[200016] Regime switch detected! 1 -> 0. Snapshotting anchor model.
update 100/390 | step=204800 | SPS=1351
update 110/390 | step=225280 | SPS=1356
update 120/390 | step=245760 | SPS=1352
update 130/390 | step=266240 | SPS=1349
update 140/390 | step=286720 | SPS=1351
[300016] Regime switch detected! 0 -> 1. Snapshotting anchor model.
update 150/390 | step=307200 | SPS=1357
update 160/390 | step=327680 | SPS=1353
update 170/390 | step=348160 | SPS=1351
update 180/390 | step=368640 | SPS=1360
update 190/390 | step=389120 | SPS=1364
[400016] Regime switch detected! 1 -> 0. Snapshotting anchor model.
update 200/390 | step=409600 | SPS=1364
update 210/390 | step=430080 | SPS=1362
update 220/390 | step=450560 | SPS=1367
update 230/390 | step=471040 | SPS=1369
update 240/390 | step=491520 | SPS=1366
[500016] Regime switch detected! 0 -> 1. Snapshotting anchor model.
update 250/390 | step=512000 | SPS=1370
update 260/390 | step=532480 | SPS=1374
update 270/390 | step=552960 | SPS=1372
update 280/390 | step=573440 | SPS=1371
update 290/390 | step=593920 | SPS=1368
[600016] Regime switch detected! 1 -> 0. Snapshotting anchor model.
update 300/390 | step=614400 | SPS=1365
update 310/390 | step=634880 | SPS=1363
update 320/390 | step=655360 | SPS=1361
update 330/390 | step=675840 | SPS=1360
update 340/390 | step=696320 | SPS=1361
[700016] Regime switch detected! 0 -> 1. Snapshotting anchor model.
update 350/390 | step=716800 | SPS=1365
update 360/390 | step=737280 | SPS=1367
update 370/390 | step=757760 | SPS=1369
update 380/390 | step=778240 | SPS=1370
[save] runs/calib8x8_brain_neuromod_trainable_seed2_20260701-064813/episode_6/ep6_env0_20260701-073859/inner_checkpoints/ep6_env0_update390.pt
update 390/390 | step=798720 | SPS=1371
Episode 6/30 | reward=3.2459 | avg10=3.4530 | avg_success_rate=0.9400 | steps=38 | time=607.9s
update 10/390 | step=20480 | SPS=1347
update 20/390 | step=40960 | SPS=1367
update 30/390 | step=61440 | SPS=1363
update 40/390 | step=81920 | SPS=1350
[100016] Regime switch detected! 0 -> 1. Snapshotting anchor model.
update 50/390 | step=102400 | SPS=1338
update 60/390 | step=122880 | SPS=1330
update 70/390 | step=143360 | SPS=1349
update 80/390 | step=163840 | SPS=1366
update 90/390 | step=184320 | SPS=1380
[200016] Regime switch detected! 1 -> 0. Snapshotting anchor model.
update 100/390 | step=204800 | SPS=1390
update 110/390 | step=225280 | SPS=1382
update 120/390 | step=245760 | SPS=1384
update 130/390 | step=266240 | SPS=1392
update 140/390 | step=286720 | SPS=1400
[300016] Regime switch detected! 0 -> 1. Snapshotting anchor model.
update 150/390 | step=307200 | SPS=1404
update 160/390 | step=327680 | SPS=1398
update 170/390 | step=348160 | SPS=1393
update 180/390 | step=368640 | SPS=1389
update 190/390 | step=389120 | SPS=1383
[400016] Regime switch detected! 1 -> 0. Snapshotting anchor model.
update 200/390 | step=409600 | SPS=1380
update 210/390 | step=430080 | SPS=1375
update 220/390 | step=450560 | SPS=1372
update 230/390 | step=471040 | SPS=1368
update 240/390 | step=491520 | SPS=1363
[500016] Regime switch detected! 0 -> 1. Snapshotting anchor model.
update 250/390 | step=512000 | SPS=1362
update 260/390 | step=532480 | SPS=1359
update 270/390 | step=552960 | SPS=1356
update 280/390 | step=573440 | SPS=1355
update 290/390 | step=593920 | SPS=1353
[600016] Regime switch detected! 1 -> 0. Snapshotting anchor model.
update 300/390 | step=614400 | SPS=1353
update 310/390 | step=634880 | SPS=1351
update 320/390 | step=655360 | SPS=1348
update 330/390 | step=675840 | SPS=1349
update 340/390 | step=696320 | SPS=1348
[700016] Regime switch detected! 0 -> 1. Snapshotting anchor model.
update 350/390 | step=716800 | SPS=1350
update 360/390 | step=737280 | SPS=1357
update 370/390 | step=757760 | SPS=1361
update 380/390 | step=778240 | SPS=1364
[save] runs/calib8x8_brain_neuromod_trainable_seed2_20260701-064813/episode_7/ep7_env0_20260701-074906/inner_checkpoints/ep7_env0_update390.pt
update 390/390 | step=798720 | SPS=1363
Episode 7/30 | reward=2.9316 | avg10=3.3785 | avg_success_rate=0.9400 | steps=38 | time=611.2s
update 10/390 | step=20480 | SPS=1376
update 20/390 | step=40960 | SPS=1354
update 30/390 | step=61440 | SPS=1384
update 40/390 | step=81920 | SPS=1406
[100016] Regime switch detected! 0 -> 1. Snapshotting anchor model.
update 50/390 | step=102400 | SPS=1420
update 60/390 | step=122880 | SPS=1412
update 70/390 | step=143360 | SPS=1399
update 80/390 | step=163840 | SPS=1394
update 90/390 | step=184320 | SPS=1387
[200016] Regime switch detected! 1 -> 0. Snapshotting anchor model.
update 100/390 | step=204800 | SPS=1390
update 110/390 | step=225280 | SPS=1382
update 120/390 | step=245760 | SPS=1377
update 130/390 | step=266240 | SPS=1370
update 140/390 | step=286720 | SPS=1366
[300016] Regime switch detected! 0 -> 1. Snapshotting anchor model.
update 150/390 | step=307200 | SPS=1360
update 160/390 | step=327680 | SPS=1356
update 170/390 | step=348160 | SPS=1353
update 180/390 | step=368640 | SPS=1353
update 190/390 | step=389120 | SPS=1349
[400016] Regime switch detected! 1 -> 0. Snapshotting anchor model.
update 200/390 | step=409600 | SPS=1356
update 210/390 | step=430080 | SPS=1355
update 220/390 | step=450560 | SPS=1352
update 230/390 | step=471040 | SPS=1349
update 240/390 | step=491520 | SPS=1345
[500016] Regime switch detected! 0 -> 1. Snapshotting anchor model.
update 250/390 | step=512000 | SPS=1344
update 260/390 | step=532480 | SPS=1342
update 270/390 | step=552960 | SPS=1341
update 280/390 | step=573440 | SPS=1340
update 290/390 | step=593920 | SPS=1340
[600016] Regime switch detected! 1 -> 0. Snapshotting anchor model.
update 300/390 | step=614400 | SPS=1343
update 310/390 | step=634880 | SPS=1344
update 320/390 | step=655360 | SPS=1342
update 330/390 | step=675840 | SPS=1341
update 340/390 | step=696320 | SPS=1343
[700016] Regime switch detected! 0 -> 1. Snapshotting anchor model.
update 350/390 | step=716800 | SPS=1345
update 360/390 | step=737280 | SPS=1347
update 370/390 | step=757760 | SPS=1348
update 380/390 | step=778240 | SPS=1352
[save] runs/calib8x8_brain_neuromod_trainable_seed2_20260701-064813/episode_8/ep8_env0_20260701-075918/inner_checkpoints/ep8_env0_update390.pt
update 390/390 | step=798720 | SPS=1354
Episode 8/30 | reward=2.7712 | avg10=3.3026 | avg_success_rate=0.9500 | steps=38 | time=615.3s
update 10/390 | step=20480 | SPS=1420
update 20/390 | step=40960 | SPS=1402
update 30/390 | step=61440 | SPS=1376
update 40/390 | step=81920 | SPS=1359
[100016] Regime switch detected! 0 -> 1. Snapshotting anchor model.
update 50/390 | step=102400 | SPS=1348
update 60/390 | step=122880 | SPS=1343
update 70/390 | step=143360 | SPS=1345
update 80/390 | step=163840 | SPS=1343
update 90/390 | step=184320 | SPS=1342
[200016] Regime switch detected! 1 -> 0. Snapshotting anchor model.
update 100/390 | step=204800 | SPS=1346
update 110/390 | step=225280 | SPS=1345
update 120/390 | step=245760 | SPS=1348
update 130/390 | step=266240 | SPS=1347
update 140/390 | step=286720 | SPS=1349
[300016] Regime switch detected! 0 -> 1. Snapshotting anchor model.
update 150/390 | step=307200 | SPS=1350
update 160/390 | step=327680 | SPS=1352
update 170/390 | step=348160 | SPS=1349
update 180/390 | step=368640 | SPS=1347
update 190/390 | step=389120 | SPS=1346
[400016] Regime switch detected! 1 -> 0. Snapshotting anchor model.
update 200/390 | step=409600 | SPS=1344
update 210/390 | step=430080 | SPS=1343
update 220/390 | step=450560 | SPS=1346
update 230/390 | step=471040 | SPS=1350
update 240/390 | step=491520 | SPS=1356
[500016] Regime switch detected! 0 -> 1. Snapshotting anchor model.
update 250/390 | step=512000 | SPS=1361
update 260/390 | step=532480 | SPS=1366
update 270/390 | step=552960 | SPS=1370
update 280/390 | step=573440 | SPS=1375
update 290/390 | step=593920 | SPS=1379
[600016] Regime switch detected! 1 -> 0. Snapshotting anchor model.
update 300/390 | step=614400 | SPS=1381
update 310/390 | step=634880 | SPS=1379
update 320/390 | step=655360 | SPS=1377
update 330/390 | step=675840 | SPS=1375
update 340/390 | step=696320 | SPS=1376
[700016] Regime switch detected! 0 -> 1. Snapshotting anchor model.
update 350/390 | step=716800 | SPS=1377
update 360/390 | step=737280 | SPS=1375
update 370/390 | step=757760 | SPS=1372
update 380/390 | step=778240 | SPS=1372
[save] runs/calib8x8_brain_neuromod_trainable_seed2_20260701-064813/episode_9/ep9_env0_20260701-080933/inner_checkpoints/ep9_env0_update390.pt
update 390/390 | step=798720 | SPS=1374
Episode 9/30 | reward=3.0620 | avg10=3.2759 | avg_success_rate=0.9700 | steps=38 | time=606.8s
update 10/390 | step=20480 | SPS=1368
update 20/390 | step=40960 | SPS=1349
update 30/390 | step=61440 | SPS=1345
update 40/390 | step=81920 | SPS=1338
[100016] Regime switch detected! 0 -> 1. Snapshotting anchor model.
update 50/390 | step=102400 | SPS=1359
update 60/390 | step=122880 | SPS=1373
update 70/390 | step=143360 | SPS=1369
update 80/390 | step=163840 | SPS=1375
update 90/390 | step=184320 | SPS=1368
[200016] Regime switch detected! 1 -> 0. Snapshotting anchor model.
update 100/390 | step=204800 | SPS=1361
update 110/390 | step=225280 | SPS=1356
update 120/390 | step=245760 | SPS=1353
update 130/390 | step=266240 | SPS=1351
update 140/390 | step=286720 | SPS=1354
[300016] Regime switch detected! 0 -> 1. Snapshotting anchor model.
update 150/390 | step=307200 | SPS=1354
update 160/390 | step=327680 | SPS=1350
update 170/390 | step=348160 | SPS=1348
update 180/390 | step=368640 | SPS=1346
update 190/390 | step=389120 | SPS=1342
[400016] Regime switch detected! 1 -> 0. Snapshotting anchor model.
update 200/390 | step=409600 | SPS=1341
update 210/390 | step=430080 | SPS=1341
update 220/390 | step=450560 | SPS=1339
update 230/390 | step=471040 | SPS=1338
update 240/390 | step=491520 | SPS=1338
[500016] Regime switch detected! 0 -> 1. Snapshotting anchor model.
update 250/390 | step=512000 | SPS=1338
update 260/390 | step=532480 | SPS=1336
update 270/390 | step=552960 | SPS=1336
update 280/390 | step=573440 | SPS=1339
update 290/390 | step=593920 | SPS=1339
[600016] Regime switch detected! 1 -> 0. Snapshotting anchor model.
update 300/390 | step=614400 | SPS=1339
update 310/390 | step=634880 | SPS=1338
update 320/390 | step=655360 | SPS=1337
update 330/390 | step=675840 | SPS=1339
update 340/390 | step=696320 | SPS=1344
[700016] Regime switch detected! 0 -> 1. Snapshotting anchor model.
update 350/390 | step=716800 | SPS=1344
update 360/390 | step=737280 | SPS=1343
update 370/390 | step=757760 | SPS=1342
update 380/390 | step=778240 | SPS=1340
[save] runs/calib8x8_brain_neuromod_trainable_seed2_20260701-064813/episode_10/ep10_env0_20260701-081940/inner_checkpoints/ep10_env0_update390.pt
update 390/390 | step=798720 | SPS=1339
Episode 10/30 | reward=4.9904 | avg10=3.4473 | avg_success_rate=0.7800 | steps=38 | time=621.9s
update 10/390 | step=20480 | SPS=1338
update 20/390 | step=40960 | SPS=1350
update 30/390 | step=61440 | SPS=1347
update 40/390 | step=81920 | SPS=1332
[100016] Regime switch detected! 0 -> 1. Snapshotting anchor model.
update 50/390 | step=102400 | SPS=1323
update 60/390 | step=122880 | SPS=1322
update 70/390 | step=143360 | SPS=1348
update 80/390 | step=163840 | SPS=1369
update 90/390 | step=184320 | SPS=1385
[200016] Regime switch detected! 1 -> 0. Snapshotting anchor model.
update 100/390 | step=204800 | SPS=1396
update 110/390 | step=225280 | SPS=1404
update 120/390 | step=245760 | SPS=1407
update 130/390 | step=266240 | SPS=1411
update 140/390 | step=286720 | SPS=1417
[300016] Regime switch detected! 0 -> 1. Snapshotting anchor model.
update 150/390 | step=307200 | SPS=1421
update 160/390 | step=327680 | SPS=1426
update 170/390 | step=348160 | SPS=1428
update 180/390 | step=368640 | SPS=1430
update 190/390 | step=389120 | SPS=1435
[400016] Regime switch detected! 1 -> 0. Snapshotting anchor model.
update 200/390 | step=409600 | SPS=1432
update 210/390 | step=430080 | SPS=1429
update 220/390 | step=450560 | SPS=1423
update 230/390 | step=471040 | SPS=1424
update 240/390 | step=491520 | SPS=1427
[500016] Regime switch detected! 0 -> 1. Snapshotting anchor model.
update 250/390 | step=512000 | SPS=1423
update 260/390 | step=532480 | SPS=1420
update 270/390 | step=552960 | SPS=1420
update 280/390 | step=573440 | SPS=1420
update 290/390 | step=593920 | SPS=1416
[600016] Regime switch detected! 1 -> 0. Snapshotting anchor model.
update 300/390 | step=614400 | SPS=1411
update 310/390 | step=634880 | SPS=1408
update 320/390 | step=655360 | SPS=1404
update 330/390 | step=675840 | SPS=1400
update 340/390 | step=696320 | SPS=1400
[700016] Regime switch detected! 0 -> 1. Snapshotting anchor model.
update 350/390 | step=716800 | SPS=1401
update 360/390 | step=737280 | SPS=1399
update 370/390 | step=757760 | SPS=1396
update 380/390 | step=778240 | SPS=1393
[save] runs/calib8x8_brain_neuromod_trainable_seed2_20260701-064813/episode_11/ep11_env0_20260701-083002/inner_checkpoints/ep11_env0_update390.pt
update 390/390 | step=798720 | SPS=1391
Episode 11/30 | reward=2.0419 | avg10=3.6879 | avg_success_rate=0.9800 | steps=38 | time=599.2s
update 10/390 | step=20480 | SPS=1366
update 20/390 | step=40960 | SPS=1352
update 30/390 | step=61440 | SPS=1344
update 40/390 | step=81920 | SPS=1343
[100016] Regime switch detected! 0 -> 1. Snapshotting anchor model.
update 50/390 | step=102400 | SPS=1357
update 60/390 | step=122880 | SPS=1346
update 70/390 | step=143360 | SPS=1342
update 80/390 | step=163840 | SPS=1339
update 90/390 | step=184320 | SPS=1341
[200016] Regime switch detected! 1 -> 0. Snapshotting anchor model.
update 100/390 | step=204800 | SPS=1344
update 110/390 | step=225280 | SPS=1351
update 120/390 | step=245760 | SPS=1363
update 130/390 | step=266240 | SPS=1369
update 140/390 | step=286720 | SPS=1366
[300016] Regime switch detected! 0 -> 1. Snapshotting anchor model.
update 150/390 | step=307200 | SPS=1362
update 160/390 | step=327680 | SPS=1360
update 170/390 | step=348160 | SPS=1358
update 180/390 | step=368640 | SPS=1355
update 190/390 | step=389120 | SPS=1353
[400016] Regime switch detected! 1 -> 0. Snapshotting anchor model.
update 200/390 | step=409600 | SPS=1358
update 210/390 | step=430080 | SPS=1364
update 220/390 | step=450560 | SPS=1370
update 230/390 | step=471040 | SPS=1376
update 240/390 | step=491520 | SPS=1381
[500016] Regime switch detected! 0 -> 1. Snapshotting anchor model.
update 250/390 | step=512000 | SPS=1385
update 260/390 | step=532480 | SPS=1390
update 270/390 | step=552960 | SPS=1393
update 280/390 | step=573440 | SPS=1394
update 290/390 | step=593920 | SPS=1392
[600016] Regime switch detected! 1 -> 0. Snapshotting anchor model.
update 300/390 | step=614400 | SPS=1391
update 310/390 | step=634880 | SPS=1388
update 320/390 | step=655360 | SPS=1386
update 330/390 | step=675840 | SPS=1382
update 340/390 | step=696320 | SPS=1381
[700016] Regime switch detected! 0 -> 1. Snapshotting anchor model.
update 350/390 | step=716800 | SPS=1382
update 360/390 | step=737280 | SPS=1381
update 370/390 | step=757760 | SPS=1380
update 380/390 | step=778240 | SPS=1377
[save] runs/calib8x8_brain_neuromod_trainable_seed2_20260701-064813/episode_12/ep12_env0_20260701-084001/inner_checkpoints/ep12_env0_update390.pt
update 390/390 | step=798720 | SPS=1376
Episode 12/30 | reward=3.5691 | avg10=3.7007 | avg_success_rate=0.9200 | steps=38 | time=605.3s
update 10/390 | step=20480 | SPS=1372
update 20/390 | step=40960 | SPS=1348
update 30/390 | step=61440 | SPS=1350
update 40/390 | step=81920 | SPS=1344
[100016] Regime switch detected! 0 -> 1. Snapshotting anchor model.
update 50/390 | step=102400 | SPS=1337
update 60/390 | step=122880 | SPS=1346
update 70/390 | step=143360 | SPS=1368
update 80/390 | step=163840 | SPS=1386
update 90/390 | step=184320 | SPS=1399
[200016] Regime switch detected! 1 -> 0. Snapshotting anchor model.
update 100/390 | step=204800 | SPS=1407
update 110/390 | step=225280 | SPS=1411
update 120/390 | step=245760 | SPS=1411
update 130/390 | step=266240 | SPS=1401
update 140/390 | step=286720 | SPS=1398
[300016] Regime switch detected! 0 -> 1. Snapshotting anchor model.
update 150/390 | step=307200 | SPS=1390
update 160/390 | step=327680 | SPS=1385
update 170/390 | step=348160 | SPS=1379
update 180/390 | step=368640 | SPS=1381
update 190/390 | step=389120 | SPS=1382
[400016] Regime switch detected! 1 -> 0. Snapshotting anchor model.
update 200/390 | step=409600 | SPS=1378
update 210/390 | step=430080 | SPS=1375
update 220/390 | step=450560 | SPS=1371
update 230/390 | step=471040 | SPS=1369
update 240/390 | step=491520 | SPS=1367
[500016] Regime switch detected! 0 -> 1. Snapshotting anchor model.
update 250/390 | step=512000 | SPS=1364
update 260/390 | step=532480 | SPS=1361
update 270/390 | step=552960 | SPS=1358
update 280/390 | step=573440 | SPS=1358
update 290/390 | step=593920 | SPS=1363
[600016] Regime switch detected! 1 -> 0. Snapshotting anchor model.
update 300/390 | step=614400 | SPS=1367
update 310/390 | step=634880 | SPS=1369
update 320/390 | step=655360 | SPS=1373
update 330/390 | step=675840 | SPS=1376
update 340/390 | step=696320 | SPS=1381
[700016] Regime switch detected! 0 -> 1. Snapshotting anchor model.
update 350/390 | step=716800 | SPS=1382
update 360/390 | step=737280 | SPS=1385
update 370/390 | step=757760 | SPS=1387
update 380/390 | step=778240 | SPS=1383
[save] runs/calib8x8_brain_neuromod_trainable_seed2_20260701-064813/episode_13/ep13_env0_20260701-085006/inner_checkpoints/ep13_env0_update390.pt
update 390/390 | step=798720 | SPS=1382
Episode 13/30 | reward=3.7596 | avg10=3.7348 | avg_success_rate=0.9800 | steps=38 | time=603.4s
update 10/390 | step=20480 | SPS=1379
update 20/390 | step=40960 | SPS=1370
update 30/390 | step=61440 | SPS=1423
update 40/390 | step=81920 | SPS=1414
[100016] Regime switch detected! 0 -> 1. Snapshotting anchor model.
update 50/390 | step=102400 | SPS=1385
update 60/390 | step=122880 | SPS=1375
update 70/390 | step=143360 | SPS=1394
update 80/390 | step=163840 | SPS=1403
update 90/390 | step=184320 | SPS=1394
[200016] Regime switch detected! 1 -> 0. Snapshotting anchor model.
update 100/390 | step=204800 | SPS=1387
update 110/390 | step=225280 | SPS=1377
update 120/390 | step=245760 | SPS=1371
update 130/390 | step=266240 | SPS=1364
update 140/390 | step=286720 | SPS=1360
[300016] Regime switch detected! 0 -> 1. Snapshotting anchor model.
update 150/390 | step=307200 | SPS=1365
update 160/390 | step=327680 | SPS=1373
update 170/390 | step=348160 | SPS=1378
update 180/390 | step=368640 | SPS=1381
update 190/390 | step=389120 | SPS=1388
[400016] Regime switch detected! 1 -> 0. Snapshotting anchor model.
update 200/390 | step=409600 | SPS=1389
update 210/390 | step=430080 | SPS=1390
update 220/390 | step=450560 | SPS=1386
update 230/390 | step=471040 | SPS=1384
update 240/390 | step=491520 | SPS=1384
[500016] Regime switch detected! 0 -> 1. Snapshotting anchor model.
update 250/390 | step=512000 | SPS=1385
update 260/390 | step=532480 | SPS=1390
update 270/390 | step=552960 | SPS=1393
update 280/390 | step=573440 | SPS=1390
update 290/390 | step=593920 | SPS=1387
[600016] Regime switch detected! 1 -> 0. Snapshotting anchor model.
update 300/390 | step=614400 | SPS=1383
update 310/390 | step=634880 | SPS=1380
update 320/390 | step=655360 | SPS=1383
update 330/390 | step=675840 | SPS=1381
update 340/390 | step=696320 | SPS=1380
[700016] Regime switch detected! 0 -> 1. Snapshotting anchor model.
update 350/390 | step=716800 | SPS=1380
update 360/390 | step=737280 | SPS=1381
update 370/390 | step=757760 | SPS=1379
update 380/390 | step=778240 | SPS=1376
[save] runs/calib8x8_brain_neuromod_trainable_seed2_20260701-064813/episode_14/ep14_env0_20260701-090010/inner_checkpoints/ep14_env0_update390.pt
update 390/390 | step=798720 | SPS=1374
Episode 14/30 | reward=4.5059 | avg10=3.6399 | avg_success_rate=0.9300 | steps=38 | time=606.1s
update 10/390 | step=20480 | SPS=1336
update 20/390 | step=40960 | SPS=1346
update 30/390 | step=61440 | SPS=1340
update 40/390 | step=81920 | SPS=1343
[100016] Regime switch detected! 0 -> 1. Snapshotting anchor model.
update 50/390 | step=102400 | SPS=1371
update 60/390 | step=122880 | SPS=1375
update 70/390 | step=143360 | SPS=1369
update 80/390 | step=163840 | SPS=1381
update 90/390 | step=184320 | SPS=1374
[200016] Regime switch detected! 1 -> 0. Snapshotting anchor model.
update 100/390 | step=204800 | SPS=1370
update 110/390 | step=225280 | SPS=1377
update 120/390 | step=245760 | SPS=1388
update 130/390 | step=266240 | SPS=1388
update 140/390 | step=286720 | SPS=1386
[300016] Regime switch detected! 0 -> 1. Snapshotting anchor model.
update 150/390 | step=307200 | SPS=1390
update 160/390 | step=327680 | SPS=1388
update 170/390 | step=348160 | SPS=1381
update 180/390 | step=368640 | SPS=1379
update 190/390 | step=389120 | SPS=1374
[400016] Regime switch detected! 1 -> 0. Snapshotting anchor model.
update 200/390 | step=409600 | SPS=1371
update 210/390 | step=430080 | SPS=1367
update 220/390 | step=450560 | SPS=1364
update 230/390 | step=471040 | SPS=1360
update 240/390 | step=491520 | SPS=1359
[500016] Regime switch detected! 0 -> 1. Snapshotting anchor model.
update 250/390 | step=512000 | SPS=1358
update 260/390 | step=532480 | SPS=1356
update 270/390 | step=552960 | SPS=1360
update 280/390 | step=573440 | SPS=1365
update 290/390 | step=593920 | SPS=1369
[600016] Regime switch detected! 1 -> 0. Snapshotting anchor model.
update 300/390 | step=614400 | SPS=1367
update 310/390 | step=634880 | SPS=1366
update 320/390 | step=655360 | SPS=1364
update 330/390 | step=675840 | SPS=1363
update 340/390 | step=696320 | SPS=1361
[700016] Regime switch detected! 0 -> 1. Snapshotting anchor model.
update 350/390 | step=716800 | SPS=1362
update 360/390 | step=737280 | SPS=1363
update 370/390 | step=757760 | SPS=1363
update 380/390 | step=778240 | SPS=1361
[save] runs/calib8x8_brain_neuromod_trainable_seed2_20260701-064813/episode_15/ep15_env0_20260701-091015/inner_checkpoints/ep15_env0_update390.pt
update 390/390 | step=798720 | SPS=1362
Episode 15/30 | reward=3.0262 | avg10=3.3904 | avg_success_rate=0.7800 | steps=38 | time=610.9s
update 10/390 | step=20480 | SPS=1463
update 20/390 | step=40960 | SPS=1424
update 30/390 | step=61440 | SPS=1402
update 40/390 | step=81920 | SPS=1376
[100016] Regime switch detected! 0 -> 1. Snapshotting anchor model.
update 50/390 | step=102400 | SPS=1360
update 60/390 | step=122880 | SPS=1350
update 70/390 | step=143360 | SPS=1347
update 80/390 | step=163840 | SPS=1343
update 90/390 | step=184320 | SPS=1335
[200016] Regime switch detected! 1 -> 0. Snapshotting anchor model.
update 100/390 | step=204800 | SPS=1346
update 110/390 | step=225280 | SPS=1354
update 120/390 | step=245760 | SPS=1362
update 130/390 | step=266240 | SPS=1369
update 140/390 | step=286720 | SPS=1378
[300016] Regime switch detected! 0 -> 1. Snapshotting anchor model.
update 150/390 | step=307200 | SPS=1372
update 160/390 | step=327680 | SPS=1370
update 170/390 | step=348160 | SPS=1367
update 180/390 | step=368640 | SPS=1365
update 190/390 | step=389120 | SPS=1361
[400016] Regime switch detected! 1 -> 0. Snapshotting anchor model.
update 200/390 | step=409600 | SPS=1359
update 210/390 | step=430080 | SPS=1358
update 220/390 | step=450560 | SPS=1356
update 230/390 | step=471040 | SPS=1353
update 240/390 | step=491520 | SPS=1351
[500016] Regime switch detected! 0 -> 1. Snapshotting anchor model.
update 250/390 | step=512000 | SPS=1350
update 260/390 | step=532480 | SPS=1348
update 270/390 | step=552960 | SPS=1351
update 280/390 | step=573440 | SPS=1350
update 290/390 | step=593920 | SPS=1349
[600016] Regime switch detected! 1 -> 0. Snapshotting anchor model.
update 300/390 | step=614400 | SPS=1347
update 310/390 | step=634880 | SPS=1350
update 320/390 | step=655360 | SPS=1350
update 330/390 | step=675840 | SPS=1348
update 340/390 | step=696320 | SPS=1349
[700016] Regime switch detected! 0 -> 1. Snapshotting anchor model.
update 350/390 | step=716800 | SPS=1351
update 360/390 | step=737280 | SPS=1352
update 370/390 | step=757760 | SPS=1355
update 380/390 | step=778240 | SPS=1357
[save] runs/calib8x8_brain_neuromod_trainable_seed2_20260701-064813/episode_16/ep16_env0_20260701-092026/inner_checkpoints/ep16_env0_update390.pt
update 390/390 | step=798720 | SPS=1360
Episode 16/30 | reward=4.0721 | avg10=3.4730 | avg_success_rate=0.9200 | steps=38 | time=611.3s
update 10/390 | step=20480 | SPS=1364
update 20/390 | step=40960 | SPS=1432
update 30/390 | step=61440 | SPS=1436
update 40/390 | step=81920 | SPS=1400
[100016] Regime switch detected! 0 -> 1. Snapshotting anchor model.
update 50/390 | step=102400 | SPS=1376
update 60/390 | step=122880 | SPS=1359
update 70/390 | step=143360 | SPS=1354
update 80/390 | step=163840 | SPS=1353
update 90/390 | step=184320 | SPS=1350
[200016] Regime switch detected! 1 -> 0. Snapshotting anchor model.
update 100/390 | step=204800 | SPS=1347
update 110/390 | step=225280 | SPS=1349
update 120/390 | step=245760 | SPS=1358
update 130/390 | step=266240 | SPS=1367
update 140/390 | step=286720 | SPS=1375
[300016] Regime switch detected! 0 -> 1. Snapshotting anchor model.
update 150/390 | step=307200 | SPS=1382
update 160/390 | step=327680 | SPS=1385
update 170/390 | step=348160 | SPS=1391
update 180/390 | step=368640 | SPS=1398
update 190/390 | step=389120 | SPS=1394
[400016] Regime switch detected! 1 -> 0. Snapshotting anchor model.
update 200/390 | step=409600 | SPS=1398
update 210/390 | step=430080 | SPS=1402
update 220/390 | step=450560 | SPS=1407
update 230/390 | step=471040 | SPS=1410
update 240/390 | step=491520 | SPS=1413
[500016] Regime switch detected! 0 -> 1. Snapshotting anchor model.
update 250/390 | step=512000 | SPS=1408
update 260/390 | step=532480 | SPS=1411
update 270/390 | step=552960 | SPS=1415
update 280/390 | step=573440 | SPS=1415
update 290/390 | step=593920 | SPS=1411
[600016] Regime switch detected! 1 -> 0. Snapshotting anchor model.
update 300/390 | step=614400 | SPS=1409
update 310/390 | step=634880 | SPS=1405
update 320/390 | step=655360 | SPS=1402
update 330/390 | step=675840 | SPS=1398
update 340/390 | step=696320 | SPS=1396
[700016] Regime switch detected! 0 -> 1. Snapshotting anchor model.
update 350/390 | step=716800 | SPS=1396
update 360/390 | step=737280 | SPS=1395
update 370/390 | step=757760 | SPS=1392
update 380/390 | step=778240 | SPS=1388
[save] runs/calib8x8_brain_neuromod_trainable_seed2_20260701-064813/episode_17/ep17_env0_20260701-093038/inner_checkpoints/ep17_env0_update390.pt
update 390/390 | step=798720 | SPS=1387
Episode 17/30 | reward=4.0175 | avg10=3.5816 | avg_success_rate=0.9600 | steps=38 | time=599.0s
update 10/390 | step=20480 | SPS=1412
update 20/390 | step=40960 | SPS=1370
update 30/390 | step=61440 | SPS=1359
update 40/390 | step=81920 | SPS=1348
[100016] Regime switch detected! 0 -> 1. Snapshotting anchor model.
update 50/390 | step=102400 | SPS=1348
update 60/390 | step=122880 | SPS=1349
update 70/390 | step=143360 | SPS=1360
update 80/390 | step=163840 | SPS=1360
update 90/390 | step=184320 | SPS=1355
[200016] Regime switch detected! 1 -> 0. Snapshotting anchor model.
update 100/390 | step=204800 | SPS=1349
update 110/390 | step=225280 | SPS=1344
update 120/390 | step=245760 | SPS=1342
update 130/390 | step=266240 | SPS=1339
update 140/390 | step=286720 | SPS=1337
[300016] Regime switch detected! 0 -> 1. Snapshotting anchor model.
update 150/390 | step=307200 | SPS=1334
update 160/390 | step=327680 | SPS=1332
update 170/390 | step=348160 | SPS=1330
update 180/390 | step=368640 | SPS=1328
update 190/390 | step=389120 | SPS=1331
[400016] Regime switch detected! 1 -> 0. Snapshotting anchor model.
update 200/390 | step=409600 | SPS=1331
update 210/390 | step=430080 | SPS=1330
update 220/390 | step=450560 | SPS=1336
update 230/390 | step=471040 | SPS=1342
update 240/390 | step=491520 | SPS=1348
[500016] Regime switch detected! 0 -> 1. Snapshotting anchor model.
update 250/390 | step=512000 | SPS=1354
update 260/390 | step=532480 | SPS=1360
update 270/390 | step=552960 | SPS=1364
update 280/390 | step=573440 | SPS=1366
update 290/390 | step=593920 | SPS=1365
[600016] Regime switch detected! 1 -> 0. Snapshotting anchor model.
update 300/390 | step=614400 | SPS=1363
update 310/390 | step=634880 | SPS=1361
update 320/390 | step=655360 | SPS=1359
update 330/390 | step=675840 | SPS=1357
update 340/390 | step=696320 | SPS=1359
[700016] Regime switch detected! 0 -> 1. Snapshotting anchor model.
update 350/390 | step=716800 | SPS=1359
update 360/390 | step=737280 | SPS=1358
update 370/390 | step=757760 | SPS=1356
update 380/390 | step=778240 | SPS=1357
[save] runs/calib8x8_brain_neuromod_trainable_seed2_20260701-064813/episode_18/ep18_env0_20260701-094037/inner_checkpoints/ep18_env0_update390.pt
update 390/390 | step=798720 | SPS=1355
Episode 18/30 | reward=5.1712 | avg10=3.8216 | avg_success_rate=0.8700 | steps=38 | time=612.8s
update 10/390 | step=20480 | SPS=1459
update 20/390 | step=40960 | SPS=1421
update 30/390 | step=61440 | SPS=1387
update 40/390 | step=81920 | SPS=1363
[100016] Regime switch detected! 0 -> 1. Snapshotting anchor model.
update 50/390 | step=102400 | SPS=1359
update 60/390 | step=122880 | SPS=1381
update 70/390 | step=143360 | SPS=1395
update 80/390 | step=163840 | SPS=1406
update 90/390 | step=184320 | SPS=1407
[200016] Regime switch detected! 1 -> 0. Snapshotting anchor model.
update 100/390 | step=204800 | SPS=1414
update 110/390 | step=225280 | SPS=1422
update 120/390 | step=245760 | SPS=1424
update 130/390 | step=266240 | SPS=1426
update 140/390 | step=286720 | SPS=1432
[300016] Regime switch detected! 0 -> 1. Snapshotting anchor model.
update 150/390 | step=307200 | SPS=1437
update 160/390 | step=327680 | SPS=1440
update 170/390 | step=348160 | SPS=1438
update 180/390 | step=368640 | SPS=1440
update 190/390 | step=389120 | SPS=1444
[400016] Regime switch detected! 1 -> 0. Snapshotting anchor model.
update 200/390 | step=409600 | SPS=1448
update 210/390 | step=430080 | SPS=1452
update 220/390 | step=450560 | SPS=1453
update 230/390 | step=471040 | SPS=1456
update 240/390 | step=491520 | SPS=1458
[500016] Regime switch detected! 0 -> 1. Snapshotting anchor model.
update 250/390 | step=512000 | SPS=1459
update 260/390 | step=532480 | SPS=1461
update 270/390 | step=552960 | SPS=1461
update 280/390 | step=573440 | SPS=1463
update 290/390 | step=593920 | SPS=1464
[600016] Regime switch detected! 1 -> 0. Snapshotting anchor model.
update 300/390 | step=614400 | SPS=1463
update 310/390 | step=634880 | SPS=1465
update 320/390 | step=655360 | SPS=1463
update 330/390 | step=675840 | SPS=1465
update 340/390 | step=696320 | SPS=1466
[700016] Regime switch detected! 0 -> 1. Snapshotting anchor model.
update 350/390 | step=716800 | SPS=1467
update 360/390 | step=737280 | SPS=1466
update 370/390 | step=757760 | SPS=1465
update 380/390 | step=778240 | SPS=1465
[save] runs/calib8x8_brain_neuromod_trainable_seed2_20260701-064813/episode_19/ep19_env0_20260701-095050/inner_checkpoints/ep19_env0_update390.pt
update 390/390 | step=798720 | SPS=1465
Episode 19/30 | reward=2.9404 | avg10=3.8094 | avg_success_rate=0.9000 | steps=38 | time=568.9s
update 10/390 | step=20480 | SPS=1375
update 20/390 | step=40960 | SPS=1342
update 30/390 | step=61440 | SPS=1321
update 40/390 | step=81920 | SPS=1318
[100016] Regime switch detected! 0 -> 1. Snapshotting anchor model.
update 50/390 | step=102400 | SPS=1344
update 60/390 | step=122880 | SPS=1364
update 70/390 | step=143360 | SPS=1383
update 80/390 | step=163840 | SPS=1392
update 90/390 | step=184320 | SPS=1384
[200016] Regime switch detected! 1 -> 0. Snapshotting anchor model.
update 100/390 | step=204800 | SPS=1375
update 110/390 | step=225280 | SPS=1372
update 120/390 | step=245760 | SPS=1364
update 130/390 | step=266240 | SPS=1360
update 140/390 | step=286720 | SPS=1367
[300016] Regime switch detected! 0 -> 1. Snapshotting anchor model.
update 150/390 | step=307200 | SPS=1374
update 160/390 | step=327680 | SPS=1381
update 170/390 | step=348160 | SPS=1386
update 180/390 | step=368640 | SPS=1389
update 190/390 | step=389120 | SPS=1396
[400016] Regime switch detected! 1 -> 0. Snapshotting anchor model.
update 200/390 | step=409600 | SPS=1400
update 210/390 | step=430080 | SPS=1397
update 220/390 | step=450560 | SPS=1396
update 230/390 | step=471040 | SPS=1390
update 240/390 | step=491520 | SPS=1390
[500016] Regime switch detected! 0 -> 1. Snapshotting anchor model.
update 250/390 | step=512000 | SPS=1390
update 260/390 | step=532480 | SPS=1394
update 270/390 | step=552960 | SPS=1396
update 280/390 | step=573440 | SPS=1399
update 290/390 | step=593920 | SPS=1401
[600016] Regime switch detected! 1 -> 0. Snapshotting anchor model.
update 300/390 | step=614400 | SPS=1404
update 310/390 | step=634880 | SPS=1408
update 320/390 | step=655360 | SPS=1410
update 330/390 | step=675840 | SPS=1411
update 340/390 | step=696320 | SPS=1413
[700016] Regime switch detected! 0 -> 1. Snapshotting anchor model.
update 350/390 | step=716800 | SPS=1415
update 360/390 | step=737280 | SPS=1417
update 370/390 | step=757760 | SPS=1414
update 380/390 | step=778240 | SPS=1414
[save] runs/calib8x8_brain_neuromod_trainable_seed2_20260701-064813/episode_20/ep20_env0_20260701-100018/inner_checkpoints/ep20_env0_update390.pt
update 390/390 | step=798720 | SPS=1415
Episode 20/30 | reward=2.4375 | avg10=3.5541 | avg_success_rate=0.7000 | steps=38 | time=589.0s
update 10/390 | step=20480 | SPS=1378
update 20/390 | step=40960 | SPS=1367
update 30/390 | step=61440 | SPS=1380
update 40/390 | step=81920 | SPS=1411
[100016] Regime switch detected! 0 -> 1. Snapshotting anchor model.
update 50/390 | step=102400 | SPS=1410
update 60/390 | step=122880 | SPS=1390
update 70/390 | step=143360 | SPS=1382
update 80/390 | step=163840 | SPS=1377
update 90/390 | step=184320 | SPS=1366
[200016] Regime switch detected! 1 -> 0. Snapshotting anchor model.
update 100/390 | step=204800 | SPS=1358
update 110/390 | step=225280 | SPS=1355
update 120/390 | step=245760 | SPS=1351
update 130/390 | step=266240 | SPS=1350
update 140/390 | step=286720 | SPS=1353
[300016] Regime switch detected! 0 -> 1. Snapshotting anchor model.
update 150/390 | step=307200 | SPS=1354
update 160/390 | step=327680 | SPS=1354
update 170/390 | step=348160 | SPS=1362
update 180/390 | step=368640 | SPS=1369
update 190/390 | step=389120 | SPS=1370
[400016] Regime switch detected! 1 -> 0. Snapshotting anchor model.
update 200/390 | step=409600 | SPS=1368
update 210/390 | step=430080 | SPS=1374
update 220/390 | step=450560 | SPS=1378
update 230/390 | step=471040 | SPS=1379
update 240/390 | step=491520 | SPS=1380
[500016] Regime switch detected! 0 -> 1. Snapshotting anchor model.
update 250/390 | step=512000 | SPS=1384
update 260/390 | step=532480 | SPS=1388
update 270/390 | step=552960 | SPS=1385
update 280/390 | step=573440 | SPS=1383
update 290/390 | step=593920 | SPS=1380
[600016] Regime switch detected! 1 -> 0. Snapshotting anchor model.
update 300/390 | step=614400 | SPS=1378
update 310/390 | step=634880 | SPS=1381
update 320/390 | step=655360 | SPS=1382
update 330/390 | step=675840 | SPS=1381
update 340/390 | step=696320 | SPS=1377
[700016] Regime switch detected! 0 -> 1. Snapshotting anchor model.
update 350/390 | step=716800 | SPS=1375
update 360/390 | step=737280 | SPS=1372
update 370/390 | step=757760 | SPS=1371
update 380/390 | step=778240 | SPS=1370
[save] runs/calib8x8_brain_neuromod_trainable_seed2_20260701-064813/episode_21/ep21_env0_20260701-101007/inner_checkpoints/ep21_env0_update390.pt
update 390/390 | step=798720 | SPS=1372
Episode 21/30 | reward=1.3622 | avg10=3.4862 | avg_success_rate=0.6200 | steps=38 | time=607.0s
update 10/390 | step=20480 | SPS=1389
update 20/390 | step=40960 | SPS=1349
update 30/390 | step=61440 | SPS=1334
update 40/390 | step=81920 | SPS=1330
[100016] Regime switch detected! 0 -> 1. Snapshotting anchor model.
update 50/390 | step=102400 | SPS=1330
update 60/390 | step=122880 | SPS=1332
update 70/390 | step=143360 | SPS=1342
update 80/390 | step=163840 | SPS=1350
update 90/390 | step=184320 | SPS=1344
[200016] Regime switch detected! 1 -> 0. Snapshotting anchor model.
update 100/390 | step=204800 | SPS=1338
update 110/390 | step=225280 | SPS=1336
update 120/390 | step=245760 | SPS=1332
update 130/390 | step=266240 | SPS=1330
update 140/390 | step=286720 | SPS=1328
[300016] Regime switch detected! 0 -> 1. Snapshotting anchor model.
update 150/390 | step=307200 | SPS=1328
update 160/390 | step=327680 | SPS=1328
update 170/390 | step=348160 | SPS=1335
update 180/390 | step=368640 | SPS=1334
update 190/390 | step=389120 | SPS=1331
[400016] Regime switch detected! 1 -> 0. Snapshotting anchor model.
update 200/390 | step=409600 | SPS=1328
update 210/390 | step=430080 | SPS=1327
update 220/390 | step=450560 | SPS=1327
update 230/390 | step=471040 | SPS=1327
update 240/390 | step=491520 | SPS=1326
[500016] Regime switch detected! 0 -> 1. Snapshotting anchor model.
update 250/390 | step=512000 | SPS=1325
update 260/390 | step=532480 | SPS=1325
update 270/390 | step=552960 | SPS=1327
update 280/390 | step=573440 | SPS=1327
update 290/390 | step=593920 | SPS=1326
[600016] Regime switch detected! 1 -> 0. Snapshotting anchor model.
update 300/390 | step=614400 | SPS=1325
update 310/390 | step=634880 | SPS=1325
update 320/390 | step=655360 | SPS=1324
update 330/390 | step=675840 | SPS=1323
update 340/390 | step=696320 | SPS=1321
[700016] Regime switch detected! 0 -> 1. Snapshotting anchor model.
update 350/390 | step=716800 | SPS=1322
update 360/390 | step=737280 | SPS=1321
update 370/390 | step=757760 | SPS=1322
update 380/390 | step=778240 | SPS=1324
[save] runs/calib8x8_brain_neuromod_trainable_seed2_20260701-064813/episode_22/ep22_env0_20260701-102015/inner_checkpoints/ep22_env0_update390.pt
update 390/390 | step=798720 | SPS=1324
Episode 22/30 | reward=4.0577 | avg10=3.5350 | avg_success_rate=0.7700 | steps=38 | time=628.3s
update 10/390 | step=20480 | SPS=1376
update 20/390 | step=40960 | SPS=1342
update 30/390 | step=61440 | SPS=1323
update 40/390 | step=81920 | SPS=1362
[100016] Regime switch detected! 0 -> 1. Snapshotting anchor model.
update 50/390 | step=102400 | SPS=1380
update 60/390 | step=122880 | SPS=1363
update 70/390 | step=143360 | SPS=1355
update 80/390 | step=163840 | SPS=1360
update 90/390 | step=184320 | SPS=1356
[200016] Regime switch detected! 1 -> 0. Snapshotting anchor model.
update 100/390 | step=204800 | SPS=1364
update 110/390 | step=225280 | SPS=1377
update 120/390 | step=245760 | SPS=1378
update 130/390 | step=266240 | SPS=1375
update 140/390 | step=286720 | SPS=1372
[300016] Regime switch detected! 0 -> 1. Snapshotting anchor model.
update 150/390 | step=307200 | SPS=1368
update 160/390 | step=327680 | SPS=1369
update 170/390 | step=348160 | SPS=1374
update 180/390 | step=368640 | SPS=1379
update 190/390 | step=389120 | SPS=1383
[400016] Regime switch detected! 1 -> 0. Snapshotting anchor model.
update 200/390 | step=409600 | SPS=1383
update 210/390 | step=430080 | SPS=1387
update 220/390 | step=450560 | SPS=1392
update 230/390 | step=471040 | SPS=1397
update 240/390 | step=491520 | SPS=1398
[500016] Regime switch detected! 0 -> 1. Snapshotting anchor model.
update 250/390 | step=512000 | SPS=1398
update 260/390 | step=532480 | SPS=1394
update 270/390 | step=552960 | SPS=1391
update 280/390 | step=573440 | SPS=1389
update 290/390 | step=593920 | SPS=1386
[600016] Regime switch detected! 1 -> 0. Snapshotting anchor model.
update 300/390 | step=614400 | SPS=1383
update 310/390 | step=634880 | SPS=1380
update 320/390 | step=655360 | SPS=1377
update 330/390 | step=675840 | SPS=1375
update 340/390 | step=696320 | SPS=1372
[700016] Regime switch detected! 0 -> 1. Snapshotting anchor model.
update 350/390 | step=716800 | SPS=1369
update 360/390 | step=737280 | SPS=1367
update 370/390 | step=757760 | SPS=1366
update 380/390 | step=778240 | SPS=1366
[save] runs/calib8x8_brain_neuromod_trainable_seed2_20260701-064813/episode_23/ep23_env0_20260701-103043/inner_checkpoints/ep23_env0_update390.pt
update 390/390 | step=798720 | SPS=1366
Episode 23/30 | reward=3.8176 | avg10=3.5408 | avg_success_rate=0.7200 | steps=38 | time=609.5s
update 10/390 | step=20480 | SPS=1376
update 20/390 | step=40960 | SPS=1364
update 30/390 | step=61440 | SPS=1375
update 40/390 | step=81920 | SPS=1402
[100016] Regime switch detected! 0 -> 1. Snapshotting anchor model.
update 50/390 | step=102400 | SPS=1401
update 60/390 | step=122880 | SPS=1379
update 70/390 | step=143360 | SPS=1372
update 80/390 | step=163840 | SPS=1362
update 90/390 | step=184320 | SPS=1353
[200016] Regime switch detected! 1 -> 0. Snapshotting anchor model.
update 100/390 | step=204800 | SPS=1344
update 110/390 | step=225280 | SPS=1344
update 120/390 | step=245760 | SPS=1341
update 130/390 | step=266240 | SPS=1339
update 140/390 | step=286720 | SPS=1337
[300016] Regime switch detected! 0 -> 1. Snapshotting anchor model.
update 150/390 | step=307200 | SPS=1342
update 160/390 | step=327680 | SPS=1343
update 170/390 | step=348160 | SPS=1343
update 180/390 | step=368640 | SPS=1341
update 190/390 | step=389120 | SPS=1344
[400016] Regime switch detected! 1 -> 0. Snapshotting anchor model.
update 200/390 | step=409600 | SPS=1351
update 210/390 | step=430080 | SPS=1357
update 220/390 | step=450560 | SPS=1358
update 230/390 | step=471040 | SPS=1364
update 240/390 | step=491520 | SPS=1365
[500016] Regime switch detected! 0 -> 1. Snapshotting anchor model.
update 250/390 | step=512000 | SPS=1364
update 260/390 | step=532480 | SPS=1362
update 270/390 | step=552960 | SPS=1360
update 280/390 | step=573440 | SPS=1359
update 290/390 | step=593920 | SPS=1356
[600016] Regime switch detected! 1 -> 0. Snapshotting anchor model.
update 300/390 | step=614400 | SPS=1355
update 310/390 | step=634880 | SPS=1359
update 320/390 | step=655360 | SPS=1362
update 330/390 | step=675840 | SPS=1366
update 340/390 | step=696320 | SPS=1369
[700016] Regime switch detected! 0 -> 1. Snapshotting anchor model.
update 350/390 | step=716800 | SPS=1372
update 360/390 | step=737280 | SPS=1369
update 370/390 | step=757760 | SPS=1370
update 380/390 | step=778240 | SPS=1372
[save] runs/calib8x8_brain_neuromod_trainable_seed2_20260701-064813/episode_24/ep24_env0_20260701-104052/inner_checkpoints/ep24_env0_update390.pt
update 390/390 | step=798720 | SPS=1372
Episode 24/30 | reward=5.3804 | avg10=3.6283 | avg_success_rate=0.8100 | steps=38 | time=606.7s
update 10/390 | step=20480 | SPS=1475
update 20/390 | step=40960 | SPS=1402
update 30/390 | step=61440 | SPS=1377
update 40/390 | step=81920 | SPS=1396
[100016] Regime switch detected! 0 -> 1. Snapshotting anchor model.
update 50/390 | step=102400 | SPS=1381
update 60/390 | step=122880 | SPS=1378
update 70/390 | step=143360 | SPS=1395
update 80/390 | step=163840 | SPS=1407
update 90/390 | step=184320 | SPS=1414
[200016] Regime switch detected! 1 -> 0. Snapshotting anchor model.
update 100/390 | step=204800 | SPS=1414
update 110/390 | step=225280 | SPS=1422
update 120/390 | step=245760 | SPS=1429
update 130/390 | step=266240 | SPS=1421
update 140/390 | step=286720 | SPS=1412
[300016] Regime switch detected! 0 -> 1. Snapshotting anchor model.
update 150/390 | step=307200 | SPS=1402
update 160/390 | step=327680 | SPS=1395
update 170/390 | step=348160 | SPS=1390
update 180/390 | step=368640 | SPS=1386
update 190/390 | step=389120 | SPS=1389
[400016] Regime switch detected! 1 -> 0. Snapshotting anchor model.
update 200/390 | step=409600 | SPS=1388
update 210/390 | step=430080 | SPS=1383
update 220/390 | step=450560 | SPS=1386
update 230/390 | step=471040 | SPS=1383
update 240/390 | step=491520 | SPS=1379
[500016] Regime switch detected! 0 -> 1. Snapshotting anchor model.
update 250/390 | step=512000 | SPS=1376
update 260/390 | step=532480 | SPS=1373
update 270/390 | step=552960 | SPS=1370
update 280/390 | step=573440 | SPS=1369
update 290/390 | step=593920 | SPS=1367
[600016] Regime switch detected! 1 -> 0. Snapshotting anchor model.
update 300/390 | step=614400 | SPS=1365
update 310/390 | step=634880 | SPS=1362
update 320/390 | step=655360 | SPS=1361
update 330/390 | step=675840 | SPS=1365
update 340/390 | step=696320 | SPS=1366
[700016] Regime switch detected! 0 -> 1. Snapshotting anchor model.
update 350/390 | step=716800 | SPS=1369
update 360/390 | step=737280 | SPS=1372
update 370/390 | step=757760 | SPS=1376
update 380/390 | step=778240 | SPS=1381
[save] runs/calib8x8_brain_neuromod_trainable_seed2_20260701-064813/episode_25/ep25_env0_20260701-105059/inner_checkpoints/ep25_env0_update390.pt
update 390/390 | step=798720 | SPS=1386
Episode 25/30 | reward=2.6878 | avg10=3.5944 | avg_success_rate=0.6300 | steps=38 | time=601.1s
update 10/390 | step=20480 | SPS=1379
update 20/390 | step=40960 | SPS=1353
update 30/390 | step=61440 | SPS=1334
update 40/390 | step=81920 | SPS=1331
[100016] Regime switch detected! 0 -> 1. Snapshotting anchor model.
update 50/390 | step=102400 | SPS=1344
update 60/390 | step=122880 | SPS=1348
update 70/390 | step=143360 | SPS=1367
update 80/390 | step=163840 | SPS=1384
update 90/390 | step=184320 | SPS=1394
[200016] Regime switch detected! 1 -> 0. Snapshotting anchor model.
update 100/390 | step=204800 | SPS=1383
update 110/390 | step=225280 | SPS=1379
update 120/390 | step=245760 | SPS=1387
update 130/390 | step=266240 | SPS=1393
update 140/390 | step=286720 | SPS=1391
[300016] Regime switch detected! 0 -> 1. Snapshotting anchor model.
update 150/390 | step=307200 | SPS=1395
update 160/390 | step=327680 | SPS=1390
update 170/390 | step=348160 | SPS=1384
update 180/390 | step=368640 | SPS=1384
update 190/390 | step=389120 | SPS=1388
[400016] Regime switch detected! 1 -> 0. Snapshotting anchor model.
update 200/390 | step=409600 | SPS=1392
update 210/390 | step=430080 | SPS=1393
update 220/390 | step=450560 | SPS=1397
update 230/390 | step=471040 | SPS=1400
update 240/390 | step=491520 | SPS=1405
[500016] Regime switch detected! 0 -> 1. Snapshotting anchor model.
update 250/390 | step=512000 | SPS=1409
update 260/390 | step=532480 | SPS=1413
update 270/390 | step=552960 | SPS=1416
update 280/390 | step=573440 | SPS=1419
update 290/390 | step=593920 | SPS=1416
[600016] Regime switch detected! 1 -> 0. Snapshotting anchor model.
update 300/390 | step=614400 | SPS=1416
update 310/390 | step=634880 | SPS=1418
update 320/390 | step=655360 | SPS=1413
update 330/390 | step=675840 | SPS=1416
update 340/390 | step=696320 | SPS=1417
[700016] Regime switch detected! 0 -> 1. Snapshotting anchor model.
update 350/390 | step=716800 | SPS=1419
update 360/390 | step=737280 | SPS=1422
update 370/390 | step=757760 | SPS=1425
update 380/390 | step=778240 | SPS=1424
[save] runs/calib8x8_brain_neuromod_trainable_seed2_20260701-064813/episode_26/ep26_env0_20260701-110100/inner_checkpoints/ep26_env0_update390.pt
update 390/390 | step=798720 | SPS=1423
Episode 26/30 | reward=4.5993 | avg10=3.6471 | avg_success_rate=0.9700 | steps=38 | time=584.9s
update 10/390 | step=20480 | SPS=1379
update 20/390 | step=40960 | SPS=1363
update 30/390 | step=61440 | SPS=1347
update 40/390 | step=81920 | SPS=1340
[100016] Regime switch detected! 0 -> 1. Snapshotting anchor model.
update 50/390 | step=102400 | SPS=1335
update 60/390 | step=122880 | SPS=1329
update 70/390 | step=143360 | SPS=1327
update 80/390 | step=163840 | SPS=1324
update 90/390 | step=184320 | SPS=1326
[200016] Regime switch detected! 1 -> 0. Snapshotting anchor model.
update 100/390 | step=204800 | SPS=1321
update 110/390 | step=225280 | SPS=1332
update 120/390 | step=245760 | SPS=1343
update 130/390 | step=266240 | SPS=1350
update 140/390 | step=286720 | SPS=1345
[300016] Regime switch detected! 0 -> 1. Snapshotting anchor model.
update 150/390 | step=307200 | SPS=1343
update 160/390 | step=327680 | SPS=1343
update 170/390 | step=348160 | SPS=1340
update 180/390 | step=368640 | SPS=1339
update 190/390 | step=389120 | SPS=1335
[400016] Regime switch detected! 1 -> 0. Snapshotting anchor model.
update 200/390 | step=409600 | SPS=1334
update 210/390 | step=430080 | SPS=1333
update 220/390 | step=450560 | SPS=1332
update 230/390 | step=471040 | SPS=1329
update 240/390 | step=491520 | SPS=1328
[500016] Regime switch detected! 0 -> 1. Snapshotting anchor model.
update 250/390 | step=512000 | SPS=1326
update 260/390 | step=532480 | SPS=1325
update 270/390 | step=552960 | SPS=1327
update 280/390 | step=573440 | SPS=1332
update 290/390 | step=593920 | SPS=1332
[600016] Regime switch detected! 1 -> 0. Snapshotting anchor model.
update 300/390 | step=614400 | SPS=1331
update 310/390 | step=634880 | SPS=1334
update 320/390 | step=655360 | SPS=1338
update 330/390 | step=675840 | SPS=1342
update 340/390 | step=696320 | SPS=1345
[700016] Regime switch detected! 0 -> 1. Snapshotting anchor model.
update 350/390 | step=716800 | SPS=1348
update 360/390 | step=737280 | SPS=1346
update 370/390 | step=757760 | SPS=1350
update 380/390 | step=778240 | SPS=1353
[save] runs/calib8x8_brain_neuromod_trainable_seed2_20260701-064813/episode_27/ep27_env0_20260701-111045/inner_checkpoints/ep27_env0_update390.pt
update 390/390 | step=798720 | SPS=1356
Episode 27/30 | reward=5.6739 | avg10=3.8128 | avg_success_rate=0.9800 | steps=38 | time=613.2s
update 10/390 | step=20480 | SPS=1521
update 20/390 | step=40960 | SPS=1484
update 30/390 | step=61440 | SPS=1446
update 40/390 | step=81920 | SPS=1464
[100016] Regime switch detected! 0 -> 1. Snapshotting anchor model.
update 50/390 | step=102400 | SPS=1465
update 60/390 | step=122880 | SPS=1464
update 70/390 | step=143360 | SPS=1469
update 80/390 | step=163840 | SPS=1461
update 90/390 | step=184320 | SPS=1460
[200016] Regime switch detected! 1 -> 0. Snapshotting anchor model.
update 100/390 | step=204800 | SPS=1445
update 110/390 | step=225280 | SPS=1450
update 120/390 | step=245760 | SPS=1454
update 130/390 | step=266240 | SPS=1452
update 140/390 | step=286720 | SPS=1457
[300016] Regime switch detected! 0 -> 1. Snapshotting anchor model.
update 150/390 | step=307200 | SPS=1459
update 160/390 | step=327680 | SPS=1461
update 170/390 | step=348160 | SPS=1462
update 180/390 | step=368640 | SPS=1453
update 190/390 | step=389120 | SPS=1447
[400016] Regime switch detected! 1 -> 0. Snapshotting anchor model.
update 200/390 | step=409600 | SPS=1444
update 210/390 | step=430080 | SPS=1442
update 220/390 | step=450560 | SPS=1434
update 230/390 | step=471040 | SPS=1426
update 240/390 | step=491520 | SPS=1421
[500016] Regime switch detected! 0 -> 1. Snapshotting anchor model.
update 250/390 | step=512000 | SPS=1415
update 260/390 | step=532480 | SPS=1412
update 270/390 | step=552960 | SPS=1412
update 280/390 | step=573440 | SPS=1415
update 290/390 | step=593920 | SPS=1417
[600016] Regime switch detected! 1 -> 0. Snapshotting anchor model.
update 300/390 | step=614400 | SPS=1415
update 310/390 | step=634880 | SPS=1417
update 320/390 | step=655360 | SPS=1418
update 330/390 | step=675840 | SPS=1419
update 340/390 | step=696320 | SPS=1421
[700016] Regime switch detected! 0 -> 1. Snapshotting anchor model.
update 350/390 | step=716800 | SPS=1423
update 360/390 | step=737280 | SPS=1424
update 370/390 | step=757760 | SPS=1424
update 380/390 | step=778240 | SPS=1421
[save] runs/calib8x8_brain_neuromod_trainable_seed2_20260701-064813/episode_28/ep28_env0_20260701-112058/inner_checkpoints/ep28_env0_update390.pt
update 390/390 | step=798720 | SPS=1421
Episode 28/30 | reward=3.7599 | avg10=3.6717 | avg_success_rate=0.8700 | steps=38 | time=585.6s
update 10/390 | step=20480 | SPS=1742
update 20/390 | step=40960 | SPS=1606
update 30/390 | step=61440 | SPS=1540
update 40/390 | step=81920 | SPS=1528
[100016] Regime switch detected! 0 -> 1. Snapshotting anchor model.
update 50/390 | step=102400 | SPS=1481
update 60/390 | step=122880 | SPS=1459
update 70/390 | step=143360 | SPS=1460
update 80/390 | step=163840 | SPS=1439
update 90/390 | step=184320 | SPS=1432
[200016] Regime switch detected! 1 -> 0. Snapshotting anchor model.
update 100/390 | step=204800 | SPS=1431
update 110/390 | step=225280 | SPS=1429
update 120/390 | step=245760 | SPS=1421
update 130/390 | step=266240 | SPS=1411
update 140/390 | step=286720 | SPS=1402
[300016] Regime switch detected! 0 -> 1. Snapshotting anchor model.
update 150/390 | step=307200 | SPS=1394
update 160/390 | step=327680 | SPS=1388
update 170/390 | step=348160 | SPS=1382
update 180/390 | step=368640 | SPS=1378
update 190/390 | step=389120 | SPS=1374
[400016] Regime switch detected! 1 -> 0. Snapshotting anchor model.
update 200/390 | step=409600 | SPS=1371
update 210/390 | step=430080 | SPS=1370
update 220/390 | step=450560 | SPS=1376
update 230/390 | step=471040 | SPS=1381
update 240/390 | step=491520 | SPS=1385
[500016] Regime switch detected! 0 -> 1. Snapshotting anchor model.
update 250/390 | step=512000 | SPS=1390
update 260/390 | step=532480 | SPS=1394
update 270/390 | step=552960 | SPS=1397
update 280/390 | step=573440 | SPS=1402
update 290/390 | step=593920 | SPS=1403
[600016] Regime switch detected! 1 -> 0. Snapshotting anchor model.
update 300/390 | step=614400 | SPS=1402
update 310/390 | step=634880 | SPS=1401
update 320/390 | step=655360 | SPS=1401
update 330/390 | step=675840 | SPS=1405
update 340/390 | step=696320 | SPS=1405
[700016] Regime switch detected! 0 -> 1. Snapshotting anchor model.
update 350/390 | step=716800 | SPS=1404
update 360/390 | step=737280 | SPS=1401
update 370/390 | step=757760 | SPS=1399
update 380/390 | step=778240 | SPS=1395
[save] runs/calib8x8_brain_neuromod_trainable_seed2_20260701-064813/episode_29/ep29_env0_20260701-113044/inner_checkpoints/ep29_env0_update390.pt
update 390/390 | step=798720 | SPS=1393
Episode 29/30 | reward=2.4259 | avg10=3.6202 | avg_success_rate=0.7600 | steps=38 | time=598.0s
update 10/390 | step=20480 | SPS=1365
update 20/390 | step=40960 | SPS=1386
update 30/390 | step=61440 | SPS=1402
update 40/390 | step=81920 | SPS=1427
[100016] Regime switch detected! 0 -> 1. Snapshotting anchor model.
update 50/390 | step=102400 | SPS=1402
update 60/390 | step=122880 | SPS=1390
update 70/390 | step=143360 | SPS=1380
update 80/390 | step=163840 | SPS=1367
update 90/390 | step=184320 | SPS=1358
[200016] Regime switch detected! 1 -> 0. Snapshotting anchor model.
update 100/390 | step=204800 | SPS=1351
update 110/390 | step=225280 | SPS=1345
update 120/390 | step=245760 | SPS=1342
update 130/390 | step=266240 | SPS=1349
update 140/390 | step=286720 | SPS=1360
[300016] Regime switch detected! 0 -> 1. Snapshotting anchor model.
update 150/390 | step=307200 | SPS=1367
update 160/390 | step=327680 | SPS=1369
update 170/390 | step=348160 | SPS=1364
update 180/390 | step=368640 | SPS=1360
update 190/390 | step=389120 | SPS=1361
[400016] Regime switch detected! 1 -> 0. Snapshotting anchor model.
update 200/390 | step=409600 | SPS=1360
update 210/390 | step=430080 | SPS=1359
update 220/390 | step=450560 | SPS=1357
update 230/390 | step=471040 | SPS=1356
update 240/390 | step=491520 | SPS=1355
[500016] Regime switch detected! 0 -> 1. Snapshotting anchor model.
update 250/390 | step=512000 | SPS=1353
update 260/390 | step=532480 | SPS=1352
update 270/390 | step=552960 | SPS=1351
update 280/390 | step=573440 | SPS=1349
update 290/390 | step=593920 | SPS=1348
[600016] Regime switch detected! 1 -> 0. Snapshotting anchor model.
update 300/390 | step=614400 | SPS=1346
update 310/390 | step=634880 | SPS=1345
update 320/390 | step=655360 | SPS=1344
update 330/390 | step=675840 | SPS=1343
update 340/390 | step=696320 | SPS=1342
[700016] Regime switch detected! 0 -> 1. Snapshotting anchor model.
update 350/390 | step=716800 | SPS=1341
update 360/390 | step=737280 | SPS=1340
update 370/390 | step=757760 | SPS=1339
update 380/390 | step=778240 | SPS=1338
[save] runs/calib8x8_brain_neuromod_trainable_seed2_20260701-064813/episode_30/ep30_env0_20260701-114042/inner_checkpoints/ep30_env0_update390.pt
update 390/390 | step=798720 | SPS=1336
Episode 30/30 | reward=1.0090 | avg10=3.4774 | avg_success_rate=0.6100 | steps=38 | time=622.8s
  [brain ckpt] runs/calib8x8_brain_neuromod_trainable_seed2_20260701-064813/episode_30/brain_ep30.pt
Saved Brain model to: runs/calib8x8_brain_neuromod_trainable_seed2_20260701-064813/brain_model.pt

Brain training complete. Total RL episodes: 30
