Saved configuration to: runs/calib8x8_brain_neuromod_trainable_declr_slowbrain_seed2_20260701-183955/config.txt
Training Brain on cuda for 30 RL episodes
  Inner: 800000 timesteps, regime switch every 100000 steps
  Parallel Envs: 1
  Brain vectorization: sync
  Decision interval: 10 inner updates

--- Starting Meta-RL PPO Training (Target: 30) ---
update 10/390 | step=20480 | SPS=1238
update 20/390 | step=40960 | SPS=1253
update 30/390 | step=61440 | SPS=1230
update 40/390 | step=81920 | SPS=1253
[100016] Regime switch detected! 0 -> 1. Snapshotting anchor model.
update 50/390 | step=102400 | SPS=1255
update 60/390 | step=122880 | SPS=1243
update 70/390 | step=143360 | SPS=1246
update 80/390 | step=163840 | SPS=1255
update 90/390 | step=184320 | SPS=1262
[200016] Regime switch detected! 1 -> 0. Snapshotting anchor model.
update 100/390 | step=204800 | SPS=1270
update 110/390 | step=225280 | SPS=1263
update 120/390 | step=245760 | SPS=1259
update 130/390 | step=266240 | SPS=1262
update 140/390 | step=286720 | SPS=1264
[300016] Regime switch detected! 0 -> 1. Snapshotting anchor model.
update 150/390 | step=307200 | SPS=1268
update 160/390 | step=327680 | SPS=1269
update 170/390 | step=348160 | SPS=1266
update 180/390 | step=368640 | SPS=1264
update 190/390 | step=389120 | SPS=1259
[400016] Regime switch detected! 1 -> 0. Snapshotting anchor model.
update 200/390 | step=409600 | SPS=1260
update 210/390 | step=430080 | SPS=1263
update 220/390 | step=450560 | SPS=1263
update 230/390 | step=471040 | SPS=1265
update 240/390 | step=491520 | SPS=1267
[500016] Regime switch detected! 0 -> 1. Snapshotting anchor model.
update 250/390 | step=512000 | SPS=1270
update 260/390 | step=532480 | SPS=1272
update 270/390 | step=552960 | SPS=1272
update 280/390 | step=573440 | SPS=1272
update 290/390 | step=593920 | SPS=1272
[600016] Regime switch detected! 1 -> 0. Snapshotting anchor model.
update 300/390 | step=614400 | SPS=1269
update 310/390 | step=634880 | SPS=1269
update 320/390 | step=655360 | SPS=1270
update 330/390 | step=675840 | SPS=1271
update 340/390 | step=696320 | SPS=1271
[700016] Regime switch detected! 0 -> 1. Snapshotting anchor model.
update 350/390 | step=716800 | SPS=1271
update 360/390 | step=737280 | SPS=1272
update 370/390 | step=757760 | SPS=1273
update 380/390 | step=778240 | SPS=1273
update 390/390 | step=798720 | SPS=1274
Episode 1/30 | reward=1.8854 | avg10=1.8854 | avg_success_rate=0.7200 | steps=38 | time=630.3s
update 10/390 | step=20480 | SPS=1318
update 20/390 | step=40960 | SPS=1334
update 30/390 | step=61440 | SPS=1320
update 40/390 | step=81920 | SPS=1319
[100016] Regime switch detected! 0 -> 1. Snapshotting anchor model.
update 50/390 | step=102400 | SPS=1321
update 60/390 | step=122880 | SPS=1298
update 70/390 | step=143360 | SPS=1288
update 80/390 | step=163840 | SPS=1281
update 90/390 | step=184320 | SPS=1283
[200016] Regime switch detected! 1 -> 0. Snapshotting anchor model.
update 100/390 | step=204800 | SPS=1275
update 110/390 | step=225280 | SPS=1267
update 120/390 | step=245760 | SPS=1265
update 130/390 | step=266240 | SPS=1265
update 140/390 | step=286720 | SPS=1265
[300016] Regime switch detected! 0 -> 1. Snapshotting anchor model.
update 150/390 | step=307200 | SPS=1270
update 160/390 | step=327680 | SPS=1271
update 170/390 | step=348160 | SPS=1274
update 180/390 | step=368640 | SPS=1276
update 190/390 | step=389120 | SPS=1274
[400016] Regime switch detected! 1 -> 0. Snapshotting anchor model.
update 200/390 | step=409600 | SPS=1273
update 210/390 | step=430080 | SPS=1273
update 220/390 | step=450560 | SPS=1272
update 230/390 | step=471040 | SPS=1273
update 240/390 | step=491520 | SPS=1273
[500016] Regime switch detected! 0 -> 1. Snapshotting anchor model.
update 250/390 | step=512000 | SPS=1272
update 260/390 | step=532480 | SPS=1271
update 270/390 | step=552960 | SPS=1272
update 280/390 | step=573440 | SPS=1269
update 290/390 | step=593920 | SPS=1266
[600016] Regime switch detected! 1 -> 0. Snapshotting anchor model.
update 300/390 | step=614400 | SPS=1265
update 310/390 | step=634880 | SPS=1263
update 320/390 | step=655360 | SPS=1264
update 330/390 | step=675840 | SPS=1265
update 340/390 | step=696320 | SPS=1263
[700016] Regime switch detected! 0 -> 1. Snapshotting anchor model.
update 350/390 | step=716800 | SPS=1261
update 360/390 | step=737280 | SPS=1261
update 370/390 | step=757760 | SPS=1263
update 380/390 | step=778240 | SPS=1263
update 390/390 | step=798720 | SPS=1265
Episode 2/30 | reward=2.5140 | avg10=2.1997 | avg_success_rate=0.7600 | steps=38 | time=634.1s
update 10/390 | step=20480 | SPS=1264
update 20/390 | step=40960 | SPS=1273
update 30/390 | step=61440 | SPS=1257
update 40/390 | step=81920 | SPS=1271
[100016] Regime switch detected! 0 -> 1. Snapshotting anchor model.
update 50/390 | step=102400 | SPS=1280
update 60/390 | step=122880 | SPS=1284
update 70/390 | step=143360 | SPS=1284
update 80/390 | step=163840 | SPS=1277
update 90/390 | step=184320 | SPS=1277
[200016] Regime switch detected! 1 -> 0. Snapshotting anchor model.
update 100/390 | step=204800 | SPS=1282
update 110/390 | step=225280 | SPS=1282
update 120/390 | step=245760 | SPS=1287
update 130/390 | step=266240 | SPS=1289
update 140/390 | step=286720 | SPS=1290
[300016] Regime switch detected! 0 -> 1. Snapshotting anchor model.
update 150/390 | step=307200 | SPS=1291
update 160/390 | step=327680 | SPS=1291
update 170/390 | step=348160 | SPS=1294
update 180/390 | step=368640 | SPS=1293
update 190/390 | step=389120 | SPS=1291
[400016] Regime switch detected! 1 -> 0. Snapshotting anchor model.
update 200/390 | step=409600 | SPS=1289
update 210/390 | step=430080 | SPS=1289
update 220/390 | step=450560 | SPS=1286
update 230/390 | step=471040 | SPS=1284
update 240/390 | step=491520 | SPS=1280
[500016] Regime switch detected! 0 -> 1. Snapshotting anchor model.
update 250/390 | step=512000 | SPS=1279
update 260/390 | step=532480 | SPS=1278
update 270/390 | step=552960 | SPS=1275
update 280/390 | step=573440 | SPS=1277
update 290/390 | step=593920 | SPS=1278
[600016] Regime switch detected! 1 -> 0. Snapshotting anchor model.
update 300/390 | step=614400 | SPS=1279
update 310/390 | step=634880 | SPS=1279
update 320/390 | step=655360 | SPS=1276
update 330/390 | step=675840 | SPS=1274
update 340/390 | step=696320 | SPS=1273
[700016] Regime switch detected! 0 -> 1. Snapshotting anchor model.
update 350/390 | step=716800 | SPS=1272
update 360/390 | step=737280 | SPS=1271
update 370/390 | step=757760 | SPS=1271
update 380/390 | step=778240 | SPS=1269
update 390/390 | step=798720 | SPS=1269
Episode 3/30 | reward=2.9226 | avg10=2.4407 | avg_success_rate=0.6300 | steps=38 | time=632.5s
update 10/390 | step=20480 | SPS=1267
update 20/390 | step=40960 | SPS=1265
update 30/390 | step=61440 | SPS=1265
update 40/390 | step=81920 | SPS=1259
[100016] Regime switch detected! 0 -> 1. Snapshotting anchor model.
update 50/390 | step=102400 | SPS=1263
update 60/390 | step=122880 | SPS=1264
update 70/390 | step=143360 | SPS=1264
update 80/390 | step=163840 | SPS=1275
update 90/390 | step=184320 | SPS=1282
[200016] Regime switch detected! 1 -> 0. Snapshotting anchor model.
update 100/390 | step=204800 | SPS=1286
update 110/390 | step=225280 | SPS=1287
update 120/390 | step=245760 | SPS=1288
update 130/390 | step=266240 | SPS=1283
update 140/390 | step=286720 | SPS=1283
[300016] Regime switch detected! 0 -> 1. Snapshotting anchor model.
update 150/390 | step=307200 | SPS=1285
update 160/390 | step=327680 | SPS=1282
update 170/390 | step=348160 | SPS=1284
update 180/390 | step=368640 | SPS=1285
update 190/390 | step=389120 | SPS=1283
[400016] Regime switch detected! 1 -> 0. Snapshotting anchor model.
update 200/390 | step=409600 | SPS=1277
update 210/390 | step=430080 | SPS=1275
update 220/390 | step=450560 | SPS=1271
update 230/390 | step=471040 | SPS=1271
update 240/390 | step=491520 | SPS=1269
[500016] Regime switch detected! 0 -> 1. Snapshotting anchor model.
update 250/390 | step=512000 | SPS=1271
update 260/390 | step=532480 | SPS=1272
update 270/390 | step=552960 | SPS=1271
update 280/390 | step=573440 | SPS=1269
update 290/390 | step=593920 | SPS=1269
[600016] Regime switch detected! 1 -> 0. Snapshotting anchor model.
update 300/390 | step=614400 | SPS=1269
update 310/390 | step=634880 | SPS=1269
update 320/390 | step=655360 | SPS=1268
update 330/390 | step=675840 | SPS=1267
update 340/390 | step=696320 | SPS=1265
[700016] Regime switch detected! 0 -> 1. Snapshotting anchor model.
update 350/390 | step=716800 | SPS=1266
update 360/390 | step=737280 | SPS=1268
update 370/390 | step=757760 | SPS=1268
update 380/390 | step=778240 | SPS=1267
update 390/390 | step=798720 | SPS=1267
Episode 4/30 | reward=2.4823 | avg10=2.4511 | avg_success_rate=0.6700 | steps=38 | time=633.2s
update 10/390 | step=20480 | SPS=1284
update 20/390 | step=40960 | SPS=1278
update 30/390 | step=61440 | SPS=1304
update 40/390 | step=81920 | SPS=1305
[100016] Regime switch detected! 0 -> 1. Snapshotting anchor model.
update 50/390 | step=102400 | SPS=1298
update 60/390 | step=122880 | SPS=1291
update 70/390 | step=143360 | SPS=1286
update 80/390 | step=163840 | SPS=1291
update 90/390 | step=184320 | SPS=1298
[200016] Regime switch detected! 1 -> 0. Snapshotting anchor model.
update 100/390 | step=204800 | SPS=1302
update 110/390 | step=225280 | SPS=1302
update 120/390 | step=245760 | SPS=1303
update 130/390 | step=266240 | SPS=1296
update 140/390 | step=286720 | SPS=1295
[300016] Regime switch detected! 0 -> 1. Snapshotting anchor model.
update 150/390 | step=307200 | SPS=1289
update 160/390 | step=327680 | SPS=1289
update 170/390 | step=348160 | SPS=1289
update 180/390 | step=368640 | SPS=1291
update 190/390 | step=389120 | SPS=1291
[400016] Regime switch detected! 1 -> 0. Snapshotting anchor model.
update 200/390 | step=409600 | SPS=1293
update 210/390 | step=430080 | SPS=1293
update 220/390 | step=450560 | SPS=1293
update 230/390 | step=471040 | SPS=1290
update 240/390 | step=491520 | SPS=1291
[500016] Regime switch detected! 0 -> 1. Snapshotting anchor model.
update 250/390 | step=512000 | SPS=1292
update 260/390 | step=532480 | SPS=1292
update 270/390 | step=552960 | SPS=1293
update 280/390 | step=573440 | SPS=1294
update 290/390 | step=593920 | SPS=1293
[600016] Regime switch detected! 1 -> 0. Snapshotting anchor model.
update 300/390 | step=614400 | SPS=1294
update 310/390 | step=634880 | SPS=1292
update 320/390 | step=655360 | SPS=1292
update 330/390 | step=675840 | SPS=1293
update 340/390 | step=696320 | SPS=1292
[700016] Regime switch detected! 0 -> 1. Snapshotting anchor model.
update 350/390 | step=716800 | SPS=1291
update 360/390 | step=737280 | SPS=1290
update 370/390 | step=757760 | SPS=1289
update 380/390 | step=778240 | SPS=1289
update 390/390 | step=798720 | SPS=1290
Episode 5/30 | reward=3.5933 | avg10=2.6795 | avg_success_rate=0.8900 | steps=38 | time=622.1s
  [brain ckpt] runs/calib8x8_brain_neuromod_trainable_declr_slowbrain_seed2_20260701-183955/episode_5/brain_ep5.pt
update 10/390 | step=20480 | SPS=1367
update 20/390 | step=40960 | SPS=1367
update 30/390 | step=61440 | SPS=1349
update 40/390 | step=81920 | SPS=1300
[100016] Regime switch detected! 0 -> 1. Snapshotting anchor model.
update 50/390 | step=102400 | SPS=1274
update 60/390 | step=122880 | SPS=1262
update 70/390 | step=143360 | SPS=1254
update 80/390 | step=163840 | SPS=1247
update 90/390 | step=184320 | SPS=1249
[200016] Regime switch detected! 1 -> 0. Snapshotting anchor model.
update 100/390 | step=204800 | SPS=1250
update 110/390 | step=225280 | SPS=1250
update 120/390 | step=245760 | SPS=1254
update 130/390 | step=266240 | SPS=1259
update 140/390 | step=286720 | SPS=1263
[300016] Regime switch detected! 0 -> 1. Snapshotting anchor model.
update 150/390 | step=307200 | SPS=1265
update 160/390 | step=327680 | SPS=1266
update 170/390 | step=348160 | SPS=1265
update 180/390 | step=368640 | SPS=1260
update 190/390 | step=389120 | SPS=1262
[400016] Regime switch detected! 1 -> 0. Snapshotting anchor model.
update 200/390 | step=409600 | SPS=1265
update 210/390 | step=430080 | SPS=1267
update 220/390 | step=450560 | SPS=1269
update 230/390 | step=471040 | SPS=1268
update 240/390 | step=491520 | SPS=1267
[500016] Regime switch detected! 0 -> 1. Snapshotting anchor model.
update 250/390 | step=512000 | SPS=1264
update 260/390 | step=532480 | SPS=1264
update 270/390 | step=552960 | SPS=1264
update 280/390 | step=573440 | SPS=1265
update 290/390 | step=593920 | SPS=1265
[600016] Regime switch detected! 1 -> 0. Snapshotting anchor model.
update 300/390 | step=614400 | SPS=1265
update 310/390 | step=634880 | SPS=1264
update 320/390 | step=655360 | SPS=1262
update 330/390 | step=675840 | SPS=1262
update 340/390 | step=696320 | SPS=1262
[700016] Regime switch detected! 0 -> 1. Snapshotting anchor model.
update 350/390 | step=716800 | SPS=1264
update 360/390 | step=737280 | SPS=1265
update 370/390 | step=757760 | SPS=1266
update 380/390 | step=778240 | SPS=1264
update 390/390 | step=798720 | SPS=1263
Episode 6/30 | reward=3.8129 | avg10=2.8684 | avg_success_rate=0.7700 | steps=38 | time=635.2s
update 10/390 | step=20480 | SPS=1298
update 20/390 | step=40960 | SPS=1270
update 30/390 | step=61440 | SPS=1255
update 40/390 | step=81920 | SPS=1254
[100016] Regime switch detected! 0 -> 1. Snapshotting anchor model.
update 50/390 | step=102400 | SPS=1248
update 60/390 | step=122880 | SPS=1241
update 70/390 | step=143360 | SPS=1240
update 80/390 | step=163840 | SPS=1241
update 90/390 | step=184320 | SPS=1238
[200016] Regime switch detected! 1 -> 0. Snapshotting anchor model.
update 100/390 | step=204800 | SPS=1243
update 110/390 | step=225280 | SPS=1250
update 120/390 | step=245760 | SPS=1247
update 130/390 | step=266240 | SPS=1242
update 140/390 | step=286720 | SPS=1247
[300016] Regime switch detected! 0 -> 1. Snapshotting anchor model.
update 150/390 | step=307200 | SPS=1247
update 160/390 | step=327680 | SPS=1250
update 170/390 | step=348160 | SPS=1255
update 180/390 | step=368640 | SPS=1256
update 190/390 | step=389120 | SPS=1254
[400016] Regime switch detected! 1 -> 0. Snapshotting anchor model.
update 200/390 | step=409600 | SPS=1254
update 210/390 | step=430080 | SPS=1254
update 220/390 | step=450560 | SPS=1256
update 230/390 | step=471040 | SPS=1259
update 240/390 | step=491520 | SPS=1259
[500016] Regime switch detected! 0 -> 1. Snapshotting anchor model.
update 250/390 | step=512000 | SPS=1261
update 260/390 | step=532480 | SPS=1262
update 270/390 | step=552960 | SPS=1263
update 280/390 | step=573440 | SPS=1266
update 290/390 | step=593920 | SPS=1265
[600016] Regime switch detected! 1 -> 0. Snapshotting anchor model.
update 300/390 | step=614400 | SPS=1266
update 310/390 | step=634880 | SPS=1267
update 320/390 | step=655360 | SPS=1268
update 330/390 | step=675840 | SPS=1270
update 340/390 | step=696320 | SPS=1272
[700016] Regime switch detected! 0 -> 1. Snapshotting anchor model.
update 350/390 | step=716800 | SPS=1274
update 360/390 | step=737280 | SPS=1274
update 370/390 | step=757760 | SPS=1272
update 380/390 | step=778240 | SPS=1273
update 390/390 | step=798720 | SPS=1271
Episode 7/30 | reward=1.2523 | avg10=2.6375 | avg_success_rate=0.7100 | steps=38 | time=631.1s
update 10/390 | step=20480 | SPS=1286
update 20/390 | step=40960 | SPS=1289
update 30/390 | step=61440 | SPS=1261
update 40/390 | step=81920 | SPS=1249
[100016] Regime switch detected! 0 -> 1. Snapshotting anchor model.
update 50/390 | step=102400 | SPS=1247
update 60/390 | step=122880 | SPS=1251
update 70/390 | step=143360 | SPS=1245
update 80/390 | step=163840 | SPS=1249
update 90/390 | step=184320 | SPS=1259
[200016] Regime switch detected! 1 -> 0. Snapshotting anchor model.
update 100/390 | step=204800 | SPS=1267
update 110/390 | step=225280 | SPS=1269
update 120/390 | step=245760 | SPS=1271
update 130/390 | step=266240 | SPS=1268
update 140/390 | step=286720 | SPS=1262
[300016] Regime switch detected! 0 -> 1. Snapshotting anchor model.
update 150/390 | step=307200 | SPS=1256
update 160/390 | step=327680 | SPS=1252
update 170/390 | step=348160 | SPS=1249
update 180/390 | step=368640 | SPS=1246
update 190/390 | step=389120 | SPS=1244
[400016] Regime switch detected! 1 -> 0. Snapshotting anchor model.
update 200/390 | step=409600 | SPS=1243
update 210/390 | step=430080 | SPS=1241
update 220/390 | step=450560 | SPS=1243
update 230/390 | step=471040 | SPS=1246
update 240/390 | step=491520 | SPS=1249
[500016] Regime switch detected! 0 -> 1. Snapshotting anchor model.
update 250/390 | step=512000 | SPS=1251
update 260/390 | step=532480 | SPS=1254
update 270/390 | step=552960 | SPS=1254
update 280/390 | step=573440 | SPS=1254
update 290/390 | step=593920 | SPS=1252
[600016] Regime switch detected! 1 -> 0. Snapshotting anchor model.
update 300/390 | step=614400 | SPS=1250
update 310/390 | step=634880 | SPS=1248
update 320/390 | step=655360 | SPS=1245
update 330/390 | step=675840 | SPS=1244
update 340/390 | step=696320 | SPS=1244
[700016] Regime switch detected! 0 -> 1. Snapshotting anchor model.
update 350/390 | step=716800 | SPS=1246
update 360/390 | step=737280 | SPS=1248
update 370/390 | step=757760 | SPS=1248
update 380/390 | step=778240 | SPS=1249
update 390/390 | step=798720 | SPS=1250
Episode 8/30 | reward=3.6468 | avg10=2.7637 | avg_success_rate=0.8600 | steps=38 | time=641.6s
update 10/390 | step=20480 | SPS=1276
update 20/390 | step=40960 | SPS=1259
update 30/390 | step=61440 | SPS=1281
update 40/390 | step=81920 | SPS=1269
[100016] Regime switch detected! 0 -> 1. Snapshotting anchor model.
update 50/390 | step=102400 | SPS=1248
update 60/390 | step=122880 | SPS=1252
update 70/390 | step=143360 | SPS=1262
update 80/390 | step=163840 | SPS=1267
update 90/390 | step=184320 | SPS=1268
[200016] Regime switch detected! 1 -> 0. Snapshotting anchor model.
update 100/390 | step=204800 | SPS=1271
update 110/390 | step=225280 | SPS=1272
update 120/390 | step=245760 | SPS=1264
update 130/390 | step=266240 | SPS=1263
update 140/390 | step=286720 | SPS=1268
[300016] Regime switch detected! 0 -> 1. Snapshotting anchor model.
update 150/390 | step=307200 | SPS=1264
update 160/390 | step=327680 | SPS=1261
update 170/390 | step=348160 | SPS=1257
update 180/390 | step=368640 | SPS=1254
update 190/390 | step=389120 | SPS=1251
[400016] Regime switch detected! 1 -> 0. Snapshotting anchor model.
update 200/390 | step=409600 | SPS=1247
update 210/390 | step=430080 | SPS=1247
update 220/390 | step=450560 | SPS=1250
update 230/390 | step=471040 | SPS=1252
update 240/390 | step=491520 | SPS=1249
[500016] Regime switch detected! 0 -> 1. Snapshotting anchor model.
update 250/390 | step=512000 | SPS=1247
update 260/390 | step=532480 | SPS=1250
update 270/390 | step=552960 | SPS=1253
update 280/390 | step=573440 | SPS=1254
update 290/390 | step=593920 | SPS=1255
[600016] Regime switch detected! 1 -> 0. Snapshotting anchor model.
update 300/390 | step=614400 | SPS=1257
update 310/390 | step=634880 | SPS=1259
update 320/390 | step=655360 | SPS=1260
update 330/390 | step=675840 | SPS=1260
update 340/390 | step=696320 | SPS=1259
[700016] Regime switch detected! 0 -> 1. Snapshotting anchor model.
update 350/390 | step=716800 | SPS=1260
update 360/390 | step=737280 | SPS=1261
update 370/390 | step=757760 | SPS=1263
update 380/390 | step=778240 | SPS=1262
update 390/390 | step=798720 | SPS=1262
Episode 9/30 | reward=3.2776 | avg10=2.8208 | avg_success_rate=0.9300 | steps=38 | time=636.1s
update 10/390 | step=20480 | SPS=1288
update 20/390 | step=40960 | SPS=1268
update 30/390 | step=61440 | SPS=1251
update 40/390 | step=81920 | SPS=1256
[100016] Regime switch detected! 0 -> 1. Snapshotting anchor model.
update 50/390 | step=102400 | SPS=1244
update 60/390 | step=122880 | SPS=1238
update 70/390 | step=143360 | SPS=1233
update 80/390 | step=163840 | SPS=1237
update 90/390 | step=184320 | SPS=1241
[200016] Regime switch detected! 1 -> 0. Snapshotting anchor model.
update 100/390 | step=204800 | SPS=1238
update 110/390 | step=225280 | SPS=1233
update 120/390 | step=245760 | SPS=1237
update 130/390 | step=266240 | SPS=1241
update 140/390 | step=286720 | SPS=1245
[300016] Regime switch detected! 0 -> 1. Snapshotting anchor model.
update 150/390 | step=307200 | SPS=1249
update 160/390 | step=327680 | SPS=1250
update 170/390 | step=348160 | SPS=1250
update 180/390 | step=368640 | SPS=1246
update 190/390 | step=389120 | SPS=1245
[400016] Regime switch detected! 1 -> 0. Snapshotting anchor model.
update 200/390 | step=409600 | SPS=1248
update 210/390 | step=430080 | SPS=1252
update 220/390 | step=450560 | SPS=1256
update 230/390 | step=471040 | SPS=1256
update 240/390 | step=491520 | SPS=1253
[500016] Regime switch detected! 0 -> 1. Snapshotting anchor model.
update 250/390 | step=512000 | SPS=1251
update 260/390 | step=532480 | SPS=1251
update 270/390 | step=552960 | SPS=1250
update 280/390 | step=573440 | SPS=1250
update 290/390 | step=593920 | SPS=1248
[600016] Regime switch detected! 1 -> 0. Snapshotting anchor model.
update 300/390 | step=614400 | SPS=1247
update 310/390 | step=634880 | SPS=1250
update 320/390 | step=655360 | SPS=1250
update 330/390 | step=675840 | SPS=1247
update 340/390 | step=696320 | SPS=1247
[700016] Regime switch detected! 0 -> 1. Snapshotting anchor model.
update 350/390 | step=716800 | SPS=1249
update 360/390 | step=737280 | SPS=1250
update 370/390 | step=757760 | SPS=1250
update 380/390 | step=778240 | SPS=1247
update 390/390 | step=798720 | SPS=1249
Episode 10/30 | reward=3.4961 | avg10=2.8883 | avg_success_rate=0.9700 | steps=38 | time=642.7s
  [brain ckpt] runs/calib8x8_brain_neuromod_trainable_declr_slowbrain_seed2_20260701-183955/episode_10/brain_ep10.pt
update 10/390 | step=20480 | SPS=1297
update 20/390 | step=40960 | SPS=1279
update 30/390 | step=61440 | SPS=1273
update 40/390 | step=81920 | SPS=1282
[100016] Regime switch detected! 0 -> 1. Snapshotting anchor model.
update 50/390 | step=102400 | SPS=1277
update 60/390 | step=122880 | SPS=1273
update 70/390 | step=143360 | SPS=1280
update 80/390 | step=163840 | SPS=1285
update 90/390 | step=184320 | SPS=1287
[200016] Regime switch detected! 1 -> 0. Snapshotting anchor model.
update 100/390 | step=204800 | SPS=1288
update 110/390 | step=225280 | SPS=1288
update 120/390 | step=245760 | SPS=1280
update 130/390 | step=266240 | SPS=1275
update 140/390 | step=286720 | SPS=1275
[300016] Regime switch detected! 0 -> 1. Snapshotting anchor model.
update 150/390 | step=307200 | SPS=1273
update 160/390 | step=327680 | SPS=1268
update 170/390 | step=348160 | SPS=1271
update 180/390 | step=368640 | SPS=1273
update 190/390 | step=389120 | SPS=1275
[400016] Regime switch detected! 1 -> 0. Snapshotting anchor model.
update 200/390 | step=409600 | SPS=1277
update 210/390 | step=430080 | SPS=1279
update 220/390 | step=450560 | SPS=1278
update 230/390 | step=471040 | SPS=1281
update 240/390 | step=491520 | SPS=1284
[500016] Regime switch detected! 0 -> 1. Snapshotting anchor model.
update 250/390 | step=512000 | SPS=1284
update 260/390 | step=532480 | SPS=1280
update 270/390 | step=552960 | SPS=1282
update 280/390 | step=573440 | SPS=1284
update 290/390 | step=593920 | SPS=1282
[600016] Regime switch detected! 1 -> 0. Snapshotting anchor model.
update 300/390 | step=614400 | SPS=1280
update 310/390 | step=634880 | SPS=1277
update 320/390 | step=655360 | SPS=1275
update 330/390 | step=675840 | SPS=1273
update 340/390 | step=696320 | SPS=1272
[700016] Regime switch detected! 0 -> 1. Snapshotting anchor model.
update 350/390 | step=716800 | SPS=1271
update 360/390 | step=737280 | SPS=1268
update 370/390 | step=757760 | SPS=1267
update 380/390 | step=778240 | SPS=1268
update 390/390 | step=798720 | SPS=1269
Episode 11/30 | reward=4.3956 | avg10=3.1393 | avg_success_rate=0.5600 | steps=38 | time=632.3s
update 10/390 | step=20480 | SPS=1413
update 20/390 | step=40960 | SPS=1326
update 30/390 | step=61440 | SPS=1294
update 40/390 | step=81920 | SPS=1299
[100016] Regime switch detected! 0 -> 1. Snapshotting anchor model.
update 50/390 | step=102400 | SPS=1291
update 60/390 | step=122880 | SPS=1292
update 70/390 | step=143360 | SPS=1292
update 80/390 | step=163840 | SPS=1298
update 90/390 | step=184320 | SPS=1302
[200016] Regime switch detected! 1 -> 0. Snapshotting anchor model.
update 100/390 | step=204800 | SPS=1304
update 110/390 | step=225280 | SPS=1303
update 120/390 | step=245760 | SPS=1305
update 130/390 | step=266240 | SPS=1303
update 140/390 | step=286720 | SPS=1304
[300016] Regime switch detected! 0 -> 1. Snapshotting anchor model.
update 150/390 | step=307200 | SPS=1301
update 160/390 | step=327680 | SPS=1298
update 170/390 | step=348160 | SPS=1298
update 180/390 | step=368640 | SPS=1292
update 190/390 | step=389120 | SPS=1289
[400016] Regime switch detected! 1 -> 0. Snapshotting anchor model.
update 200/390 | step=409600 | SPS=1289
update 210/390 | step=430080 | SPS=1286
update 220/390 | step=450560 | SPS=1281
update 230/390 | step=471040 | SPS=1278
update 240/390 | step=491520 | SPS=1273
[500016] Regime switch detected! 0 -> 1. Snapshotting anchor model.
update 250/390 | step=512000 | SPS=1271
update 260/390 | step=532480 | SPS=1266
update 270/390 | step=552960 | SPS=1263
update 280/390 | step=573440 | SPS=1264
update 290/390 | step=593920 | SPS=1264
[600016] Regime switch detected! 1 -> 0. Snapshotting anchor model.
update 300/390 | step=614400 | SPS=1266
update 310/390 | step=634880 | SPS=1267
update 320/390 | step=655360 | SPS=1268
update 330/390 | step=675840 | SPS=1270
update 340/390 | step=696320 | SPS=1272
[700016] Regime switch detected! 0 -> 1. Snapshotting anchor model.
update 350/390 | step=716800 | SPS=1271
update 360/390 | step=737280 | SPS=1269
update 370/390 | step=757760 | SPS=1269
update 380/390 | step=778240 | SPS=1269
update 390/390 | step=798720 | SPS=1270
Episode 12/30 | reward=2.6216 | avg10=3.1501 | avg_success_rate=0.8100 | steps=38 | time=631.6s
update 10/390 | step=20480 | SPS=1246
update 20/390 | step=40960 | SPS=1257
update 30/390 | step=61440 | SPS=1244
update 40/390 | step=81920 | SPS=1227
[100016] Regime switch detected! 0 -> 1. Snapshotting anchor model.
update 50/390 | step=102400 | SPS=1220
update 60/390 | step=122880 | SPS=1223
update 70/390 | step=143360 | SPS=1237
update 80/390 | step=163840 | SPS=1250
update 90/390 | step=184320 | SPS=1259
[200016] Regime switch detected! 1 -> 0. Snapshotting anchor model.
update 100/390 | step=204800 | SPS=1263
update 110/390 | step=225280 | SPS=1263
update 120/390 | step=245760 | SPS=1261
update 130/390 | step=266240 | SPS=1260
update 140/390 | step=286720 | SPS=1260
[300016] Regime switch detected! 0 -> 1. Snapshotting anchor model.
update 150/390 | step=307200 | SPS=1262
update 160/390 | step=327680 | SPS=1263
update 170/390 | step=348160 | SPS=1267
update 180/390 | step=368640 | SPS=1270
update 190/390 | step=389120 | SPS=1272
[400016] Regime switch detected! 1 -> 0. Snapshotting anchor model.
update 200/390 | step=409600 | SPS=1275
update 210/390 | step=430080 | SPS=1276
update 220/390 | step=450560 | SPS=1277
update 230/390 | step=471040 | SPS=1278
update 240/390 | step=491520 | SPS=1279
[500016] Regime switch detected! 0 -> 1. Snapshotting anchor model.
update 250/390 | step=512000 | SPS=1276
update 260/390 | step=532480 | SPS=1272
update 270/390 | step=552960 | SPS=1270
update 280/390 | step=573440 | SPS=1273
update 290/390 | step=593920 | SPS=1274
[600016] Regime switch detected! 1 -> 0. Snapshotting anchor model.
update 300/390 | step=614400 | SPS=1273
update 310/390 | step=634880 | SPS=1271
update 320/390 | step=655360 | SPS=1272
update 330/390 | step=675840 | SPS=1271
update 340/390 | step=696320 | SPS=1272
[700016] Regime switch detected! 0 -> 1. Snapshotting anchor model.
update 350/390 | step=716800 | SPS=1272
update 360/390 | step=737280 | SPS=1272
update 370/390 | step=757760 | SPS=1272
update 380/390 | step=778240 | SPS=1273
update 390/390 | step=798720 | SPS=1272
Episode 13/30 | reward=2.0802 | avg10=3.0659 | avg_success_rate=0.6700 | steps=38 | time=630.6s
update 10/390 | step=20480 | SPS=1300
update 20/390 | step=40960 | SPS=1259
update 30/390 | step=61440 | SPS=1290
update 40/390 | step=81920 | SPS=1274
[100016] Regime switch detected! 0 -> 1. Snapshotting anchor model.
update 50/390 | step=102400 | SPS=1263
update 60/390 | step=122880 | SPS=1273
update 70/390 | step=143360 | SPS=1280
update 80/390 | step=163840 | SPS=1278
update 90/390 | step=184320 | SPS=1280
[200016] Regime switch detected! 1 -> 0. Snapshotting anchor model.
update 100/390 | step=204800 | SPS=1279
update 110/390 | step=225280 | SPS=1277
update 120/390 | step=245760 | SPS=1279
update 130/390 | step=266240 | SPS=1284
update 140/390 | step=286720 | SPS=1286
[300016] Regime switch detected! 0 -> 1. Snapshotting anchor model.
update 150/390 | step=307200 | SPS=1288
update 160/390 | step=327680 | SPS=1287
update 170/390 | step=348160 | SPS=1287
update 180/390 | step=368640 | SPS=1288
update 190/390 | step=389120 | SPS=1289
[400016] Regime switch detected! 1 -> 0. Snapshotting anchor model.
update 200/390 | step=409600 | SPS=1289
update 210/390 | step=430080 | SPS=1291
update 220/390 | step=450560 | SPS=1293
update 230/390 | step=471040 | SPS=1295
update 240/390 | step=491520 | SPS=1295
[500016] Regime switch detected! 0 -> 1. Snapshotting anchor model.
update 250/390 | step=512000 | SPS=1295
update 260/390 | step=532480 | SPS=1291
update 270/390 | step=552960 | SPS=1292
update 280/390 | step=573440 | SPS=1292
update 290/390 | step=593920 | SPS=1293
[600016] Regime switch detected! 1 -> 0. Snapshotting anchor model.
update 300/390 | step=614400 | SPS=1294
update 310/390 | step=634880 | SPS=1295
update 320/390 | step=655360 | SPS=1293
update 330/390 | step=675840 | SPS=1291
update 340/390 | step=696320 | SPS=1287
[700016] Regime switch detected! 0 -> 1. Snapshotting anchor model.
update 350/390 | step=716800 | SPS=1288
update 360/390 | step=737280 | SPS=1289
update 370/390 | step=757760 | SPS=1288
update 380/390 | step=778240 | SPS=1288
update 390/390 | step=798720 | SPS=1288
Episode 14/30 | reward=4.2260 | avg10=3.2402 | avg_success_rate=0.9600 | steps=38 | time=623.0s
update 10/390 | step=20480 | SPS=1297
update 20/390 | step=40960 | SPS=1288
update 30/390 | step=61440 | SPS=1302
update 40/390 | step=81920 | SPS=1314
[100016] Regime switch detected! 0 -> 1. Snapshotting anchor model.
update 50/390 | step=102400 | SPS=1314
update 60/390 | step=122880 | SPS=1314
update 70/390 | step=143360 | SPS=1316
update 80/390 | step=163840 | SPS=1312
update 90/390 | step=184320 | SPS=1311
[200016] Regime switch detected! 1 -> 0. Snapshotting anchor model.
update 100/390 | step=204800 | SPS=1315
update 110/390 | step=225280 | SPS=1314
update 120/390 | step=245760 | SPS=1311
update 130/390 | step=266240 | SPS=1312
update 140/390 | step=286720 | SPS=1312
[300016] Regime switch detected! 0 -> 1. Snapshotting anchor model.
update 150/390 | step=307200 | SPS=1312
update 160/390 | step=327680 | SPS=1306
update 170/390 | step=348160 | SPS=1305
update 180/390 | step=368640 | SPS=1306
update 190/390 | step=389120 | SPS=1307
[400016] Regime switch detected! 1 -> 0. Snapshotting anchor model.
update 200/390 | step=409600 | SPS=1307
update 210/390 | step=430080 | SPS=1308
update 220/390 | step=450560 | SPS=1306
update 230/390 | step=471040 | SPS=1307
update 240/390 | step=491520 | SPS=1306
[500016] Regime switch detected! 0 -> 1. Snapshotting anchor model.
update 250/390 | step=512000 | SPS=1303
update 260/390 | step=532480 | SPS=1302
update 270/390 | step=552960 | SPS=1299
update 280/390 | step=573440 | SPS=1300
update 290/390 | step=593920 | SPS=1298
[600016] Regime switch detected! 1 -> 0. Snapshotting anchor model.
update 300/390 | step=614400 | SPS=1295
update 310/390 | step=634880 | SPS=1294
update 320/390 | step=655360 | SPS=1291
update 330/390 | step=675840 | SPS=1292
update 340/390 | step=696320 | SPS=1293
[700016] Regime switch detected! 0 -> 1. Snapshotting anchor model.
update 350/390 | step=716800 | SPS=1294
update 360/390 | step=737280 | SPS=1292
update 370/390 | step=757760 | SPS=1293
update 380/390 | step=778240 | SPS=1293
update 390/390 | step=798720 | SPS=1292
Episode 15/30 | reward=4.5039 | avg10=3.3313 | avg_success_rate=0.9000 | steps=38 | time=621.0s
  [brain ckpt] runs/calib8x8_brain_neuromod_trainable_declr_slowbrain_seed2_20260701-183955/episode_15/brain_ep15.pt
update 10/390 | step=20480 | SPS=1402
update 20/390 | step=40960 | SPS=1317
update 30/390 | step=61440 | SPS=1300
update 40/390 | step=81920 | SPS=1283
[100016] Regime switch detected! 0 -> 1. Snapshotting anchor model.
update 50/390 | step=102400 | SPS=1279
update 60/390 | step=122880 | SPS=1276
update 70/390 | step=143360 | SPS=1272
update 80/390 | step=163840 | SPS=1281
update 90/390 | step=184320 | SPS=1287
[200016] Regime switch detected! 1 -> 0. Snapshotting anchor model.
update 100/390 | step=204800 | SPS=1291
update 110/390 | step=225280 | SPS=1292
update 120/390 | step=245760 | SPS=1296
update 130/390 | step=266240 | SPS=1297
update 140/390 | step=286720 | SPS=1295
[300016] Regime switch detected! 0 -> 1. Snapshotting anchor model.
update 150/390 | step=307200 | SPS=1293
update 160/390 | step=327680 | SPS=1288
update 170/390 | step=348160 | SPS=1284
update 180/390 | step=368640 | SPS=1280
update 190/390 | step=389120 | SPS=1276
[400016] Regime switch detected! 1 -> 0. Snapshotting anchor model.
update 200/390 | step=409600 | SPS=1279
update 210/390 | step=430080 | SPS=1278
update 220/390 | step=450560 | SPS=1277
update 230/390 | step=471040 | SPS=1273
update 240/390 | step=491520 | SPS=1269
[500016] Regime switch detected! 0 -> 1. Snapshotting anchor model.
update 250/390 | step=512000 | SPS=1269
update 260/390 | step=532480 | SPS=1266
update 270/390 | step=552960 | SPS=1265
update 280/390 | step=573440 | SPS=1266
update 290/390 | step=593920 | SPS=1263
[600016] Regime switch detected! 1 -> 0. Snapshotting anchor model.
update 300/390 | step=614400 | SPS=1261
update 310/390 | step=634880 | SPS=1261
update 320/390 | step=655360 | SPS=1261
update 330/390 | step=675840 | SPS=1262
update 340/390 | step=696320 | SPS=1261
[700016] Regime switch detected! 0 -> 1. Snapshotting anchor model.
update 350/390 | step=716800 | SPS=1260
update 360/390 | step=737280 | SPS=1259
update 370/390 | step=757760 | SPS=1260
update 380/390 | step=778240 | SPS=1260
update 390/390 | step=798720 | SPS=1261
Episode 16/30 | reward=1.3903 | avg10=3.0890 | avg_success_rate=0.9100 | steps=38 | time=636.3s
update 10/390 | step=20480 | SPS=1369
update 20/390 | step=40960 | SPS=1356
update 30/390 | step=61440 | SPS=1329
update 40/390 | step=81920 | SPS=1329
[100016] Regime switch detected! 0 -> 1. Snapshotting anchor model.
update 50/390 | step=102400 | SPS=1315
update 60/390 | step=122880 | SPS=1289
update 70/390 | step=143360 | SPS=1278
update 80/390 | step=163840 | SPS=1281
update 90/390 | step=184320 | SPS=1277
[200016] Regime switch detected! 1 -> 0. Snapshotting anchor model.
update 100/390 | step=204800 | SPS=1277
update 110/390 | step=225280 | SPS=1281
update 120/390 | step=245760 | SPS=1285
update 130/390 | step=266240 | SPS=1282
update 140/390 | step=286720 | SPS=1275
[300016] Regime switch detected! 0 -> 1. Snapshotting anchor model.
update 150/390 | step=307200 | SPS=1267
update 160/390 | step=327680 | SPS=1267
update 170/390 | step=348160 | SPS=1268
update 180/390 | step=368640 | SPS=1268
update 190/390 | step=389120 | SPS=1265
[400016] Regime switch detected! 1 -> 0. Snapshotting anchor model.
update 200/390 | step=409600 | SPS=1264
update 210/390 | step=430080 | SPS=1265
update 220/390 | step=450560 | SPS=1261
update 230/390 | step=471040 | SPS=1257
update 240/390 | step=491520 | SPS=1256
[500016] Regime switch detected! 0 -> 1. Snapshotting anchor model.
update 250/390 | step=512000 | SPS=1255
update 260/390 | step=532480 | SPS=1256
update 270/390 | step=552960 | SPS=1258
update 280/390 | step=573440 | SPS=1256
update 290/390 | step=593920 | SPS=1253
[600016] Regime switch detected! 1 -> 0. Snapshotting anchor model.
update 300/390 | step=614400 | SPS=1251
update 310/390 | step=634880 | SPS=1253
update 320/390 | step=655360 | SPS=1255
update 330/390 | step=675840 | SPS=1256
update 340/390 | step=696320 | SPS=1257
[700016] Regime switch detected! 0 -> 1. Snapshotting anchor model.
update 350/390 | step=716800 | SPS=1258
update 360/390 | step=737280 | SPS=1259
update 370/390 | step=757760 | SPS=1260
update 380/390 | step=778240 | SPS=1259
update 390/390 | step=798720 | SPS=1259
Episode 17/30 | reward=4.7805 | avg10=3.4418 | avg_success_rate=0.9800 | steps=38 | time=637.3s
update 10/390 | step=20480 | SPS=1272
update 20/390 | step=40960 | SPS=1272
update 30/390 | step=61440 | SPS=1290
update 40/390 | step=81920 | SPS=1283
[100016] Regime switch detected! 0 -> 1. Snapshotting anchor model.
update 50/390 | step=102400 | SPS=1264
update 60/390 | step=122880 | SPS=1267
update 70/390 | step=143360 | SPS=1273
update 80/390 | step=163840 | SPS=1279
update 90/390 | step=184320 | SPS=1282
[200016] Regime switch detected! 1 -> 0. Snapshotting anchor model.
update 100/390 | step=204800 | SPS=1285
update 110/390 | step=225280 | SPS=1285
update 120/390 | step=245760 | SPS=1287
update 130/390 | step=266240 | SPS=1289
update 140/390 | step=286720 | SPS=1287
[300016] Regime switch detected! 0 -> 1. Snapshotting anchor model.
update 150/390 | step=307200 | SPS=1278
update 160/390 | step=327680 | SPS=1273
update 170/390 | step=348160 | SPS=1270
update 180/390 | step=368640 | SPS=1266
update 190/390 | step=389120 | SPS=1265
[400016] Regime switch detected! 1 -> 0. Snapshotting anchor model.
update 200/390 | step=409600 | SPS=1267
update 210/390 | step=430080 | SPS=1267
update 220/390 | step=450560 | SPS=1262
update 230/390 | step=471040 | SPS=1258
update 240/390 | step=491520 | SPS=1255
[500016] Regime switch detected! 0 -> 1. Snapshotting anchor model.
update 250/390 | step=512000 | SPS=1257
update 260/390 | step=532480 | SPS=1255
update 270/390 | step=552960 | SPS=1253
update 280/390 | step=573440 | SPS=1255
update 290/390 | step=593920 | SPS=1255
[600016] Regime switch detected! 1 -> 0. Snapshotting anchor model.
update 300/390 | step=614400 | SPS=1257
update 310/390 | step=634880 | SPS=1258
update 320/390 | step=655360 | SPS=1255
update 330/390 | step=675840 | SPS=1255
update 340/390 | step=696320 | SPS=1257
[700016] Regime switch detected! 0 -> 1. Snapshotting anchor model.
update 350/390 | step=716800 | SPS=1259
update 360/390 | step=737280 | SPS=1260
update 370/390 | step=757760 | SPS=1262
update 380/390 | step=778240 | SPS=1259
update 390/390 | step=798720 | SPS=1258
Episode 18/30 | reward=2.5257 | avg10=3.3297 | avg_success_rate=0.9600 | steps=38 | time=637.6s
update 10/390 | step=20480 | SPS=1330
update 20/390 | step=40960 | SPS=1288
update 30/390 | step=61440 | SPS=1284
update 40/390 | step=81920 | SPS=1257
[100016] Regime switch detected! 0 -> 1. Snapshotting anchor model.
update 50/390 | step=102400 | SPS=1256
update 60/390 | step=122880 | SPS=1244
update 70/390 | step=143360 | SPS=1252
update 80/390 | step=163840 | SPS=1257
update 90/390 | step=184320 | SPS=1257
[200016] Regime switch detected! 1 -> 0. Snapshotting anchor model.
update 100/390 | step=204800 | SPS=1261
update 110/390 | step=225280 | SPS=1267
update 120/390 | step=245760 | SPS=1267
update 130/390 | step=266240 | SPS=1269
update 140/390 | step=286720 | SPS=1273
[300016] Regime switch detected! 0 -> 1. Snapshotting anchor model.
update 150/390 | step=307200 | SPS=1272
update 160/390 | step=327680 | SPS=1268
update 170/390 | step=348160 | SPS=1268
update 180/390 | step=368640 | SPS=1271
update 190/390 | step=389120 | SPS=1271
[400016] Regime switch detected! 1 -> 0. Snapshotting anchor model.
update 200/390 | step=409600 | SPS=1274
update 210/390 | step=430080 | SPS=1276
update 220/390 | step=450560 | SPS=1278
update 230/390 | step=471040 | SPS=1278
update 240/390 | step=491520 | SPS=1279
[500016] Regime switch detected! 0 -> 1. Snapshotting anchor model.
update 250/390 | step=512000 | SPS=1281
update 260/390 | step=532480 | SPS=1281
update 270/390 | step=552960 | SPS=1281
update 280/390 | step=573440 | SPS=1280
update 290/390 | step=593920 | SPS=1278
[600016] Regime switch detected! 1 -> 0. Snapshotting anchor model.
update 300/390 | step=614400 | SPS=1277
update 310/390 | step=634880 | SPS=1275
update 320/390 | step=655360 | SPS=1273
update 330/390 | step=675840 | SPS=1270
update 340/390 | step=696320 | SPS=1268
[700016] Regime switch detected! 0 -> 1. Snapshotting anchor model.
update 350/390 | step=716800 | SPS=1267
update 360/390 | step=737280 | SPS=1266
update 370/390 | step=757760 | SPS=1266
update 380/390 | step=778240 | SPS=1267
update 390/390 | step=798720 | SPS=1269
Episode 19/30 | reward=3.4011 | avg10=3.3421 | avg_success_rate=0.9500 | steps=38 | time=632.4s
update 10/390 | step=20480 | SPS=1346
update 20/390 | step=40960 | SPS=1310
update 30/390 | step=61440 | SPS=1314
update 40/390 | step=81920 | SPS=1310
[100016] Regime switch detected! 0 -> 1. Snapshotting anchor model.
update 50/390 | step=102400 | SPS=1305
update 60/390 | step=122880 | SPS=1288
update 70/390 | step=143360 | SPS=1285
update 80/390 | step=163840 | SPS=1290
update 90/390 | step=184320 | SPS=1293
[200016] Regime switch detected! 1 -> 0. Snapshotting anchor model.
update 100/390 | step=204800 | SPS=1295
update 110/390 | step=225280 | SPS=1297
update 120/390 | step=245760 | SPS=1300
update 130/390 | step=266240 | SPS=1290
update 140/390 | step=286720 | SPS=1282
[300016] Regime switch detected! 0 -> 1. Snapshotting anchor model.
update 150/390 | step=307200 | SPS=1276
update 160/390 | step=327680 | SPS=1277
update 170/390 | step=348160 | SPS=1278
update 180/390 | step=368640 | SPS=1279
update 190/390 | step=389120 | SPS=1274
[400016] Regime switch detected! 1 -> 0. Snapshotting anchor model.
update 200/390 | step=409600 | SPS=1269
update 210/390 | step=430080 | SPS=1265
update 220/390 | step=450560 | SPS=1261
update 230/390 | step=471040 | SPS=1259
update 240/390 | step=491520 | SPS=1256
[500016] Regime switch detected! 0 -> 1. Snapshotting anchor model.
update 250/390 | step=512000 | SPS=1253
update 260/390 | step=532480 | SPS=1250
update 270/390 | step=552960 | SPS=1247
update 280/390 | step=573440 | SPS=1245
update 290/390 | step=593920 | SPS=1243
[600016] Regime switch detected! 1 -> 0. Snapshotting anchor model.
update 300/390 | step=614400 | SPS=1243
update 310/390 | step=634880 | SPS=1243
update 320/390 | step=655360 | SPS=1242
update 330/390 | step=675840 | SPS=1245
update 340/390 | step=696320 | SPS=1243
[700016] Regime switch detected! 0 -> 1. Snapshotting anchor model.
update 350/390 | step=716800 | SPS=1241
update 360/390 | step=737280 | SPS=1239
update 370/390 | step=757760 | SPS=1239
update 380/390 | step=778240 | SPS=1237
update 390/390 | step=798720 | SPS=1236
Episode 20/30 | reward=4.9025 | avg10=3.4827 | avg_success_rate=0.9100 | steps=38 | time=648.9s
  [brain ckpt] runs/calib8x8_brain_neuromod_trainable_declr_slowbrain_seed2_20260701-183955/episode_20/brain_ep20.pt
update 10/390 | step=20480 | SPS=1247
update 20/390 | step=40960 | SPS=1230
update 30/390 | step=61440 | SPS=1224
update 40/390 | step=81920 | SPS=1220
[100016] Regime switch detected! 0 -> 1. Snapshotting anchor model.
update 50/390 | step=102400 | SPS=1216
update 60/390 | step=122880 | SPS=1210
update 70/390 | step=143360 | SPS=1222
update 80/390 | step=163840 | SPS=1233
update 90/390 | step=184320 | SPS=1239
[200016] Regime switch detected! 1 -> 0. Snapshotting anchor model.
update 100/390 | step=204800 | SPS=1243
update 110/390 | step=225280 | SPS=1242
update 120/390 | step=245760 | SPS=1239
update 130/390 | step=266240 | SPS=1237
update 140/390 | step=286720 | SPS=1240
[300016] Regime switch detected! 0 -> 1. Snapshotting anchor model.
update 150/390 | step=307200 | SPS=1241
update 160/390 | step=327680 | SPS=1239
update 170/390 | step=348160 | SPS=1239
update 180/390 | step=368640 | SPS=1239
update 190/390 | step=389120 | SPS=1241
[400016] Regime switch detected! 1 -> 0. Snapshotting anchor model.
update 200/390 | step=409600 | SPS=1245
update 210/390 | step=430080 | SPS=1248
update 220/390 | step=450560 | SPS=1250
update 230/390 | step=471040 | SPS=1249
update 240/390 | step=491520 | SPS=1249
[500016] Regime switch detected! 0 -> 1. Snapshotting anchor model.
update 250/390 | step=512000 | SPS=1251
update 260/390 | step=532480 | SPS=1252
update 270/390 | step=552960 | SPS=1251
update 280/390 | step=573440 | SPS=1255
update 290/390 | step=593920 | SPS=1256
[600016] Regime switch detected! 1 -> 0. Snapshotting anchor model.
update 300/390 | step=614400 | SPS=1255
update 310/390 | step=634880 | SPS=1255
update 320/390 | step=655360 | SPS=1256
update 330/390 | step=675840 | SPS=1257
update 340/390 | step=696320 | SPS=1259
[700016] Regime switch detected! 0 -> 1. Snapshotting anchor model.
update 350/390 | step=716800 | SPS=1260
update 360/390 | step=737280 | SPS=1259
update 370/390 | step=757760 | SPS=1260
update 380/390 | step=778240 | SPS=1261
update 390/390 | step=798720 | SPS=1262
Episode 21/30 | reward=2.7362 | avg10=3.3168 | avg_success_rate=0.8200 | steps=38 | time=636.0s
update 10/390 | step=20480 | SPS=1320
update 20/390 | step=40960 | SPS=1283
update 30/390 | step=61440 | SPS=1252
update 40/390 | step=81920 | SPS=1257
[100016] Regime switch detected! 0 -> 1. Snapshotting anchor model.
update 50/390 | step=102400 | SPS=1258
update 60/390 | step=122880 | SPS=1265
update 70/390 | step=143360 | SPS=1253
update 80/390 | step=163840 | SPS=1252
update 90/390 | step=184320 | SPS=1259
[200016] Regime switch detected! 1 -> 0. Snapshotting anchor model.
update 100/390 | step=204800 | SPS=1267
update 110/390 | step=225280 | SPS=1268
update 120/390 | step=245760 | SPS=1262
update 130/390 | step=266240 | SPS=1259
update 140/390 | step=286720 | SPS=1256
[300016] Regime switch detected! 0 -> 1. Snapshotting anchor model.
update 150/390 | step=307200 | SPS=1252
update 160/390 | step=327680 | SPS=1246
update 170/390 | step=348160 | SPS=1247
update 180/390 | step=368640 | SPS=1251
update 190/390 | step=389120 | SPS=1252
[400016] Regime switch detected! 1 -> 0. Snapshotting anchor model.
update 200/390 | step=409600 | SPS=1256
update 210/390 | step=430080 | SPS=1257
update 220/390 | step=450560 | SPS=1255
update 230/390 | step=471040 | SPS=1257
update 240/390 | step=491520 | SPS=1259
[500016] Regime switch detected! 0 -> 1. Snapshotting anchor model.
update 250/390 | step=512000 | SPS=1259
update 260/390 | step=532480 | SPS=1260
update 270/390 | step=552960 | SPS=1260
update 280/390 | step=573440 | SPS=1261
update 290/390 | step=593920 | SPS=1261
[600016] Regime switch detected! 1 -> 0. Snapshotting anchor model.
update 300/390 | step=614400 | SPS=1259
update 310/390 | step=634880 | SPS=1259
update 320/390 | step=655360 | SPS=1260
update 330/390 | step=675840 | SPS=1261
update 340/390 | step=696320 | SPS=1260
[700016] Regime switch detected! 0 -> 1. Snapshotting anchor model.
update 350/390 | step=716800 | SPS=1261
update 360/390 | step=737280 | SPS=1261
update 370/390 | step=757760 | SPS=1263
update 380/390 | step=778240 | SPS=1263
update 390/390 | step=798720 | SPS=1263
Episode 22/30 | reward=4.3891 | avg10=3.4935 | avg_success_rate=0.9100 | steps=38 | time=635.1s
update 10/390 | step=20480 | SPS=1221
update 20/390 | step=40960 | SPS=1226
update 30/390 | step=61440 | SPS=1245
update 40/390 | step=81920 | SPS=1263
[100016] Regime switch detected! 0 -> 1. Snapshotting anchor model.
update 50/390 | step=102400 | SPS=1271
update 60/390 | step=122880 | SPS=1260
update 70/390 | step=143360 | SPS=1257
update 80/390 | step=163840 | SPS=1255
update 90/390 | step=184320 | SPS=1256
[200016] Regime switch detected! 1 -> 0. Snapshotting anchor model.
update 100/390 | step=204800 | SPS=1264
update 110/390 | step=225280 | SPS=1269
update 120/390 | step=245760 | SPS=1265
update 130/390 | step=266240 | SPS=1263
update 140/390 | step=286720 | SPS=1263
[300016] Regime switch detected! 0 -> 1. Snapshotting anchor model.
update 150/390 | step=307200 | SPS=1265
update 160/390 | step=327680 | SPS=1267
update 170/390 | step=348160 | SPS=1262
update 180/390 | step=368640 | SPS=1259
update 190/390 | step=389120 | SPS=1259
[400016] Regime switch detected! 1 -> 0. Snapshotting anchor model.
update 200/390 | step=409600 | SPS=1258
update 210/390 | step=430080 | SPS=1260
update 220/390 | step=450560 | SPS=1260
update 230/390 | step=471040 | SPS=1258
update 240/390 | step=491520 | SPS=1257
[500016] Regime switch detected! 0 -> 1. Snapshotting anchor model.
update 250/390 | step=512000 | SPS=1255
update 260/390 | step=532480 | SPS=1255
update 270/390 | step=552960 | SPS=1257
update 280/390 | step=573440 | SPS=1256
update 290/390 | step=593920 | SPS=1254
[600016] Regime switch detected! 1 -> 0. Snapshotting anchor model.
update 300/390 | step=614400 | SPS=1252
update 310/390 | step=634880 | SPS=1250
update 320/390 | step=655360 | SPS=1249
update 330/390 | step=675840 | SPS=1248
update 340/390 | step=696320 | SPS=1247
[700016] Regime switch detected! 0 -> 1. Snapshotting anchor model.
update 350/390 | step=716800 | SPS=1249
update 360/390 | step=737280 | SPS=1249
update 370/390 | step=757760 | SPS=1250
update 380/390 | step=778240 | SPS=1252
update 390/390 | step=798720 | SPS=1253
Episode 23/30 | reward=-0.0054 | avg10=3.2850 | avg_success_rate=0.7400 | steps=38 | time=640.3s
update 10/390 | step=20480 | SPS=1258
update 20/390 | step=40960 | SPS=1258
update 30/390 | step=61440 | SPS=1231
update 40/390 | step=81920 | SPS=1233
[100016] Regime switch detected! 0 -> 1. Snapshotting anchor model.
update 50/390 | step=102400 | SPS=1252
update 60/390 | step=122880 | SPS=1252
update 70/390 | step=143360 | SPS=1255
update 80/390 | step=163840 | SPS=1248
update 90/390 | step=184320 | SPS=1253
[200016] Regime switch detected! 1 -> 0. Snapshotting anchor model.
update 100/390 | step=204800 | SPS=1255
update 110/390 | step=225280 | SPS=1260
update 120/390 | step=245760 | SPS=1262
update 130/390 | step=266240 | SPS=1267
update 140/390 | step=286720 | SPS=1269
[300016] Regime switch detected! 0 -> 1. Snapshotting anchor model.
update 150/390 | step=307200 | SPS=1266
update 160/390 | step=327680 | SPS=1262
update 170/390 | step=348160 | SPS=1259
update 180/390 | step=368640 | SPS=1257
update 190/390 | step=389120 | SPS=1254
[400016] Regime switch detected! 1 -> 0. Snapshotting anchor model.
update 200/390 | step=409600 | SPS=1250
update 210/390 | step=430080 | SPS=1247
update 220/390 | step=450560 | SPS=1249
update 230/390 | step=471040 | SPS=1250
update 240/390 | step=491520 | SPS=1254
[500016] Regime switch detected! 0 -> 1. Snapshotting anchor model.
update 250/390 | step=512000 | SPS=1255
update 260/390 | step=532480 | SPS=1257
update 270/390 | step=552960 | SPS=1259
update 280/390 | step=573440 | SPS=1262
update 290/390 | step=593920 | SPS=1263
[600016] Regime switch detected! 1 -> 0. Snapshotting anchor model.
update 300/390 | step=614400 | SPS=1262
update 310/390 | step=634880 | SPS=1261
update 320/390 | step=655360 | SPS=1259
update 330/390 | step=675840 | SPS=1259
update 340/390 | step=696320 | SPS=1260
[700016] Regime switch detected! 0 -> 1. Snapshotting anchor model.
update 350/390 | step=716800 | SPS=1260
update 360/390 | step=737280 | SPS=1261
update 370/390 | step=757760 | SPS=1261
update 380/390 | step=778240 | SPS=1260
update 390/390 | step=798720 | SPS=1260
Episode 24/30 | reward=3.0337 | avg10=3.1657 | avg_success_rate=0.9400 | steps=38 | time=636.6s
update 10/390 | step=20480 | SPS=1253
update 20/390 | step=40960 | SPS=1261
update 30/390 | step=61440 | SPS=1236
update 40/390 | step=81920 | SPS=1231
[100016] Regime switch detected! 0 -> 1. Snapshotting anchor model.
update 50/390 | step=102400 | SPS=1228
update 60/390 | step=122880 | SPS=1226
update 70/390 | step=143360 | SPS=1232
update 80/390 | step=163840 | SPS=1241
update 90/390 | step=184320 | SPS=1250
[200016] Regime switch detected! 1 -> 0. Snapshotting anchor model.
update 100/390 | step=204800 | SPS=1252
update 110/390 | step=225280 | SPS=1254
update 120/390 | step=245760 | SPS=1256
update 130/390 | step=266240 | SPS=1256
update 140/390 | step=286720 | SPS=1257
[300016] Regime switch detected! 0 -> 1. Snapshotting anchor model.
update 150/390 | step=307200 | SPS=1257
update 160/390 | step=327680 | SPS=1261
update 170/390 | step=348160 | SPS=1261
update 180/390 | step=368640 | SPS=1258
update 190/390 | step=389120 | SPS=1257
[400016] Regime switch detected! 1 -> 0. Snapshotting anchor model.
update 200/390 | step=409600 | SPS=1259
update 210/390 | step=430080 | SPS=1263
update 220/390 | step=450560 | SPS=1265
update 230/390 | step=471040 | SPS=1268
update 240/390 | step=491520 | SPS=1269
[500016] Regime switch detected! 0 -> 1. Snapshotting anchor model.
update 250/390 | step=512000 | SPS=1271
update 260/390 | step=532480 | SPS=1274
update 270/390 | step=552960 | SPS=1270
update 280/390 | step=573440 | SPS=1267
update 290/390 | step=593920 | SPS=1267
[600016] Regime switch detected! 1 -> 0. Snapshotting anchor model.
update 300/390 | step=614400 | SPS=1268
update 310/390 | step=634880 | SPS=1270
update 320/390 | step=655360 | SPS=1271
update 330/390 | step=675840 | SPS=1271
update 340/390 | step=696320 | SPS=1271
[700016] Regime switch detected! 0 -> 1. Snapshotting anchor model.
update 350/390 | step=716800 | SPS=1270
update 360/390 | step=737280 | SPS=1269
update 370/390 | step=757760 | SPS=1268
update 380/390 | step=778240 | SPS=1267
update 390/390 | step=798720 | SPS=1266
Episode 25/30 | reward=5.2009 | avg10=3.2355 | avg_success_rate=0.6500 | steps=38 | time=633.6s
  [brain ckpt] runs/calib8x8_brain_neuromod_trainable_declr_slowbrain_seed2_20260701-183955/episode_25/brain_ep25.pt
update 10/390 | step=20480 | SPS=1369
update 20/390 | step=40960 | SPS=1356
update 30/390 | step=61440 | SPS=1340
update 40/390 | step=81920 | SPS=1330
[100016] Regime switch detected! 0 -> 1. Snapshotting anchor model.
update 50/390 | step=102400 | SPS=1319
update 60/390 | step=122880 | SPS=1302
update 70/390 | step=143360 | SPS=1305
update 80/390 | step=163840 | SPS=1295
update 90/390 | step=184320 | SPS=1294
[200016] Regime switch detected! 1 -> 0. Snapshotting anchor model.
update 100/390 | step=204800 | SPS=1297
update 110/390 | step=225280 | SPS=1298
update 120/390 | step=245760 | SPS=1300
update 130/390 | step=266240 | SPS=1298
update 140/390 | step=286720 | SPS=1300
[300016] Regime switch detected! 0 -> 1. Snapshotting anchor model.
update 150/390 | step=307200 | SPS=1299
update 160/390 | step=327680 | SPS=1295
update 170/390 | step=348160 | SPS=1294
update 180/390 | step=368640 | SPS=1292
update 190/390 | step=389120 | SPS=1288
[400016] Regime switch detected! 1 -> 0. Snapshotting anchor model.
update 200/390 | step=409600 | SPS=1284
update 210/390 | step=430080 | SPS=1281
update 220/390 | step=450560 | SPS=1281
update 230/390 | step=471040 | SPS=1283
update 240/390 | step=491520 | SPS=1282
[500016] Regime switch detected! 0 -> 1. Snapshotting anchor model.
update 250/390 | step=512000 | SPS=1282
update 260/390 | step=532480 | SPS=1277
update 270/390 | step=552960 | SPS=1277
update 280/390 | step=573440 | SPS=1278
update 290/390 | step=593920 | SPS=1278
[600016] Regime switch detected! 1 -> 0. Snapshotting anchor model.
update 300/390 | step=614400 | SPS=1279
update 310/390 | step=634880 | SPS=1280
update 320/390 | step=655360 | SPS=1280
update 330/390 | step=675840 | SPS=1280
update 340/390 | step=696320 | SPS=1280
[700016] Regime switch detected! 0 -> 1. Snapshotting anchor model.
update 350/390 | step=716800 | SPS=1279
update 360/390 | step=737280 | SPS=1278
update 370/390 | step=757760 | SPS=1279
update 380/390 | step=778240 | SPS=1281
update 390/390 | step=798720 | SPS=1284
Episode 26/30 | reward=4.5501 | avg10=3.5514 | avg_success_rate=0.9200 | steps=38 | time=624.7s
update 10/390 | step=20480 | SPS=1385
update 20/390 | step=40960 | SPS=1344
update 30/390 | step=61440 | SPS=1365
update 40/390 | step=81920 | SPS=1370
[100016] Regime switch detected! 0 -> 1. Snapshotting anchor model.
update 50/390 | step=102400 | SPS=1361
update 60/390 | step=122880 | SPS=1348
update 70/390 | step=143360 | SPS=1339
update 80/390 | step=163840 | SPS=1336
update 90/390 | step=184320 | SPS=1321
[200016] Regime switch detected! 1 -> 0. Snapshotting anchor model.
update 100/390 | step=204800 | SPS=1320
update 110/390 | step=225280 | SPS=1316
update 120/390 | step=245760 | SPS=1314
update 130/390 | step=266240 | SPS=1313
update 140/390 | step=286720 | SPS=1305
[300016] Regime switch detected! 0 -> 1. Snapshotting anchor model.
update 150/390 | step=307200 | SPS=1304
update 160/390 | step=327680 | SPS=1301
update 170/390 | step=348160 | SPS=1292
update 180/390 | step=368640 | SPS=1288
update 190/390 | step=389120 | SPS=1285
[400016] Regime switch detected! 1 -> 0. Snapshotting anchor model.
update 200/390 | step=409600 | SPS=1284
update 210/390 | step=430080 | SPS=1287
update 220/390 | step=450560 | SPS=1288
update 230/390 | step=471040 | SPS=1289
update 240/390 | step=491520 | SPS=1290
[500016] Regime switch detected! 0 -> 1. Snapshotting anchor model.
update 250/390 | step=512000 | SPS=1286
update 260/390 | step=532480 | SPS=1284
update 270/390 | step=552960 | SPS=1286
update 280/390 | step=573440 | SPS=1286
update 290/390 | step=593920 | SPS=1287
[600016] Regime switch detected! 1 -> 0. Snapshotting anchor model.
update 300/390 | step=614400 | SPS=1287
update 310/390 | step=634880 | SPS=1288
update 320/390 | step=655360 | SPS=1286
update 330/390 | step=675840 | SPS=1286
update 340/390 | step=696320 | SPS=1287
[700016] Regime switch detected! 0 -> 1. Snapshotting anchor model.
update 350/390 | step=716800 | SPS=1288
update 360/390 | step=737280 | SPS=1287
update 370/390 | step=757760 | SPS=1285
update 380/390 | step=778240 | SPS=1286
update 390/390 | step=798720 | SPS=1287
Episode 27/30 | reward=6.0650 | avg10=3.6799 | avg_success_rate=0.9000 | steps=38 | time=623.6s
update 10/390 | step=20480 | SPS=1344
update 20/390 | step=40960 | SPS=1284
update 30/390 | step=61440 | SPS=1295
update 40/390 | step=81920 | SPS=1316
[100016] Regime switch detected! 0 -> 1. Snapshotting anchor model.
update 50/390 | step=102400 | SPS=1304
update 60/390 | step=122880 | SPS=1283
update 70/390 | step=143360 | SPS=1284
update 80/390 | step=163840 | SPS=1283
update 90/390 | step=184320 | SPS=1284
[200016] Regime switch detected! 1 -> 0. Snapshotting anchor model.
update 100/390 | step=204800 | SPS=1284
update 110/390 | step=225280 | SPS=1282
update 120/390 | step=245760 | SPS=1286
update 130/390 | step=266240 | SPS=1280
update 140/390 | step=286720 | SPS=1281
[300016] Regime switch detected! 0 -> 1. Snapshotting anchor model.
update 150/390 | step=307200 | SPS=1283
update 160/390 | step=327680 | SPS=1284
update 170/390 | step=348160 | SPS=1282
update 180/390 | step=368640 | SPS=1285
update 190/390 | step=389120 | SPS=1287
[400016] Regime switch detected! 1 -> 0. Snapshotting anchor model.
update 200/390 | step=409600 | SPS=1286
update 210/390 | step=430080 | SPS=1288
update 220/390 | step=450560 | SPS=1285
update 230/390 | step=471040 | SPS=1283
update 240/390 | step=491520 | SPS=1280
[500016] Regime switch detected! 0 -> 1. Snapshotting anchor model.
update 250/390 | step=512000 | SPS=1279
update 260/390 | step=532480 | SPS=1277
update 270/390 | step=552960 | SPS=1279
update 280/390 | step=573440 | SPS=1279
update 290/390 | step=593920 | SPS=1280
[600016] Regime switch detected! 1 -> 0. Snapshotting anchor model.
update 300/390 | step=614400 | SPS=1280
update 310/390 | step=634880 | SPS=1282
update 320/390 | step=655360 | SPS=1283
update 330/390 | step=675840 | SPS=1283
update 340/390 | step=696320 | SPS=1280
[700016] Regime switch detected! 0 -> 1. Snapshotting anchor model.
update 350/390 | step=716800 | SPS=1281
update 360/390 | step=737280 | SPS=1281
update 370/390 | step=757760 | SPS=1283
update 380/390 | step=778240 | SPS=1283
update 390/390 | step=798720 | SPS=1281
Episode 28/30 | reward=4.5129 | avg10=3.8786 | avg_success_rate=0.8700 | steps=38 | time=626.6s
update 10/390 | step=20480 | SPS=1317
update 20/390 | step=40960 | SPS=1283
update 30/390 | step=61440 | SPS=1271
update 40/390 | step=81920 | SPS=1259
[100016] Regime switch detected! 0 -> 1. Snapshotting anchor model.
update 50/390 | step=102400 | SPS=1259
update 60/390 | step=122880 | SPS=1264
update 70/390 | step=143360 | SPS=1271
update 80/390 | step=163840 | SPS=1263
update 90/390 | step=184320 | SPS=1257
[200016] Regime switch detected! 1 -> 0. Snapshotting anchor model.
update 100/390 | step=204800 | SPS=1253
update 110/390 | step=225280 | SPS=1250
update 120/390 | step=245760 | SPS=1245
update 130/390 | step=266240 | SPS=1242
update 140/390 | step=286720 | SPS=1239
[300016] Regime switch detected! 0 -> 1. Snapshotting anchor model.
update 150/390 | step=307200 | SPS=1245
update 160/390 | step=327680 | SPS=1241
update 170/390 | step=348160 | SPS=1245
update 180/390 | step=368640 | SPS=1250
update 190/390 | step=389120 | SPS=1253
[400016] Regime switch detected! 1 -> 0. Snapshotting anchor model.
update 200/390 | step=409600 | SPS=1256
update 210/390 | step=430080 | SPS=1259
update 220/390 | step=450560 | SPS=1257
update 230/390 | step=471040 | SPS=1259
update 240/390 | step=491520 | SPS=1262
[500016] Regime switch detected! 0 -> 1. Snapshotting anchor model.
update 250/390 | step=512000 | SPS=1264
update 260/390 | step=532480 | SPS=1264
update 270/390 | step=552960 | SPS=1265
update 280/390 | step=573440 | SPS=1264
update 290/390 | step=593920 | SPS=1261
[600016] Regime switch detected! 1 -> 0. Snapshotting anchor model.
update 300/390 | step=614400 | SPS=1261
update 310/390 | step=634880 | SPS=1258
update 320/390 | step=655360 | SPS=1256
update 330/390 | step=675840 | SPS=1257
update 340/390 | step=696320 | SPS=1258
[700016] Regime switch detected! 0 -> 1. Snapshotting anchor model.
update 350/390 | step=716800 | SPS=1260
update 360/390 | step=737280 | SPS=1261
update 370/390 | step=757760 | SPS=1263
update 380/390 | step=778240 | SPS=1263
update 390/390 | step=798720 | SPS=1264
Episode 29/30 | reward=3.3168 | avg10=3.8702 | avg_success_rate=0.7000 | steps=38 | time=634.6s
update 10/390 | step=20480 | SPS=1315
update 20/390 | step=40960 | SPS=1317
update 30/390 | step=61440 | SPS=1321
update 40/390 | step=81920 | SPS=1324
[100016] Regime switch detected! 0 -> 1. Snapshotting anchor model.
update 50/390 | step=102400 | SPS=1298
update 60/390 | step=122880 | SPS=1283
update 70/390 | step=143360 | SPS=1273
update 80/390 | step=163840 | SPS=1270
update 90/390 | step=184320 | SPS=1275
[200016] Regime switch detected! 1 -> 0. Snapshotting anchor model.
update 100/390 | step=204800 | SPS=1277
update 110/390 | step=225280 | SPS=1281
update 120/390 | step=245760 | SPS=1271
update 130/390 | step=266240 | SPS=1267
update 140/390 | step=286720 | SPS=1269
[300016] Regime switch detected! 0 -> 1. Snapshotting anchor model.
update 150/390 | step=307200 | SPS=1270
update 160/390 | step=327680 | SPS=1265
update 170/390 | step=348160 | SPS=1264
update 180/390 | step=368640 | SPS=1269
update 190/390 | step=389120 | SPS=1270
[400016] Regime switch detected! 1 -> 0. Snapshotting anchor model.
update 200/390 | step=409600 | SPS=1268
update 210/390 | step=430080 | SPS=1264
update 220/390 | step=450560 | SPS=1260
update 230/390 | step=471040 | SPS=1259
update 240/390 | step=491520 | SPS=1260
[500016] Regime switch detected! 0 -> 1. Snapshotting anchor model.
update 250/390 | step=512000 | SPS=1262
update 260/390 | step=532480 | SPS=1261
update 270/390 | step=552960 | SPS=1264
update 280/390 | step=573440 | SPS=1265
update 290/390 | step=593920 | SPS=1265
[600016] Regime switch detected! 1 -> 0. Snapshotting anchor model.
update 300/390 | step=614400 | SPS=1268
update 310/390 | step=634880 | SPS=1270
update 320/390 | step=655360 | SPS=1271
update 330/390 | step=675840 | SPS=1273
update 340/390 | step=696320 | SPS=1274
[700016] Regime switch detected! 0 -> 1. Snapshotting anchor model.
update 350/390 | step=716800 | SPS=1275
update 360/390 | step=737280 | SPS=1277
update 370/390 | step=757760 | SPS=1278
update 380/390 | step=778240 | SPS=1278
update 390/390 | step=798720 | SPS=1276
Episode 30/30 | reward=4.0817 | avg10=3.7881 | avg_success_rate=0.7300 | steps=38 | time=628.7s
  [brain ckpt] runs/calib8x8_brain_neuromod_trainable_declr_slowbrain_seed2_20260701-183955/episode_30/brain_ep30.pt
Saved Brain model to: runs/calib8x8_brain_neuromod_trainable_declr_slowbrain_seed2_20260701-183955/brain_model.pt

Brain training complete. Total RL episodes: 30
