Saved configuration to: runs/calib8x8_brain_neuromod_trainable_slowbrain_seed1_20260701-180038/config.txt
Training Brain on cuda for 30 RL episodes
  Inner: 800000 timesteps, regime switch every 100000 steps
  Parallel Envs: 1
  Brain vectorization: sync
  Decision interval: 10 inner updates

--- Starting Meta-RL PPO Training (Target: 30) ---
update 10/390 | step=20480 | SPS=1309
update 20/390 | step=40960 | SPS=1329
update 30/390 | step=61440 | SPS=1320
update 40/390 | step=81920 | SPS=1322
[100016] Regime switch detected! 0 -> 1. Snapshotting anchor model.
update 50/390 | step=102400 | SPS=1326
update 60/390 | step=122880 | SPS=1328
update 70/390 | step=143360 | SPS=1326
update 80/390 | step=163840 | SPS=1326
update 90/390 | step=184320 | SPS=1327
[200016] Regime switch detected! 1 -> 0. Snapshotting anchor model.
update 100/390 | step=204800 | SPS=1326
update 110/390 | step=225280 | SPS=1330
update 120/390 | step=245760 | SPS=1341
update 130/390 | step=266240 | SPS=1340
update 140/390 | step=286720 | SPS=1348
[300016] Regime switch detected! 0 -> 1. Snapshotting anchor model.
update 150/390 | step=307200 | SPS=1351
update 160/390 | step=327680 | SPS=1352
update 170/390 | step=348160 | SPS=1361
update 180/390 | step=368640 | SPS=1369
update 190/390 | step=389120 | SPS=1376
[400016] Regime switch detected! 1 -> 0. Snapshotting anchor model.
update 200/390 | step=409600 | SPS=1381
update 210/390 | step=430080 | SPS=1386
update 220/390 | step=450560 | SPS=1390
update 230/390 | step=471040 | SPS=1390
update 240/390 | step=491520 | SPS=1387
[500016] Regime switch detected! 0 -> 1. Snapshotting anchor model.
update 250/390 | step=512000 | SPS=1384
update 260/390 | step=532480 | SPS=1381
update 270/390 | step=552960 | SPS=1382
update 280/390 | step=573440 | SPS=1383
update 290/390 | step=593920 | SPS=1385
[600016] Regime switch detected! 1 -> 0. Snapshotting anchor model.
update 300/390 | step=614400 | SPS=1385
update 310/390 | step=634880 | SPS=1385
update 320/390 | step=655360 | SPS=1387
update 330/390 | step=675840 | SPS=1389
update 340/390 | step=696320 | SPS=1388
[700016] Regime switch detected! 0 -> 1. Snapshotting anchor model.
update 350/390 | step=716800 | SPS=1387
update 360/390 | step=737280 | SPS=1386
update 370/390 | step=757760 | SPS=1385
update 380/390 | step=778240 | SPS=1388
update 390/390 | step=798720 | SPS=1390
Episode 1/30 | reward=4.0459 | avg10=4.0459 | avg_success_rate=0.9800 | steps=38 | time=579.2s
update 10/390 | step=20480 | SPS=1406
update 20/390 | step=40960 | SPS=1372
update 30/390 | step=61440 | SPS=1349
update 40/390 | step=81920 | SPS=1336
[100016] Regime switch detected! 0 -> 1. Snapshotting anchor model.
update 50/390 | step=102400 | SPS=1361
update 60/390 | step=122880 | SPS=1368
update 70/390 | step=143360 | SPS=1357
update 80/390 | step=163840 | SPS=1350
update 90/390 | step=184320 | SPS=1346
[200016] Regime switch detected! 1 -> 0. Snapshotting anchor model.
update 100/390 | step=204800 | SPS=1340
update 110/390 | step=225280 | SPS=1336
update 120/390 | step=245760 | SPS=1334
update 130/390 | step=266240 | SPS=1332
update 140/390 | step=286720 | SPS=1334
[300016] Regime switch detected! 0 -> 1. Snapshotting anchor model.
update 150/390 | step=307200 | SPS=1342
update 160/390 | step=327680 | SPS=1340
update 170/390 | step=348160 | SPS=1338
update 180/390 | step=368640 | SPS=1336
update 190/390 | step=389120 | SPS=1334
[400016] Regime switch detected! 1 -> 0. Snapshotting anchor model.
update 200/390 | step=409600 | SPS=1331
update 210/390 | step=430080 | SPS=1330
update 220/390 | step=450560 | SPS=1331
update 230/390 | step=471040 | SPS=1330
update 240/390 | step=491520 | SPS=1328
[500016] Regime switch detected! 0 -> 1. Snapshotting anchor model.
update 250/390 | step=512000 | SPS=1330
update 260/390 | step=532480 | SPS=1330
update 270/390 | step=552960 | SPS=1329
update 280/390 | step=573440 | SPS=1328
update 290/390 | step=593920 | SPS=1326
[600016] Regime switch detected! 1 -> 0. Snapshotting anchor model.
update 300/390 | step=614400 | SPS=1324
update 310/390 | step=634880 | SPS=1323
update 320/390 | step=655360 | SPS=1323
update 330/390 | step=675840 | SPS=1322
update 340/390 | step=696320 | SPS=1322
[700016] Regime switch detected! 0 -> 1. Snapshotting anchor model.
update 350/390 | step=716800 | SPS=1326
update 360/390 | step=737280 | SPS=1328
update 370/390 | step=757760 | SPS=1327
update 380/390 | step=778240 | SPS=1326
update 390/390 | step=798720 | SPS=1329
Episode 2/30 | reward=4.6373 | avg10=4.3416 | avg_success_rate=1.0000 | steps=38 | time=603.9s
update 10/390 | step=20480 | SPS=1363
update 20/390 | step=40960 | SPS=1331
update 30/390 | step=61440 | SPS=1348
update 40/390 | step=81920 | SPS=1384
[100016] Regime switch detected! 0 -> 1. Snapshotting anchor model.
update 50/390 | step=102400 | SPS=1374
update 60/390 | step=122880 | SPS=1384
update 70/390 | step=143360 | SPS=1395
update 80/390 | step=163840 | SPS=1407
update 90/390 | step=184320 | SPS=1410
[200016] Regime switch detected! 1 -> 0. Snapshotting anchor model.
update 100/390 | step=204800 | SPS=1417
update 110/390 | step=225280 | SPS=1420
update 120/390 | step=245760 | SPS=1417
update 130/390 | step=266240 | SPS=1408
update 140/390 | step=286720 | SPS=1400
[300016] Regime switch detected! 0 -> 1. Snapshotting anchor model.
update 150/390 | step=307200 | SPS=1401
update 160/390 | step=327680 | SPS=1407
update 170/390 | step=348160 | SPS=1412
update 180/390 | step=368640 | SPS=1417
update 190/390 | step=389120 | SPS=1420
[400016] Regime switch detected! 1 -> 0. Snapshotting anchor model.
update 200/390 | step=409600 | SPS=1419
update 210/390 | step=430080 | SPS=1422
update 220/390 | step=450560 | SPS=1415
update 230/390 | step=471040 | SPS=1410
update 240/390 | step=491520 | SPS=1406
[500016] Regime switch detected! 0 -> 1. Snapshotting anchor model.
update 250/390 | step=512000 | SPS=1409
update 260/390 | step=532480 | SPS=1410
update 270/390 | step=552960 | SPS=1407
update 280/390 | step=573440 | SPS=1404
update 290/390 | step=593920 | SPS=1398
[600016] Regime switch detected! 1 -> 0. Snapshotting anchor model.
update 300/390 | step=614400 | SPS=1394
update 310/390 | step=634880 | SPS=1391
update 320/390 | step=655360 | SPS=1388
update 330/390 | step=675840 | SPS=1385
update 340/390 | step=696320 | SPS=1383
[700016] Regime switch detected! 0 -> 1. Snapshotting anchor model.
update 350/390 | step=716800 | SPS=1381
update 360/390 | step=737280 | SPS=1378
update 370/390 | step=757760 | SPS=1376
update 380/390 | step=778240 | SPS=1375
update 390/390 | step=798720 | SPS=1375
Episode 3/30 | reward=4.8073 | avg10=4.4968 | avg_success_rate=0.9900 | steps=38 | time=584.2s
update 10/390 | step=20480 | SPS=1388
update 20/390 | step=40960 | SPS=1344
update 30/390 | step=61440 | SPS=1324
update 40/390 | step=81920 | SPS=1318
[100016] Regime switch detected! 0 -> 1. Snapshotting anchor model.
update 50/390 | step=102400 | SPS=1318
update 60/390 | step=122880 | SPS=1319
update 70/390 | step=143360 | SPS=1318
update 80/390 | step=163840 | SPS=1320
update 90/390 | step=184320 | SPS=1321
[200016] Regime switch detected! 1 -> 0. Snapshotting anchor model.
update 100/390 | step=204800 | SPS=1318
update 110/390 | step=225280 | SPS=1324
update 120/390 | step=245760 | SPS=1321
update 130/390 | step=266240 | SPS=1318
update 140/390 | step=286720 | SPS=1318
[300016] Regime switch detected! 0 -> 1. Snapshotting anchor model.
update 150/390 | step=307200 | SPS=1316
update 160/390 | step=327680 | SPS=1315
update 170/390 | step=348160 | SPS=1314
update 180/390 | step=368640 | SPS=1313
update 190/390 | step=389120 | SPS=1312
[400016] Regime switch detected! 1 -> 0. Snapshotting anchor model.
update 200/390 | step=409600 | SPS=1310
update 210/390 | step=430080 | SPS=1308
update 220/390 | step=450560 | SPS=1307
update 230/390 | step=471040 | SPS=1314
update 240/390 | step=491520 | SPS=1320
[500016] Regime switch detected! 0 -> 1. Snapshotting anchor model.
update 250/390 | step=512000 | SPS=1324
update 260/390 | step=532480 | SPS=1327
update 270/390 | step=552960 | SPS=1326
update 280/390 | step=573440 | SPS=1325
update 290/390 | step=593920 | SPS=1323
[600016] Regime switch detected! 1 -> 0. Snapshotting anchor model.
update 300/390 | step=614400 | SPS=1322
update 310/390 | step=634880 | SPS=1321
update 320/390 | step=655360 | SPS=1319
update 330/390 | step=675840 | SPS=1322
update 340/390 | step=696320 | SPS=1323
[700016] Regime switch detected! 0 -> 1. Snapshotting anchor model.
update 350/390 | step=716800 | SPS=1327
update 360/390 | step=737280 | SPS=1328
update 370/390 | step=757760 | SPS=1328
update 380/390 | step=778240 | SPS=1330
update 390/390 | step=798720 | SPS=1329
Episode 4/30 | reward=4.0909 | avg10=4.3954 | avg_success_rate=0.9700 | steps=38 | time=603.8s
update 10/390 | step=20480 | SPS=1313
update 20/390 | step=40960 | SPS=1252
update 30/390 | step=61440 | SPS=1231
update 40/390 | step=81920 | SPS=1225
[100016] Regime switch detected! 0 -> 1. Snapshotting anchor model.
update 50/390 | step=102400 | SPS=1221
update 60/390 | step=122880 | SPS=1225
update 70/390 | step=143360 | SPS=1239
update 80/390 | step=163840 | SPS=1252
update 90/390 | step=184320 | SPS=1262
[200016] Regime switch detected! 1 -> 0. Snapshotting anchor model.
update 100/390 | step=204800 | SPS=1267
update 110/390 | step=225280 | SPS=1264
update 120/390 | step=245760 | SPS=1261
update 130/390 | step=266240 | SPS=1266
update 140/390 | step=286720 | SPS=1269
[300016] Regime switch detected! 0 -> 1. Snapshotting anchor model.
update 150/390 | step=307200 | SPS=1270
update 160/390 | step=327680 | SPS=1271
update 170/390 | step=348160 | SPS=1271
update 180/390 | step=368640 | SPS=1273
update 190/390 | step=389120 | SPS=1274
[400016] Regime switch detected! 1 -> 0. Snapshotting anchor model.
update 200/390 | step=409600 | SPS=1269
update 210/390 | step=430080 | SPS=1271
update 220/390 | step=450560 | SPS=1272
update 230/390 | step=471040 | SPS=1271
update 240/390 | step=491520 | SPS=1272
[500016] Regime switch detected! 0 -> 1. Snapshotting anchor model.
update 250/390 | step=512000 | SPS=1273
update 260/390 | step=532480 | SPS=1275
update 270/390 | step=552960 | SPS=1277
update 280/390 | step=573440 | SPS=1278
update 290/390 | step=593920 | SPS=1279
[600016] Regime switch detected! 1 -> 0. Snapshotting anchor model.
update 300/390 | step=614400 | SPS=1281
update 310/390 | step=634880 | SPS=1280
update 320/390 | step=655360 | SPS=1279
update 330/390 | step=675840 | SPS=1281
update 340/390 | step=696320 | SPS=1283
[700016] Regime switch detected! 0 -> 1. Snapshotting anchor model.
update 350/390 | step=716800 | SPS=1281
update 360/390 | step=737280 | SPS=1279
update 370/390 | step=757760 | SPS=1278
update 380/390 | step=778240 | SPS=1277
update 390/390 | step=798720 | SPS=1277
Episode 5/30 | reward=5.5499 | avg10=4.6263 | avg_success_rate=0.8800 | steps=38 | time=628.6s
  [brain ckpt] runs/calib8x8_brain_neuromod_trainable_slowbrain_seed1_20260701-180038/episode_5/brain_ep5.pt
update 10/390 | step=20480 | SPS=1282
update 20/390 | step=40960 | SPS=1240
update 30/390 | step=61440 | SPS=1248
update 40/390 | step=81920 | SPS=1263
[100016] Regime switch detected! 0 -> 1. Snapshotting anchor model.
update 50/390 | step=102400 | SPS=1266
update 60/390 | step=122880 | SPS=1257
update 70/390 | step=143360 | SPS=1249
update 80/390 | step=163840 | SPS=1245
update 90/390 | step=184320 | SPS=1249
[200016] Regime switch detected! 1 -> 0. Snapshotting anchor model.
update 100/390 | step=204800 | SPS=1251
update 110/390 | step=225280 | SPS=1258
update 120/390 | step=245760 | SPS=1261
update 130/390 | step=266240 | SPS=1265
update 140/390 | step=286720 | SPS=1269
[300016] Regime switch detected! 0 -> 1. Snapshotting anchor model.
update 150/390 | step=307200 | SPS=1267
update 160/390 | step=327680 | SPS=1271
update 170/390 | step=348160 | SPS=1274
update 180/390 | step=368640 | SPS=1273
update 190/390 | step=389120 | SPS=1275
[400016] Regime switch detected! 1 -> 0. Snapshotting anchor model.
update 200/390 | step=409600 | SPS=1275
update 210/390 | step=430080 | SPS=1272
update 220/390 | step=450560 | SPS=1267
update 230/390 | step=471040 | SPS=1265
update 240/390 | step=491520 | SPS=1263
[500016] Regime switch detected! 0 -> 1. Snapshotting anchor model.
update 250/390 | step=512000 | SPS=1259
update 260/390 | step=532480 | SPS=1256
update 270/390 | step=552960 | SPS=1254
update 280/390 | step=573440 | SPS=1252
update 290/390 | step=593920 | SPS=1251
[600016] Regime switch detected! 1 -> 0. Snapshotting anchor model.
update 300/390 | step=614400 | SPS=1253
update 310/390 | step=634880 | SPS=1253
update 320/390 | step=655360 | SPS=1252
update 330/390 | step=675840 | SPS=1252
update 340/390 | step=696320 | SPS=1254
[700016] Regime switch detected! 0 -> 1. Snapshotting anchor model.
update 350/390 | step=716800 | SPS=1255
update 360/390 | step=737280 | SPS=1254
update 370/390 | step=757760 | SPS=1256
update 380/390 | step=778240 | SPS=1258
update 390/390 | step=798720 | SPS=1259
Episode 6/30 | reward=4.8885 | avg10=4.6700 | avg_success_rate=0.9500 | steps=38 | time=637.8s
update 10/390 | step=20480 | SPS=1250
update 20/390 | step=40960 | SPS=1221
update 30/390 | step=61440 | SPS=1240
update 40/390 | step=81920 | SPS=1244
[100016] Regime switch detected! 0 -> 1. Snapshotting anchor model.
update 50/390 | step=102400 | SPS=1257
update 60/390 | step=122880 | SPS=1263
update 70/390 | step=143360 | SPS=1266
update 80/390 | step=163840 | SPS=1269
update 90/390 | step=184320 | SPS=1273
[200016] Regime switch detected! 1 -> 0. Snapshotting anchor model.
update 100/390 | step=204800 | SPS=1274
update 110/390 | step=225280 | SPS=1276
update 120/390 | step=245760 | SPS=1275
update 130/390 | step=266240 | SPS=1279
update 140/390 | step=286720 | SPS=1284
[300016] Regime switch detected! 0 -> 1. Snapshotting anchor model.
update 150/390 | step=307200 | SPS=1281
update 160/390 | step=327680 | SPS=1280
update 170/390 | step=348160 | SPS=1282
update 180/390 | step=368640 | SPS=1284
update 190/390 | step=389120 | SPS=1287
[400016] Regime switch detected! 1 -> 0. Snapshotting anchor model.
update 200/390 | step=409600 | SPS=1284
update 210/390 | step=430080 | SPS=1286
update 220/390 | step=450560 | SPS=1283
update 230/390 | step=471040 | SPS=1279
update 240/390 | step=491520 | SPS=1275
[500016] Regime switch detected! 0 -> 1. Snapshotting anchor model.
update 250/390 | step=512000 | SPS=1272
update 260/390 | step=532480 | SPS=1269
update 270/390 | step=552960 | SPS=1271
update 280/390 | step=573440 | SPS=1274
update 290/390 | step=593920 | SPS=1274
[600016] Regime switch detected! 1 -> 0. Snapshotting anchor model.
update 300/390 | step=614400 | SPS=1274
update 310/390 | step=634880 | SPS=1276
update 320/390 | step=655360 | SPS=1275
update 330/390 | step=675840 | SPS=1272
update 340/390 | step=696320 | SPS=1273
[700016] Regime switch detected! 0 -> 1. Snapshotting anchor model.
update 350/390 | step=716800 | SPS=1272
update 360/390 | step=737280 | SPS=1274
update 370/390 | step=757760 | SPS=1272
update 380/390 | step=778240 | SPS=1271
update 390/390 | step=798720 | SPS=1269
Episode 7/30 | reward=4.0291 | avg10=4.5784 | avg_success_rate=0.9600 | steps=38 | time=632.6s
update 10/390 | step=20480 | SPS=1321
update 20/390 | step=40960 | SPS=1271
update 30/390 | step=61440 | SPS=1237
update 40/390 | step=81920 | SPS=1231
[100016] Regime switch detected! 0 -> 1. Snapshotting anchor model.
update 50/390 | step=102400 | SPS=1237
update 60/390 | step=122880 | SPS=1243
update 70/390 | step=143360 | SPS=1237
update 80/390 | step=163840 | SPS=1235
update 90/390 | step=184320 | SPS=1236
[200016] Regime switch detected! 1 -> 0. Snapshotting anchor model.
update 100/390 | step=204800 | SPS=1240
update 110/390 | step=225280 | SPS=1239
update 120/390 | step=245760 | SPS=1245
update 130/390 | step=266240 | SPS=1252
update 140/390 | step=286720 | SPS=1258
[300016] Regime switch detected! 0 -> 1. Snapshotting anchor model.
update 150/390 | step=307200 | SPS=1255
update 160/390 | step=327680 | SPS=1258
update 170/390 | step=348160 | SPS=1258
update 180/390 | step=368640 | SPS=1257
update 190/390 | step=389120 | SPS=1258
[400016] Regime switch detected! 1 -> 0. Snapshotting anchor model.
update 200/390 | step=409600 | SPS=1255
update 210/390 | step=430080 | SPS=1257
update 220/390 | step=450560 | SPS=1259
update 230/390 | step=471040 | SPS=1262
update 240/390 | step=491520 | SPS=1261
[500016] Regime switch detected! 0 -> 1. Snapshotting anchor model.
update 250/390 | step=512000 | SPS=1260
update 260/390 | step=532480 | SPS=1261
update 270/390 | step=552960 | SPS=1262
update 280/390 | step=573440 | SPS=1260
update 290/390 | step=593920 | SPS=1259
[600016] Regime switch detected! 1 -> 0. Snapshotting anchor model.
update 300/390 | step=614400 | SPS=1260
update 310/390 | step=634880 | SPS=1262
update 320/390 | step=655360 | SPS=1262
update 330/390 | step=675840 | SPS=1262
update 340/390 | step=696320 | SPS=1261
[700016] Regime switch detected! 0 -> 1. Snapshotting anchor model.
update 350/390 | step=716800 | SPS=1260
update 360/390 | step=737280 | SPS=1260
update 370/390 | step=757760 | SPS=1258
update 380/390 | step=778240 | SPS=1258
update 390/390 | step=798720 | SPS=1256
Episode 8/30 | reward=4.3592 | avg10=4.5510 | avg_success_rate=0.9900 | steps=38 | time=638.8s
update 10/390 | step=20480 | SPS=1306
update 20/390 | step=40960 | SPS=1240
update 30/390 | step=61440 | SPS=1223
update 40/390 | step=81920 | SPS=1221
[100016] Regime switch detected! 0 -> 1. Snapshotting anchor model.
update 50/390 | step=102400 | SPS=1241
update 60/390 | step=122880 | SPS=1258
update 70/390 | step=143360 | SPS=1269
update 80/390 | step=163840 | SPS=1277
update 90/390 | step=184320 | SPS=1284
[200016] Regime switch detected! 1 -> 0. Snapshotting anchor model.
update 100/390 | step=204800 | SPS=1280
update 110/390 | step=225280 | SPS=1278
update 120/390 | step=245760 | SPS=1275
update 130/390 | step=266240 | SPS=1277
update 140/390 | step=286720 | SPS=1275
[300016] Regime switch detected! 0 -> 1. Snapshotting anchor model.
update 150/390 | step=307200 | SPS=1274
update 160/390 | step=327680 | SPS=1277
update 170/390 | step=348160 | SPS=1279
update 180/390 | step=368640 | SPS=1283
update 190/390 | step=389120 | SPS=1285
[400016] Regime switch detected! 1 -> 0. Snapshotting anchor model.
update 200/390 | step=409600 | SPS=1280
update 210/390 | step=430080 | SPS=1280
update 220/390 | step=450560 | SPS=1280
update 230/390 | step=471040 | SPS=1281
update 240/390 | step=491520 | SPS=1282
[500016] Regime switch detected! 0 -> 1. Snapshotting anchor model.
update 250/390 | step=512000 | SPS=1283
update 260/390 | step=532480 | SPS=1279
update 270/390 | step=552960 | SPS=1278
update 280/390 | step=573440 | SPS=1280
update 290/390 | step=593920 | SPS=1280
[600016] Regime switch detected! 1 -> 0. Snapshotting anchor model.
update 300/390 | step=614400 | SPS=1279
update 310/390 | step=634880 | SPS=1279
update 320/390 | step=655360 | SPS=1279
update 330/390 | step=675840 | SPS=1279
update 340/390 | step=696320 | SPS=1278
[700016] Regime switch detected! 0 -> 1. Snapshotting anchor model.
update 350/390 | step=716800 | SPS=1278
update 360/390 | step=737280 | SPS=1280
update 370/390 | step=757760 | SPS=1278
update 380/390 | step=778240 | SPS=1277
update 390/390 | step=798720 | SPS=1277
Episode 9/30 | reward=4.7452 | avg10=4.5726 | avg_success_rate=0.9800 | steps=38 | time=628.7s
update 10/390 | step=20480 | SPS=1288
update 20/390 | step=40960 | SPS=1258
update 30/390 | step=61440 | SPS=1254
update 40/390 | step=81920 | SPS=1274
[100016] Regime switch detected! 0 -> 1. Snapshotting anchor model.
update 50/390 | step=102400 | SPS=1283
update 60/390 | step=122880 | SPS=1292
update 70/390 | step=143360 | SPS=1292
update 80/390 | step=163840 | SPS=1296
update 90/390 | step=184320 | SPS=1299
[200016] Regime switch detected! 1 -> 0. Snapshotting anchor model.
update 100/390 | step=204800 | SPS=1290
update 110/390 | step=225280 | SPS=1289
update 120/390 | step=245760 | SPS=1281
update 130/390 | step=266240 | SPS=1278
update 140/390 | step=286720 | SPS=1282
[300016] Regime switch detected! 0 -> 1. Snapshotting anchor model.
update 150/390 | step=307200 | SPS=1283
update 160/390 | step=327680 | SPS=1280
update 170/390 | step=348160 | SPS=1284
update 180/390 | step=368640 | SPS=1285
update 190/390 | step=389120 | SPS=1282
[400016] Regime switch detected! 1 -> 0. Snapshotting anchor model.
update 200/390 | step=409600 | SPS=1281
update 210/390 | step=430080 | SPS=1282
update 220/390 | step=450560 | SPS=1283
update 230/390 | step=471040 | SPS=1285
update 240/390 | step=491520 | SPS=1287
[500016] Regime switch detected! 0 -> 1. Snapshotting anchor model.
update 250/390 | step=512000 | SPS=1288
update 260/390 | step=532480 | SPS=1288
update 270/390 | step=552960 | SPS=1290
update 280/390 | step=573440 | SPS=1291
update 290/390 | step=593920 | SPS=1291
[600016] Regime switch detected! 1 -> 0. Snapshotting anchor model.
update 300/390 | step=614400 | SPS=1287
update 310/390 | step=634880 | SPS=1286
update 320/390 | step=655360 | SPS=1286
update 330/390 | step=675840 | SPS=1286
update 340/390 | step=696320 | SPS=1286
[700016] Regime switch detected! 0 -> 1. Snapshotting anchor model.
update 350/390 | step=716800 | SPS=1283
update 360/390 | step=737280 | SPS=1283
update 370/390 | step=757760 | SPS=1282
update 380/390 | step=778240 | SPS=1280
update 390/390 | step=798720 | SPS=1278
Episode 10/30 | reward=5.1429 | avg10=4.6296 | avg_success_rate=0.9700 | steps=38 | time=627.8s
  [brain ckpt] runs/calib8x8_brain_neuromod_trainable_slowbrain_seed1_20260701-180038/episode_10/brain_ep10.pt
update 10/390 | step=20480 | SPS=1287
update 20/390 | step=40960 | SPS=1281
update 30/390 | step=61440 | SPS=1267
update 40/390 | step=81920 | SPS=1259
[100016] Regime switch detected! 0 -> 1. Snapshotting anchor model.
update 50/390 | step=102400 | SPS=1267
update 60/390 | step=122880 | SPS=1263
update 70/390 | step=143360 | SPS=1268
update 80/390 | step=163840 | SPS=1276
update 90/390 | step=184320 | SPS=1272
[200016] Regime switch detected! 1 -> 0. Snapshotting anchor model.
update 100/390 | step=204800 | SPS=1262
update 110/390 | step=225280 | SPS=1257
update 120/390 | step=245760 | SPS=1257
update 130/390 | step=266240 | SPS=1256
update 140/390 | step=286720 | SPS=1258
[300016] Regime switch detected! 0 -> 1. Snapshotting anchor model.
update 150/390 | step=307200 | SPS=1255
update 160/390 | step=327680 | SPS=1255
update 170/390 | step=348160 | SPS=1256
update 180/390 | step=368640 | SPS=1255
update 190/390 | step=389120 | SPS=1259
[400016] Regime switch detected! 1 -> 0. Snapshotting anchor model.
update 200/390 | step=409600 | SPS=1262
update 210/390 | step=430080 | SPS=1264
update 220/390 | step=450560 | SPS=1265
update 230/390 | step=471040 | SPS=1262
update 240/390 | step=491520 | SPS=1259
[500016] Regime switch detected! 0 -> 1. Snapshotting anchor model.
update 250/390 | step=512000 | SPS=1262
update 260/390 | step=532480 | SPS=1264
update 270/390 | step=552960 | SPS=1262
update 280/390 | step=573440 | SPS=1260
update 290/390 | step=593920 | SPS=1256
[600016] Regime switch detected! 1 -> 0. Snapshotting anchor model.
update 300/390 | step=614400 | SPS=1255
update 310/390 | step=634880 | SPS=1258
update 320/390 | step=655360 | SPS=1259
update 330/390 | step=675840 | SPS=1259
update 340/390 | step=696320 | SPS=1261
[700016] Regime switch detected! 0 -> 1. Snapshotting anchor model.
update 350/390 | step=716800 | SPS=1262
update 360/390 | step=737280 | SPS=1264
update 370/390 | step=757760 | SPS=1264
update 380/390 | step=778240 | SPS=1265
update 390/390 | step=798720 | SPS=1264
Episode 11/30 | reward=4.5872 | avg10=4.6838 | avg_success_rate=0.9800 | steps=38 | time=634.8s
update 10/390 | step=20480 | SPS=1267
update 20/390 | step=40960 | SPS=1247
update 30/390 | step=61440 | SPS=1264
update 40/390 | step=81920 | SPS=1285
[100016] Regime switch detected! 0 -> 1. Snapshotting anchor model.
update 50/390 | step=102400 | SPS=1295
update 60/390 | step=122880 | SPS=1303
update 70/390 | step=143360 | SPS=1307
update 80/390 | step=163840 | SPS=1312
update 90/390 | step=184320 | SPS=1313
[200016] Regime switch detected! 1 -> 0. Snapshotting anchor model.
update 100/390 | step=204800 | SPS=1308
update 110/390 | step=225280 | SPS=1311
update 120/390 | step=245760 | SPS=1311
update 130/390 | step=266240 | SPS=1312
update 140/390 | step=286720 | SPS=1314
[300016] Regime switch detected! 0 -> 1. Snapshotting anchor model.
update 150/390 | step=307200 | SPS=1313
update 160/390 | step=327680 | SPS=1309
update 170/390 | step=348160 | SPS=1306
update 180/390 | step=368640 | SPS=1303
update 190/390 | step=389120 | SPS=1303
[400016] Regime switch detected! 1 -> 0. Snapshotting anchor model.
update 200/390 | step=409600 | SPS=1297
update 210/390 | step=430080 | SPS=1298
update 220/390 | step=450560 | SPS=1298
update 230/390 | step=471040 | SPS=1297
update 240/390 | step=491520 | SPS=1297
[500016] Regime switch detected! 0 -> 1. Snapshotting anchor model.
update 250/390 | step=512000 | SPS=1297
update 260/390 | step=532480 | SPS=1298
update 270/390 | step=552960 | SPS=1300
update 280/390 | step=573440 | SPS=1299
update 290/390 | step=593920 | SPS=1299
[600016] Regime switch detected! 1 -> 0. Snapshotting anchor model.
update 300/390 | step=614400 | SPS=1296
update 310/390 | step=634880 | SPS=1294
update 320/390 | step=655360 | SPS=1294
update 330/390 | step=675840 | SPS=1293
update 340/390 | step=696320 | SPS=1293
[700016] Regime switch detected! 0 -> 1. Snapshotting anchor model.
update 350/390 | step=716800 | SPS=1291
update 360/390 | step=737280 | SPS=1290
update 370/390 | step=757760 | SPS=1288
update 380/390 | step=778240 | SPS=1286
update 390/390 | step=798720 | SPS=1286
Episode 12/30 | reward=4.1577 | avg10=4.6358 | avg_success_rate=0.9300 | steps=38 | time=624.1s
update 10/390 | step=20480 | SPS=1345
update 20/390 | step=40960 | SPS=1297
update 30/390 | step=61440 | SPS=1307
update 40/390 | step=81920 | SPS=1282
[100016] Regime switch detected! 0 -> 1. Snapshotting anchor model.
update 50/390 | step=102400 | SPS=1281
update 60/390 | step=122880 | SPS=1286
update 70/390 | step=143360 | SPS=1273
update 80/390 | step=163840 | SPS=1271
update 90/390 | step=184320 | SPS=1276
[200016] Regime switch detected! 1 -> 0. Snapshotting anchor model.
update 100/390 | step=204800 | SPS=1270
update 110/390 | step=225280 | SPS=1265
update 120/390 | step=245760 | SPS=1267
update 130/390 | step=266240 | SPS=1269
update 140/390 | step=286720 | SPS=1266
[300016] Regime switch detected! 0 -> 1. Snapshotting anchor model.
update 150/390 | step=307200 | SPS=1260
update 160/390 | step=327680 | SPS=1256
update 170/390 | step=348160 | SPS=1253
update 180/390 | step=368640 | SPS=1256
update 190/390 | step=389120 | SPS=1259
[400016] Regime switch detected! 1 -> 0. Snapshotting anchor model.
update 200/390 | step=409600 | SPS=1262
update 210/390 | step=430080 | SPS=1262
update 220/390 | step=450560 | SPS=1263
update 230/390 | step=471040 | SPS=1261
update 240/390 | step=491520 | SPS=1262
[500016] Regime switch detected! 0 -> 1. Snapshotting anchor model.
update 250/390 | step=512000 | SPS=1263
update 260/390 | step=532480 | SPS=1260
update 270/390 | step=552960 | SPS=1258
update 280/390 | step=573440 | SPS=1256
update 290/390 | step=593920 | SPS=1253
[600016] Regime switch detected! 1 -> 0. Snapshotting anchor model.
update 300/390 | step=614400 | SPS=1251
update 310/390 | step=634880 | SPS=1252
update 320/390 | step=655360 | SPS=1255
update 330/390 | step=675840 | SPS=1257
update 340/390 | step=696320 | SPS=1259
[700016] Regime switch detected! 0 -> 1. Snapshotting anchor model.
update 350/390 | step=716800 | SPS=1260
update 360/390 | step=737280 | SPS=1261
update 370/390 | step=757760 | SPS=1262
update 380/390 | step=778240 | SPS=1262
update 390/390 | step=798720 | SPS=1263
Episode 13/30 | reward=2.7308 | avg10=4.4282 | avg_success_rate=0.9400 | steps=38 | time=635.4s
update 10/390 | step=20480 | SPS=1309
update 20/390 | step=40960 | SPS=1316
update 30/390 | step=61440 | SPS=1315
update 40/390 | step=81920 | SPS=1321
[100016] Regime switch detected! 0 -> 1. Snapshotting anchor model.
update 50/390 | step=102400 | SPS=1323
update 60/390 | step=122880 | SPS=1306
update 70/390 | step=143360 | SPS=1305
update 80/390 | step=163840 | SPS=1297
update 90/390 | step=184320 | SPS=1292
[200016] Regime switch detected! 1 -> 0. Snapshotting anchor model.
update 100/390 | step=204800 | SPS=1281
update 110/390 | step=225280 | SPS=1280
update 120/390 | step=245760 | SPS=1283
update 130/390 | step=266240 | SPS=1285
update 140/390 | step=286720 | SPS=1290
[300016] Regime switch detected! 0 -> 1. Snapshotting anchor model.
update 150/390 | step=307200 | SPS=1287
update 160/390 | step=327680 | SPS=1285
update 170/390 | step=348160 | SPS=1283
update 180/390 | step=368640 | SPS=1286
update 190/390 | step=389120 | SPS=1289
[400016] Regime switch detected! 1 -> 0. Snapshotting anchor model.
update 200/390 | step=409600 | SPS=1289
update 210/390 | step=430080 | SPS=1290
update 220/390 | step=450560 | SPS=1290
update 230/390 | step=471040 | SPS=1292
update 240/390 | step=491520 | SPS=1292
[500016] Regime switch detected! 0 -> 1. Snapshotting anchor model.
update 250/390 | step=512000 | SPS=1292
update 260/390 | step=532480 | SPS=1291
update 270/390 | step=552960 | SPS=1288
update 280/390 | step=573440 | SPS=1285
update 290/390 | step=593920 | SPS=1284
[600016] Regime switch detected! 1 -> 0. Snapshotting anchor model.
update 300/390 | step=614400 | SPS=1285
update 310/390 | step=634880 | SPS=1285
update 320/390 | step=655360 | SPS=1286
update 330/390 | step=675840 | SPS=1286
update 340/390 | step=696320 | SPS=1286
[700016] Regime switch detected! 0 -> 1. Snapshotting anchor model.
update 350/390 | step=716800 | SPS=1286
update 360/390 | step=737280 | SPS=1287
update 370/390 | step=757760 | SPS=1285
update 380/390 | step=778240 | SPS=1285
update 390/390 | step=798720 | SPS=1284
Episode 14/30 | reward=4.5278 | avg10=4.4719 | avg_success_rate=0.9000 | steps=38 | time=624.8s
update 10/390 | step=20480 | SPS=1332
update 20/390 | step=40960 | SPS=1284
update 30/390 | step=61440 | SPS=1252
update 40/390 | step=81920 | SPS=1265
[100016] Regime switch detected! 0 -> 1. Snapshotting anchor model.
update 50/390 | step=102400 | SPS=1263
update 60/390 | step=122880 | SPS=1260
update 70/390 | step=143360 | SPS=1262
update 80/390 | step=163840 | SPS=1257
update 90/390 | step=184320 | SPS=1254
[200016] Regime switch detected! 1 -> 0. Snapshotting anchor model.
update 100/390 | step=204800 | SPS=1245
update 110/390 | step=225280 | SPS=1249
update 120/390 | step=245760 | SPS=1250
update 130/390 | step=266240 | SPS=1256
update 140/390 | step=286720 | SPS=1261
[300016] Regime switch detected! 0 -> 1. Snapshotting anchor model.
update 150/390 | step=307200 | SPS=1259
update 160/390 | step=327680 | SPS=1263
update 170/390 | step=348160 | SPS=1262
update 180/390 | step=368640 | SPS=1263
update 190/390 | step=389120 | SPS=1266
[400016] Regime switch detected! 1 -> 0. Snapshotting anchor model.
update 200/390 | step=409600 | SPS=1266
update 210/390 | step=430080 | SPS=1267
update 220/390 | step=450560 | SPS=1268
update 230/390 | step=471040 | SPS=1270
update 240/390 | step=491520 | SPS=1272
[500016] Regime switch detected! 0 -> 1. Snapshotting anchor model.
update 250/390 | step=512000 | SPS=1272
update 260/390 | step=532480 | SPS=1271
update 270/390 | step=552960 | SPS=1272
update 280/390 | step=573440 | SPS=1272
update 290/390 | step=593920 | SPS=1273
[600016] Regime switch detected! 1 -> 0. Snapshotting anchor model.
update 300/390 | step=614400 | SPS=1272
update 310/390 | step=634880 | SPS=1269
update 320/390 | step=655360 | SPS=1270
update 330/390 | step=675840 | SPS=1268
update 340/390 | step=696320 | SPS=1269
[700016] Regime switch detected! 0 -> 1. Snapshotting anchor model.
update 350/390 | step=716800 | SPS=1270
update 360/390 | step=737280 | SPS=1270
update 370/390 | step=757760 | SPS=1272
update 380/390 | step=778240 | SPS=1272
update 390/390 | step=798720 | SPS=1271
Episode 15/30 | reward=3.8729 | avg10=4.3042 | avg_success_rate=0.9200 | steps=38 | time=631.5s
  [brain ckpt] runs/calib8x8_brain_neuromod_trainable_slowbrain_seed1_20260701-180038/episode_15/brain_ep15.pt
update 10/390 | step=20480 | SPS=1249
update 20/390 | step=40960 | SPS=1259
update 30/390 | step=61440 | SPS=1264
update 40/390 | step=81920 | SPS=1283
[100016] Regime switch detected! 0 -> 1. Snapshotting anchor model.
update 50/390 | step=102400 | SPS=1296
update 60/390 | step=122880 | SPS=1297
update 70/390 | step=143360 | SPS=1299
update 80/390 | step=163840 | SPS=1298
update 90/390 | step=184320 | SPS=1299
[200016] Regime switch detected! 1 -> 0. Snapshotting anchor model.
update 100/390 | step=204800 | SPS=1301
update 110/390 | step=225280 | SPS=1305
update 120/390 | step=245760 | SPS=1298
update 130/390 | step=266240 | SPS=1299
update 140/390 | step=286720 | SPS=1297
[300016] Regime switch detected! 0 -> 1. Snapshotting anchor model.
update 150/390 | step=307200 | SPS=1297
update 160/390 | step=327680 | SPS=1298
update 170/390 | step=348160 | SPS=1299
update 180/390 | step=368640 | SPS=1297
update 190/390 | step=389120 | SPS=1292
[400016] Regime switch detected! 1 -> 0. Snapshotting anchor model.
update 200/390 | step=409600 | SPS=1287
update 210/390 | step=430080 | SPS=1284
update 220/390 | step=450560 | SPS=1285
update 230/390 | step=471040 | SPS=1286
update 240/390 | step=491520 | SPS=1282
[500016] Regime switch detected! 0 -> 1. Snapshotting anchor model.
update 250/390 | step=512000 | SPS=1281
update 260/390 | step=532480 | SPS=1281
update 270/390 | step=552960 | SPS=1283
update 280/390 | step=573440 | SPS=1283
update 290/390 | step=593920 | SPS=1280
[600016] Regime switch detected! 1 -> 0. Snapshotting anchor model.
update 300/390 | step=614400 | SPS=1278
update 310/390 | step=634880 | SPS=1274
update 320/390 | step=655360 | SPS=1273
update 330/390 | step=675840 | SPS=1273
update 340/390 | step=696320 | SPS=1273
[700016] Regime switch detected! 0 -> 1. Snapshotting anchor model.
update 350/390 | step=716800 | SPS=1274
update 360/390 | step=737280 | SPS=1274
update 370/390 | step=757760 | SPS=1275
update 380/390 | step=778240 | SPS=1274
update 390/390 | step=798720 | SPS=1272
Episode 16/30 | reward=4.1103 | avg10=4.2263 | avg_success_rate=0.9400 | steps=38 | time=630.7s
update 10/390 | step=20480 | SPS=1213
update 20/390 | step=40960 | SPS=1239
update 30/390 | step=61440 | SPS=1225
update 40/390 | step=81920 | SPS=1238
[100016] Regime switch detected! 0 -> 1. Snapshotting anchor model.
update 50/390 | step=102400 | SPS=1239
update 60/390 | step=122880 | SPS=1240
update 70/390 | step=143360 | SPS=1234
update 80/390 | step=163840 | SPS=1232
update 90/390 | step=184320 | SPS=1234
[200016] Regime switch detected! 1 -> 0. Snapshotting anchor model.
update 100/390 | step=204800 | SPS=1242
update 110/390 | step=225280 | SPS=1250
update 120/390 | step=245760 | SPS=1254
update 130/390 | step=266240 | SPS=1260
update 140/390 | step=286720 | SPS=1266
[300016] Regime switch detected! 0 -> 1. Snapshotting anchor model.
update 150/390 | step=307200 | SPS=1270
update 160/390 | step=327680 | SPS=1273
update 170/390 | step=348160 | SPS=1276
update 180/390 | step=368640 | SPS=1278
update 190/390 | step=389120 | SPS=1280
[400016] Regime switch detected! 1 -> 0. Snapshotting anchor model.
update 200/390 | step=409600 | SPS=1281
update 210/390 | step=430080 | SPS=1282
update 220/390 | step=450560 | SPS=1278
update 230/390 | step=471040 | SPS=1277
update 240/390 | step=491520 | SPS=1277
[500016] Regime switch detected! 0 -> 1. Snapshotting anchor model.
update 250/390 | step=512000 | SPS=1279
update 260/390 | step=532480 | SPS=1281
update 270/390 | step=552960 | SPS=1282
update 280/390 | step=573440 | SPS=1282
update 290/390 | step=593920 | SPS=1281
[600016] Regime switch detected! 1 -> 0. Snapshotting anchor model.
update 300/390 | step=614400 | SPS=1281
update 310/390 | step=634880 | SPS=1279
update 320/390 | step=655360 | SPS=1279
update 330/390 | step=675840 | SPS=1278
update 340/390 | step=696320 | SPS=1276
[700016] Regime switch detected! 0 -> 1. Snapshotting anchor model.
update 350/390 | step=716800 | SPS=1275
update 360/390 | step=737280 | SPS=1275
update 370/390 | step=757760 | SPS=1276
update 380/390 | step=778240 | SPS=1277
update 390/390 | step=798720 | SPS=1278
Episode 17/30 | reward=4.1756 | avg10=4.2410 | avg_success_rate=0.9500 | steps=38 | time=627.8s
update 10/390 | step=20480 | SPS=1375
update 20/390 | step=40960 | SPS=1298
update 30/390 | step=61440 | SPS=1268
update 40/390 | step=81920 | SPS=1258
[100016] Regime switch detected! 0 -> 1. Snapshotting anchor model.
update 50/390 | step=102400 | SPS=1240
update 60/390 | step=122880 | SPS=1248
update 70/390 | step=143360 | SPS=1248
update 80/390 | step=163840 | SPS=1248
update 90/390 | step=184320 | SPS=1242
[200016] Regime switch detected! 1 -> 0. Snapshotting anchor model.
update 100/390 | step=204800 | SPS=1241
update 110/390 | step=225280 | SPS=1248
update 120/390 | step=245760 | SPS=1249
update 130/390 | step=266240 | SPS=1254
update 140/390 | step=286720 | SPS=1256
[300016] Regime switch detected! 0 -> 1. Snapshotting anchor model.
update 150/390 | step=307200 | SPS=1260
update 160/390 | step=327680 | SPS=1265
update 170/390 | step=348160 | SPS=1263
update 180/390 | step=368640 | SPS=1264
update 190/390 | step=389120 | SPS=1264
[400016] Regime switch detected! 1 -> 0. Snapshotting anchor model.
update 200/390 | step=409600 | SPS=1261
update 210/390 | step=430080 | SPS=1256
update 220/390 | step=450560 | SPS=1254
update 230/390 | step=471040 | SPS=1250
update 240/390 | step=491520 | SPS=1250
[500016] Regime switch detected! 0 -> 1. Snapshotting anchor model.
update 250/390 | step=512000 | SPS=1252
update 260/390 | step=532480 | SPS=1254
update 270/390 | step=552960 | SPS=1255
update 280/390 | step=573440 | SPS=1255
update 290/390 | step=593920 | SPS=1255
[600016] Regime switch detected! 1 -> 0. Snapshotting anchor model.
update 300/390 | step=614400 | SPS=1257
update 310/390 | step=634880 | SPS=1259
update 320/390 | step=655360 | SPS=1259
update 330/390 | step=675840 | SPS=1259
update 340/390 | step=696320 | SPS=1259
[700016] Regime switch detected! 0 -> 1. Snapshotting anchor model.
update 350/390 | step=716800 | SPS=1259
update 360/390 | step=737280 | SPS=1260
update 370/390 | step=757760 | SPS=1262
update 380/390 | step=778240 | SPS=1263
update 390/390 | step=798720 | SPS=1264
Episode 18/30 | reward=5.5354 | avg10=4.3586 | avg_success_rate=0.9700 | steps=38 | time=634.9s
update 10/390 | step=20480 | SPS=1267
update 20/390 | step=40960 | SPS=1240
update 30/390 | step=61440 | SPS=1241
update 40/390 | step=81920 | SPS=1228
[100016] Regime switch detected! 0 -> 1. Snapshotting anchor model.
update 50/390 | step=102400 | SPS=1219
update 60/390 | step=122880 | SPS=1233
update 70/390 | step=143360 | SPS=1242
update 80/390 | step=163840 | SPS=1244
update 90/390 | step=184320 | SPS=1248
[200016] Regime switch detected! 1 -> 0. Snapshotting anchor model.
update 100/390 | step=204800 | SPS=1257
update 110/390 | step=225280 | SPS=1262
update 120/390 | step=245760 | SPS=1263
update 130/390 | step=266240 | SPS=1267
update 140/390 | step=286720 | SPS=1266
[300016] Regime switch detected! 0 -> 1. Snapshotting anchor model.
update 150/390 | step=307200 | SPS=1267
update 160/390 | step=327680 | SPS=1272
update 170/390 | step=348160 | SPS=1266
update 180/390 | step=368640 | SPS=1268
update 190/390 | step=389120 | SPS=1268
[400016] Regime switch detected! 1 -> 0. Snapshotting anchor model.
update 200/390 | step=409600 | SPS=1271
update 210/390 | step=430080 | SPS=1273
update 220/390 | step=450560 | SPS=1275
update 230/390 | step=471040 | SPS=1275
update 240/390 | step=491520 | SPS=1277
[500016] Regime switch detected! 0 -> 1. Snapshotting anchor model.
update 250/390 | step=512000 | SPS=1276
update 260/390 | step=532480 | SPS=1275
update 270/390 | step=552960 | SPS=1276
update 280/390 | step=573440 | SPS=1276
update 290/390 | step=593920 | SPS=1274
[600016] Regime switch detected! 1 -> 0. Snapshotting anchor model.
update 300/390 | step=614400 | SPS=1275
update 310/390 | step=634880 | SPS=1276
update 320/390 | step=655360 | SPS=1276
update 330/390 | step=675840 | SPS=1278
update 340/390 | step=696320 | SPS=1276
[700016] Regime switch detected! 0 -> 1. Snapshotting anchor model.
update 350/390 | step=716800 | SPS=1276
update 360/390 | step=737280 | SPS=1275
update 370/390 | step=757760 | SPS=1276
update 380/390 | step=778240 | SPS=1276
update 390/390 | step=798720 | SPS=1275
Episode 19/30 | reward=3.9132 | avg10=4.2754 | avg_success_rate=0.9100 | steps=38 | time=629.4s
update 10/390 | step=20480 | SPS=1255
update 20/390 | step=40960 | SPS=1222
update 30/390 | step=61440 | SPS=1221
update 40/390 | step=81920 | SPS=1225
[100016] Regime switch detected! 0 -> 1. Snapshotting anchor model.
update 50/390 | step=102400 | SPS=1216
update 60/390 | step=122880 | SPS=1218
update 70/390 | step=143360 | SPS=1230
update 80/390 | step=163840 | SPS=1226
update 90/390 | step=184320 | SPS=1220
[200016] Regime switch detected! 1 -> 0. Snapshotting anchor model.
update 100/390 | step=204800 | SPS=1219
update 110/390 | step=225280 | SPS=1226
update 120/390 | step=245760 | SPS=1230
update 130/390 | step=266240 | SPS=1236
update 140/390 | step=286720 | SPS=1239
[300016] Regime switch detected! 0 -> 1. Snapshotting anchor model.
update 150/390 | step=307200 | SPS=1243
update 160/390 | step=327680 | SPS=1244
update 170/390 | step=348160 | SPS=1243
update 180/390 | step=368640 | SPS=1244
update 190/390 | step=389120 | SPS=1244
[400016] Regime switch detected! 1 -> 0. Snapshotting anchor model.
update 200/390 | step=409600 | SPS=1242
update 210/390 | step=430080 | SPS=1245
update 220/390 | step=450560 | SPS=1248
update 230/390 | step=471040 | SPS=1251
update 240/390 | step=491520 | SPS=1253
[500016] Regime switch detected! 0 -> 1. Snapshotting anchor model.
update 250/390 | step=512000 | SPS=1253
update 260/390 | step=532480 | SPS=1251
update 270/390 | step=552960 | SPS=1252
update 280/390 | step=573440 | SPS=1252
update 290/390 | step=593920 | SPS=1249
[600016] Regime switch detected! 1 -> 0. Snapshotting anchor model.
update 300/390 | step=614400 | SPS=1248
update 310/390 | step=634880 | SPS=1246
update 320/390 | step=655360 | SPS=1245
update 330/390 | step=675840 | SPS=1247
update 340/390 | step=696320 | SPS=1247
[700016] Regime switch detected! 0 -> 1. Snapshotting anchor model.
update 350/390 | step=716800 | SPS=1246
update 360/390 | step=737280 | SPS=1247
update 370/390 | step=757760 | SPS=1245
update 380/390 | step=778240 | SPS=1246
update 390/390 | step=798720 | SPS=1248
Episode 20/30 | reward=4.4116 | avg10=4.2023 | avg_success_rate=0.8800 | steps=38 | time=642.6s
  [brain ckpt] runs/calib8x8_brain_neuromod_trainable_slowbrain_seed1_20260701-180038/episode_20/brain_ep20.pt
update 10/390 | step=20480 | SPS=1236
update 20/390 | step=40960 | SPS=1241
update 30/390 | step=61440 | SPS=1233
update 40/390 | step=81920 | SPS=1235
[100016] Regime switch detected! 0 -> 1. Snapshotting anchor model.
update 50/390 | step=102400 | SPS=1247
update 60/390 | step=122880 | SPS=1255
update 70/390 | step=143360 | SPS=1271
update 80/390 | step=163840 | SPS=1280
update 90/390 | step=184320 | SPS=1280
[200016] Regime switch detected! 1 -> 0. Snapshotting anchor model.
update 100/390 | step=204800 | SPS=1282
update 110/390 | step=225280 | SPS=1282
update 120/390 | step=245760 | SPS=1282
update 130/390 | step=266240 | SPS=1272
update 140/390 | step=286720 | SPS=1269
[300016] Regime switch detected! 0 -> 1. Snapshotting anchor model.
update 150/390 | step=307200 | SPS=1262
update 160/390 | step=327680 | SPS=1262
update 170/390 | step=348160 | SPS=1260
update 180/390 | step=368640 | SPS=1256
update 190/390 | step=389120 | SPS=1254
[400016] Regime switch detected! 1 -> 0. Snapshotting anchor model.
update 200/390 | step=409600 | SPS=1257
update 210/390 | step=430080 | SPS=1254
update 220/390 | step=450560 | SPS=1251
update 230/390 | step=471040 | SPS=1252
update 240/390 | step=491520 | SPS=1253
[500016] Regime switch detected! 0 -> 1. Snapshotting anchor model.
update 250/390 | step=512000 | SPS=1251
update 260/390 | step=532480 | SPS=1252
update 270/390 | step=552960 | SPS=1254
update 280/390 | step=573440 | SPS=1256
update 290/390 | step=593920 | SPS=1257
[600016] Regime switch detected! 1 -> 0. Snapshotting anchor model.
update 300/390 | step=614400 | SPS=1259
update 310/390 | step=634880 | SPS=1260
update 320/390 | step=655360 | SPS=1259
update 330/390 | step=675840 | SPS=1257
update 340/390 | step=696320 | SPS=1256
[700016] Regime switch detected! 0 -> 1. Snapshotting anchor model.
update 350/390 | step=716800 | SPS=1257
update 360/390 | step=737280 | SPS=1259
update 370/390 | step=757760 | SPS=1260
update 380/390 | step=778240 | SPS=1259
update 390/390 | step=798720 | SPS=1257
Episode 21/30 | reward=1.1862 | avg10=3.8622 | avg_success_rate=0.9400 | steps=38 | time=638.1s
update 10/390 | step=20480 | SPS=1244
update 20/390 | step=40960 | SPS=1201
update 30/390 | step=61440 | SPS=1222
update 40/390 | step=81920 | SPS=1240
[100016] Regime switch detected! 0 -> 1. Snapshotting anchor model.
update 50/390 | step=102400 | SPS=1241
update 60/390 | step=122880 | SPS=1239
update 70/390 | step=143360 | SPS=1238
update 80/390 | step=163840 | SPS=1238
update 90/390 | step=184320 | SPS=1237
[200016] Regime switch detected! 1 -> 0. Snapshotting anchor model.
update 100/390 | step=204800 | SPS=1247
update 110/390 | step=225280 | SPS=1253
update 120/390 | step=245760 | SPS=1258
update 130/390 | step=266240 | SPS=1261
update 140/390 | step=286720 | SPS=1257
[300016] Regime switch detected! 0 -> 1. Snapshotting anchor model.
update 150/390 | step=307200 | SPS=1256
update 160/390 | step=327680 | SPS=1252
update 170/390 | step=348160 | SPS=1250
update 180/390 | step=368640 | SPS=1246
update 190/390 | step=389120 | SPS=1242
[400016] Regime switch detected! 1 -> 0. Snapshotting anchor model.
update 200/390 | step=409600 | SPS=1243
update 210/390 | step=430080 | SPS=1243
update 220/390 | step=450560 | SPS=1248
update 230/390 | step=471040 | SPS=1247
update 240/390 | step=491520 | SPS=1247
[500016] Regime switch detected! 0 -> 1. Snapshotting anchor model.
update 250/390 | step=512000 | SPS=1248
update 260/390 | step=532480 | SPS=1250
update 270/390 | step=552960 | SPS=1250
update 280/390 | step=573440 | SPS=1248
update 290/390 | step=593920 | SPS=1245
[600016] Regime switch detected! 1 -> 0. Snapshotting anchor model.
update 300/390 | step=614400 | SPS=1243
update 310/390 | step=634880 | SPS=1243
update 320/390 | step=655360 | SPS=1240
update 330/390 | step=675840 | SPS=1240
update 340/390 | step=696320 | SPS=1242
[700016] Regime switch detected! 0 -> 1. Snapshotting anchor model.
update 350/390 | step=716800 | SPS=1244
update 360/390 | step=737280 | SPS=1246
update 370/390 | step=757760 | SPS=1248
update 380/390 | step=778240 | SPS=1249
update 390/390 | step=798720 | SPS=1251
Episode 22/30 | reward=2.4729 | avg10=3.6937 | avg_success_rate=0.6000 | steps=38 | time=641.1s
update 10/390 | step=20480 | SPS=1244
update 20/390 | step=40960 | SPS=1216
update 30/390 | step=61440 | SPS=1225
update 40/390 | step=81920 | SPS=1254
[100016] Regime switch detected! 0 -> 1. Snapshotting anchor model.
update 50/390 | step=102400 | SPS=1267
update 60/390 | step=122880 | SPS=1273
update 70/390 | step=143360 | SPS=1285
update 80/390 | step=163840 | SPS=1287
update 90/390 | step=184320 | SPS=1284
[200016] Regime switch detected! 1 -> 0. Snapshotting anchor model.
update 100/390 | step=204800 | SPS=1290
update 110/390 | step=225280 | SPS=1293
update 120/390 | step=245760 | SPS=1294
update 130/390 | step=266240 | SPS=1289
update 140/390 | step=286720 | SPS=1284
[300016] Regime switch detected! 0 -> 1. Snapshotting anchor model.
update 150/390 | step=307200 | SPS=1281
update 160/390 | step=327680 | SPS=1277
update 170/390 | step=348160 | SPS=1271
update 180/390 | step=368640 | SPS=1269
update 190/390 | step=389120 | SPS=1270
[400016] Regime switch detected! 1 -> 0. Snapshotting anchor model.
update 200/390 | step=409600 | SPS=1273
update 210/390 | step=430080 | SPS=1273
update 220/390 | step=450560 | SPS=1275
update 230/390 | step=471040 | SPS=1276
update 240/390 | step=491520 | SPS=1278
[500016] Regime switch detected! 0 -> 1. Snapshotting anchor model.
update 250/390 | step=512000 | SPS=1278
update 260/390 | step=532480 | SPS=1279
update 270/390 | step=552960 | SPS=1279
update 280/390 | step=573440 | SPS=1275
update 290/390 | step=593920 | SPS=1271
[600016] Regime switch detected! 1 -> 0. Snapshotting anchor model.
update 300/390 | step=614400 | SPS=1270
update 310/390 | step=634880 | SPS=1269
update 320/390 | step=655360 | SPS=1269
update 330/390 | step=675840 | SPS=1271
update 340/390 | step=696320 | SPS=1272
[700016] Regime switch detected! 0 -> 1. Snapshotting anchor model.
update 350/390 | step=716800 | SPS=1273
update 360/390 | step=737280 | SPS=1273
update 370/390 | step=757760 | SPS=1274
update 380/390 | step=778240 | SPS=1272
update 390/390 | step=798720 | SPS=1271
Episode 23/30 | reward=3.6541 | avg10=3.7860 | avg_success_rate=0.9700 | steps=38 | time=631.1s
update 10/390 | step=20480 | SPS=1381
update 20/390 | step=40960 | SPS=1334
update 30/390 | step=61440 | SPS=1320
update 40/390 | step=81920 | SPS=1294
[100016] Regime switch detected! 0 -> 1. Snapshotting anchor model.
update 50/390 | step=102400 | SPS=1285
update 60/390 | step=122880 | SPS=1287
update 70/390 | step=143360 | SPS=1296
update 80/390 | step=163840 | SPS=1300
update 90/390 | step=184320 | SPS=1301
[200016] Regime switch detected! 1 -> 0. Snapshotting anchor model.
update 100/390 | step=204800 | SPS=1304
update 110/390 | step=225280 | SPS=1306
update 120/390 | step=245760 | SPS=1305
update 130/390 | step=266240 | SPS=1306
update 140/390 | step=286720 | SPS=1303
[300016] Regime switch detected! 0 -> 1. Snapshotting anchor model.
update 150/390 | step=307200 | SPS=1305
update 160/390 | step=327680 | SPS=1306
update 170/390 | step=348160 | SPS=1305
update 180/390 | step=368640 | SPS=1303
update 190/390 | step=389120 | SPS=1295
[400016] Regime switch detected! 1 -> 0. Snapshotting anchor model.
update 200/390 | step=409600 | SPS=1290
update 210/390 | step=430080 | SPS=1290
update 220/390 | step=450560 | SPS=1292
update 230/390 | step=471040 | SPS=1293
update 240/390 | step=491520 | SPS=1294
[500016] Regime switch detected! 0 -> 1. Snapshotting anchor model.
update 250/390 | step=512000 | SPS=1292
update 260/390 | step=532480 | SPS=1291
update 270/390 | step=552960 | SPS=1291
update 280/390 | step=573440 | SPS=1291
update 290/390 | step=593920 | SPS=1289
[600016] Regime switch detected! 1 -> 0. Snapshotting anchor model.
update 300/390 | step=614400 | SPS=1285
update 310/390 | step=634880 | SPS=1284
update 320/390 | step=655360 | SPS=1281
update 330/390 | step=675840 | SPS=1281
update 340/390 | step=696320 | SPS=1280
[700016] Regime switch detected! 0 -> 1. Snapshotting anchor model.
update 350/390 | step=716800 | SPS=1280
update 360/390 | step=737280 | SPS=1277
update 370/390 | step=757760 | SPS=1275
update 380/390 | step=778240 | SPS=1272
update 390/390 | step=798720 | SPS=1270
Episode 24/30 | reward=4.3009 | avg10=3.7633 | avg_success_rate=0.5400 | steps=38 | time=631.8s
update 10/390 | step=20480 | SPS=1254
update 20/390 | step=40960 | SPS=1252
update 30/390 | step=61440 | SPS=1268
update 40/390 | step=81920 | SPS=1282
[100016] Regime switch detected! 0 -> 1. Snapshotting anchor model.
update 50/390 | step=102400 | SPS=1284
update 60/390 | step=122880 | SPS=1277
update 70/390 | step=143360 | SPS=1285
update 80/390 | step=163840 | SPS=1277
update 90/390 | step=184320 | SPS=1269
[200016] Regime switch detected! 1 -> 0. Snapshotting anchor model.
update 100/390 | step=204800 | SPS=1276
update 110/390 | step=225280 | SPS=1280
update 120/390 | step=245760 | SPS=1283
update 130/390 | step=266240 | SPS=1285
update 140/390 | step=286720 | SPS=1287
[300016] Regime switch detected! 0 -> 1. Snapshotting anchor model.
update 150/390 | step=307200 | SPS=1287
update 160/390 | step=327680 | SPS=1286
update 170/390 | step=348160 | SPS=1287
update 180/390 | step=368640 | SPS=1289
update 190/390 | step=389120 | SPS=1289
[400016] Regime switch detected! 1 -> 0. Snapshotting anchor model.
update 200/390 | step=409600 | SPS=1291
update 210/390 | step=430080 | SPS=1291
update 220/390 | step=450560 | SPS=1290
update 230/390 | step=471040 | SPS=1288
update 240/390 | step=491520 | SPS=1286
[500016] Regime switch detected! 0 -> 1. Snapshotting anchor model.
update 250/390 | step=512000 | SPS=1283
update 260/390 | step=532480 | SPS=1284
update 270/390 | step=552960 | SPS=1284
update 280/390 | step=573440 | SPS=1283
update 290/390 | step=593920 | SPS=1278
[600016] Regime switch detected! 1 -> 0. Snapshotting anchor model.
update 300/390 | step=614400 | SPS=1277
update 310/390 | step=634880 | SPS=1278
update 320/390 | step=655360 | SPS=1276
update 330/390 | step=675840 | SPS=1274
update 340/390 | step=696320 | SPS=1274
[700016] Regime switch detected! 0 -> 1. Snapshotting anchor model.
update 350/390 | step=716800 | SPS=1275
update 360/390 | step=737280 | SPS=1275
update 370/390 | step=757760 | SPS=1272
update 380/390 | step=778240 | SPS=1270
update 390/390 | step=798720 | SPS=1268
Episode 25/30 | reward=1.5926 | avg10=3.5353 | avg_success_rate=0.4400 | steps=38 | time=632.7s
  [brain ckpt] runs/calib8x8_brain_neuromod_trainable_slowbrain_seed1_20260701-180038/episode_25/brain_ep25.pt
update 10/390 | step=20480 | SPS=1282
update 20/390 | step=40960 | SPS=1255
update 30/390 | step=61440 | SPS=1247
update 40/390 | step=81920 | SPS=1266
[100016] Regime switch detected! 0 -> 1. Snapshotting anchor model.
update 50/390 | step=102400 | SPS=1275
update 60/390 | step=122880 | SPS=1281
update 70/390 | step=143360 | SPS=1291
update 80/390 | step=163840 | SPS=1299
update 90/390 | step=184320 | SPS=1298
[200016] Regime switch detected! 1 -> 0. Snapshotting anchor model.
update 100/390 | step=204800 | SPS=1298
update 110/390 | step=225280 | SPS=1298
update 120/390 | step=245760 | SPS=1294
update 130/390 | step=266240 | SPS=1296
update 140/390 | step=286720 | SPS=1300
[300016] Regime switch detected! 0 -> 1. Snapshotting anchor model.
update 150/390 | step=307200 | SPS=1295
update 160/390 | step=327680 | SPS=1293
update 170/390 | step=348160 | SPS=1292
update 180/390 | step=368640 | SPS=1286
update 190/390 | step=389120 | SPS=1287
[400016] Regime switch detected! 1 -> 0. Snapshotting anchor model.
update 200/390 | step=409600 | SPS=1288
update 210/390 | step=430080 | SPS=1288
update 220/390 | step=450560 | SPS=1289
update 230/390 | step=471040 | SPS=1288
update 240/390 | step=491520 | SPS=1289
[500016] Regime switch detected! 0 -> 1. Snapshotting anchor model.
update 250/390 | step=512000 | SPS=1288
update 260/390 | step=532480 | SPS=1290
update 270/390 | step=552960 | SPS=1291
update 280/390 | step=573440 | SPS=1293
update 290/390 | step=593920 | SPS=1294
[600016] Regime switch detected! 1 -> 0. Snapshotting anchor model.
update 300/390 | step=614400 | SPS=1295
update 310/390 | step=634880 | SPS=1295
update 320/390 | step=655360 | SPS=1292
update 330/390 | step=675840 | SPS=1288
update 340/390 | step=696320 | SPS=1290
[700016] Regime switch detected! 0 -> 1. Snapshotting anchor model.
update 350/390 | step=716800 | SPS=1290
update 360/390 | step=737280 | SPS=1292
update 370/390 | step=757760 | SPS=1291
update 380/390 | step=778240 | SPS=1290
update 390/390 | step=798720 | SPS=1288
Episode 26/30 | reward=3.2548 | avg10=3.4497 | avg_success_rate=0.8500 | steps=38 | time=623.4s
update 10/390 | step=20480 | SPS=1246
update 20/390 | step=40960 | SPS=1222
update 30/390 | step=61440 | SPS=1221
update 40/390 | step=81920 | SPS=1234
[100016] Regime switch detected! 0 -> 1. Snapshotting anchor model.
update 50/390 | step=102400 | SPS=1250
update 60/390 | step=122880 | SPS=1259
update 70/390 | step=143360 | SPS=1266
update 80/390 | step=163840 | SPS=1268
update 90/390 | step=184320 | SPS=1262
[200016] Regime switch detected! 1 -> 0. Snapshotting anchor model.
update 100/390 | step=204800 | SPS=1258
update 110/390 | step=225280 | SPS=1254
update 120/390 | step=245760 | SPS=1248
update 130/390 | step=266240 | SPS=1246
update 140/390 | step=286720 | SPS=1240
[300016] Regime switch detected! 0 -> 1. Snapshotting anchor model.
update 150/390 | step=307200 | SPS=1239
update 160/390 | step=327680 | SPS=1238
update 170/390 | step=348160 | SPS=1235
update 180/390 | step=368640 | SPS=1235
update 190/390 | step=389120 | SPS=1232
[400016] Regime switch detected! 1 -> 0. Snapshotting anchor model.
update 200/390 | step=409600 | SPS=1236
update 210/390 | step=430080 | SPS=1239
update 220/390 | step=450560 | SPS=1243
update 230/390 | step=471040 | SPS=1244
update 240/390 | step=491520 | SPS=1247
[500016] Regime switch detected! 0 -> 1. Snapshotting anchor model.
update 250/390 | step=512000 | SPS=1247
update 260/390 | step=532480 | SPS=1246
update 270/390 | step=552960 | SPS=1244
update 280/390 | step=573440 | SPS=1244
update 290/390 | step=593920 | SPS=1245
[600016] Regime switch detected! 1 -> 0. Snapshotting anchor model.
update 300/390 | step=614400 | SPS=1246
update 310/390 | step=634880 | SPS=1245
update 320/390 | step=655360 | SPS=1246
update 330/390 | step=675840 | SPS=1249
update 340/390 | step=696320 | SPS=1251
[700016] Regime switch detected! 0 -> 1. Snapshotting anchor model.
update 350/390 | step=716800 | SPS=1253
update 360/390 | step=737280 | SPS=1252
update 370/390 | step=757760 | SPS=1252
update 380/390 | step=778240 | SPS=1252
update 390/390 | step=798720 | SPS=1251
Episode 27/30 | reward=4.4010 | avg10=3.4723 | avg_success_rate=0.8500 | steps=38 | time=641.4s
update 10/390 | step=20480 | SPS=1299
update 20/390 | step=40960 | SPS=1243
update 30/390 | step=61440 | SPS=1233
update 40/390 | step=81920 | SPS=1235
[100016] Regime switch detected! 0 -> 1. Snapshotting anchor model.
update 50/390 | step=102400 | SPS=1229
update 60/390 | step=122880 | SPS=1228
update 70/390 | step=143360 | SPS=1235
update 80/390 | step=163840 | SPS=1237
update 90/390 | step=184320 | SPS=1233
[200016] Regime switch detected! 1 -> 0. Snapshotting anchor model.
update 100/390 | step=204800 | SPS=1235
update 110/390 | step=225280 | SPS=1243
update 120/390 | step=245760 | SPS=1247
update 130/390 | step=266240 | SPS=1251
update 140/390 | step=286720 | SPS=1256
[300016] Regime switch detected! 0 -> 1. Snapshotting anchor model.
update 150/390 | step=307200 | SPS=1260
update 160/390 | step=327680 | SPS=1264
update 170/390 | step=348160 | SPS=1265
update 180/390 | step=368640 | SPS=1268
update 190/390 | step=389120 | SPS=1263
[400016] Regime switch detected! 1 -> 0. Snapshotting anchor model.
update 200/390 | step=409600 | SPS=1260
update 210/390 | step=430080 | SPS=1255
update 220/390 | step=450560 | SPS=1252
update 230/390 | step=471040 | SPS=1252
update 240/390 | step=491520 | SPS=1254
[500016] Regime switch detected! 0 -> 1. Snapshotting anchor model.
update 250/390 | step=512000 | SPS=1256
update 260/390 | step=532480 | SPS=1259
update 270/390 | step=552960 | SPS=1259
update 280/390 | step=573440 | SPS=1256
update 290/390 | step=593920 | SPS=1255
[600016] Regime switch detected! 1 -> 0. Snapshotting anchor model.
update 300/390 | step=614400 | SPS=1253
update 310/390 | step=634880 | SPS=1252
update 320/390 | step=655360 | SPS=1250
update 330/390 | step=675840 | SPS=1249
update 340/390 | step=696320 | SPS=1248
[700016] Regime switch detected! 0 -> 1. Snapshotting anchor model.
update 350/390 | step=716800 | SPS=1250
update 360/390 | step=737280 | SPS=1251
update 370/390 | step=757760 | SPS=1253
update 380/390 | step=778240 | SPS=1252
update 390/390 | step=798720 | SPS=1253
Episode 28/30 | reward=0.5557 | avg10=2.9743 | avg_success_rate=0.5200 | steps=38 | time=640.2s
update 10/390 | step=20480 | SPS=1274
update 20/390 | step=40960 | SPS=1251
update 30/390 | step=61440 | SPS=1259
update 40/390 | step=81920 | SPS=1287
[100016] Regime switch detected! 0 -> 1. Snapshotting anchor model.
update 50/390 | step=102400 | SPS=1290
update 60/390 | step=122880 | SPS=1283
update 70/390 | step=143360 | SPS=1278
update 80/390 | step=163840 | SPS=1286
update 90/390 | step=184320 | SPS=1290
[200016] Regime switch detected! 1 -> 0. Snapshotting anchor model.
update 100/390 | step=204800 | SPS=1294
update 110/390 | step=225280 | SPS=1294
update 120/390 | step=245760 | SPS=1295
update 130/390 | step=266240 | SPS=1296
update 140/390 | step=286720 | SPS=1297
[300016] Regime switch detected! 0 -> 1. Snapshotting anchor model.
update 150/390 | step=307200 | SPS=1294
update 160/390 | step=327680 | SPS=1295
update 170/390 | step=348160 | SPS=1294
update 180/390 | step=368640 | SPS=1293
update 190/390 | step=389120 | SPS=1292
[400016] Regime switch detected! 1 -> 0. Snapshotting anchor model.
update 200/390 | step=409600 | SPS=1295
update 210/390 | step=430080 | SPS=1291
update 220/390 | step=450560 | SPS=1291
update 230/390 | step=471040 | SPS=1291
update 240/390 | step=491520 | SPS=1287
[500016] Regime switch detected! 0 -> 1. Snapshotting anchor model.
update 250/390 | step=512000 | SPS=1288
update 260/390 | step=532480 | SPS=1290
update 270/390 | step=552960 | SPS=1291
update 280/390 | step=573440 | SPS=1292
update 290/390 | step=593920 | SPS=1292
[600016] Regime switch detected! 1 -> 0. Snapshotting anchor model.
update 300/390 | step=614400 | SPS=1293
update 310/390 | step=634880 | SPS=1292
update 320/390 | step=655360 | SPS=1292
update 330/390 | step=675840 | SPS=1292
update 340/390 | step=696320 | SPS=1293
[700016] Regime switch detected! 0 -> 1. Snapshotting anchor model.
update 350/390 | step=716800 | SPS=1293
update 360/390 | step=737280 | SPS=1291
update 370/390 | step=757760 | SPS=1289
update 380/390 | step=778240 | SPS=1286
update 390/390 | step=798720 | SPS=1286
Episode 29/30 | reward=4.6160 | avg10=3.0446 | avg_success_rate=0.9400 | steps=38 | time=624.2s
update 10/390 | step=20480 | SPS=1373
update 20/390 | step=40960 | SPS=1293
update 30/390 | step=61440 | SPS=1248
update 40/390 | step=81920 | SPS=1272
[100016] Regime switch detected! 0 -> 1. Snapshotting anchor model.
update 50/390 | step=102400 | SPS=1282
update 60/390 | step=122880 | SPS=1287
update 70/390 | step=143360 | SPS=1283
update 80/390 | step=163840 | SPS=1275
update 90/390 | step=184320 | SPS=1284
[200016] Regime switch detected! 1 -> 0. Snapshotting anchor model.
update 100/390 | step=204800 | SPS=1290
update 110/390 | step=225280 | SPS=1293
update 120/390 | step=245760 | SPS=1292
update 130/390 | step=266240 | SPS=1292
update 140/390 | step=286720 | SPS=1292
[300016] Regime switch detected! 0 -> 1. Snapshotting anchor model.
update 150/390 | step=307200 | SPS=1293
update 160/390 | step=327680 | SPS=1291
update 170/390 | step=348160 | SPS=1284
update 180/390 | step=368640 | SPS=1283
update 190/390 | step=389120 | SPS=1278
[400016] Regime switch detected! 1 -> 0. Snapshotting anchor model.
update 200/390 | step=409600 | SPS=1275
update 210/390 | step=430080 | SPS=1270
update 220/390 | step=450560 | SPS=1267
update 230/390 | step=471040 | SPS=1264
update 240/390 | step=491520 | SPS=1261
[500016] Regime switch detected! 0 -> 1. Snapshotting anchor model.
update 250/390 | step=512000 | SPS=1258
update 260/390 | step=532480 | SPS=1257
update 270/390 | step=552960 | SPS=1257
update 280/390 | step=573440 | SPS=1257
update 290/390 | step=593920 | SPS=1258
[600016] Regime switch detected! 1 -> 0. Snapshotting anchor model.
update 300/390 | step=614400 | SPS=1260
update 310/390 | step=634880 | SPS=1262
update 320/390 | step=655360 | SPS=1262
update 330/390 | step=675840 | SPS=1262
update 340/390 | step=696320 | SPS=1262
[700016] Regime switch detected! 0 -> 1. Snapshotting anchor model.
update 350/390 | step=716800 | SPS=1260
update 360/390 | step=737280 | SPS=1258
update 370/390 | step=757760 | SPS=1258
update 380/390 | step=778240 | SPS=1257
update 390/390 | step=798720 | SPS=1259
Episode 30/30 | reward=6.3586 | avg10=3.2393 | avg_success_rate=0.9600 | steps=38 | time=637.4s
  [brain ckpt] runs/calib8x8_brain_neuromod_trainable_slowbrain_seed1_20260701-180038/episode_30/brain_ep30.pt
Saved Brain model to: runs/calib8x8_brain_neuromod_trainable_slowbrain_seed1_20260701-180038/brain_model.pt

Brain training complete. Total RL episodes: 30
