Saved configuration to: runs/calib8x8_brain_neuromod_trainable_seed4_20260701-064813/config.txt
Training Brain on cuda for 30 RL episodes
  Inner: 800000 timesteps, regime switch every 100000 steps
  Parallel Envs: 1
  Brain vectorization: sync
  Decision interval: 10 inner updates

--- Starting Meta-RL PPO Training (Target: 30) ---
update 10/390 | step=20480 | SPS=1292
update 20/390 | step=40960 | SPS=1310
update 30/390 | step=61440 | SPS=1299
update 40/390 | step=81920 | SPS=1298
[100016] Regime switch detected! 0 -> 1. Snapshotting anchor model.
update 50/390 | step=102400 | SPS=1295
update 60/390 | step=122880 | SPS=1299
update 70/390 | step=143360 | SPS=1301
update 80/390 | step=163840 | SPS=1298
update 90/390 | step=184320 | SPS=1296
[200016] Regime switch detected! 1 -> 0. Snapshotting anchor model.
update 100/390 | step=204800 | SPS=1297
update 110/390 | step=225280 | SPS=1306
update 120/390 | step=245760 | SPS=1309
update 130/390 | step=266240 | SPS=1306
update 140/390 | step=286720 | SPS=1304
[300016] Regime switch detected! 0 -> 1. Snapshotting anchor model.
update 150/390 | step=307200 | SPS=1302
update 160/390 | step=327680 | SPS=1301
update 170/390 | step=348160 | SPS=1302
update 180/390 | step=368640 | SPS=1303
update 190/390 | step=389120 | SPS=1302
[400016] Regime switch detected! 1 -> 0. Snapshotting anchor model.
update 200/390 | step=409600 | SPS=1307
update 210/390 | step=430080 | SPS=1310
update 220/390 | step=450560 | SPS=1314
update 230/390 | step=471040 | SPS=1315
update 240/390 | step=491520 | SPS=1314
[500016] Regime switch detected! 0 -> 1. Snapshotting anchor model.
update 250/390 | step=512000 | SPS=1313
update 260/390 | step=532480 | SPS=1313
update 270/390 | step=552960 | SPS=1314
update 280/390 | step=573440 | SPS=1320
update 290/390 | step=593920 | SPS=1325
[600016] Regime switch detected! 1 -> 0. Snapshotting anchor model.
update 300/390 | step=614400 | SPS=1328
update 310/390 | step=634880 | SPS=1329
update 320/390 | step=655360 | SPS=1333
update 330/390 | step=675840 | SPS=1333
update 340/390 | step=696320 | SPS=1331
[700016] Regime switch detected! 0 -> 1. Snapshotting anchor model.
update 350/390 | step=716800 | SPS=1330
update 360/390 | step=737280 | SPS=1328
update 370/390 | step=757760 | SPS=1327
update 380/390 | step=778240 | SPS=1327
[save] runs/calib8x8_brain_neuromod_trainable_seed4_20260701-064813/episode_1/ep1_env0_20260701-064819/inner_checkpoints/ep1_env0_update390.pt
update 390/390 | step=798720 | SPS=1330
Episode 1/30 | reward=3.1142 | avg10=3.1142 | avg_success_rate=0.3700 | steps=38 | time=627.2s
update 10/390 | step=20480 | SPS=1398
update 20/390 | step=40960 | SPS=1354
update 30/390 | step=61440 | SPS=1326
update 40/390 | step=81920 | SPS=1323
[100016] Regime switch detected! 0 -> 1. Snapshotting anchor model.
update 50/390 | step=102400 | SPS=1323
update 60/390 | step=122880 | SPS=1324
update 70/390 | step=143360 | SPS=1324
update 80/390 | step=163840 | SPS=1325
update 90/390 | step=184320 | SPS=1321
[200016] Regime switch detected! 1 -> 0. Snapshotting anchor model.
update 100/390 | step=204800 | SPS=1320
update 110/390 | step=225280 | SPS=1319
update 120/390 | step=245760 | SPS=1323
update 130/390 | step=266240 | SPS=1337
update 140/390 | step=286720 | SPS=1345
[300016] Regime switch detected! 0 -> 1. Snapshotting anchor model.
update 150/390 | step=307200 | SPS=1349
update 160/390 | step=327680 | SPS=1347
update 170/390 | step=348160 | SPS=1351
update 180/390 | step=368640 | SPS=1349
update 190/390 | step=389120 | SPS=1346
[400016] Regime switch detected! 1 -> 0. Snapshotting anchor model.
update 200/390 | step=409600 | SPS=1344
update 210/390 | step=430080 | SPS=1344
update 220/390 | step=450560 | SPS=1341
update 230/390 | step=471040 | SPS=1338
update 240/390 | step=491520 | SPS=1342
[500016] Regime switch detected! 0 -> 1. Snapshotting anchor model.
update 250/390 | step=512000 | SPS=1342
update 260/390 | step=532480 | SPS=1347
update 270/390 | step=552960 | SPS=1353
update 280/390 | step=573440 | SPS=1356
update 290/390 | step=593920 | SPS=1361
[600016] Regime switch detected! 1 -> 0. Snapshotting anchor model.
update 300/390 | step=614400 | SPS=1366
update 310/390 | step=634880 | SPS=1368
update 320/390 | step=655360 | SPS=1366
update 330/390 | step=675840 | SPS=1364
update 340/390 | step=696320 | SPS=1361
[700016] Regime switch detected! 0 -> 1. Snapshotting anchor model.
update 350/390 | step=716800 | SPS=1359
update 360/390 | step=737280 | SPS=1360
update 370/390 | step=757760 | SPS=1363
update 380/390 | step=778240 | SPS=1364
[save] runs/calib8x8_brain_neuromod_trainable_seed4_20260701-064813/episode_2/ep2_env0_20260701-065845/inner_checkpoints/ep2_env0_update390.pt
update 390/390 | step=798720 | SPS=1365
Episode 2/30 | reward=4.1411 | avg10=3.6276 | avg_success_rate=0.9400 | steps=38 | time=610.7s
update 10/390 | step=20480 | SPS=1376
update 20/390 | step=40960 | SPS=1346
update 30/390 | step=61440 | SPS=1328
update 40/390 | step=81920 | SPS=1365
[100016] Regime switch detected! 0 -> 1. Snapshotting anchor model.
update 50/390 | step=102400 | SPS=1391
update 60/390 | step=122880 | SPS=1410
update 70/390 | step=143360 | SPS=1401
update 80/390 | step=163840 | SPS=1391
update 90/390 | step=184320 | SPS=1379
[200016] Regime switch detected! 1 -> 0. Snapshotting anchor model.
update 100/390 | step=204800 | SPS=1373
update 110/390 | step=225280 | SPS=1368
update 120/390 | step=245760 | SPS=1359
update 130/390 | step=266240 | SPS=1356
update 140/390 | step=286720 | SPS=1351
[300016] Regime switch detected! 0 -> 1. Snapshotting anchor model.
update 150/390 | step=307200 | SPS=1347
update 160/390 | step=327680 | SPS=1342
update 170/390 | step=348160 | SPS=1346
update 180/390 | step=368640 | SPS=1348
update 190/390 | step=389120 | SPS=1348
[400016] Regime switch detected! 1 -> 0. Snapshotting anchor model.
update 200/390 | step=409600 | SPS=1352
update 210/390 | step=430080 | SPS=1352
update 220/390 | step=450560 | SPS=1350
update 230/390 | step=471040 | SPS=1349
update 240/390 | step=491520 | SPS=1348
[500016] Regime switch detected! 0 -> 1. Snapshotting anchor model.
update 250/390 | step=512000 | SPS=1346
update 260/390 | step=532480 | SPS=1344
update 270/390 | step=552960 | SPS=1343
update 280/390 | step=573440 | SPS=1340
update 290/390 | step=593920 | SPS=1338
[600016] Regime switch detected! 1 -> 0. Snapshotting anchor model.
update 300/390 | step=614400 | SPS=1338
update 310/390 | step=634880 | SPS=1336
update 320/390 | step=655360 | SPS=1335
update 330/390 | step=675840 | SPS=1336
update 340/390 | step=696320 | SPS=1339
[700016] Regime switch detected! 0 -> 1. Snapshotting anchor model.
update 350/390 | step=716800 | SPS=1341
update 360/390 | step=737280 | SPS=1345
update 370/390 | step=757760 | SPS=1348
update 380/390 | step=778240 | SPS=1351
[save] runs/calib8x8_brain_neuromod_trainable_seed4_20260701-064813/episode_3/ep3_env0_20260701-070855/inner_checkpoints/ep3_env0_update390.pt
update 390/390 | step=798720 | SPS=1352
Episode 3/30 | reward=3.3089 | avg10=3.5214 | avg_success_rate=0.9900 | steps=38 | time=615.7s
update 10/390 | step=20480 | SPS=1375
update 20/390 | step=40960 | SPS=1360
update 30/390 | step=61440 | SPS=1367
update 40/390 | step=81920 | SPS=1399
[100016] Regime switch detected! 0 -> 1. Snapshotting anchor model.
update 50/390 | step=102400 | SPS=1417
update 60/390 | step=122880 | SPS=1435
update 70/390 | step=143360 | SPS=1435
update 80/390 | step=163840 | SPS=1418
update 90/390 | step=184320 | SPS=1401
[200016] Regime switch detected! 1 -> 0. Snapshotting anchor model.
update 100/390 | step=204800 | SPS=1391
update 110/390 | step=225280 | SPS=1383
update 120/390 | step=245760 | SPS=1373
update 130/390 | step=266240 | SPS=1369
update 140/390 | step=286720 | SPS=1364
[300016] Regime switch detected! 0 -> 1. Snapshotting anchor model.
update 150/390 | step=307200 | SPS=1360
update 160/390 | step=327680 | SPS=1354
update 170/390 | step=348160 | SPS=1351
update 180/390 | step=368640 | SPS=1348
update 190/390 | step=389120 | SPS=1346
[400016] Regime switch detected! 1 -> 0. Snapshotting anchor model.
update 200/390 | step=409600 | SPS=1346
update 210/390 | step=430080 | SPS=1345
update 220/390 | step=450560 | SPS=1346
update 230/390 | step=471040 | SPS=1350
update 240/390 | step=491520 | SPS=1356
[500016] Regime switch detected! 0 -> 1. Snapshotting anchor model.
update 250/390 | step=512000 | SPS=1361
update 260/390 | step=532480 | SPS=1359
update 270/390 | step=552960 | SPS=1357
update 280/390 | step=573440 | SPS=1354
update 290/390 | step=593920 | SPS=1353
[600016] Regime switch detected! 1 -> 0. Snapshotting anchor model.
update 300/390 | step=614400 | SPS=1357
update 310/390 | step=634880 | SPS=1357
update 320/390 | step=655360 | SPS=1361
update 330/390 | step=675840 | SPS=1359
update 340/390 | step=696320 | SPS=1358
[700016] Regime switch detected! 0 -> 1. Snapshotting anchor model.
update 350/390 | step=716800 | SPS=1358
update 360/390 | step=737280 | SPS=1356
update 370/390 | step=757760 | SPS=1354
update 380/390 | step=778240 | SPS=1353
[save] runs/calib8x8_brain_neuromod_trainable_seed4_20260701-064813/episode_4/ep4_env0_20260701-071911/inner_checkpoints/ep4_env0_update390.pt
update 390/390 | step=798720 | SPS=1355
Episode 4/30 | reward=4.1257 | avg10=3.6725 | avg_success_rate=0.9300 | steps=38 | time=614.5s
update 10/390 | step=20480 | SPS=1367
update 20/390 | step=40960 | SPS=1368
update 30/390 | step=61440 | SPS=1341
update 40/390 | step=81920 | SPS=1357
[100016] Regime switch detected! 0 -> 1. Snapshotting anchor model.
update 50/390 | step=102400 | SPS=1352
update 60/390 | step=122880 | SPS=1348
update 70/390 | step=143360 | SPS=1344
update 80/390 | step=163840 | SPS=1340
update 90/390 | step=184320 | SPS=1349
[200016] Regime switch detected! 1 -> 0. Snapshotting anchor model.
update 100/390 | step=204800 | SPS=1357
update 110/390 | step=225280 | SPS=1367
update 120/390 | step=245760 | SPS=1363
update 130/390 | step=266240 | SPS=1361
update 140/390 | step=286720 | SPS=1358
[300016] Regime switch detected! 0 -> 1. Snapshotting anchor model.
update 150/390 | step=307200 | SPS=1354
update 160/390 | step=327680 | SPS=1349
update 170/390 | step=348160 | SPS=1346
update 180/390 | step=368640 | SPS=1344
update 190/390 | step=389120 | SPS=1343
[400016] Regime switch detected! 1 -> 0. Snapshotting anchor model.
update 200/390 | step=409600 | SPS=1346
update 210/390 | step=430080 | SPS=1347
update 220/390 | step=450560 | SPS=1346
update 230/390 | step=471040 | SPS=1343
update 240/390 | step=491520 | SPS=1342
[500016] Regime switch detected! 0 -> 1. Snapshotting anchor model.
update 250/390 | step=512000 | SPS=1341
update 260/390 | step=532480 | SPS=1338
update 270/390 | step=552960 | SPS=1337
update 280/390 | step=573440 | SPS=1340
update 290/390 | step=593920 | SPS=1343
[600016] Regime switch detected! 1 -> 0. Snapshotting anchor model.
update 300/390 | step=614400 | SPS=1342
update 310/390 | step=634880 | SPS=1340
update 320/390 | step=655360 | SPS=1339
update 330/390 | step=675840 | SPS=1338
update 340/390 | step=696320 | SPS=1336
[700016] Regime switch detected! 0 -> 1. Snapshotting anchor model.
update 350/390 | step=716800 | SPS=1337
update 360/390 | step=737280 | SPS=1336
update 370/390 | step=757760 | SPS=1337
update 380/390 | step=778240 | SPS=1339
[save] runs/calib8x8_brain_neuromod_trainable_seed4_20260701-064813/episode_5/ep5_env0_20260701-072926/inner_checkpoints/ep5_env0_update390.pt
update 390/390 | step=798720 | SPS=1339
Episode 5/30 | reward=4.8307 | avg10=3.9041 | avg_success_rate=0.8700 | steps=38 | time=621.2s
update 10/390 | step=20480 | SPS=1429
update 20/390 | step=40960 | SPS=1379
update 30/390 | step=61440 | SPS=1347
update 40/390 | step=81920 | SPS=1387
[100016] Regime switch detected! 0 -> 1. Snapshotting anchor model.
update 50/390 | step=102400 | SPS=1410
update 60/390 | step=122880 | SPS=1406
update 70/390 | step=143360 | SPS=1394
update 80/390 | step=163840 | SPS=1385
update 90/390 | step=184320 | SPS=1374
[200016] Regime switch detected! 1 -> 0. Snapshotting anchor model.
update 100/390 | step=204800 | SPS=1368
update 110/390 | step=225280 | SPS=1362
update 120/390 | step=245760 | SPS=1367
update 130/390 | step=266240 | SPS=1371
update 140/390 | step=286720 | SPS=1367
[300016] Regime switch detected! 0 -> 1. Snapshotting anchor model.
update 150/390 | step=307200 | SPS=1364
update 160/390 | step=327680 | SPS=1359
update 170/390 | step=348160 | SPS=1357
update 180/390 | step=368640 | SPS=1354
update 190/390 | step=389120 | SPS=1352
[400016] Regime switch detected! 1 -> 0. Snapshotting anchor model.
update 200/390 | step=409600 | SPS=1350
update 210/390 | step=430080 | SPS=1349
update 220/390 | step=450560 | SPS=1347
update 230/390 | step=471040 | SPS=1348
update 240/390 | step=491520 | SPS=1355
[500016] Regime switch detected! 0 -> 1. Snapshotting anchor model.
update 250/390 | step=512000 | SPS=1359
update 260/390 | step=532480 | SPS=1361
update 270/390 | step=552960 | SPS=1363
update 280/390 | step=573440 | SPS=1364
update 290/390 | step=593920 | SPS=1363
[600016] Regime switch detected! 1 -> 0. Snapshotting anchor model.
update 300/390 | step=614400 | SPS=1362
update 310/390 | step=634880 | SPS=1359
update 320/390 | step=655360 | SPS=1359
update 330/390 | step=675840 | SPS=1358
update 340/390 | step=696320 | SPS=1359
[700016] Regime switch detected! 0 -> 1. Snapshotting anchor model.
update 350/390 | step=716800 | SPS=1363
update 360/390 | step=737280 | SPS=1365
update 370/390 | step=757760 | SPS=1370
update 380/390 | step=778240 | SPS=1373
[save] runs/calib8x8_brain_neuromod_trainable_seed4_20260701-064813/episode_6/ep6_env0_20260701-073946/inner_checkpoints/ep6_env0_update390.pt
update 390/390 | step=798720 | SPS=1374
Episode 6/30 | reward=5.3268 | avg10=4.1412 | avg_success_rate=1.0000 | steps=38 | time=605.8s
update 10/390 | step=20480 | SPS=1382
update 20/390 | step=40960 | SPS=1343
update 30/390 | step=61440 | SPS=1318
update 40/390 | step=81920 | SPS=1316
[100016] Regime switch detected! 0 -> 1. Snapshotting anchor model.
update 50/390 | step=102400 | SPS=1316
update 60/390 | step=122880 | SPS=1319
update 70/390 | step=143360 | SPS=1315
update 80/390 | step=163840 | SPS=1337
update 90/390 | step=184320 | SPS=1348
[200016] Regime switch detected! 1 -> 0. Snapshotting anchor model.
update 100/390 | step=204800 | SPS=1361
update 110/390 | step=225280 | SPS=1373
update 120/390 | step=245760 | SPS=1381
update 130/390 | step=266240 | SPS=1381
update 140/390 | step=286720 | SPS=1377
[300016] Regime switch detected! 0 -> 1. Snapshotting anchor model.
update 150/390 | step=307200 | SPS=1382
update 160/390 | step=327680 | SPS=1390
update 170/390 | step=348160 | SPS=1397
update 180/390 | step=368640 | SPS=1403
update 190/390 | step=389120 | SPS=1407
[400016] Regime switch detected! 1 -> 0. Snapshotting anchor model.
update 200/390 | step=409600 | SPS=1411
update 210/390 | step=430080 | SPS=1416
update 220/390 | step=450560 | SPS=1419
update 230/390 | step=471040 | SPS=1421
update 240/390 | step=491520 | SPS=1418
[500016] Regime switch detected! 0 -> 1. Snapshotting anchor model.
update 250/390 | step=512000 | SPS=1413
update 260/390 | step=532480 | SPS=1407
update 270/390 | step=552960 | SPS=1402
update 280/390 | step=573440 | SPS=1398
update 290/390 | step=593920 | SPS=1396
[600016] Regime switch detected! 1 -> 0. Snapshotting anchor model.
update 300/390 | step=614400 | SPS=1399
update 310/390 | step=634880 | SPS=1402
update 320/390 | step=655360 | SPS=1404
update 330/390 | step=675840 | SPS=1406
update 340/390 | step=696320 | SPS=1409
[700016] Regime switch detected! 0 -> 1. Snapshotting anchor model.
update 350/390 | step=716800 | SPS=1412
update 360/390 | step=737280 | SPS=1415
update 370/390 | step=757760 | SPS=1417
update 380/390 | step=778240 | SPS=1421
[save] runs/calib8x8_brain_neuromod_trainable_seed4_20260701-064813/episode_7/ep7_env0_20260701-074953/inner_checkpoints/ep7_env0_update390.pt
update 390/390 | step=798720 | SPS=1422
Episode 7/30 | reward=2.8197 | avg10=3.9524 | avg_success_rate=0.8000 | steps=38 | time=587.0s
update 10/390 | step=20480 | SPS=1460
update 20/390 | step=40960 | SPS=1439
update 30/390 | step=61440 | SPS=1435
update 40/390 | step=81920 | SPS=1458
[100016] Regime switch detected! 0 -> 1. Snapshotting anchor model.
update 50/390 | step=102400 | SPS=1431
update 60/390 | step=122880 | SPS=1404
update 70/390 | step=143360 | SPS=1389
update 80/390 | step=163840 | SPS=1379
update 90/390 | step=184320 | SPS=1369
[200016] Regime switch detected! 1 -> 0. Snapshotting anchor model.
update 100/390 | step=204800 | SPS=1374
update 110/390 | step=225280 | SPS=1382
update 120/390 | step=245760 | SPS=1374
update 130/390 | step=266240 | SPS=1369
update 140/390 | step=286720 | SPS=1371
[300016] Regime switch detected! 0 -> 1. Snapshotting anchor model.
update 150/390 | step=307200 | SPS=1374
update 160/390 | step=327680 | SPS=1369
update 170/390 | step=348160 | SPS=1365
update 180/390 | step=368640 | SPS=1370
update 190/390 | step=389120 | SPS=1374
[400016] Regime switch detected! 1 -> 0. Snapshotting anchor model.
update 200/390 | step=409600 | SPS=1378
update 210/390 | step=430080 | SPS=1383
update 220/390 | step=450560 | SPS=1385
update 230/390 | step=471040 | SPS=1389
update 240/390 | step=491520 | SPS=1393
[500016] Regime switch detected! 0 -> 1. Snapshotting anchor model.
update 250/390 | step=512000 | SPS=1396
update 260/390 | step=532480 | SPS=1401
update 270/390 | step=552960 | SPS=1404
update 280/390 | step=573440 | SPS=1401
update 290/390 | step=593920 | SPS=1397
[600016] Regime switch detected! 1 -> 0. Snapshotting anchor model.
update 300/390 | step=614400 | SPS=1395
update 310/390 | step=634880 | SPS=1391
update 320/390 | step=655360 | SPS=1386
update 330/390 | step=675840 | SPS=1386
update 340/390 | step=696320 | SPS=1387
[700016] Regime switch detected! 0 -> 1. Snapshotting anchor model.
update 350/390 | step=716800 | SPS=1390
update 360/390 | step=737280 | SPS=1392
update 370/390 | step=757760 | SPS=1395
update 380/390 | step=778240 | SPS=1401
[save] runs/calib8x8_brain_neuromod_trainable_seed4_20260701-064813/episode_8/ep8_env0_20260701-075939/inner_checkpoints/ep8_env0_update390.pt
update 390/390 | step=798720 | SPS=1402
Episode 8/30 | reward=5.5652 | avg10=4.1540 | avg_success_rate=0.9400 | steps=38 | time=594.2s
update 10/390 | step=20480 | SPS=1320
update 20/390 | step=40960 | SPS=1320
update 30/390 | step=61440 | SPS=1317
update 40/390 | step=81920 | SPS=1317
[100016] Regime switch detected! 0 -> 1. Snapshotting anchor model.
update 50/390 | step=102400 | SPS=1316
update 60/390 | step=122880 | SPS=1309
update 70/390 | step=143360 | SPS=1305
update 80/390 | step=163840 | SPS=1305
update 90/390 | step=184320 | SPS=1305
[200016] Regime switch detected! 1 -> 0. Snapshotting anchor model.
update 100/390 | step=204800 | SPS=1307
update 110/390 | step=225280 | SPS=1306
update 120/390 | step=245760 | SPS=1305
update 130/390 | step=266240 | SPS=1305
update 140/390 | step=286720 | SPS=1305
[300016] Regime switch detected! 0 -> 1. Snapshotting anchor model.
update 150/390 | step=307200 | SPS=1307
update 160/390 | step=327680 | SPS=1308
update 170/390 | step=348160 | SPS=1309
update 180/390 | step=368640 | SPS=1308
update 190/390 | step=389120 | SPS=1307
[400016] Regime switch detected! 1 -> 0. Snapshotting anchor model.
update 200/390 | step=409600 | SPS=1306
update 210/390 | step=430080 | SPS=1305
update 220/390 | step=450560 | SPS=1307
update 230/390 | step=471040 | SPS=1315
update 240/390 | step=491520 | SPS=1322
[500016] Regime switch detected! 0 -> 1. Snapshotting anchor model.
update 250/390 | step=512000 | SPS=1327
update 260/390 | step=532480 | SPS=1332
update 270/390 | step=552960 | SPS=1336
update 280/390 | step=573440 | SPS=1336
update 290/390 | step=593920 | SPS=1336
[600016] Regime switch detected! 1 -> 0. Snapshotting anchor model.
update 300/390 | step=614400 | SPS=1335
update 310/390 | step=634880 | SPS=1334
update 320/390 | step=655360 | SPS=1338
update 330/390 | step=675840 | SPS=1339
update 340/390 | step=696320 | SPS=1339
[700016] Regime switch detected! 0 -> 1. Snapshotting anchor model.
update 350/390 | step=716800 | SPS=1341
update 360/390 | step=737280 | SPS=1341
update 370/390 | step=757760 | SPS=1344
update 380/390 | step=778240 | SPS=1350
[save] runs/calib8x8_brain_neuromod_trainable_seed4_20260701-064813/episode_9/ep9_env0_20260701-080934/inner_checkpoints/ep9_env0_update390.pt
update 390/390 | step=798720 | SPS=1351
Episode 9/30 | reward=4.9357 | avg10=4.2409 | avg_success_rate=0.7700 | steps=38 | time=615.5s
update 10/390 | step=20480 | SPS=1510
update 20/390 | step=40960 | SPS=1512
update 30/390 | step=61440 | SPS=1513
update 40/390 | step=81920 | SPS=1514
[100016] Regime switch detected! 0 -> 1. Snapshotting anchor model.
update 50/390 | step=102400 | SPS=1508
update 60/390 | step=122880 | SPS=1475
update 70/390 | step=143360 | SPS=1445
update 80/390 | step=163840 | SPS=1451
update 90/390 | step=184320 | SPS=1442
[200016] Regime switch detected! 1 -> 0. Snapshotting anchor model.
update 100/390 | step=204800 | SPS=1429
update 110/390 | step=225280 | SPS=1415
update 120/390 | step=245760 | SPS=1403
update 130/390 | step=266240 | SPS=1395
update 140/390 | step=286720 | SPS=1401
[300016] Regime switch detected! 0 -> 1. Snapshotting anchor model.
update 150/390 | step=307200 | SPS=1396
update 160/390 | step=327680 | SPS=1388
update 170/390 | step=348160 | SPS=1386
update 180/390 | step=368640 | SPS=1390
update 190/390 | step=389120 | SPS=1395
[400016] Regime switch detected! 1 -> 0. Snapshotting anchor model.
update 200/390 | step=409600 | SPS=1398
update 210/390 | step=430080 | SPS=1397
update 220/390 | step=450560 | SPS=1395
update 230/390 | step=471040 | SPS=1391
update 240/390 | step=491520 | SPS=1387
[500016] Regime switch detected! 0 -> 1. Snapshotting anchor model.
update 250/390 | step=512000 | SPS=1383
update 260/390 | step=532480 | SPS=1380
update 270/390 | step=552960 | SPS=1381
update 280/390 | step=573440 | SPS=1381
update 290/390 | step=593920 | SPS=1377
[600016] Regime switch detected! 1 -> 0. Snapshotting anchor model.
update 300/390 | step=614400 | SPS=1379
update 310/390 | step=634880 | SPS=1382
update 320/390 | step=655360 | SPS=1384
update 330/390 | step=675840 | SPS=1385
update 340/390 | step=696320 | SPS=1387
[700016] Regime switch detected! 0 -> 1. Snapshotting anchor model.
update 350/390 | step=716800 | SPS=1390
update 360/390 | step=737280 | SPS=1387
update 370/390 | step=757760 | SPS=1385
update 380/390 | step=778240 | SPS=1390
[save] runs/calib8x8_brain_neuromod_trainable_seed4_20260701-064813/episode_10/ep10_env0_20260701-081949/inner_checkpoints/ep10_env0_update390.pt
update 390/390 | step=798720 | SPS=1395
Episode 10/30 | reward=5.1433 | avg10=4.3311 | avg_success_rate=0.9400 | steps=38 | time=596.8s
update 10/390 | step=20480 | SPS=1363
update 20/390 | step=40960 | SPS=1355
update 30/390 | step=61440 | SPS=1365
update 40/390 | step=81920 | SPS=1353
[100016] Regime switch detected! 0 -> 1. Snapshotting anchor model.
update 50/390 | step=102400 | SPS=1343
update 60/390 | step=122880 | SPS=1339
update 70/390 | step=143360 | SPS=1351
update 80/390 | step=163840 | SPS=1346
update 90/390 | step=184320 | SPS=1356
[200016] Regime switch detected! 1 -> 0. Snapshotting anchor model.
update 100/390 | step=204800 | SPS=1365
update 110/390 | step=225280 | SPS=1363
update 120/390 | step=245760 | SPS=1370
update 130/390 | step=266240 | SPS=1379
update 140/390 | step=286720 | SPS=1387
[300016] Regime switch detected! 0 -> 1. Snapshotting anchor model.
update 150/390 | step=307200 | SPS=1394
update 160/390 | step=327680 | SPS=1397
update 170/390 | step=348160 | SPS=1390
update 180/390 | step=368640 | SPS=1383
update 190/390 | step=389120 | SPS=1383
[400016] Regime switch detected! 1 -> 0. Snapshotting anchor model.
update 200/390 | step=409600 | SPS=1382
update 210/390 | step=430080 | SPS=1387
update 220/390 | step=450560 | SPS=1386
update 230/390 | step=471040 | SPS=1382
update 240/390 | step=491520 | SPS=1378
[500016] Regime switch detected! 0 -> 1. Snapshotting anchor model.
update 250/390 | step=512000 | SPS=1376
update 260/390 | step=532480 | SPS=1375
update 270/390 | step=552960 | SPS=1376
update 280/390 | step=573440 | SPS=1373
update 290/390 | step=593920 | SPS=1374
[600016] Regime switch detected! 1 -> 0. Snapshotting anchor model.
update 300/390 | step=614400 | SPS=1378
update 310/390 | step=634880 | SPS=1380
update 320/390 | step=655360 | SPS=1381
update 330/390 | step=675840 | SPS=1382
update 340/390 | step=696320 | SPS=1381
[700016] Regime switch detected! 0 -> 1. Snapshotting anchor model.
update 350/390 | step=716800 | SPS=1384
update 360/390 | step=737280 | SPS=1384
update 370/390 | step=757760 | SPS=1382
update 380/390 | step=778240 | SPS=1380
[save] runs/calib8x8_brain_neuromod_trainable_seed4_20260701-064813/episode_11/ep11_env0_20260701-082946/inner_checkpoints/ep11_env0_update390.pt
update 390/390 | step=798720 | SPS=1377
Episode 11/30 | reward=3.2291 | avg10=4.3426 | avg_success_rate=0.9400 | steps=38 | time=604.8s
update 10/390 | step=20480 | SPS=1358
update 20/390 | step=40960 | SPS=1334
update 30/390 | step=61440 | SPS=1315
update 40/390 | step=81920 | SPS=1312
[100016] Regime switch detected! 0 -> 1. Snapshotting anchor model.
update 50/390 | step=102400 | SPS=1310
update 60/390 | step=122880 | SPS=1310
update 70/390 | step=143360 | SPS=1305
update 80/390 | step=163840 | SPS=1308
update 90/390 | step=184320 | SPS=1305
[200016] Regime switch detected! 1 -> 0. Snapshotting anchor model.
update 100/390 | step=204800 | SPS=1314
update 110/390 | step=225280 | SPS=1315
update 120/390 | step=245760 | SPS=1321
update 130/390 | step=266240 | SPS=1331
update 140/390 | step=286720 | SPS=1340
[300016] Regime switch detected! 0 -> 1. Snapshotting anchor model.
update 150/390 | step=307200 | SPS=1341
update 160/390 | step=327680 | SPS=1344
update 170/390 | step=348160 | SPS=1350
update 180/390 | step=368640 | SPS=1358
update 190/390 | step=389120 | SPS=1358
[400016] Regime switch detected! 1 -> 0. Snapshotting anchor model.
update 200/390 | step=409600 | SPS=1363
update 210/390 | step=430080 | SPS=1370
update 220/390 | step=450560 | SPS=1375
update 230/390 | step=471040 | SPS=1378
update 240/390 | step=491520 | SPS=1380
[500016] Regime switch detected! 0 -> 1. Snapshotting anchor model.
update 250/390 | step=512000 | SPS=1385
update 260/390 | step=532480 | SPS=1387
update 270/390 | step=552960 | SPS=1390
update 280/390 | step=573440 | SPS=1391
update 290/390 | step=593920 | SPS=1391
[600016] Regime switch detected! 1 -> 0. Snapshotting anchor model.
update 300/390 | step=614400 | SPS=1395
update 310/390 | step=634880 | SPS=1392
update 320/390 | step=655360 | SPS=1388
update 330/390 | step=675840 | SPS=1384
update 340/390 | step=696320 | SPS=1381
[700016] Regime switch detected! 0 -> 1. Snapshotting anchor model.
update 350/390 | step=716800 | SPS=1380
update 360/390 | step=737280 | SPS=1379
update 370/390 | step=757760 | SPS=1381
update 380/390 | step=778240 | SPS=1382
[save] runs/calib8x8_brain_neuromod_trainable_seed4_20260701-064813/episode_12/ep12_env0_20260701-083951/inner_checkpoints/ep12_env0_update390.pt
update 390/390 | step=798720 | SPS=1381
Episode 12/30 | reward=4.6003 | avg10=4.3885 | avg_success_rate=0.8500 | steps=38 | time=603.8s
update 10/390 | step=20480 | SPS=1547
update 20/390 | step=40960 | SPS=1470
update 30/390 | step=61440 | SPS=1427
update 40/390 | step=81920 | SPS=1425
[100016] Regime switch detected! 0 -> 1. Snapshotting anchor model.
update 50/390 | step=102400 | SPS=1439
update 60/390 | step=122880 | SPS=1430
update 70/390 | step=143360 | SPS=1432
update 80/390 | step=163840 | SPS=1417
update 90/390 | step=184320 | SPS=1404
[200016] Regime switch detected! 1 -> 0. Snapshotting anchor model.
update 100/390 | step=204800 | SPS=1396
update 110/390 | step=225280 | SPS=1392
update 120/390 | step=245760 | SPS=1399
update 130/390 | step=266240 | SPS=1393
update 140/390 | step=286720 | SPS=1388
[300016] Regime switch detected! 0 -> 1. Snapshotting anchor model.
update 150/390 | step=307200 | SPS=1388
update 160/390 | step=327680 | SPS=1393
update 170/390 | step=348160 | SPS=1397
update 180/390 | step=368640 | SPS=1395
update 190/390 | step=389120 | SPS=1388
[400016] Regime switch detected! 1 -> 0. Snapshotting anchor model.
update 200/390 | step=409600 | SPS=1383
update 210/390 | step=430080 | SPS=1380
update 220/390 | step=450560 | SPS=1376
update 230/390 | step=471040 | SPS=1370
update 240/390 | step=491520 | SPS=1373
[500016] Regime switch detected! 0 -> 1. Snapshotting anchor model.
update 250/390 | step=512000 | SPS=1377
update 260/390 | step=532480 | SPS=1375
update 270/390 | step=552960 | SPS=1375
update 280/390 | step=573440 | SPS=1371
update 290/390 | step=593920 | SPS=1368
[600016] Regime switch detected! 1 -> 0. Snapshotting anchor model.
update 300/390 | step=614400 | SPS=1367
update 310/390 | step=634880 | SPS=1365
update 320/390 | step=655360 | SPS=1361
update 330/390 | step=675840 | SPS=1359
update 340/390 | step=696320 | SPS=1358
[700016] Regime switch detected! 0 -> 1. Snapshotting anchor model.
update 350/390 | step=716800 | SPS=1356
update 360/390 | step=737280 | SPS=1359
update 370/390 | step=757760 | SPS=1361
update 380/390 | step=778240 | SPS=1364
[save] runs/calib8x8_brain_neuromod_trainable_seed4_20260701-064813/episode_13/ep13_env0_20260701-084954/inner_checkpoints/ep13_env0_update390.pt
update 390/390 | step=798720 | SPS=1367
Episode 13/30 | reward=3.3668 | avg10=4.3943 | avg_success_rate=0.9200 | steps=38 | time=609.3s
update 10/390 | step=20480 | SPS=1418
update 20/390 | step=40960 | SPS=1377
update 30/390 | step=61440 | SPS=1364
update 40/390 | step=81920 | SPS=1357
[100016] Regime switch detected! 0 -> 1. Snapshotting anchor model.
update 50/390 | step=102400 | SPS=1348
update 60/390 | step=122880 | SPS=1338
update 70/390 | step=143360 | SPS=1359
update 80/390 | step=163840 | SPS=1372
update 90/390 | step=184320 | SPS=1380
[200016] Regime switch detected! 1 -> 0. Snapshotting anchor model.
update 100/390 | step=204800 | SPS=1372
update 110/390 | step=225280 | SPS=1367
update 120/390 | step=245760 | SPS=1359
update 130/390 | step=266240 | SPS=1353
update 140/390 | step=286720 | SPS=1349
[300016] Regime switch detected! 0 -> 1. Snapshotting anchor model.
update 150/390 | step=307200 | SPS=1350
update 160/390 | step=327680 | SPS=1354
update 170/390 | step=348160 | SPS=1362
update 180/390 | step=368640 | SPS=1362
update 190/390 | step=389120 | SPS=1361
[400016] Regime switch detected! 1 -> 0. Snapshotting anchor model.
update 200/390 | step=409600 | SPS=1363
update 210/390 | step=430080 | SPS=1364
update 220/390 | step=450560 | SPS=1365
update 230/390 | step=471040 | SPS=1361
update 240/390 | step=491520 | SPS=1361
[500016] Regime switch detected! 0 -> 1. Snapshotting anchor model.
update 250/390 | step=512000 | SPS=1360
update 260/390 | step=532480 | SPS=1365
update 270/390 | step=552960 | SPS=1366
update 280/390 | step=573440 | SPS=1371
update 290/390 | step=593920 | SPS=1374
[600016] Regime switch detected! 1 -> 0. Snapshotting anchor model.
update 300/390 | step=614400 | SPS=1376
update 310/390 | step=634880 | SPS=1374
update 320/390 | step=655360 | SPS=1371
update 330/390 | step=675840 | SPS=1371
update 340/390 | step=696320 | SPS=1373
[700016] Regime switch detected! 0 -> 1. Snapshotting anchor model.
update 350/390 | step=716800 | SPS=1373
update 360/390 | step=737280 | SPS=1375
update 370/390 | step=757760 | SPS=1373
update 380/390 | step=778240 | SPS=1372
[save] runs/calib8x8_brain_neuromod_trainable_seed4_20260701-064813/episode_14/ep14_env0_20260701-090004/inner_checkpoints/ep14_env0_update390.pt
update 390/390 | step=798720 | SPS=1370
Episode 14/30 | reward=2.3183 | avg10=4.2136 | avg_success_rate=0.7400 | steps=38 | time=608.0s
update 10/390 | step=20480 | SPS=1497
update 20/390 | step=40960 | SPS=1413
update 30/390 | step=61440 | SPS=1378
update 40/390 | step=81920 | SPS=1363
[100016] Regime switch detected! 0 -> 1. Snapshotting anchor model.
update 50/390 | step=102400 | SPS=1353
update 60/390 | step=122880 | SPS=1342
update 70/390 | step=143360 | SPS=1338
update 80/390 | step=163840 | SPS=1333
update 90/390 | step=184320 | SPS=1328
[200016] Regime switch detected! 1 -> 0. Snapshotting anchor model.
update 100/390 | step=204800 | SPS=1323
update 110/390 | step=225280 | SPS=1322
update 120/390 | step=245760 | SPS=1319
update 130/390 | step=266240 | SPS=1317
update 140/390 | step=286720 | SPS=1317
[300016] Regime switch detected! 0 -> 1. Snapshotting anchor model.
update 150/390 | step=307200 | SPS=1318
update 160/390 | step=327680 | SPS=1322
update 170/390 | step=348160 | SPS=1322
update 180/390 | step=368640 | SPS=1319
update 190/390 | step=389120 | SPS=1317
[400016] Regime switch detected! 1 -> 0. Snapshotting anchor model.
update 200/390 | step=409600 | SPS=1318
update 210/390 | step=430080 | SPS=1323
update 220/390 | step=450560 | SPS=1329
update 230/390 | step=471040 | SPS=1332
update 240/390 | step=491520 | SPS=1331
[500016] Regime switch detected! 0 -> 1. Snapshotting anchor model.
update 250/390 | step=512000 | SPS=1328
update 260/390 | step=532480 | SPS=1326
update 270/390 | step=552960 | SPS=1325
update 280/390 | step=573440 | SPS=1324
update 290/390 | step=593920 | SPS=1323
[600016] Regime switch detected! 1 -> 0. Snapshotting anchor model.
update 300/390 | step=614400 | SPS=1322
update 310/390 | step=634880 | SPS=1321
update 320/390 | step=655360 | SPS=1321
update 330/390 | step=675840 | SPS=1320
update 340/390 | step=696320 | SPS=1321
[700016] Regime switch detected! 0 -> 1. Snapshotting anchor model.
update 350/390 | step=716800 | SPS=1323
update 360/390 | step=737280 | SPS=1323
update 370/390 | step=757760 | SPS=1324
update 380/390 | step=778240 | SPS=1323
[save] runs/calib8x8_brain_neuromod_trainable_seed4_20260701-064813/episode_15/ep15_env0_20260701-091012/inner_checkpoints/ep15_env0_update390.pt
update 390/390 | step=798720 | SPS=1322
Episode 15/30 | reward=6.0409 | avg10=4.3346 | avg_success_rate=0.9800 | steps=38 | time=629.5s
update 10/390 | step=20480 | SPS=1400
update 20/390 | step=40960 | SPS=1385
update 30/390 | step=61440 | SPS=1365
update 40/390 | step=81920 | SPS=1352
[100016] Regime switch detected! 0 -> 1. Snapshotting anchor model.
update 50/390 | step=102400 | SPS=1343
update 60/390 | step=122880 | SPS=1331
update 70/390 | step=143360 | SPS=1324
update 80/390 | step=163840 | SPS=1327
update 90/390 | step=184320 | SPS=1323
[200016] Regime switch detected! 1 -> 0. Snapshotting anchor model.
update 100/390 | step=204800 | SPS=1326
update 110/390 | step=225280 | SPS=1332
update 120/390 | step=245760 | SPS=1337
update 130/390 | step=266240 | SPS=1346
update 140/390 | step=286720 | SPS=1356
[300016] Regime switch detected! 0 -> 1. Snapshotting anchor model.
update 150/390 | step=307200 | SPS=1364
update 160/390 | step=327680 | SPS=1371
update 170/390 | step=348160 | SPS=1378
update 180/390 | step=368640 | SPS=1379
update 190/390 | step=389120 | SPS=1373
[400016] Regime switch detected! 1 -> 0. Snapshotting anchor model.
update 200/390 | step=409600 | SPS=1370
update 210/390 | step=430080 | SPS=1367
update 220/390 | step=450560 | SPS=1362
update 230/390 | step=471040 | SPS=1361
update 240/390 | step=491520 | SPS=1362
[500016] Regime switch detected! 0 -> 1. Snapshotting anchor model.
update 250/390 | step=512000 | SPS=1361
update 260/390 | step=532480 | SPS=1360
update 270/390 | step=552960 | SPS=1357
update 280/390 | step=573440 | SPS=1355
update 290/390 | step=593920 | SPS=1353
[600016] Regime switch detected! 1 -> 0. Snapshotting anchor model.
update 300/390 | step=614400 | SPS=1351
update 310/390 | step=634880 | SPS=1351
update 320/390 | step=655360 | SPS=1354
update 330/390 | step=675840 | SPS=1357
update 340/390 | step=696320 | SPS=1357
[700016] Regime switch detected! 0 -> 1. Snapshotting anchor model.
update 350/390 | step=716800 | SPS=1359
update 360/390 | step=737280 | SPS=1362
update 370/390 | step=757760 | SPS=1362
update 380/390 | step=778240 | SPS=1360
[save] runs/calib8x8_brain_neuromod_trainable_seed4_20260701-064813/episode_16/ep16_env0_20260701-092041/inner_checkpoints/ep16_env0_update390.pt
update 390/390 | step=798720 | SPS=1359
Episode 16/30 | reward=2.6094 | avg10=4.0629 | avg_success_rate=0.8700 | steps=38 | time=613.7s
update 10/390 | step=20480 | SPS=1392
update 20/390 | step=40960 | SPS=1360
update 30/390 | step=61440 | SPS=1329
update 40/390 | step=81920 | SPS=1325
[100016] Regime switch detected! 0 -> 1. Snapshotting anchor model.
update 50/390 | step=102400 | SPS=1322
update 60/390 | step=122880 | SPS=1322
update 70/390 | step=143360 | SPS=1314
update 80/390 | step=163840 | SPS=1315
update 90/390 | step=184320 | SPS=1316
[200016] Regime switch detected! 1 -> 0. Snapshotting anchor model.
update 100/390 | step=204800 | SPS=1321
update 110/390 | step=225280 | SPS=1319
update 120/390 | step=245760 | SPS=1317
update 130/390 | step=266240 | SPS=1320
update 140/390 | step=286720 | SPS=1329
[300016] Regime switch detected! 0 -> 1. Snapshotting anchor model.
update 150/390 | step=307200 | SPS=1339
update 160/390 | step=327680 | SPS=1349
update 170/390 | step=348160 | SPS=1352
update 180/390 | step=368640 | SPS=1349
update 190/390 | step=389120 | SPS=1345
[400016] Regime switch detected! 1 -> 0. Snapshotting anchor model.
update 200/390 | step=409600 | SPS=1345
update 210/390 | step=430080 | SPS=1344
update 220/390 | step=450560 | SPS=1347
update 230/390 | step=471040 | SPS=1348
update 240/390 | step=491520 | SPS=1345
[500016] Regime switch detected! 0 -> 1. Snapshotting anchor model.
update 250/390 | step=512000 | SPS=1347
update 260/390 | step=532480 | SPS=1349
update 270/390 | step=552960 | SPS=1348
update 280/390 | step=573440 | SPS=1346
update 290/390 | step=593920 | SPS=1344
[600016] Regime switch detected! 1 -> 0. Snapshotting anchor model.
update 300/390 | step=614400 | SPS=1347
update 310/390 | step=634880 | SPS=1350
update 320/390 | step=655360 | SPS=1354
update 330/390 | step=675840 | SPS=1353
update 340/390 | step=696320 | SPS=1352
[700016] Regime switch detected! 0 -> 1. Snapshotting anchor model.
update 350/390 | step=716800 | SPS=1351
update 360/390 | step=737280 | SPS=1349
update 370/390 | step=757760 | SPS=1351
update 380/390 | step=778240 | SPS=1351
[save] runs/calib8x8_brain_neuromod_trainable_seed4_20260701-064813/episode_17/ep17_env0_20260701-093055/inner_checkpoints/ep17_env0_update390.pt
update 390/390 | step=798720 | SPS=1352
Episode 17/30 | reward=5.1175 | avg10=4.2926 | avg_success_rate=0.6900 | steps=38 | time=615.9s
update 10/390 | step=20480 | SPS=1430
update 20/390 | step=40960 | SPS=1386
update 30/390 | step=61440 | SPS=1344
update 40/390 | step=81920 | SPS=1335
[100016] Regime switch detected! 0 -> 1. Snapshotting anchor model.
update 50/390 | step=102400 | SPS=1332
update 60/390 | step=122880 | SPS=1333
update 70/390 | step=143360 | SPS=1331
update 80/390 | step=163840 | SPS=1350
update 90/390 | step=184320 | SPS=1367
[200016] Regime switch detected! 1 -> 0. Snapshotting anchor model.
update 100/390 | step=204800 | SPS=1376
update 110/390 | step=225280 | SPS=1384
update 120/390 | step=245760 | SPS=1391
update 130/390 | step=266240 | SPS=1396
update 140/390 | step=286720 | SPS=1397
[300016] Regime switch detected! 0 -> 1. Snapshotting anchor model.
update 150/390 | step=307200 | SPS=1392
update 160/390 | step=327680 | SPS=1390
update 170/390 | step=348160 | SPS=1393
update 180/390 | step=368640 | SPS=1392
update 190/390 | step=389120 | SPS=1396
[400016] Regime switch detected! 1 -> 0. Snapshotting anchor model.
update 200/390 | step=409600 | SPS=1389
update 210/390 | step=430080 | SPS=1385
update 220/390 | step=450560 | SPS=1386
update 230/390 | step=471040 | SPS=1389
update 240/390 | step=491520 | SPS=1385
[500016] Regime switch detected! 0 -> 1. Snapshotting anchor model.
update 250/390 | step=512000 | SPS=1384
update 260/390 | step=532480 | SPS=1387
update 270/390 | step=552960 | SPS=1391
update 280/390 | step=573440 | SPS=1388
update 290/390 | step=593920 | SPS=1383
[600016] Regime switch detected! 1 -> 0. Snapshotting anchor model.
update 300/390 | step=614400 | SPS=1382
update 310/390 | step=634880 | SPS=1385
update 320/390 | step=655360 | SPS=1387
update 330/390 | step=675840 | SPS=1390
update 340/390 | step=696320 | SPS=1391
[700016] Regime switch detected! 0 -> 1. Snapshotting anchor model.
update 350/390 | step=716800 | SPS=1390
update 360/390 | step=737280 | SPS=1389
update 370/390 | step=757760 | SPS=1387
update 380/390 | step=778240 | SPS=1383
[save] runs/calib8x8_brain_neuromod_trainable_seed4_20260701-064813/episode_18/ep18_env0_20260701-094111/inner_checkpoints/ep18_env0_update390.pt
update 390/390 | step=798720 | SPS=1381
Episode 18/30 | reward=2.6093 | avg10=3.9971 | avg_success_rate=1.0000 | steps=38 | time=603.4s
update 10/390 | step=20480 | SPS=1312
update 20/390 | step=40960 | SPS=1312
update 30/390 | step=61440 | SPS=1301
update 40/390 | step=81920 | SPS=1309
[100016] Regime switch detected! 0 -> 1. Snapshotting anchor model.
update 50/390 | step=102400 | SPS=1315
update 60/390 | step=122880 | SPS=1316
update 70/390 | step=143360 | SPS=1317
update 80/390 | step=163840 | SPS=1327
update 90/390 | step=184320 | SPS=1336
[200016] Regime switch detected! 1 -> 0. Snapshotting anchor model.
update 100/390 | step=204800 | SPS=1328
update 110/390 | step=225280 | SPS=1325
update 120/390 | step=245760 | SPS=1325
update 130/390 | step=266240 | SPS=1323
update 140/390 | step=286720 | SPS=1334
[300016] Regime switch detected! 0 -> 1. Snapshotting anchor model.
update 150/390 | step=307200 | SPS=1342
update 160/390 | step=327680 | SPS=1348
update 170/390 | step=348160 | SPS=1356
update 180/390 | step=368640 | SPS=1362
update 190/390 | step=389120 | SPS=1367
[400016] Regime switch detected! 1 -> 0. Snapshotting anchor model.
update 200/390 | step=409600 | SPS=1371
update 210/390 | step=430080 | SPS=1378
update 220/390 | step=450560 | SPS=1382
update 230/390 | step=471040 | SPS=1384
update 240/390 | step=491520 | SPS=1381
[500016] Regime switch detected! 0 -> 1. Snapshotting anchor model.
update 250/390 | step=512000 | SPS=1385
update 260/390 | step=532480 | SPS=1387
update 270/390 | step=552960 | SPS=1390
update 280/390 | step=573440 | SPS=1392
update 290/390 | step=593920 | SPS=1393
[600016] Regime switch detected! 1 -> 0. Snapshotting anchor model.
update 300/390 | step=614400 | SPS=1397
update 310/390 | step=634880 | SPS=1397
update 320/390 | step=655360 | SPS=1399
update 330/390 | step=675840 | SPS=1401
update 340/390 | step=696320 | SPS=1404
[700016] Regime switch detected! 0 -> 1. Snapshotting anchor model.
update 350/390 | step=716800 | SPS=1407
update 360/390 | step=737280 | SPS=1410
update 370/390 | step=757760 | SPS=1409
update 380/390 | step=778240 | SPS=1408
[save] runs/calib8x8_brain_neuromod_trainable_seed4_20260701-064813/episode_19/ep19_env0_20260701-095114/inner_checkpoints/ep19_env0_update390.pt
update 390/390 | step=798720 | SPS=1406
Episode 19/30 | reward=5.1716 | avg10=4.0206 | avg_success_rate=0.9600 | steps=38 | time=592.6s
update 10/390 | step=20480 | SPS=1475
update 20/390 | step=40960 | SPS=1419
update 30/390 | step=61440 | SPS=1417
update 40/390 | step=81920 | SPS=1393
[100016] Regime switch detected! 0 -> 1. Snapshotting anchor model.
update 50/390 | step=102400 | SPS=1401
update 60/390 | step=122880 | SPS=1415
update 70/390 | step=143360 | SPS=1415
update 80/390 | step=163840 | SPS=1427
update 90/390 | step=184320 | SPS=1419
[200016] Regime switch detected! 1 -> 0. Snapshotting anchor model.
update 100/390 | step=204800 | SPS=1409
update 110/390 | step=225280 | SPS=1411
update 120/390 | step=245760 | SPS=1418
update 130/390 | step=266240 | SPS=1419
update 140/390 | step=286720 | SPS=1417
[300016] Regime switch detected! 0 -> 1. Snapshotting anchor model.
update 150/390 | step=307200 | SPS=1411
update 160/390 | step=327680 | SPS=1405
update 170/390 | step=348160 | SPS=1406
update 180/390 | step=368640 | SPS=1410
update 190/390 | step=389120 | SPS=1406
[400016] Regime switch detected! 1 -> 0. Snapshotting anchor model.
update 200/390 | step=409600 | SPS=1410
update 210/390 | step=430080 | SPS=1414
update 220/390 | step=450560 | SPS=1409
update 230/390 | step=471040 | SPS=1404
update 240/390 | step=491520 | SPS=1400
[500016] Regime switch detected! 0 -> 1. Snapshotting anchor model.
update 250/390 | step=512000 | SPS=1397
update 260/390 | step=532480 | SPS=1393
update 270/390 | step=552960 | SPS=1390
update 280/390 | step=573440 | SPS=1387
update 290/390 | step=593920 | SPS=1384
[600016] Regime switch detected! 1 -> 0. Snapshotting anchor model.
update 300/390 | step=614400 | SPS=1380
update 310/390 | step=634880 | SPS=1376
update 320/390 | step=655360 | SPS=1374
update 330/390 | step=675840 | SPS=1371
update 340/390 | step=696320 | SPS=1370
[700016] Regime switch detected! 0 -> 1. Snapshotting anchor model.
update 350/390 | step=716800 | SPS=1371
update 360/390 | step=737280 | SPS=1369
update 370/390 | step=757760 | SPS=1369
update 380/390 | step=778240 | SPS=1367
[save] runs/calib8x8_brain_neuromod_trainable_seed4_20260701-064813/episode_20/ep20_env0_20260701-100107/inner_checkpoints/ep20_env0_update390.pt
update 390/390 | step=798720 | SPS=1365
Episode 20/30 | reward=2.2900 | avg10=3.7353 | avg_success_rate=0.8100 | steps=38 | time=610.1s
update 10/390 | step=20480 | SPS=1481
update 20/390 | step=40960 | SPS=1398
update 30/390 | step=61440 | SPS=1371
update 40/390 | step=81920 | SPS=1383
[100016] Regime switch detected! 0 -> 1. Snapshotting anchor model.
update 50/390 | step=102400 | SPS=1375
update 60/390 | step=122880 | SPS=1384
update 70/390 | step=143360 | SPS=1396
update 80/390 | step=163840 | SPS=1397
update 90/390 | step=184320 | SPS=1390
[200016] Regime switch detected! 1 -> 0. Snapshotting anchor model.
update 100/390 | step=204800 | SPS=1386
update 110/390 | step=225280 | SPS=1393
update 120/390 | step=245760 | SPS=1396
update 130/390 | step=266240 | SPS=1389
update 140/390 | step=286720 | SPS=1383
[300016] Regime switch detected! 0 -> 1. Snapshotting anchor model.
update 150/390 | step=307200 | SPS=1382
update 160/390 | step=327680 | SPS=1387
update 170/390 | step=348160 | SPS=1389
update 180/390 | step=368640 | SPS=1382
update 190/390 | step=389120 | SPS=1379
[400016] Regime switch detected! 1 -> 0. Snapshotting anchor model.
update 200/390 | step=409600 | SPS=1374
update 210/390 | step=430080 | SPS=1371
update 220/390 | step=450560 | SPS=1366
update 230/390 | step=471040 | SPS=1364
update 240/390 | step=491520 | SPS=1362
[500016] Regime switch detected! 0 -> 1. Snapshotting anchor model.
update 250/390 | step=512000 | SPS=1360
update 260/390 | step=532480 | SPS=1359
update 270/390 | step=552960 | SPS=1358
update 280/390 | step=573440 | SPS=1355
update 290/390 | step=593920 | SPS=1353
[600016] Regime switch detected! 1 -> 0. Snapshotting anchor model.
update 300/390 | step=614400 | SPS=1356
update 310/390 | step=634880 | SPS=1360
update 320/390 | step=655360 | SPS=1360
update 330/390 | step=675840 | SPS=1357
update 340/390 | step=696320 | SPS=1356
[700016] Regime switch detected! 0 -> 1. Snapshotting anchor model.
update 350/390 | step=716800 | SPS=1354
update 360/390 | step=737280 | SPS=1353
update 370/390 | step=757760 | SPS=1352
update 380/390 | step=778240 | SPS=1349
[save] runs/calib8x8_brain_neuromod_trainable_seed4_20260701-064813/episode_21/ep21_env0_20260701-101117/inner_checkpoints/ep21_env0_update390.pt
update 390/390 | step=798720 | SPS=1348
Episode 21/30 | reward=2.9535 | avg10=3.7078 | avg_success_rate=0.8900 | steps=38 | time=618.0s
update 10/390 | step=20480 | SPS=1336
update 20/390 | step=40960 | SPS=1341
update 30/390 | step=61440 | SPS=1376
update 40/390 | step=81920 | SPS=1408
[100016] Regime switch detected! 0 -> 1. Snapshotting anchor model.
update 50/390 | step=102400 | SPS=1394
update 60/390 | step=122880 | SPS=1374
update 70/390 | step=143360 | SPS=1361
update 80/390 | step=163840 | SPS=1354
update 90/390 | step=184320 | SPS=1348
[200016] Regime switch detected! 1 -> 0. Snapshotting anchor model.
update 100/390 | step=204800 | SPS=1350
update 110/390 | step=225280 | SPS=1351
update 120/390 | step=245760 | SPS=1345
update 130/390 | step=266240 | SPS=1342
update 140/390 | step=286720 | SPS=1342
[300016] Regime switch detected! 0 -> 1. Snapshotting anchor model.
update 150/390 | step=307200 | SPS=1340
update 160/390 | step=327680 | SPS=1336
update 170/390 | step=348160 | SPS=1333
update 180/390 | step=368640 | SPS=1330
update 190/390 | step=389120 | SPS=1326
[400016] Regime switch detected! 1 -> 0. Snapshotting anchor model.
update 200/390 | step=409600 | SPS=1324
update 210/390 | step=430080 | SPS=1331
update 220/390 | step=450560 | SPS=1331
update 230/390 | step=471040 | SPS=1331
update 240/390 | step=491520 | SPS=1331
[500016] Regime switch detected! 0 -> 1. Snapshotting anchor model.
update 250/390 | step=512000 | SPS=1331
update 260/390 | step=532480 | SPS=1330
update 270/390 | step=552960 | SPS=1330
update 280/390 | step=573440 | SPS=1328
update 290/390 | step=593920 | SPS=1329
[600016] Regime switch detected! 1 -> 0. Snapshotting anchor model.
update 300/390 | step=614400 | SPS=1335
update 310/390 | step=634880 | SPS=1335
update 320/390 | step=655360 | SPS=1338
update 330/390 | step=675840 | SPS=1341
update 340/390 | step=696320 | SPS=1342
[700016] Regime switch detected! 0 -> 1. Snapshotting anchor model.
update 350/390 | step=716800 | SPS=1343
update 360/390 | step=737280 | SPS=1345
update 370/390 | step=757760 | SPS=1348
update 380/390 | step=778240 | SPS=1351
[save] runs/calib8x8_brain_neuromod_trainable_seed4_20260701-064813/episode_22/ep22_env0_20260701-102135/inner_checkpoints/ep22_env0_update390.pt
update 390/390 | step=798720 | SPS=1353
Episode 22/30 | reward=3.9896 | avg10=3.6467 | avg_success_rate=0.7400 | steps=38 | time=615.8s
update 10/390 | step=20480 | SPS=1586
update 20/390 | step=40960 | SPS=1473
update 30/390 | step=61440 | SPS=1411
update 40/390 | step=81920 | SPS=1383
[100016] Regime switch detected! 0 -> 1. Snapshotting anchor model.
update 50/390 | step=102400 | SPS=1365
update 60/390 | step=122880 | SPS=1358
update 70/390 | step=143360 | SPS=1366
update 80/390 | step=163840 | SPS=1361
update 90/390 | step=184320 | SPS=1369
[200016] Regime switch detected! 1 -> 0. Snapshotting anchor model.
update 100/390 | step=204800 | SPS=1380
update 110/390 | step=225280 | SPS=1377
update 120/390 | step=245760 | SPS=1377
update 130/390 | step=266240 | SPS=1382
update 140/390 | step=286720 | SPS=1377
[300016] Regime switch detected! 0 -> 1. Snapshotting anchor model.
update 150/390 | step=307200 | SPS=1370
update 160/390 | step=327680 | SPS=1375
update 170/390 | step=348160 | SPS=1371
update 180/390 | step=368640 | SPS=1369
update 190/390 | step=389120 | SPS=1374
[400016] Regime switch detected! 1 -> 0. Snapshotting anchor model.
update 200/390 | step=409600 | SPS=1380
update 210/390 | step=430080 | SPS=1383
update 220/390 | step=450560 | SPS=1379
update 230/390 | step=471040 | SPS=1375
update 240/390 | step=491520 | SPS=1372
[500016] Regime switch detected! 0 -> 1. Snapshotting anchor model.
update 250/390 | step=512000 | SPS=1372
update 260/390 | step=532480 | SPS=1370
update 270/390 | step=552960 | SPS=1368
update 280/390 | step=573440 | SPS=1365
update 290/390 | step=593920 | SPS=1362
[600016] Regime switch detected! 1 -> 0. Snapshotting anchor model.
update 300/390 | step=614400 | SPS=1359
update 310/390 | step=634880 | SPS=1357
update 320/390 | step=655360 | SPS=1356
update 330/390 | step=675840 | SPS=1353
update 340/390 | step=696320 | SPS=1352
[700016] Regime switch detected! 0 -> 1. Snapshotting anchor model.
update 350/390 | step=716800 | SPS=1354
update 360/390 | step=737280 | SPS=1352
update 370/390 | step=757760 | SPS=1352
update 380/390 | step=778240 | SPS=1354
[save] runs/calib8x8_brain_neuromod_trainable_seed4_20260701-064813/episode_23/ep23_env0_20260701-103151/inner_checkpoints/ep23_env0_update390.pt
update 390/390 | step=798720 | SPS=1355
Episode 23/30 | reward=0.3347 | avg10=3.3435 | avg_success_rate=0.6500 | steps=38 | time=614.7s
update 10/390 | step=20480 | SPS=1317
update 20/390 | step=40960 | SPS=1312
update 30/390 | step=61440 | SPS=1325
update 40/390 | step=81920 | SPS=1367
[100016] Regime switch detected! 0 -> 1. Snapshotting anchor model.
update 50/390 | step=102400 | SPS=1393
update 60/390 | step=122880 | SPS=1414
update 70/390 | step=143360 | SPS=1428
update 80/390 | step=163840 | SPS=1429
update 90/390 | step=184320 | SPS=1431
[200016] Regime switch detected! 1 -> 0. Snapshotting anchor model.
update 100/390 | step=204800 | SPS=1419
update 110/390 | step=225280 | SPS=1419
update 120/390 | step=245760 | SPS=1421
update 130/390 | step=266240 | SPS=1414
update 140/390 | step=286720 | SPS=1406
[300016] Regime switch detected! 0 -> 1. Snapshotting anchor model.
update 150/390 | step=307200 | SPS=1399
update 160/390 | step=327680 | SPS=1400
update 170/390 | step=348160 | SPS=1406
update 180/390 | step=368640 | SPS=1408
update 190/390 | step=389120 | SPS=1410
[400016] Regime switch detected! 1 -> 0. Snapshotting anchor model.
update 200/390 | step=409600 | SPS=1404
update 210/390 | step=430080 | SPS=1403
update 220/390 | step=450560 | SPS=1400
update 230/390 | step=471040 | SPS=1395
update 240/390 | step=491520 | SPS=1392
[500016] Regime switch detected! 0 -> 1. Snapshotting anchor model.
update 250/390 | step=512000 | SPS=1389
update 260/390 | step=532480 | SPS=1387
update 270/390 | step=552960 | SPS=1384
update 280/390 | step=573440 | SPS=1382
update 290/390 | step=593920 | SPS=1380
[600016] Regime switch detected! 1 -> 0. Snapshotting anchor model.
update 300/390 | step=614400 | SPS=1378
update 310/390 | step=634880 | SPS=1375
update 320/390 | step=655360 | SPS=1374
update 330/390 | step=675840 | SPS=1372
update 340/390 | step=696320 | SPS=1374
[700016] Regime switch detected! 0 -> 1. Snapshotting anchor model.
update 350/390 | step=716800 | SPS=1372
update 360/390 | step=737280 | SPS=1375
update 370/390 | step=757760 | SPS=1379
update 380/390 | step=778240 | SPS=1380
[save] runs/calib8x8_brain_neuromod_trainable_seed4_20260701-064813/episode_24/ep24_env0_20260701-104205/inner_checkpoints/ep24_env0_update390.pt
update 390/390 | step=798720 | SPS=1381
Episode 24/30 | reward=2.8176 | avg10=3.3934 | avg_success_rate=0.9300 | steps=38 | time=601.5s
update 10/390 | step=20480 | SPS=1354
update 20/390 | step=40960 | SPS=1364
update 30/390 | step=61440 | SPS=1349
update 40/390 | step=81920 | SPS=1358
[100016] Regime switch detected! 0 -> 1. Snapshotting anchor model.
update 50/390 | step=102400 | SPS=1362
update 60/390 | step=122880 | SPS=1354
update 70/390 | step=143360 | SPS=1351
update 80/390 | step=163840 | SPS=1352
update 90/390 | step=184320 | SPS=1348
[200016] Regime switch detected! 1 -> 0. Snapshotting anchor model.
update 100/390 | step=204800 | SPS=1347
update 110/390 | step=225280 | SPS=1343
update 120/390 | step=245760 | SPS=1338
update 130/390 | step=266240 | SPS=1337
update 140/390 | step=286720 | SPS=1335
[300016] Regime switch detected! 0 -> 1. Snapshotting anchor model.
update 150/390 | step=307200 | SPS=1335
update 160/390 | step=327680 | SPS=1332
update 170/390 | step=348160 | SPS=1333
update 180/390 | step=368640 | SPS=1333
update 190/390 | step=389120 | SPS=1338
[400016] Regime switch detected! 1 -> 0. Snapshotting anchor model.
update 200/390 | step=409600 | SPS=1345
update 210/390 | step=430080 | SPS=1350
update 220/390 | step=450560 | SPS=1356
update 230/390 | step=471040 | SPS=1359
update 240/390 | step=491520 | SPS=1365
[500016] Regime switch detected! 0 -> 1. Snapshotting anchor model.
update 250/390 | step=512000 | SPS=1370
update 260/390 | step=532480 | SPS=1376
update 270/390 | step=552960 | SPS=1380
update 280/390 | step=573440 | SPS=1378
update 290/390 | step=593920 | SPS=1380
[600016] Regime switch detected! 1 -> 0. Snapshotting anchor model.
update 300/390 | step=614400 | SPS=1384
update 310/390 | step=634880 | SPS=1387
update 320/390 | step=655360 | SPS=1386
update 330/390 | step=675840 | SPS=1388
update 340/390 | step=696320 | SPS=1392
[700016] Regime switch detected! 0 -> 1. Snapshotting anchor model.
update 350/390 | step=716800 | SPS=1393
update 360/390 | step=737280 | SPS=1393
update 370/390 | step=757760 | SPS=1395
update 380/390 | step=778240 | SPS=1394
[save] runs/calib8x8_brain_neuromod_trainable_seed4_20260701-064813/episode_25/ep25_env0_20260701-105207/inner_checkpoints/ep25_env0_update390.pt
update 390/390 | step=798720 | SPS=1395
Episode 25/30 | reward=4.4083 | avg10=3.2302 | avg_success_rate=0.9600 | steps=38 | time=595.8s
update 10/390 | step=20480 | SPS=1362
update 20/390 | step=40960 | SPS=1376
update 30/390 | step=61440 | SPS=1362
update 40/390 | step=81920 | SPS=1366
[100016] Regime switch detected! 0 -> 1. Snapshotting anchor model.
update 50/390 | step=102400 | SPS=1362
update 60/390 | step=122880 | SPS=1362
update 70/390 | step=143360 | SPS=1371
update 80/390 | step=163840 | SPS=1383
update 90/390 | step=184320 | SPS=1388
[200016] Regime switch detected! 1 -> 0. Snapshotting anchor model.
update 100/390 | step=204800 | SPS=1394
update 110/390 | step=225280 | SPS=1400
update 120/390 | step=245760 | SPS=1393
update 130/390 | step=266240 | SPS=1392
update 140/390 | step=286720 | SPS=1386
[300016] Regime switch detected! 0 -> 1. Snapshotting anchor model.
update 150/390 | step=307200 | SPS=1379
update 160/390 | step=327680 | SPS=1380
update 170/390 | step=348160 | SPS=1378
update 180/390 | step=368640 | SPS=1375
update 190/390 | step=389120 | SPS=1371
[400016] Regime switch detected! 1 -> 0. Snapshotting anchor model.
update 200/390 | step=409600 | SPS=1369
update 210/390 | step=430080 | SPS=1367
update 220/390 | step=450560 | SPS=1364
update 230/390 | step=471040 | SPS=1361
update 240/390 | step=491520 | SPS=1360
[500016] Regime switch detected! 0 -> 1. Snapshotting anchor model.
update 250/390 | step=512000 | SPS=1358
update 260/390 | step=532480 | SPS=1354
update 270/390 | step=552960 | SPS=1352
update 280/390 | step=573440 | SPS=1349
update 290/390 | step=593920 | SPS=1347
[600016] Regime switch detected! 1 -> 0. Snapshotting anchor model.
update 300/390 | step=614400 | SPS=1350
update 310/390 | step=634880 | SPS=1351
update 320/390 | step=655360 | SPS=1348
update 330/390 | step=675840 | SPS=1346
update 340/390 | step=696320 | SPS=1344
[700016] Regime switch detected! 0 -> 1. Snapshotting anchor model.
update 350/390 | step=716800 | SPS=1344
update 360/390 | step=737280 | SPS=1342
update 370/390 | step=757760 | SPS=1341
update 380/390 | step=778240 | SPS=1341
[save] runs/calib8x8_brain_neuromod_trainable_seed4_20260701-064813/episode_26/ep26_env0_20260701-110203/inner_checkpoints/ep26_env0_update390.pt
update 390/390 | step=798720 | SPS=1339
Episode 26/30 | reward=5.1303 | avg10=3.4822 | avg_success_rate=0.8800 | steps=38 | time=621.6s
update 10/390 | step=20480 | SPS=1384
update 20/390 | step=40960 | SPS=1395
update 30/390 | step=61440 | SPS=1419
update 40/390 | step=81920 | SPS=1434
[100016] Regime switch detected! 0 -> 1. Snapshotting anchor model.
update 50/390 | step=102400 | SPS=1403
update 60/390 | step=122880 | SPS=1386
update 70/390 | step=143360 | SPS=1370
update 80/390 | step=163840 | SPS=1359
update 90/390 | step=184320 | SPS=1352
[200016] Regime switch detected! 1 -> 0. Snapshotting anchor model.
update 100/390 | step=204800 | SPS=1346
update 110/390 | step=225280 | SPS=1343
update 120/390 | step=245760 | SPS=1340
update 130/390 | step=266240 | SPS=1337
update 140/390 | step=286720 | SPS=1339
[300016] Regime switch detected! 0 -> 1. Snapshotting anchor model.
update 150/390 | step=307200 | SPS=1347
update 160/390 | step=327680 | SPS=1354
update 170/390 | step=348160 | SPS=1360
update 180/390 | step=368640 | SPS=1368
update 190/390 | step=389120 | SPS=1367
[400016] Regime switch detected! 1 -> 0. Snapshotting anchor model.
update 200/390 | step=409600 | SPS=1362
update 210/390 | step=430080 | SPS=1359
update 220/390 | step=450560 | SPS=1361
update 230/390 | step=471040 | SPS=1358
update 240/390 | step=491520 | SPS=1356
[500016] Regime switch detected! 0 -> 1. Snapshotting anchor model.
update 250/390 | step=512000 | SPS=1353
update 260/390 | step=532480 | SPS=1351
update 270/390 | step=552960 | SPS=1350
update 280/390 | step=573440 | SPS=1348
update 290/390 | step=593920 | SPS=1347
[600016] Regime switch detected! 1 -> 0. Snapshotting anchor model.
update 300/390 | step=614400 | SPS=1346
update 310/390 | step=634880 | SPS=1345
update 320/390 | step=655360 | SPS=1343
update 330/390 | step=675840 | SPS=1342
update 340/390 | step=696320 | SPS=1342
[700016] Regime switch detected! 0 -> 1. Snapshotting anchor model.
update 350/390 | step=716800 | SPS=1340
update 360/390 | step=737280 | SPS=1338
update 370/390 | step=757760 | SPS=1336
update 380/390 | step=778240 | SPS=1336
[save] runs/calib8x8_brain_neuromod_trainable_seed4_20260701-064813/episode_27/ep27_env0_20260701-111224/inner_checkpoints/ep27_env0_update390.pt
update 390/390 | step=798720 | SPS=1337
Episode 27/30 | reward=4.2271 | avg10=3.3932 | avg_success_rate=0.8100 | steps=38 | time=622.7s
update 10/390 | step=20480 | SPS=1319
update 20/390 | step=40960 | SPS=1336
update 30/390 | step=61440 | SPS=1354
update 40/390 | step=81920 | SPS=1389
[100016] Regime switch detected! 0 -> 1. Snapshotting anchor model.
update 50/390 | step=102400 | SPS=1376
update 60/390 | step=122880 | SPS=1371
update 70/390 | step=143360 | SPS=1359
update 80/390 | step=163840 | SPS=1351
update 90/390 | step=184320 | SPS=1356
[200016] Regime switch detected! 1 -> 0. Snapshotting anchor model.
update 100/390 | step=204800 | SPS=1370
update 110/390 | step=225280 | SPS=1378
update 120/390 | step=245760 | SPS=1387
update 130/390 | step=266240 | SPS=1395
update 140/390 | step=286720 | SPS=1390
[300016] Regime switch detected! 0 -> 1. Snapshotting anchor model.
update 150/390 | step=307200 | SPS=1388
update 160/390 | step=327680 | SPS=1390
update 170/390 | step=348160 | SPS=1393
update 180/390 | step=368640 | SPS=1395
update 190/390 | step=389120 | SPS=1392
[400016] Regime switch detected! 1 -> 0. Snapshotting anchor model.
update 200/390 | step=409600 | SPS=1391
update 210/390 | step=430080 | SPS=1388
update 220/390 | step=450560 | SPS=1390
update 230/390 | step=471040 | SPS=1391
update 240/390 | step=491520 | SPS=1387
[500016] Regime switch detected! 0 -> 1. Snapshotting anchor model.
update 250/390 | step=512000 | SPS=1388
update 260/390 | step=532480 | SPS=1392
update 270/390 | step=552960 | SPS=1396
update 280/390 | step=573440 | SPS=1398
update 290/390 | step=593920 | SPS=1397
[600016] Regime switch detected! 1 -> 0. Snapshotting anchor model.
update 300/390 | step=614400 | SPS=1400
update 310/390 | step=634880 | SPS=1402
update 320/390 | step=655360 | SPS=1404
update 330/390 | step=675840 | SPS=1405
update 340/390 | step=696320 | SPS=1404
[700016] Regime switch detected! 0 -> 1. Snapshotting anchor model.
update 350/390 | step=716800 | SPS=1402
update 360/390 | step=737280 | SPS=1399
update 370/390 | step=757760 | SPS=1397
update 380/390 | step=778240 | SPS=1400
[save] runs/calib8x8_brain_neuromod_trainable_seed4_20260701-064813/episode_28/ep28_env0_20260701-112247/inner_checkpoints/ep28_env0_update390.pt
update 390/390 | step=798720 | SPS=1402
Episode 28/30 | reward=3.5622 | avg10=3.4885 | avg_success_rate=0.6400 | steps=38 | time=594.8s
update 10/390 | step=20480 | SPS=1529
update 20/390 | step=40960 | SPS=1526
update 30/390 | step=61440 | SPS=1507
update 40/390 | step=81920 | SPS=1454
[100016] Regime switch detected! 0 -> 1. Snapshotting anchor model.
update 50/390 | step=102400 | SPS=1424
update 60/390 | step=122880 | SPS=1404
update 70/390 | step=143360 | SPS=1384
update 80/390 | step=163840 | SPS=1374
update 90/390 | step=184320 | SPS=1371
[200016] Regime switch detected! 1 -> 0. Snapshotting anchor model.
update 100/390 | step=204800 | SPS=1379
update 110/390 | step=225280 | SPS=1389
update 120/390 | step=245760 | SPS=1398
update 130/390 | step=266240 | SPS=1401
update 140/390 | step=286720 | SPS=1406
[300016] Regime switch detected! 0 -> 1. Snapshotting anchor model.
update 150/390 | step=307200 | SPS=1403
update 160/390 | step=327680 | SPS=1397
update 170/390 | step=348160 | SPS=1393
update 180/390 | step=368640 | SPS=1388
update 190/390 | step=389120 | SPS=1382
[400016] Regime switch detected! 1 -> 0. Snapshotting anchor model.
update 200/390 | step=409600 | SPS=1378
update 210/390 | step=430080 | SPS=1375
update 220/390 | step=450560 | SPS=1371
update 230/390 | step=471040 | SPS=1368
update 240/390 | step=491520 | SPS=1365
[500016] Regime switch detected! 0 -> 1. Snapshotting anchor model.
update 250/390 | step=512000 | SPS=1363
update 260/390 | step=532480 | SPS=1361
update 270/390 | step=552960 | SPS=1358
update 280/390 | step=573440 | SPS=1357
update 290/390 | step=593920 | SPS=1356
[600016] Regime switch detected! 1 -> 0. Snapshotting anchor model.
update 300/390 | step=614400 | SPS=1354
update 310/390 | step=634880 | SPS=1354
update 320/390 | step=655360 | SPS=1352
update 330/390 | step=675840 | SPS=1351
update 340/390 | step=696320 | SPS=1350
[700016] Regime switch detected! 0 -> 1. Snapshotting anchor model.
update 350/390 | step=716800 | SPS=1348
update 360/390 | step=737280 | SPS=1346
update 370/390 | step=757760 | SPS=1345
update 380/390 | step=778240 | SPS=1344
[save] runs/calib8x8_brain_neuromod_trainable_seed4_20260701-064813/episode_29/ep29_env0_20260701-113242/inner_checkpoints/ep29_env0_update390.pt
update 390/390 | step=798720 | SPS=1343
Episode 29/30 | reward=2.3542 | avg10=3.2068 | avg_success_rate=0.7400 | steps=38 | time=619.0s
update 10/390 | step=20480 | SPS=1374
update 20/390 | step=40960 | SPS=1360
update 30/390 | step=61440 | SPS=1353
update 40/390 | step=81920 | SPS=1347
[100016] Regime switch detected! 0 -> 1. Snapshotting anchor model.
update 50/390 | step=102400 | SPS=1346
update 60/390 | step=122880 | SPS=1335
update 70/390 | step=143360 | SPS=1338
update 80/390 | step=163840 | SPS=1336
update 90/390 | step=184320 | SPS=1333
[200016] Regime switch detected! 1 -> 0. Snapshotting anchor model.
update 100/390 | step=204800 | SPS=1332
update 110/390 | step=225280 | SPS=1329
update 120/390 | step=245760 | SPS=1326
update 130/390 | step=266240 | SPS=1325
update 140/390 | step=286720 | SPS=1325
[300016] Regime switch detected! 0 -> 1. Snapshotting anchor model.
update 150/390 | step=307200 | SPS=1325
update 160/390 | step=327680 | SPS=1323
update 170/390 | step=348160 | SPS=1332
update 180/390 | step=368640 | SPS=1333
update 190/390 | step=389120 | SPS=1331
[400016] Regime switch detected! 1 -> 0. Snapshotting anchor model.
update 200/390 | step=409600 | SPS=1329
update 210/390 | step=430080 | SPS=1328
update 220/390 | step=450560 | SPS=1326
update 230/390 | step=471040 | SPS=1324
update 240/390 | step=491520 | SPS=1323
[500016] Regime switch detected! 0 -> 1. Snapshotting anchor model.
update 250/390 | step=512000 | SPS=1322
update 260/390 | step=532480 | SPS=1322
update 270/390 | step=552960 | SPS=1321
update 280/390 | step=573440 | SPS=1321
update 290/390 | step=593920 | SPS=1320
[600016] Regime switch detected! 1 -> 0. Snapshotting anchor model.
update 300/390 | step=614400 | SPS=1319
update 310/390 | step=634880 | SPS=1318
update 320/390 | step=655360 | SPS=1318
update 330/390 | step=675840 | SPS=1318
update 340/390 | step=696320 | SPS=1318
[700016] Regime switch detected! 0 -> 1. Snapshotting anchor model.
update 350/390 | step=716800 | SPS=1317
update 360/390 | step=737280 | SPS=1317
update 370/390 | step=757760 | SPS=1317
update 380/390 | step=778240 | SPS=1316
[save] runs/calib8x8_brain_neuromod_trainable_seed4_20260701-064813/episode_30/ep30_env0_20260701-114301/inner_checkpoints/ep30_env0_update390.pt
update 390/390 | step=798720 | SPS=1318
Episode 30/30 | reward=3.7709 | avg10=3.3548 | avg_success_rate=0.8200 | steps=38 | time=630.3s
  [brain ckpt] runs/calib8x8_brain_neuromod_trainable_seed4_20260701-064813/episode_30/brain_ep30.pt
Saved Brain model to: runs/calib8x8_brain_neuromod_trainable_seed4_20260701-064813/brain_model.pt

Brain training complete. Total RL episodes: 30
