Saved configuration to: runs/scoutv2_brain_neuromod_critic_code_seed2_20260706-155917/config.txt
Training Brain on cuda for 4 RL episodes
  Inner: 800000 timesteps, regime switch every 100000 steps
  Parallel Envs: 4
  Brain vectorization: async
  Async worker CPU threads: 1
  Decision interval: 10 inner updates

--- Starting Meta-RL PPO Training (Target: 4) ---
update 10/781 | step=10240 | SPS=740
update 10/781 | step=10240 | SPS=725
update 10/781 | step=10240 | SPS=725
update 10/781 | step=10240 | SPS=717
update 20/781 | step=20480 | SPS=710
update 20/781 | step=20480 | SPS=704
update 20/781 | step=20480 | SPS=699
update 20/781 | step=20480 | SPS=697
update 30/781 | step=30720 | SPS=704
update 30/781 | step=30720 | SPS=700
update 30/781 | step=30720 | SPS=700
update 30/781 | step=30720 | SPS=693
update 40/781 | step=40960 | SPS=702
update 40/781 | step=40960 | SPS=700
update 40/781 | step=40960 | SPS=698
update 40/781 | step=40960 | SPS=693
update 50/781 | step=51200 | SPS=700
update 50/781 | step=51200 | SPS=699
update 50/781 | step=51200 | SPS=698
update 50/781 | step=51200 | SPS=694
update 60/781 | step=61440 | SPS=700
update 60/781 | step=61440 | SPS=698
update 60/781 | step=61440 | SPS=696
update 60/781 | step=61440 | SPS=695
update 70/781 | step=71680 | SPS=698
update 70/781 | step=71680 | SPS=698
update 70/781 | step=71680 | SPS=696
update 70/781 | step=71680 | SPS=693
update 80/781 | step=81920 | SPS=697
update 80/781 | step=81920 | SPS=697
update 80/781 | step=81920 | SPS=695
update 80/781 | step=81920 | SPS=695
update 90/781 | step=92160 | SPS=697
update 90/781 | step=92160 | SPS=696
update 90/781 | step=92160 | SPS=695
update 90/781 | step=92160 | SPS=694
[100008] Regime switch detected! 0 -> 1. Snapshotting anchor model.
[100008] Regime switch detected! 0 -> 1. Snapshotting anchor model.
[100008] Regime switch detected! 0 -> 1. Snapshotting anchor model.
[100008] Regime switch detected! 0 -> 1. Snapshotting anchor model.
update 100/781 | step=102400 | SPS=696
update 100/781 | step=102400 | SPS=696
update 100/781 | step=102400 | SPS=695
update 100/781 | step=102400 | SPS=694
update 110/781 | step=112640 | SPS=696
update 110/781 | step=112640 | SPS=695
update 110/781 | step=112640 | SPS=695
update 110/781 | step=112640 | SPS=694
update 120/781 | step=122880 | SPS=696
update 120/781 | step=122880 | SPS=695
update 120/781 | step=122880 | SPS=695
update 120/781 | step=122880 | SPS=694
update 130/781 | step=133120 | SPS=696
update 130/781 | step=133120 | SPS=695
update 130/781 | step=133120 | SPS=695
update 130/781 | step=133120 | SPS=695
update 140/781 | step=143360 | SPS=696
update 140/781 | step=143360 | SPS=696
update 140/781 | step=143360 | SPS=695
update 140/781 | step=143360 | SPS=695
update 150/781 | step=153600 | SPS=696
update 150/781 | step=153600 | SPS=695
update 150/781 | step=153600 | SPS=695
update 150/781 | step=153600 | SPS=694
update 160/781 | step=163840 | SPS=696
update 160/781 | step=163840 | SPS=696
update 160/781 | step=163840 | SPS=695
update 160/781 | step=163840 | SPS=695
update 170/781 | step=174080 | SPS=697
update 170/781 | step=174080 | SPS=696
update 170/781 | step=174080 | SPS=695
update 170/781 | step=174080 | SPS=695
update 180/781 | step=184320 | SPS=695
update 180/781 | step=184320 | SPS=696
update 180/781 | step=184320 | SPS=696
update 180/781 | step=184320 | SPS=695
update 190/781 | step=194560 | SPS=697
update 190/781 | step=194560 | SPS=696
update 190/781 | step=194560 | SPS=696
update 190/781 | step=194560 | SPS=695
[200008] Regime switch detected! 1 -> 0. Snapshotting anchor model.
[200008] Regime switch detected! 1 -> 0. Snapshotting anchor model.
[200008] Regime switch detected! 1 -> 0. Snapshotting anchor model.
[200008] Regime switch detected! 1 -> 0. Snapshotting anchor model.
update 200/781 | step=204800 | SPS=696
update 200/781 | step=204800 | SPS=695
update 200/781 | step=204800 | SPS=695
update 200/781 | step=204800 | SPS=695
update 210/781 | step=215040 | SPS=695
update 210/781 | step=215040 | SPS=695
update 210/781 | step=215040 | SPS=695
update 210/781 | step=215040 | SPS=694
update 220/781 | step=225280 | SPS=695
update 220/781 | step=225280 | SPS=694
update 220/781 | step=225280 | SPS=694
update 220/781 | step=225280 | SPS=694
update 230/781 | step=235520 | SPS=695
update 230/781 | step=235520 | SPS=694
update 230/781 | step=235520 | SPS=694
update 230/781 | step=235520 | SPS=693
update 240/781 | step=245760 | SPS=694
update 240/781 | step=245760 | SPS=694
update 240/781 | step=245760 | SPS=693
update 240/781 | step=245760 | SPS=693
update 250/781 | step=256000 | SPS=694
update 250/781 | step=256000 | SPS=693
update 250/781 | step=256000 | SPS=693
update 250/781 | step=256000 | SPS=693
update 260/781 | step=266240 | SPS=694
update 260/781 | step=266240 | SPS=693
update 260/781 | step=266240 | SPS=693
update 260/781 | step=266240 | SPS=693
update 270/781 | step=276480 | SPS=694
update 270/781 | step=276480 | SPS=693
update 270/781 | step=276480 | SPS=693
update 270/781 | step=276480 | SPS=693
update 280/781 | step=286720 | SPS=694
update 280/781 | step=286720 | SPS=694
update 280/781 | step=286720 | SPS=693
update 280/781 | step=286720 | SPS=693
update 290/781 | step=296960 | SPS=694
update 290/781 | step=296960 | SPS=694
update 290/781 | step=296960 | SPS=694
update 290/781 | step=296960 | SPS=693
[300008] Regime switch detected! 0 -> 1. Snapshotting anchor model.
[300008] Regime switch detected! 0 -> 1. Snapshotting anchor model.
[300008] Regime switch detected! 0 -> 1. Snapshotting anchor model.
[300008] Regime switch detected! 0 -> 1. Snapshotting anchor model.
update 300/781 | step=307200 | SPS=694
update 300/781 | step=307200 | SPS=694
update 300/781 | step=307200 | SPS=693
update 300/781 | step=307200 | SPS=693
update 310/781 | step=317440 | SPS=694
update 310/781 | step=317440 | SPS=694
update 310/781 | step=317440 | SPS=693
update 310/781 | step=317440 | SPS=693
update 320/781 | step=327680 | SPS=693
update 320/781 | step=327680 | SPS=693
update 320/781 | step=327680 | SPS=693
update 320/781 | step=327680 | SPS=693
update 330/781 | step=337920 | SPS=694
update 330/781 | step=337920 | SPS=693
update 330/781 | step=337920 | SPS=693
update 330/781 | step=337920 | SPS=693
update 340/781 | step=348160 | SPS=693
update 340/781 | step=348160 | SPS=693
update 340/781 | step=348160 | SPS=693
update 340/781 | step=348160 | SPS=693
update 350/781 | step=358400 | SPS=694
update 350/781 | step=358400 | SPS=693
update 350/781 | step=358400 | SPS=693
update 350/781 | step=358400 | SPS=693
update 360/781 | step=368640 | SPS=694
update 360/781 | step=368640 | SPS=694
update 360/781 | step=368640 | SPS=693
update 360/781 | step=368640 | SPS=693
update 370/781 | step=378880 | SPS=694
update 370/781 | step=378880 | SPS=693
update 370/781 | step=378880 | SPS=693
update 370/781 | step=378880 | SPS=693
update 380/781 | step=389120 | SPS=693
update 380/781 | step=389120 | SPS=693
update 380/781 | step=389120 | SPS=693
update 380/781 | step=389120 | SPS=693
update 390/781 | step=399360 | SPS=693
update 390/781 | step=399360 | SPS=693
update 390/781 | step=399360 | SPS=693
update 390/781 | step=399360 | SPS=692
[400008] Regime switch detected! 1 -> 0. Snapshotting anchor model.
[400008] Regime switch detected! 1 -> 0. Snapshotting anchor model.
[400008] Regime switch detected! 1 -> 0. Snapshotting anchor model.
[400008] Regime switch detected! 1 -> 0. Snapshotting anchor model.
update 400/781 | step=409600 | SPS=693
update 400/781 | step=409600 | SPS=693
update 400/781 | step=409600 | SPS=693
update 400/781 | step=409600 | SPS=693
update 410/781 | step=419840 | SPS=693
update 410/781 | step=419840 | SPS=693
update 410/781 | step=419840 | SPS=693
update 410/781 | step=419840 | SPS=693
update 420/781 | step=430080 | SPS=693
update 420/781 | step=430080 | SPS=693
update 420/781 | step=430080 | SPS=693
update 420/781 | step=430080 | SPS=693
update 430/781 | step=440320 | SPS=693
update 430/781 | step=440320 | SPS=693
update 430/781 | step=440320 | SPS=693
update 430/781 | step=440320 | SPS=693
update 440/781 | step=450560 | SPS=693
update 440/781 | step=450560 | SPS=693
update 440/781 | step=450560 | SPS=693
update 440/781 | step=450560 | SPS=692
update 450/781 | step=460800 | SPS=693
update 450/781 | step=460800 | SPS=693
update 450/781 | step=460800 | SPS=693
update 450/781 | step=460800 | SPS=692
update 460/781 | step=471040 | SPS=693
update 460/781 | step=471040 | SPS=693
update 460/781 | step=471040 | SPS=693
update 460/781 | step=471040 | SPS=692
update 470/781 | step=481280 | SPS=693
update 470/781 | step=481280 | SPS=693
update 470/781 | step=481280 | SPS=693
update 470/781 | step=481280 | SPS=692
update 480/781 | step=491520 | SPS=693
update 480/781 | step=491520 | SPS=692
update 480/781 | step=491520 | SPS=692
update 480/781 | step=491520 | SPS=692
[500008] Regime switch detected! 0 -> 1. Snapshotting anchor model.
[500008] Regime switch detected! 0 -> 1. Snapshotting anchor model.
[500008] Regime switch detected! 0 -> 1. Snapshotting anchor model.
[500008] Regime switch detected! 0 -> 1. Snapshotting anchor model.
update 490/781 | step=501760 | SPS=692
update 490/781 | step=501760 | SPS=692
update 490/781 | step=501760 | SPS=692
update 490/781 | step=501760 | SPS=692
update 500/781 | step=512000 | SPS=693
update 500/781 | step=512000 | SPS=692
update 500/781 | step=512000 | SPS=692
update 500/781 | step=512000 | SPS=692
update 510/781 | step=522240 | SPS=693
update 510/781 | step=522240 | SPS=692
update 510/781 | step=522240 | SPS=692
update 510/781 | step=522240 | SPS=692
update 520/781 | step=532480 | SPS=693
update 520/781 | step=532480 | SPS=692
update 520/781 | step=532480 | SPS=692
update 520/781 | step=532480 | SPS=692
update 530/781 | step=542720 | SPS=693
update 530/781 | step=542720 | SPS=693
update 530/781 | step=542720 | SPS=692
update 530/781 | step=542720 | SPS=692
update 540/781 | step=552960 | SPS=692
update 540/781 | step=552960 | SPS=692
update 540/781 | step=552960 | SPS=692
update 540/781 | step=552960 | SPS=692
update 550/781 | step=563200 | SPS=692
update 550/781 | step=563200 | SPS=692
update 550/781 | step=563200 | SPS=692
update 550/781 | step=563200 | SPS=692
update 560/781 | step=573440 | SPS=692
update 560/781 | step=573440 | SPS=692
update 560/781 | step=573440 | SPS=692
update 560/781 | step=573440 | SPS=692
update 570/781 | step=583680 | SPS=692
update 570/781 | step=583680 | SPS=692
update 570/781 | step=583680 | SPS=692
update 570/781 | step=583680 | SPS=692
update 580/781 | step=593920 | SPS=692
update 580/781 | step=593920 | SPS=692
update 580/781 | step=593920 | SPS=692
update 580/781 | step=593920 | SPS=692
[600008] Regime switch detected! 1 -> 0. Snapshotting anchor model.
[600008] Regime switch detected! 1 -> 0. Snapshotting anchor model.
[600008] Regime switch detected! 1 -> 0. Snapshotting anchor model.
[600008] Regime switch detected! 1 -> 0. Snapshotting anchor model.
update 590/781 | step=604160 | SPS=692
update 590/781 | step=604160 | SPS=692
update 590/781 | step=604160 | SPS=692
update 590/781 | step=604160 | SPS=692
update 600/781 | step=614400 | SPS=692
update 600/781 | step=614400 | SPS=692
update 600/781 | step=614400 | SPS=692
update 600/781 | step=614400 | SPS=692
update 610/781 | step=624640 | SPS=692
update 610/781 | step=624640 | SPS=692
update 610/781 | step=624640 | SPS=692
update 610/781 | step=624640 | SPS=692
update 620/781 | step=634880 | SPS=692
update 620/781 | step=634880 | SPS=692
update 620/781 | step=634880 | SPS=692
update 620/781 | step=634880 | SPS=692
update 630/781 | step=645120 | SPS=692
update 630/781 | step=645120 | SPS=692
update 630/781 | step=645120 | SPS=692
update 630/781 | step=645120 | SPS=692
update 640/781 | step=655360 | SPS=692
update 640/781 | step=655360 | SPS=692
update 640/781 | step=655360 | SPS=692
update 640/781 | step=655360 | SPS=692
update 650/781 | step=665600 | SPS=692
update 650/781 | step=665600 | SPS=692
update 650/781 | step=665600 | SPS=692
update 650/781 | step=665600 | SPS=692
update 660/781 | step=675840 | SPS=692
update 660/781 | step=675840 | SPS=692
update 660/781 | step=675840 | SPS=692
update 660/781 | step=675840 | SPS=692
update 670/781 | step=686080 | SPS=692
update 670/781 | step=686080 | SPS=692
update 670/781 | step=686080 | SPS=692
update 670/781 | step=686080 | SPS=692
update 680/781 | step=696320 | SPS=692
update 680/781 | step=696320 | SPS=692
update 680/781 | step=696320 | SPS=692
update 680/781 | step=696320 | SPS=692
[700008] Regime switch detected! 0 -> 1. Snapshotting anchor model.
[700008] Regime switch detected! 0 -> 1. Snapshotting anchor model.
[700008] Regime switch detected! 0 -> 1. Snapshotting anchor model.
[700008] Regime switch detected! 0 -> 1. Snapshotting anchor model.
update 690/781 | step=706560 | SPS=692
update 690/781 | step=706560 | SPS=692
update 690/781 | step=706560 | SPS=692
update 690/781 | step=706560 | SPS=692
update 700/781 | step=716800 | SPS=692
update 700/781 | step=716800 | SPS=692
update 700/781 | step=716800 | SPS=692
update 700/781 | step=716800 | SPS=692
update 710/781 | step=727040 | SPS=692
update 710/781 | step=727040 | SPS=692
update 710/781 | step=727040 | SPS=692
update 710/781 | step=727040 | SPS=692
update 720/781 | step=737280 | SPS=692
update 720/781 | step=737280 | SPS=692
update 720/781 | step=737280 | SPS=692
update 720/781 | step=737280 | SPS=692
update 730/781 | step=747520 | SPS=692
update 730/781 | step=747520 | SPS=692
update 730/781 | step=747520 | SPS=692
update 730/781 | step=747520 | SPS=692
update 740/781 | step=757760 | SPS=692
update 740/781 | step=757760 | SPS=692
update 740/781 | step=757760 | SPS=692
update 740/781 | step=757760 | SPS=692
update 750/781 | step=768000 | SPS=692
update 750/781 | step=768000 | SPS=692
update 750/781 | step=768000 | SPS=692
update 750/781 | step=768000 | SPS=692
update 760/781 | step=778240 | SPS=692
update 760/781 | step=778240 | SPS=692
update 760/781 | step=778240 | SPS=692
update 760/781 | step=778240 | SPS=692
update 770/781 | step=788480 | SPS=692
update 770/781 | step=788480 | SPS=692
update 770/781 | step=788480 | SPS=692
update 770/781 | step=788480 | SPS=692
update 780/781 | step=798720 | SPS=692
update 780/781 | step=798720 | SPS=692
update 780/781 | step=798720 | SPS=692
update 780/781 | step=798720 | SPS=692
update 781/781 | step=799744 | SPS=692
update 781/781 | step=799744 | SPS=692
update 781/781 | step=799744 | SPS=692
update 781/781 | step=799744 | SPS=692
Episode 1/4 | reward=-4.6347 | avg10=-4.6347 | avg_success_rate=0.8950 | steps=78 | time=1162.6s
update 10/781 | step=10240 | SPS=771
update 10/781 | step=10240 | SPS=759
update 10/781 | step=10240 | SPS=756
update 10/781 | step=10240 | SPS=745
update 20/781 | step=20480 | SPS=728
update 20/781 | step=20480 | SPS=720
update 20/781 | step=20480 | SPS=717
update 20/781 | step=20480 | SPS=715
update 30/781 | step=30720 | SPS=714
update 30/781 | step=30720 | SPS=712
update 30/781 | step=30720 | SPS=711
update 30/781 | step=30720 | SPS=704
update 40/781 | step=40960 | SPS=707
update 40/781 | step=40960 | SPS=708
update 40/781 | step=40960 | SPS=706
update 40/781 | step=40960 | SPS=700
update 50/781 | step=51200 | SPS=706
update 50/781 | step=51200 | SPS=702
update 50/781 | step=51200 | SPS=699
update 50/781 | step=51200 | SPS=697
update 60/781 | step=61440 | SPS=700
update 60/781 | step=61440 | SPS=697
update 60/781 | step=61440 | SPS=697
update 60/781 | step=61440 | SPS=696
update 70/781 | step=71680 | SPS=700
update 70/781 | step=71680 | SPS=698
update 70/781 | step=71680 | SPS=697
update 70/781 | step=71680 | SPS=695
update 80/781 | step=81920 | SPS=698
update 80/781 | step=81920 | SPS=698
update 80/781 | step=81920 | SPS=696
update 80/781 | step=81920 | SPS=694
update 90/781 | step=92160 | SPS=696
update 90/781 | step=92160 | SPS=696
update 90/781 | step=92160 | SPS=696
update 90/781 | step=92160 | SPS=693
[100008] Regime switch detected! 0 -> 1. Snapshotting anchor model.
[100008] Regime switch detected! 0 -> 1. Snapshotting anchor model.
[100008] Regime switch detected! 0 -> 1. Snapshotting anchor model.
[100008] Regime switch detected! 0 -> 1. Snapshotting anchor model.
update 100/781 | step=102400 | SPS=697
update 100/781 | step=102400 | SPS=695
update 100/781 | step=102400 | SPS=694
update 100/781 | step=102400 | SPS=693
update 110/781 | step=112640 | SPS=696
update 110/781 | step=112640 | SPS=694
update 110/781 | step=112640 | SPS=694
update 110/781 | step=112640 | SPS=693
update 120/781 | step=122880 | SPS=696
update 120/781 | step=122880 | SPS=695
update 120/781 | step=122880 | SPS=694
update 120/781 | step=122880 | SPS=692
update 130/781 | step=133120 | SPS=695
update 130/781 | step=133120 | SPS=694
update 130/781 | step=133120 | SPS=693
update 130/781 | step=133120 | SPS=693
update 140/781 | step=143360 | SPS=695
update 140/781 | step=143360 | SPS=694
update 140/781 | step=143360 | SPS=693
update 140/781 | step=143360 | SPS=692
update 150/781 | step=153600 | SPS=694
update 150/781 | step=153600 | SPS=695
update 150/781 | step=153600 | SPS=693
update 150/781 | step=153600 | SPS=693
update 160/781 | step=163840 | SPS=694
update 160/781 | step=163840 | SPS=694
update 160/781 | step=163840 | SPS=693
update 160/781 | step=163840 | SPS=692
update 170/781 | step=174080 | SPS=695
update 170/781 | step=174080 | SPS=694
update 170/781 | step=174080 | SPS=694
update 170/781 | step=174080 | SPS=692
update 180/781 | step=184320 | SPS=693
update 180/781 | step=184320 | SPS=693
update 180/781 | step=184320 | SPS=693
update 180/781 | step=184320 | SPS=692
update 190/781 | step=194560 | SPS=693
update 190/781 | step=194560 | SPS=693
update 190/781 | step=194560 | SPS=692
update 190/781 | step=194560 | SPS=692
[200008] Regime switch detected! 1 -> 0. Snapshotting anchor model.
[200008] Regime switch detected! 1 -> 0. Snapshotting anchor model.
[200008] Regime switch detected! 1 -> 0. Snapshotting anchor model.
[200008] Regime switch detected! 1 -> 0. Snapshotting anchor model.
update 200/781 | step=204800 | SPS=694
update 200/781 | step=204800 | SPS=693
update 200/781 | step=204800 | SPS=693
update 200/781 | step=204800 | SPS=692
update 210/781 | step=215040 | SPS=694
update 210/781 | step=215040 | SPS=693
update 210/781 | step=215040 | SPS=693
update 210/781 | step=215040 | SPS=692
update 220/781 | step=225280 | SPS=693
update 220/781 | step=225280 | SPS=693
update 220/781 | step=225280 | SPS=692
update 220/781 | step=225280 | SPS=691
update 230/781 | step=235520 | SPS=693
update 230/781 | step=235520 | SPS=692
update 230/781 | step=235520 | SPS=692
update 230/781 | step=235520 | SPS=691
update 240/781 | step=245760 | SPS=693
update 240/781 | step=245760 | SPS=693
update 240/781 | step=245760 | SPS=692
update 240/781 | step=245760 | SPS=691
update 250/781 | step=256000 | SPS=692
update 250/781 | step=256000 | SPS=692
update 250/781 | step=256000 | SPS=691
update 250/781 | step=256000 | SPS=691
update 260/781 | step=266240 | SPS=692
update 260/781 | step=266240 | SPS=691
update 260/781 | step=266240 | SPS=691
update 260/781 | step=266240 | SPS=691
update 270/781 | step=276480 | SPS=692
update 270/781 | step=276480 | SPS=692
update 270/781 | step=276480 | SPS=691
update 270/781 | step=276480 | SPS=691
update 280/781 | step=286720 | SPS=692
update 280/781 | step=286720 | SPS=691
update 280/781 | step=286720 | SPS=691
update 280/781 | step=286720 | SPS=691
update 290/781 | step=296960 | SPS=692
update 290/781 | step=296960 | SPS=691
update 290/781 | step=296960 | SPS=691
update 290/781 | step=296960 | SPS=691
[300008] Regime switch detected! 0 -> 1. Snapshotting anchor model.
[300008] Regime switch detected! 0 -> 1. Snapshotting anchor model.
[300008] Regime switch detected! 0 -> 1. Snapshotting anchor model.
[300008] Regime switch detected! 0 -> 1. Snapshotting anchor model.
update 300/781 | step=307200 | SPS=692
update 300/781 | step=307200 | SPS=691
update 300/781 | step=307200 | SPS=691
update 300/781 | step=307200 | SPS=691
update 310/781 | step=317440 | SPS=692
update 310/781 | step=317440 | SPS=692
update 310/781 | step=317440 | SPS=691
update 310/781 | step=317440 | SPS=691
update 320/781 | step=327680 | SPS=692
update 320/781 | step=327680 | SPS=691
update 320/781 | step=327680 | SPS=691
update 320/781 | step=327680 | SPS=691
update 330/781 | step=337920 | SPS=691
update 330/781 | step=337920 | SPS=691
update 330/781 | step=337920 | SPS=691
update 330/781 | step=337920 | SPS=691
update 340/781 | step=348160 | SPS=692
update 340/781 | step=348160 | SPS=691
update 340/781 | step=348160 | SPS=691
update 340/781 | step=348160 | SPS=690
update 350/781 | step=358400 | SPS=691
update 350/781 | step=358400 | SPS=691
update 350/781 | step=358400 | SPS=691
update 350/781 | step=358400 | SPS=691
update 360/781 | step=368640 | SPS=692
update 360/781 | step=368640 | SPS=692
update 360/781 | step=368640 | SPS=691
update 360/781 | step=368640 | SPS=691
update 370/781 | step=378880 | SPS=692
update 370/781 | step=378880 | SPS=691
update 370/781 | step=378880 | SPS=691
update 370/781 | step=378880 | SPS=691
update 380/781 | step=389120 | SPS=692
update 380/781 | step=389120 | SPS=691
update 380/781 | step=389120 | SPS=691
update 380/781 | step=389120 | SPS=691
update 390/781 | step=399360 | SPS=691
update 390/781 | step=399360 | SPS=691
update 390/781 | step=399360 | SPS=691
update 390/781 | step=399360 | SPS=691
[400008] Regime switch detected! 1 -> 0. Snapshotting anchor model.
[400008] Regime switch detected! 1 -> 0. Snapshotting anchor model.
[400008] Regime switch detected! 1 -> 0. Snapshotting anchor model.
[400008] Regime switch detected! 1 -> 0. Snapshotting anchor model.
update 400/781 | step=409600 | SPS=691
update 400/781 | step=409600 | SPS=691
update 400/781 | step=409600 | SPS=691
update 400/781 | step=409600 | SPS=691
update 410/781 | step=419840 | SPS=692
update 410/781 | step=419840 | SPS=692
update 410/781 | step=419840 | SPS=691
update 410/781 | step=419840 | SPS=691
update 420/781 | step=430080 | SPS=691
update 420/781 | step=430080 | SPS=691
update 420/781 | step=430080 | SPS=691
update 420/781 | step=430080 | SPS=691
update 430/781 | step=440320 | SPS=691
update 430/781 | step=440320 | SPS=691
update 430/781 | step=440320 | SPS=691
update 430/781 | step=440320 | SPS=691
update 440/781 | step=450560 | SPS=691
update 440/781 | step=450560 | SPS=691
update 440/781 | step=450560 | SPS=691
update 440/781 | step=450560 | SPS=691
update 450/781 | step=460800 | SPS=691
update 450/781 | step=460800 | SPS=691
update 450/781 | step=460800 | SPS=691
update 450/781 | step=460800 | SPS=690
update 460/781 | step=471040 | SPS=691
update 460/781 | step=471040 | SPS=691
update 460/781 | step=471040 | SPS=691
update 460/781 | step=471040 | SPS=690
update 470/781 | step=481280 | SPS=691
update 470/781 | step=481280 | SPS=691
update 470/781 | step=481280 | SPS=691
update 470/781 | step=481280 | SPS=690
update 480/781 | step=491520 | SPS=691
update 480/781 | step=491520 | SPS=691
update 480/781 | step=491520 | SPS=690
update 480/781 | step=491520 | SPS=690
[500008] Regime switch detected! 0 -> 1. Snapshotting anchor model.
[500008] Regime switch detected! 0 -> 1. Snapshotting anchor model.
[500008] Regime switch detected! 0 -> 1. Snapshotting anchor model.
[500008] Regime switch detected! 0 -> 1. Snapshotting anchor model.
update 490/781 | step=501760 | SPS=691
update 490/781 | step=501760 | SPS=691
update 490/781 | step=501760 | SPS=690
update 490/781 | step=501760 | SPS=690
update 500/781 | step=512000 | SPS=691
update 500/781 | step=512000 | SPS=691
update 500/781 | step=512000 | SPS=690
update 500/781 | step=512000 | SPS=690
update 510/781 | step=522240 | SPS=691
update 510/781 | step=522240 | SPS=691
update 510/781 | step=522240 | SPS=690
update 510/781 | step=522240 | SPS=690
update 520/781 | step=532480 | SPS=691
update 520/781 | step=532480 | SPS=691
update 520/781 | step=532480 | SPS=690
update 520/781 | step=532480 | SPS=690
update 530/781 | step=542720 | SPS=691
update 530/781 | step=542720 | SPS=691
update 530/781 | step=542720 | SPS=690
update 530/781 | step=542720 | SPS=690
update 540/781 | step=552960 | SPS=691
update 540/781 | step=552960 | SPS=690
update 540/781 | step=552960 | SPS=690
update 540/781 | step=552960 | SPS=690
update 550/781 | step=563200 | SPS=691
update 550/781 | step=563200 | SPS=690
update 550/781 | step=563200 | SPS=690
update 550/781 | step=563200 | SPS=690
update 560/781 | step=573440 | SPS=691
update 560/781 | step=573440 | SPS=690
update 560/781 | step=573440 | SPS=690
update 560/781 | step=573440 | SPS=690
update 570/781 | step=583680 | SPS=690
update 570/781 | step=583680 | SPS=690
update 570/781 | step=583680 | SPS=690
update 570/781 | step=583680 | SPS=690
update 580/781 | step=593920 | SPS=690
update 580/781 | step=593920 | SPS=690
update 580/781 | step=593920 | SPS=690
update 580/781 | step=593920 | SPS=690
[600008] Regime switch detected! 1 -> 0. Snapshotting anchor model.
[600008] Regime switch detected! 1 -> 0. Snapshotting anchor model.
[600008] Regime switch detected! 1 -> 0. Snapshotting anchor model.
[600008] Regime switch detected! 1 -> 0. Snapshotting anchor model.
update 590/781 | step=604160 | SPS=690
update 590/781 | step=604160 | SPS=690
update 590/781 | step=604160 | SPS=690
update 590/781 | step=604160 | SPS=690
update 600/781 | step=614400 | SPS=690
update 600/781 | step=614400 | SPS=690
update 600/781 | step=614400 | SPS=690
update 600/781 | step=614400 | SPS=690
update 610/781 | step=624640 | SPS=690
update 610/781 | step=624640 | SPS=690
update 610/781 | step=624640 | SPS=690
update 610/781 | step=624640 | SPS=690
update 620/781 | step=634880 | SPS=690
update 620/781 | step=634880 | SPS=690
update 620/781 | step=634880 | SPS=690
update 620/781 | step=634880 | SPS=690
update 630/781 | step=645120 | SPS=690
update 630/781 | step=645120 | SPS=690
update 630/781 | step=645120 | SPS=690
update 630/781 | step=645120 | SPS=690
update 640/781 | step=655360 | SPS=691
update 640/781 | step=655360 | SPS=690
update 640/781 | step=655360 | SPS=690
update 640/781 | step=655360 | SPS=690
update 650/781 | step=665600 | SPS=690
update 650/781 | step=665600 | SPS=690
update 650/781 | step=665600 | SPS=690
update 650/781 | step=665600 | SPS=690
update 660/781 | step=675840 | SPS=690
update 660/781 | step=675840 | SPS=690
update 660/781 | step=675840 | SPS=690
update 660/781 | step=675840 | SPS=690
update 670/781 | step=686080 | SPS=690
update 670/781 | step=686080 | SPS=690
update 670/781 | step=686080 | SPS=690
update 670/781 | step=686080 | SPS=690
update 680/781 | step=696320 | SPS=690
update 680/781 | step=696320 | SPS=690
update 680/781 | step=696320 | SPS=690
update 680/781 | step=696320 | SPS=690
[700008] Regime switch detected! 0 -> 1. Snapshotting anchor model.
[700008] Regime switch detected! 0 -> 1. Snapshotting anchor model.
[700008] Regime switch detected! 0 -> 1. Snapshotting anchor model.
[700008] Regime switch detected! 0 -> 1. Snapshotting anchor model.
update 690/781 | step=706560 | SPS=690
update 690/781 | step=706560 | SPS=690
update 690/781 | step=706560 | SPS=690
update 690/781 | step=706560 | SPS=690
update 700/781 | step=716800 | SPS=690
update 700/781 | step=716800 | SPS=690
update 700/781 | step=716800 | SPS=690
update 700/781 | step=716800 | SPS=690
update 710/781 | step=727040 | SPS=690
update 710/781 | step=727040 | SPS=690
update 710/781 | step=727040 | SPS=690
update 710/781 | step=727040 | SPS=690
update 720/781 | step=737280 | SPS=690
update 720/781 | step=737280 | SPS=690
update 720/781 | step=737280 | SPS=690
update 720/781 | step=737280 | SPS=690
update 730/781 | step=747520 | SPS=690
update 730/781 | step=747520 | SPS=690
update 730/781 | step=747520 | SPS=690
update 730/781 | step=747520 | SPS=690
update 740/781 | step=757760 | SPS=690
update 740/781 | step=757760 | SPS=690
update 740/781 | step=757760 | SPS=690
update 740/781 | step=757760 | SPS=690
update 750/781 | step=768000 | SPS=690
update 750/781 | step=768000 | SPS=690
update 750/781 | step=768000 | SPS=690
update 750/781 | step=768000 | SPS=690
update 760/781 | step=778240 | SPS=690
update 760/781 | step=778240 | SPS=690
update 760/781 | step=778240 | SPS=690
update 760/781 | step=778240 | SPS=690
update 770/781 | step=788480 | SPS=690
update 770/781 | step=788480 | SPS=690
update 770/781 | step=788480 | SPS=690
update 770/781 | step=788480 | SPS=690
update 780/781 | step=798720 | SPS=690
update 780/781 | step=798720 | SPS=690
update 780/781 | step=798720 | SPS=690
update 780/781 | step=798720 | SPS=690
update 781/781 | step=799744 | SPS=690
update 781/781 | step=799744 | SPS=690
update 781/781 | step=799744 | SPS=690
update 781/781 | step=799744 | SPS=690
Episode 2/4 | reward=-19.6620 | avg10=-12.1483 | avg_success_rate=0.9425 | steps=78 | time=1163.7s
update 10/781 | step=10240 | SPS=767
update 10/781 | step=10240 | SPS=765
update 10/781 | step=10240 | SPS=751
update 10/781 | step=10240 | SPS=743
update 20/781 | step=20480 | SPS=730
update 20/781 | step=20480 | SPS=727
update 20/781 | step=20480 | SPS=722
update 20/781 | step=20480 | SPS=718
update 30/781 | step=30720 | SPS=720
update 30/781 | step=30720 | SPS=717
update 30/781 | step=30720 | SPS=714
update 30/781 | step=30720 | SPS=712
update 40/781 | step=40960 | SPS=710
update 40/781 | step=40960 | SPS=709
update 40/781 | step=40960 | SPS=709
update 40/781 | step=40960 | SPS=708
update 50/781 | step=51200 | SPS=712
update 50/781 | step=51200 | SPS=709
update 50/781 | step=51200 | SPS=710
update 50/781 | step=51200 | SPS=706
update 60/781 | step=61440 | SPS=709
update 60/781 | step=61440 | SPS=706
update 60/781 | step=61440 | SPS=704
update 60/781 | step=61440 | SPS=705
update 70/781 | step=71680 | SPS=707
update 70/781 | step=71680 | SPS=707
update 70/781 | step=71680 | SPS=704
update 70/781 | step=71680 | SPS=703
update 80/781 | step=81920 | SPS=705
update 80/781 | step=81920 | SPS=703
update 80/781 | step=81920 | SPS=702
update 80/781 | step=81920 | SPS=701
update 90/781 | step=92160 | SPS=703
update 90/781 | step=92160 | SPS=701
update 90/781 | step=92160 | SPS=700
update 90/781 | step=92160 | SPS=700
[100008] Regime switch detected! 0 -> 1. Snapshotting anchor model.
[100008] Regime switch detected! 0 -> 1. Snapshotting anchor model.
[100008] Regime switch detected! 0 -> 1. Snapshotting anchor model.
[100008] Regime switch detected! 0 -> 1. Snapshotting anchor model.
update 100/781 | step=102400 | SPS=700
update 100/781 | step=102400 | SPS=700
update 100/781 | step=102400 | SPS=700
update 100/781 | step=102400 | SPS=698
update 110/781 | step=112640 | SPS=700
update 110/781 | step=112640 | SPS=699
update 110/781 | step=112640 | SPS=698
update 110/781 | step=112640 | SPS=698
update 120/781 | step=122880 | SPS=699
update 120/781 | step=122880 | SPS=699
update 120/781 | step=122880 | SPS=697
update 120/781 | step=122880 | SPS=697
update 130/781 | step=133120 | SPS=698
update 130/781 | step=133120 | SPS=698
update 130/781 | step=133120 | SPS=698
update 130/781 | step=133120 | SPS=698
update 140/781 | step=143360 | SPS=699
update 140/781 | step=143360 | SPS=699
update 140/781 | step=143360 | SPS=698
update 140/781 | step=143360 | SPS=697
update 150/781 | step=153600 | SPS=698
update 150/781 | step=153600 | SPS=698
update 150/781 | step=153600 | SPS=698
update 150/781 | step=153600 | SPS=697
update 160/781 | step=163840 | SPS=698
update 160/781 | step=163840 | SPS=697
update 160/781 | step=163840 | SPS=696
update 160/781 | step=163840 | SPS=697
update 170/781 | step=174080 | SPS=698
update 170/781 | step=174080 | SPS=698
update 170/781 | step=174080 | SPS=697
update 170/781 | step=174080 | SPS=697
update 180/781 | step=184320 | SPS=698
update 180/781 | step=184320 | SPS=698
update 180/781 | step=184320 | SPS=697
update 180/781 | step=184320 | SPS=696
update 190/781 | step=194560 | SPS=697
update 190/781 | step=194560 | SPS=696
update 190/781 | step=194560 | SPS=696
update 190/781 | step=194560 | SPS=696
[200008] Regime switch detected! 1 -> 0. Snapshotting anchor model.
[200008] Regime switch detected! 1 -> 0. Snapshotting anchor model.
[200008] Regime switch detected! 1 -> 0. Snapshotting anchor model.
[200008] Regime switch detected! 1 -> 0. Snapshotting anchor model.
update 200/781 | step=204800 | SPS=696
update 200/781 | step=204800 | SPS=696
update 200/781 | step=204800 | SPS=696
update 200/781 | step=204800 | SPS=696
update 210/781 | step=215040 | SPS=696
update 210/781 | step=215040 | SPS=696
update 210/781 | step=215040 | SPS=696
update 210/781 | step=215040 | SPS=695
update 220/781 | step=225280 | SPS=697
update 220/781 | step=225280 | SPS=696
update 220/781 | step=225280 | SPS=696
update 220/781 | step=225280 | SPS=695
update 230/781 | step=235520 | SPS=696
update 230/781 | step=235520 | SPS=696
update 230/781 | step=235520 | SPS=695
update 230/781 | step=235520 | SPS=695
update 240/781 | step=245760 | SPS=696
update 240/781 | step=245760 | SPS=696
update 240/781 | step=245760 | SPS=695
update 240/781 | step=245760 | SPS=694
update 250/781 | step=256000 | SPS=695
update 250/781 | step=256000 | SPS=695
update 250/781 | step=256000 | SPS=695
update 250/781 | step=256000 | SPS=694
update 260/781 | step=266240 | SPS=695
update 260/781 | step=266240 | SPS=695
update 260/781 | step=266240 | SPS=695
update 260/781 | step=266240 | SPS=694
update 270/781 | step=276480 | SPS=695
update 270/781 | step=276480 | SPS=695
update 270/781 | step=276480 | SPS=695
update 270/781 | step=276480 | SPS=694
update 280/781 | step=286720 | SPS=695
update 280/781 | step=286720 | SPS=694
update 280/781 | step=286720 | SPS=694
update 280/781 | step=286720 | SPS=693
update 290/781 | step=296960 | SPS=695
update 290/781 | step=296960 | SPS=695
update 290/781 | step=296960 | SPS=694
update 290/781 | step=296960 | SPS=693
[300008] Regime switch detected! 0 -> 1. Snapshotting anchor model.
[300008] Regime switch detected! 0 -> 1. Snapshotting anchor model.
[300008] Regime switch detected! 0 -> 1. Snapshotting anchor model.
[300008] Regime switch detected! 0 -> 1. Snapshotting anchor model.
update 300/781 | step=307200 | SPS=694
update 300/781 | step=307200 | SPS=694
update 300/781 | step=307200 | SPS=694
update 300/781 | step=307200 | SPS=693
update 310/781 | step=317440 | SPS=694
update 310/781 | step=317440 | SPS=694
update 310/781 | step=317440 | SPS=694
update 310/781 | step=317440 | SPS=693
update 320/781 | step=327680 | SPS=694
update 320/781 | step=327680 | SPS=694
update 320/781 | step=327680 | SPS=694
update 320/781 | step=327680 | SPS=693
update 330/781 | step=337920 | SPS=694
update 330/781 | step=337920 | SPS=694
update 330/781 | step=337920 | SPS=694
update 330/781 | step=337920 | SPS=693
update 340/781 | step=348160 | SPS=694
update 340/781 | step=348160 | SPS=694
update 340/781 | step=348160 | SPS=694
update 340/781 | step=348160 | SPS=693
update 350/781 | step=358400 | SPS=694
update 350/781 | step=358400 | SPS=694
update 350/781 | step=358400 | SPS=693
update 350/781 | step=358400 | SPS=693
update 360/781 | step=368640 | SPS=694
update 360/781 | step=368640 | SPS=694
update 360/781 | step=368640 | SPS=693
update 360/781 | step=368640 | SPS=693
update 370/781 | step=378880 | SPS=693
update 370/781 | step=378880 | SPS=693
update 370/781 | step=378880 | SPS=693
update 370/781 | step=378880 | SPS=693
update 380/781 | step=389120 | SPS=694
update 380/781 | step=389120 | SPS=694
update 380/781 | step=389120 | SPS=693
update 380/781 | step=389120 | SPS=693
update 390/781 | step=399360 | SPS=694
update 390/781 | step=399360 | SPS=694
update 390/781 | step=399360 | SPS=693
update 390/781 | step=399360 | SPS=693
[400008] Regime switch detected! 1 -> 0. Snapshotting anchor model.
[400008] Regime switch detected! 1 -> 0. Snapshotting anchor model.
[400008] Regime switch detected! 1 -> 0. Snapshotting anchor model.
[400008] Regime switch detected! 1 -> 0. Snapshotting anchor model.
update 400/781 | step=409600 | SPS=694
update 400/781 | step=409600 | SPS=693
update 400/781 | step=409600 | SPS=693
update 400/781 | step=409600 | SPS=693
update 410/781 | step=419840 | SPS=694
update 410/781 | step=419840 | SPS=693
update 410/781 | step=419840 | SPS=693
update 410/781 | step=419840 | SPS=693
update 420/781 | step=430080 | SPS=693
update 420/781 | step=430080 | SPS=693
update 420/781 | step=430080 | SPS=693
update 420/781 | step=430080 | SPS=693
update 430/781 | step=440320 | SPS=694
update 430/781 | step=440320 | SPS=693
update 430/781 | step=440320 | SPS=693
update 430/781 | step=440320 | SPS=693
update 440/781 | step=450560 | SPS=694
update 440/781 | step=450560 | SPS=694
update 440/781 | step=450560 | SPS=693
update 440/781 | step=450560 | SPS=693
update 450/781 | step=460800 | SPS=694
update 450/781 | step=460800 | SPS=693
update 450/781 | step=460800 | SPS=693
update 450/781 | step=460800 | SPS=693
update 460/781 | step=471040 | SPS=693
update 460/781 | step=471040 | SPS=693
update 460/781 | step=471040 | SPS=693
update 460/781 | step=471040 | SPS=693
update 470/781 | step=481280 | SPS=694
update 470/781 | step=481280 | SPS=693
update 470/781 | step=481280 | SPS=693
update 470/781 | step=481280 | SPS=693
update 480/781 | step=491520 | SPS=694
update 480/781 | step=491520 | SPS=693
update 480/781 | step=491520 | SPS=693
update 480/781 | step=491520 | SPS=693
[500008] Regime switch detected! 0 -> 1. Snapshotting anchor model.
[500008] Regime switch detected! 0 -> 1. Snapshotting anchor model.
[500008] Regime switch detected! 0 -> 1. Snapshotting anchor model.
[500008] Regime switch detected! 0 -> 1. Snapshotting anchor model.
update 490/781 | step=501760 | SPS=694
update 490/781 | step=501760 | SPS=694
update 490/781 | step=501760 | SPS=693
update 490/781 | step=501760 | SPS=693
update 500/781 | step=512000 | SPS=693
update 500/781 | step=512000 | SPS=693
update 500/781 | step=512000 | SPS=693
update 500/781 | step=512000 | SPS=693
update 510/781 | step=522240 | SPS=693
update 510/781 | step=522240 | SPS=693
update 510/781 | step=522240 | SPS=693
update 510/781 | step=522240 | SPS=693
update 520/781 | step=532480 | SPS=693
update 520/781 | step=532480 | SPS=693
update 520/781 | step=532480 | SPS=693
update 520/781 | step=532480 | SPS=693
update 530/781 | step=542720 | SPS=693
update 530/781 | step=542720 | SPS=693
update 530/781 | step=542720 | SPS=693
update 530/781 | step=542720 | SPS=693
update 540/781 | step=552960 | SPS=693
update 540/781 | step=552960 | SPS=693
update 540/781 | step=552960 | SPS=693
update 540/781 | step=552960 | SPS=693
update 550/781 | step=563200 | SPS=693
update 550/781 | step=563200 | SPS=693
update 550/781 | step=563200 | SPS=693
update 550/781 | step=563200 | SPS=693
update 560/781 | step=573440 | SPS=693
update 560/781 | step=573440 | SPS=693
update 560/781 | step=573440 | SPS=693
update 560/781 | step=573440 | SPS=693
update 570/781 | step=583680 | SPS=693
update 570/781 | step=583680 | SPS=693
update 570/781 | step=583680 | SPS=693
update 570/781 | step=583680 | SPS=693
update 580/781 | step=593920 | SPS=693
update 580/781 | step=593920 | SPS=693
update 580/781 | step=593920 | SPS=693
update 580/781 | step=593920 | SPS=693
[600008] Regime switch detected! 1 -> 0. Snapshotting anchor model.
[600008] Regime switch detected! 1 -> 0. Snapshotting anchor model.
[600008] Regime switch detected! 1 -> 0. Snapshotting anchor model.
[600008] Regime switch detected! 1 -> 0. Snapshotting anchor model.
update 590/781 | step=604160 | SPS=693
update 590/781 | step=604160 | SPS=693
update 590/781 | step=604160 | SPS=693
update 590/781 | step=604160 | SPS=692
update 600/781 | step=614400 | SPS=693
update 600/781 | step=614400 | SPS=693
update 600/781 | step=614400 | SPS=693
update 600/781 | step=614400 | SPS=693
update 610/781 | step=624640 | SPS=693
update 610/781 | step=624640 | SPS=693
update 610/781 | step=624640 | SPS=693
update 610/781 | step=624640 | SPS=692
update 620/781 | step=634880 | SPS=693
update 620/781 | step=634880 | SPS=693
update 620/781 | step=634880 | SPS=693
update 620/781 | step=634880 | SPS=693
update 630/781 | step=645120 | SPS=693
update 630/781 | step=645120 | SPS=693
update 630/781 | step=645120 | SPS=693
update 630/781 | step=645120 | SPS=692
update 640/781 | step=655360 | SPS=693
update 640/781 | step=655360 | SPS=693
update 640/781 | step=655360 | SPS=692
update 640/781 | step=655360 | SPS=692
update 650/781 | step=665600 | SPS=693
update 650/781 | step=665600 | SPS=692
update 650/781 | step=665600 | SPS=692
update 650/781 | step=665600 | SPS=692
update 660/781 | step=675840 | SPS=693
update 660/781 | step=675840 | SPS=693
update 660/781 | step=675840 | SPS=692
update 660/781 | step=675840 | SPS=692
update 670/781 | step=686080 | SPS=693
update 670/781 | step=686080 | SPS=693
update 670/781 | step=686080 | SPS=693
update 670/781 | step=686080 | SPS=692
update 680/781 | step=696320 | SPS=693
update 680/781 | step=696320 | SPS=692
update 680/781 | step=696320 | SPS=692
update 680/781 | step=696320 | SPS=692
[700008] Regime switch detected! 0 -> 1. Snapshotting anchor model.
[700008] Regime switch detected! 0 -> 1. Snapshotting anchor model.
[700008] Regime switch detected! 0 -> 1. Snapshotting anchor model.
[700008] Regime switch detected! 0 -> 1. Snapshotting anchor model.
update 690/781 | step=706560 | SPS=693
update 690/781 | step=706560 | SPS=693
update 690/781 | step=706560 | SPS=692
update 690/781 | step=706560 | SPS=692
update 700/781 | step=716800 | SPS=693
update 700/781 | step=716800 | SPS=692
update 700/781 | step=716800 | SPS=692
update 700/781 | step=716800 | SPS=692
update 710/781 | step=727040 | SPS=693
update 710/781 | step=727040 | SPS=692
update 710/781 | step=727040 | SPS=692
update 710/781 | step=727040 | SPS=692
update 720/781 | step=737280 | SPS=693
update 720/781 | step=737280 | SPS=692
update 720/781 | step=737280 | SPS=692
update 720/781 | step=737280 | SPS=692
update 730/781 | step=747520 | SPS=693
update 730/781 | step=747520 | SPS=692
update 730/781 | step=747520 | SPS=692
update 730/781 | step=747520 | SPS=692
update 740/781 | step=757760 | SPS=693
update 740/781 | step=757760 | SPS=692
update 740/781 | step=757760 | SPS=692
update 740/781 | step=757760 | SPS=692
update 750/781 | step=768000 | SPS=692
update 750/781 | step=768000 | SPS=692
update 750/781 | step=768000 | SPS=692
update 750/781 | step=768000 | SPS=692
update 760/781 | step=778240 | SPS=692
update 760/781 | step=778240 | SPS=692
update 760/781 | step=778240 | SPS=692
update 760/781 | step=778240 | SPS=692
update 770/781 | step=788480 | SPS=692
update 770/781 | step=788480 | SPS=692
update 770/781 | step=788480 | SPS=692
update 770/781 | step=788480 | SPS=692
update 780/781 | step=798720 | SPS=692
update 780/781 | step=798720 | SPS=692
update 780/781 | step=798720 | SPS=692
update 780/781 | step=798720 | SPS=692
update 781/781 | step=799744 | SPS=692
update 781/781 | step=799744 | SPS=692
update 781/781 | step=799744 | SPS=692
update 781/781 | step=799744 | SPS=692
Episode 3/4 | reward=-16.8811 | avg10=-13.7259 | avg_success_rate=0.8300 | steps=78 | time=1159.8s
update 10/781 | step=10240 | SPS=769
update 10/781 | step=10240 | SPS=766
update 10/781 | step=10240 | SPS=754
update 10/781 | step=10240 | SPS=746
update 20/781 | step=20480 | SPS=733
update 20/781 | step=20480 | SPS=728
update 20/781 | step=20480 | SPS=721
update 20/781 | step=20480 | SPS=710
update 30/781 | step=30720 | SPS=713
update 30/781 | step=30720 | SPS=715
update 30/781 | step=30720 | SPS=710
update 30/781 | step=30720 | SPS=706
update 40/781 | step=40960 | SPS=710
update 40/781 | step=40960 | SPS=711
update 40/781 | step=40960 | SPS=706
update 40/781 | step=40960 | SPS=700
update 50/781 | step=51200 | SPS=706
update 50/781 | step=51200 | SPS=703
update 50/781 | step=51200 | SPS=701
update 50/781 | step=51200 | SPS=699
update 60/781 | step=61440 | SPS=702
update 60/781 | step=61440 | SPS=700
update 60/781 | step=61440 | SPS=698
update 60/781 | step=61440 | SPS=695
update 70/781 | step=71680 | SPS=698
update 70/781 | step=71680 | SPS=697
update 70/781 | step=71680 | SPS=697
update 70/781 | step=71680 | SPS=694
update 80/781 | step=81920 | SPS=697
update 80/781 | step=81920 | SPS=697
update 80/781 | step=81920 | SPS=694
update 80/781 | step=81920 | SPS=693
update 90/781 | step=92160 | SPS=697
update 90/781 | step=92160 | SPS=696
update 90/781 | step=92160 | SPS=695
update 90/781 | step=92160 | SPS=692
[100008] Regime switch detected! 0 -> 1. Snapshotting anchor model.
[100008] Regime switch detected! 0 -> 1. Snapshotting anchor model.
[100008] Regime switch detected! 0 -> 1. Snapshotting anchor model.
[100008] Regime switch detected! 0 -> 1. Snapshotting anchor model.
update 100/781 | step=102400 | SPS=696
update 100/781 | step=102400 | SPS=696
update 100/781 | step=102400 | SPS=695
update 100/781 | step=102400 | SPS=694
update 110/781 | step=112640 | SPS=696
update 110/781 | step=112640 | SPS=696
update 110/781 | step=112640 | SPS=695
update 110/781 | step=112640 | SPS=693
update 120/781 | step=122880 | SPS=696
update 120/781 | step=122880 | SPS=695
update 120/781 | step=122880 | SPS=695
update 120/781 | step=122880 | SPS=692
update 130/781 | step=133120 | SPS=695
update 130/781 | step=133120 | SPS=694
update 130/781 | step=133120 | SPS=693
update 130/781 | step=133120 | SPS=693
update 140/781 | step=143360 | SPS=695
update 140/781 | step=143360 | SPS=694
update 140/781 | step=143360 | SPS=694
update 140/781 | step=143360 | SPS=693
update 150/781 | step=153600 | SPS=694
update 150/781 | step=153600 | SPS=694
update 150/781 | step=153600 | SPS=693
update 150/781 | step=153600 | SPS=692
update 160/781 | step=163840 | SPS=694
update 160/781 | step=163840 | SPS=694
update 160/781 | step=163840 | SPS=693
update 160/781 | step=163840 | SPS=692
update 170/781 | step=174080 | SPS=694
update 170/781 | step=174080 | SPS=694
update 170/781 | step=174080 | SPS=694
update 170/781 | step=174080 | SPS=693
update 180/781 | step=184320 | SPS=694
update 180/781 | step=184320 | SPS=693
update 180/781 | step=184320 | SPS=693
update 180/781 | step=184320 | SPS=692
update 190/781 | step=194560 | SPS=694
update 190/781 | step=194560 | SPS=694
update 190/781 | step=194560 | SPS=693
update 190/781 | step=194560 | SPS=692
[200008] Regime switch detected! 1 -> 0. Snapshotting anchor model.
[200008] Regime switch detected! 1 -> 0. Snapshotting anchor model.
[200008] Regime switch detected! 1 -> 0. Snapshotting anchor model.
[200008] Regime switch detected! 1 -> 0. Snapshotting anchor model.
update 200/781 | step=204800 | SPS=694
update 200/781 | step=204800 | SPS=694
update 200/781 | step=204800 | SPS=693
update 200/781 | step=204800 | SPS=693
update 210/781 | step=215040 | SPS=694
update 210/781 | step=215040 | SPS=694
update 210/781 | step=215040 | SPS=693
update 210/781 | step=215040 | SPS=693
update 220/781 | step=225280 | SPS=694
update 220/781 | step=225280 | SPS=694
update 220/781 | step=225280 | SPS=694
update 220/781 | step=225280 | SPS=693
update 230/781 | step=235520 | SPS=694
update 230/781 | step=235520 | SPS=694
update 230/781 | step=235520 | SPS=693
update 230/781 | step=235520 | SPS=693
update 240/781 | step=245760 | SPS=694
update 240/781 | step=245760 | SPS=694
update 240/781 | step=245760 | SPS=693
update 240/781 | step=245760 | SPS=692
update 250/781 | step=256000 | SPS=693
update 250/781 | step=256000 | SPS=693
update 250/781 | step=256000 | SPS=693
update 250/781 | step=256000 | SPS=693
update 260/781 | step=266240 | SPS=693
update 260/781 | step=266240 | SPS=693
update 260/781 | step=266240 | SPS=693
update 260/781 | step=266240 | SPS=692
update 270/781 | step=276480 | SPS=693
update 270/781 | step=276480 | SPS=693
update 270/781 | step=276480 | SPS=693
update 270/781 | step=276480 | SPS=692
update 280/781 | step=286720 | SPS=693
update 280/781 | step=286720 | SPS=693
update 280/781 | step=286720 | SPS=692
update 280/781 | step=286720 | SPS=692
update 290/781 | step=296960 | SPS=693
update 290/781 | step=296960 | SPS=693
update 290/781 | step=296960 | SPS=693
update 290/781 | step=296960 | SPS=692
[300008] Regime switch detected! 0 -> 1. Snapshotting anchor model.
[300008] Regime switch detected! 0 -> 1. Snapshotting anchor model.
[300008] Regime switch detected! 0 -> 1. Snapshotting anchor model.
[300008] Regime switch detected! 0 -> 1. Snapshotting anchor model.
update 300/781 | step=307200 | SPS=693
update 300/781 | step=307200 | SPS=693
update 300/781 | step=307200 | SPS=692
update 300/781 | step=307200 | SPS=692
update 310/781 | step=317440 | SPS=693
update 310/781 | step=317440 | SPS=692
update 310/781 | step=317440 | SPS=692
update 310/781 | step=317440 | SPS=692
update 320/781 | step=327680 | SPS=693
update 320/781 | step=327680 | SPS=693
update 320/781 | step=327680 | SPS=692
update 320/781 | step=327680 | SPS=692
update 330/781 | step=337920 | SPS=693
update 330/781 | step=337920 | SPS=693
update 330/781 | step=337920 | SPS=693
update 330/781 | step=337920 | SPS=692
update 340/781 | step=348160 | SPS=693
update 340/781 | step=348160 | SPS=693
update 340/781 | step=348160 | SPS=693
update 340/781 | step=348160 | SPS=692
update 350/781 | step=358400 | SPS=693
update 350/781 | step=358400 | SPS=692
update 350/781 | step=358400 | SPS=692
update 350/781 | step=358400 | SPS=692
update 360/781 | step=368640 | SPS=692
update 360/781 | step=368640 | SPS=692
update 360/781 | step=368640 | SPS=692
update 360/781 | step=368640 | SPS=691
update 370/781 | step=378880 | SPS=692
update 370/781 | step=378880 | SPS=692
update 370/781 | step=378880 | SPS=692
update 370/781 | step=378880 | SPS=691
update 380/781 | step=389120 | SPS=692
update 380/781 | step=389120 | SPS=692
update 380/781 | step=389120 | SPS=692
update 380/781 | step=389120 | SPS=691
update 390/781 | step=399360 | SPS=692
update 390/781 | step=399360 | SPS=691
update 390/781 | step=399360 | SPS=691
update 390/781 | step=399360 | SPS=691
[400008] Regime switch detected! 1 -> 0. Snapshotting anchor model.
[400008] Regime switch detected! 1 -> 0. Snapshotting anchor model.
[400008] Regime switch detected! 1 -> 0. Snapshotting anchor model.
[400008] Regime switch detected! 1 -> 0. Snapshotting anchor model.
update 400/781 | step=409600 | SPS=692
update 400/781 | step=409600 | SPS=691
update 400/781 | step=409600 | SPS=691
update 400/781 | step=409600 | SPS=691
update 410/781 | step=419840 | SPS=692
update 410/781 | step=419840 | SPS=691
update 410/781 | step=419840 | SPS=691
update 410/781 | step=419840 | SPS=691
update 420/781 | step=430080 | SPS=691
update 420/781 | step=430080 | SPS=691
update 420/781 | step=430080 | SPS=691
update 420/781 | step=430080 | SPS=691
update 430/781 | step=440320 | SPS=691
update 430/781 | step=440320 | SPS=691
update 430/781 | step=440320 | SPS=691
update 430/781 | step=440320 | SPS=691
update 440/781 | step=450560 | SPS=692
update 440/781 | step=450560 | SPS=691
update 440/781 | step=450560 | SPS=691
update 440/781 | step=450560 | SPS=691
update 450/781 | step=460800 | SPS=691
update 450/781 | step=460800 | SPS=691
update 450/781 | step=460800 | SPS=691
update 450/781 | step=460800 | SPS=691
update 460/781 | step=471040 | SPS=692
update 460/781 | step=471040 | SPS=691
update 460/781 | step=471040 | SPS=691
update 460/781 | step=471040 | SPS=691
update 470/781 | step=481280 | SPS=691
update 470/781 | step=481280 | SPS=691
update 470/781 | step=481280 | SPS=691
update 470/781 | step=481280 | SPS=690
update 480/781 | step=491520 | SPS=691
update 480/781 | step=491520 | SPS=691
update 480/781 | step=491520 | SPS=691
update 480/781 | step=491520 | SPS=691
[500008] Regime switch detected! 0 -> 1. Snapshotting anchor model.
[500008] Regime switch detected! 0 -> 1. Snapshotting anchor model.
[500008] Regime switch detected! 0 -> 1. Snapshotting anchor model.
[500008] Regime switch detected! 0 -> 1. Snapshotting anchor model.
update 490/781 | step=501760 | SPS=691
update 490/781 | step=501760 | SPS=691
update 490/781 | step=501760 | SPS=691
update 490/781 | step=501760 | SPS=691
update 500/781 | step=512000 | SPS=691
update 500/781 | step=512000 | SPS=691
update 500/781 | step=512000 | SPS=691
update 500/781 | step=512000 | SPS=690
update 510/781 | step=522240 | SPS=691
update 510/781 | step=522240 | SPS=691
update 510/781 | step=522240 | SPS=691
update 510/781 | step=522240 | SPS=690
update 520/781 | step=532480 | SPS=691
update 520/781 | step=532480 | SPS=691
update 520/781 | step=532480 | SPS=691
update 520/781 | step=532480 | SPS=690
update 530/781 | step=542720 | SPS=691
update 530/781 | step=542720 | SPS=691
update 530/781 | step=542720 | SPS=690
update 530/781 | step=542720 | SPS=690
update 540/781 | step=552960 | SPS=691
update 540/781 | step=552960 | SPS=691
update 540/781 | step=552960 | SPS=690
update 540/781 | step=552960 | SPS=690
update 550/781 | step=563200 | SPS=691
update 550/781 | step=563200 | SPS=691
update 550/781 | step=563200 | SPS=691
update 550/781 | step=563200 | SPS=690
update 560/781 | step=573440 | SPS=691
update 560/781 | step=573440 | SPS=691
update 560/781 | step=573440 | SPS=691
update 560/781 | step=573440 | SPS=690
update 570/781 | step=583680 | SPS=691
update 570/781 | step=583680 | SPS=691
update 570/781 | step=583680 | SPS=691
update 570/781 | step=583680 | SPS=690
update 580/781 | step=593920 | SPS=691
update 580/781 | step=593920 | SPS=691
update 580/781 | step=593920 | SPS=691
update 580/781 | step=593920 | SPS=690
[600008] Regime switch detected! 1 -> 0. Snapshotting anchor model.
[600008] Regime switch detected! 1 -> 0. Snapshotting anchor model.
[600008] Regime switch detected! 1 -> 0. Snapshotting anchor model.
[600008] Regime switch detected! 1 -> 0. Snapshotting anchor model.
update 590/781 | step=604160 | SPS=691
update 590/781 | step=604160 | SPS=691
update 590/781 | step=604160 | SPS=691
update 590/781 | step=604160 | SPS=690
update 600/781 | step=614400 | SPS=691
update 600/781 | step=614400 | SPS=691
update 600/781 | step=614400 | SPS=691
update 600/781 | step=614400 | SPS=690
update 610/781 | step=624640 | SPS=691
update 610/781 | step=624640 | SPS=691
update 610/781 | step=624640 | SPS=691
update 610/781 | step=624640 | SPS=690
update 620/781 | step=634880 | SPS=691
update 620/781 | step=634880 | SPS=691
update 620/781 | step=634880 | SPS=690
update 620/781 | step=634880 | SPS=690
update 630/781 | step=645120 | SPS=690
update 630/781 | step=645120 | SPS=690
update 630/781 | step=645120 | SPS=690
update 630/781 | step=645120 | SPS=690
update 640/781 | step=655360 | SPS=691
update 640/781 | step=655360 | SPS=690
update 640/781 | step=655360 | SPS=690
update 640/781 | step=655360 | SPS=690
update 650/781 | step=665600 | SPS=691
update 650/781 | step=665600 | SPS=691
update 650/781 | step=665600 | SPS=690
update 650/781 | step=665600 | SPS=690
update 660/781 | step=675840 | SPS=691
update 660/781 | step=675840 | SPS=690
update 660/781 | step=675840 | SPS=690
update 660/781 | step=675840 | SPS=690
update 670/781 | step=686080 | SPS=691
update 670/781 | step=686080 | SPS=691
update 670/781 | step=686080 | SPS=690
update 670/781 | step=686080 | SPS=690
update 680/781 | step=696320 | SPS=691
update 680/781 | step=696320 | SPS=691
update 680/781 | step=696320 | SPS=690
update 680/781 | step=696320 | SPS=690
[700008] Regime switch detected! 0 -> 1. Snapshotting anchor model.
[700008] Regime switch detected! 0 -> 1. Snapshotting anchor model.
[700008] Regime switch detected! 0 -> 1. Snapshotting anchor model.
[700008] Regime switch detected! 0 -> 1. Snapshotting anchor model.
update 690/781 | step=706560 | SPS=691
update 690/781 | step=706560 | SPS=690
update 690/781 | step=706560 | SPS=690
update 690/781 | step=706560 | SPS=690
update 700/781 | step=716800 | SPS=691
update 700/781 | step=716800 | SPS=690
update 700/781 | step=716800 | SPS=690
update 700/781 | step=716800 | SPS=690
update 710/781 | step=727040 | SPS=691
update 710/781 | step=727040 | SPS=691
update 710/781 | step=727040 | SPS=690
update 710/781 | step=727040 | SPS=690
update 720/781 | step=737280 | SPS=690
update 720/781 | step=737280 | SPS=690
update 720/781 | step=737280 | SPS=690
update 720/781 | step=737280 | SPS=690
update 730/781 | step=747520 | SPS=690
update 730/781 | step=747520 | SPS=690
update 730/781 | step=747520 | SPS=690
update 730/781 | step=747520 | SPS=690
update 740/781 | step=757760 | SPS=690
update 740/781 | step=757760 | SPS=690
update 740/781 | step=757760 | SPS=690
update 740/781 | step=757760 | SPS=690
update 750/781 | step=768000 | SPS=690
update 750/781 | step=768000 | SPS=690
update 750/781 | step=768000 | SPS=690
update 750/781 | step=768000 | SPS=690
update 760/781 | step=778240 | SPS=690
update 760/781 | step=778240 | SPS=690
update 760/781 | step=778240 | SPS=690
update 760/781 | step=778240 | SPS=690
update 770/781 | step=788480 | SPS=690
update 770/781 | step=788480 | SPS=690
update 770/781 | step=788480 | SPS=690
update 770/781 | step=788480 | SPS=690
update 780/781 | step=798720 | SPS=690
update 780/781 | step=798720 | SPS=690
update 780/781 | step=798720 | SPS=690
update 780/781 | step=798720 | SPS=690
update 781/781 | step=799744 | SPS=690
update 781/781 | step=799744 | SPS=690
update 781/781 | step=799744 | SPS=690
update 781/781 | step=799744 | SPS=690
Episode 4/4 | reward=-23.7892 | avg10=-16.2417 | avg_success_rate=0.8275 | steps=78 | time=1163.0s
  [brain ckpt] runs/scoutv2_brain_neuromod_critic_code_seed2_20260706-155917/episode_4/brain_ep4.pt
Saved Brain model to: runs/scoutv2_brain_neuromod_critic_code_seed2_20260706-155917/brain_model.pt

Brain training complete. Total RL episodes: 4
