Saved configuration to: runs/calib8x8_brain_neuromod_seed3_20260701-064813/config.txt
Training Brain on cuda for 30 RL episodes
  Inner: 800000 timesteps, regime switch every 100000 steps
  Parallel Envs: 1
  Brain vectorization: sync
  Decision interval: 10 inner updates

--- Starting Meta-RL PPO Training (Target: 30) ---
update 10/390 | step=20480 | SPS=1373
update 20/390 | step=40960 | SPS=1380
update 30/390 | step=61440 | SPS=1387
update 40/390 | step=81920 | SPS=1382
[100016] Regime switch detected! 0 -> 1. Snapshotting anchor model.
update 50/390 | step=102400 | SPS=1379
update 60/390 | step=122880 | SPS=1379
update 70/390 | step=143360 | SPS=1379
update 80/390 | step=163840 | SPS=1383
update 90/390 | step=184320 | SPS=1384
[200016] Regime switch detected! 1 -> 0. Snapshotting anchor model.
update 100/390 | step=204800 | SPS=1390
update 110/390 | step=225280 | SPS=1404
update 120/390 | step=245760 | SPS=1411
update 130/390 | step=266240 | SPS=1410
update 140/390 | step=286720 | SPS=1410
[300016] Regime switch detected! 0 -> 1. Snapshotting anchor model.
update 150/390 | step=307200 | SPS=1409
update 160/390 | step=327680 | SPS=1405
update 170/390 | step=348160 | SPS=1402
update 180/390 | step=368640 | SPS=1400
update 190/390 | step=389120 | SPS=1399
[400016] Regime switch detected! 1 -> 0. Snapshotting anchor model.
update 200/390 | step=409600 | SPS=1399
update 210/390 | step=430080 | SPS=1399
update 220/390 | step=450560 | SPS=1398
update 230/390 | step=471040 | SPS=1399
update 240/390 | step=491520 | SPS=1399
[500016] Regime switch detected! 0 -> 1. Snapshotting anchor model.
update 250/390 | step=512000 | SPS=1399
update 260/390 | step=532480 | SPS=1400
update 270/390 | step=552960 | SPS=1402
update 280/390 | step=573440 | SPS=1401
update 290/390 | step=593920 | SPS=1399
[600016] Regime switch detected! 1 -> 0. Snapshotting anchor model.
update 300/390 | step=614400 | SPS=1398
update 310/390 | step=634880 | SPS=1396
update 320/390 | step=655360 | SPS=1398
update 330/390 | step=675840 | SPS=1397
update 340/390 | step=696320 | SPS=1397
[700016] Regime switch detected! 0 -> 1. Snapshotting anchor model.
update 350/390 | step=716800 | SPS=1398
update 360/390 | step=737280 | SPS=1398
update 370/390 | step=757760 | SPS=1399
update 380/390 | step=778240 | SPS=1399
[save] runs/calib8x8_brain_neuromod_seed3_20260701-064813/episode_1/ep1_env0_20260701-064819/inner_checkpoints/ep1_env0_update390.pt
update 390/390 | step=798720 | SPS=1404
Episode 1/30 | reward=4.9052 | avg10=4.9052 | avg_success_rate=0.7900 | steps=38 | time=594.8s
update 10/390 | step=20480 | SPS=1491
update 20/390 | step=40960 | SPS=1522
update 30/390 | step=61440 | SPS=1506
update 40/390 | step=81920 | SPS=1471
[100016] Regime switch detected! 0 -> 1. Snapshotting anchor model.
update 50/390 | step=102400 | SPS=1464
update 60/390 | step=122880 | SPS=1475
update 70/390 | step=143360 | SPS=1491
update 80/390 | step=163840 | SPS=1489
update 90/390 | step=184320 | SPS=1502
[200016] Regime switch detected! 1 -> 0. Snapshotting anchor model.
update 100/390 | step=204800 | SPS=1510
update 110/390 | step=225280 | SPS=1515
update 120/390 | step=245760 | SPS=1518
update 130/390 | step=266240 | SPS=1522
update 140/390 | step=286720 | SPS=1527
[300016] Regime switch detected! 0 -> 1. Snapshotting anchor model.
update 150/390 | step=307200 | SPS=1532
update 160/390 | step=327680 | SPS=1520
update 170/390 | step=348160 | SPS=1511
update 180/390 | step=368640 | SPS=1506
update 190/390 | step=389120 | SPS=1510
[400016] Regime switch detected! 1 -> 0. Snapshotting anchor model.
update 200/390 | step=409600 | SPS=1508
update 210/390 | step=430080 | SPS=1504
update 220/390 | step=450560 | SPS=1498
update 230/390 | step=471040 | SPS=1492
update 240/390 | step=491520 | SPS=1487
[500016] Regime switch detected! 0 -> 1. Snapshotting anchor model.
update 250/390 | step=512000 | SPS=1482
update 260/390 | step=532480 | SPS=1477
update 270/390 | step=552960 | SPS=1473
update 280/390 | step=573440 | SPS=1470
update 290/390 | step=593920 | SPS=1472
[600016] Regime switch detected! 1 -> 0. Snapshotting anchor model.
update 300/390 | step=614400 | SPS=1474
update 310/390 | step=634880 | SPS=1474
update 320/390 | step=655360 | SPS=1471
update 330/390 | step=675840 | SPS=1467
update 340/390 | step=696320 | SPS=1463
[700016] Regime switch detected! 0 -> 1. Snapshotting anchor model.
update 350/390 | step=716800 | SPS=1460
update 360/390 | step=737280 | SPS=1456
update 370/390 | step=757760 | SPS=1454
update 380/390 | step=778240 | SPS=1452
[save] runs/calib8x8_brain_neuromod_seed3_20260701-064813/episode_2/ep2_env0_20260701-065812/inner_checkpoints/ep2_env0_update390.pt
update 390/390 | step=798720 | SPS=1451
Episode 2/30 | reward=3.8850 | avg10=4.3951 | avg_success_rate=0.9500 | steps=38 | time=575.6s
update 10/390 | step=20480 | SPS=1415
update 20/390 | step=40960 | SPS=1434
update 30/390 | step=61440 | SPS=1429
update 40/390 | step=81920 | SPS=1453
[100016] Regime switch detected! 0 -> 1. Snapshotting anchor model.
update 50/390 | step=102400 | SPS=1476
update 60/390 | step=122880 | SPS=1493
update 70/390 | step=143360 | SPS=1494
update 80/390 | step=163840 | SPS=1483
update 90/390 | step=184320 | SPS=1473
[200016] Regime switch detected! 1 -> 0. Snapshotting anchor model.
update 100/390 | step=204800 | SPS=1467
update 110/390 | step=225280 | SPS=1454
update 120/390 | step=245760 | SPS=1450
update 130/390 | step=266240 | SPS=1442
update 140/390 | step=286720 | SPS=1437
[300016] Regime switch detected! 0 -> 1. Snapshotting anchor model.
update 150/390 | step=307200 | SPS=1430
update 160/390 | step=327680 | SPS=1426
update 170/390 | step=348160 | SPS=1423
update 180/390 | step=368640 | SPS=1420
update 190/390 | step=389120 | SPS=1417
[400016] Regime switch detected! 1 -> 0. Snapshotting anchor model.
update 200/390 | step=409600 | SPS=1415
update 210/390 | step=430080 | SPS=1413
update 220/390 | step=450560 | SPS=1411
update 230/390 | step=471040 | SPS=1408
update 240/390 | step=491520 | SPS=1405
[500016] Regime switch detected! 0 -> 1. Snapshotting anchor model.
update 250/390 | step=512000 | SPS=1403
update 260/390 | step=532480 | SPS=1400
update 270/390 | step=552960 | SPS=1399
update 280/390 | step=573440 | SPS=1399
update 290/390 | step=593920 | SPS=1398
[600016] Regime switch detected! 1 -> 0. Snapshotting anchor model.
update 300/390 | step=614400 | SPS=1400
update 310/390 | step=634880 | SPS=1402
update 320/390 | step=655360 | SPS=1402
update 330/390 | step=675840 | SPS=1400
update 340/390 | step=696320 | SPS=1400
[700016] Regime switch detected! 0 -> 1. Snapshotting anchor model.
update 350/390 | step=716800 | SPS=1398
update 360/390 | step=737280 | SPS=1401
update 370/390 | step=757760 | SPS=1399
update 380/390 | step=778240 | SPS=1398
[save] runs/calib8x8_brain_neuromod_seed3_20260701-064813/episode_3/ep3_env0_20260701-070748/inner_checkpoints/ep3_env0_update390.pt
update 390/390 | step=798720 | SPS=1397
Episode 3/30 | reward=4.0370 | avg10=4.2757 | avg_success_rate=0.8600 | steps=38 | time=594.8s
update 10/390 | step=20480 | SPS=1429
update 20/390 | step=40960 | SPS=1464
update 30/390 | step=61440 | SPS=1463
update 40/390 | step=81920 | SPS=1487
[100016] Regime switch detected! 0 -> 1. Snapshotting anchor model.
update 50/390 | step=102400 | SPS=1490
update 60/390 | step=122880 | SPS=1503
update 70/390 | step=143360 | SPS=1493
update 80/390 | step=163840 | SPS=1502
update 90/390 | step=184320 | SPS=1498
[200016] Regime switch detected! 1 -> 0. Snapshotting anchor model.
update 100/390 | step=204800 | SPS=1486
update 110/390 | step=225280 | SPS=1486
update 120/390 | step=245760 | SPS=1491
update 130/390 | step=266240 | SPS=1496
update 140/390 | step=286720 | SPS=1498
[300016] Regime switch detected! 0 -> 1. Snapshotting anchor model.
update 150/390 | step=307200 | SPS=1487
update 160/390 | step=327680 | SPS=1479
update 170/390 | step=348160 | SPS=1474
update 180/390 | step=368640 | SPS=1467
update 190/390 | step=389120 | SPS=1462
[400016] Regime switch detected! 1 -> 0. Snapshotting anchor model.
update 200/390 | step=409600 | SPS=1458
update 210/390 | step=430080 | SPS=1454
update 220/390 | step=450560 | SPS=1451
update 230/390 | step=471040 | SPS=1448
update 240/390 | step=491520 | SPS=1450
[500016] Regime switch detected! 0 -> 1. Snapshotting anchor model.
update 250/390 | step=512000 | SPS=1451
update 260/390 | step=532480 | SPS=1447
update 270/390 | step=552960 | SPS=1444
update 280/390 | step=573440 | SPS=1442
update 290/390 | step=593920 | SPS=1439
[600016] Regime switch detected! 1 -> 0. Snapshotting anchor model.
update 300/390 | step=614400 | SPS=1437
update 310/390 | step=634880 | SPS=1434
update 320/390 | step=655360 | SPS=1431
update 330/390 | step=675840 | SPS=1428
update 340/390 | step=696320 | SPS=1425
[700016] Regime switch detected! 0 -> 1. Snapshotting anchor model.
update 350/390 | step=716800 | SPS=1422
update 360/390 | step=737280 | SPS=1420
update 370/390 | step=757760 | SPS=1420
update 380/390 | step=778240 | SPS=1423
[save] runs/calib8x8_brain_neuromod_seed3_20260701-064813/episode_4/ep4_env0_20260701-071743/inner_checkpoints/ep4_env0_update390.pt
update 390/390 | step=798720 | SPS=1425
Episode 4/30 | reward=5.0486 | avg10=4.4689 | avg_success_rate=0.9700 | steps=38 | time=585.4s
update 10/390 | step=20480 | SPS=1436
update 20/390 | step=40960 | SPS=1437
update 30/390 | step=61440 | SPS=1478
update 40/390 | step=81920 | SPS=1453
[100016] Regime switch detected! 0 -> 1. Snapshotting anchor model.
update 50/390 | step=102400 | SPS=1453
update 60/390 | step=122880 | SPS=1468
update 70/390 | step=143360 | SPS=1481
update 80/390 | step=163840 | SPS=1468
update 90/390 | step=184320 | SPS=1470
[200016] Regime switch detected! 1 -> 0. Snapshotting anchor model.
update 100/390 | step=204800 | SPS=1457
update 110/390 | step=225280 | SPS=1467
update 120/390 | step=245760 | SPS=1473
update 130/390 | step=266240 | SPS=1469
update 140/390 | step=286720 | SPS=1463
[300016] Regime switch detected! 0 -> 1. Snapshotting anchor model.
update 150/390 | step=307200 | SPS=1458
update 160/390 | step=327680 | SPS=1452
update 170/390 | step=348160 | SPS=1448
update 180/390 | step=368640 | SPS=1450
update 190/390 | step=389120 | SPS=1448
[400016] Regime switch detected! 1 -> 0. Snapshotting anchor model.
update 200/390 | step=409600 | SPS=1445
update 210/390 | step=430080 | SPS=1440
update 220/390 | step=450560 | SPS=1436
update 230/390 | step=471040 | SPS=1439
update 240/390 | step=491520 | SPS=1444
[500016] Regime switch detected! 0 -> 1. Snapshotting anchor model.
update 250/390 | step=512000 | SPS=1448
update 260/390 | step=532480 | SPS=1451
update 270/390 | step=552960 | SPS=1456
update 280/390 | step=573440 | SPS=1460
update 290/390 | step=593920 | SPS=1464
[600016] Regime switch detected! 1 -> 0. Snapshotting anchor model.
update 300/390 | step=614400 | SPS=1466
update 310/390 | step=634880 | SPS=1469
update 320/390 | step=655360 | SPS=1472
update 330/390 | step=675840 | SPS=1471
update 340/390 | step=696320 | SPS=1469
[700016] Regime switch detected! 0 -> 1. Snapshotting anchor model.
update 350/390 | step=716800 | SPS=1465
update 360/390 | step=737280 | SPS=1462
update 370/390 | step=757760 | SPS=1460
update 380/390 | step=778240 | SPS=1458
[save] runs/calib8x8_brain_neuromod_seed3_20260701-064813/episode_5/ep5_env0_20260701-072728/inner_checkpoints/ep5_env0_update390.pt
update 390/390 | step=798720 | SPS=1464
Episode 5/30 | reward=4.1113 | avg10=4.3974 | avg_success_rate=0.8000 | steps=38 | time=570.3s
update 10/390 | step=20480 | SPS=1618
update 20/390 | step=40960 | SPS=1571
update 30/390 | step=61440 | SPS=1504
update 40/390 | step=81920 | SPS=1479
[100016] Regime switch detected! 0 -> 1. Snapshotting anchor model.
update 50/390 | step=102400 | SPS=1458
update 60/390 | step=122880 | SPS=1444
update 70/390 | step=143360 | SPS=1436
update 80/390 | step=163840 | SPS=1425
update 90/390 | step=184320 | SPS=1420
[200016] Regime switch detected! 1 -> 0. Snapshotting anchor model.
update 100/390 | step=204800 | SPS=1414
update 110/390 | step=225280 | SPS=1411
update 120/390 | step=245760 | SPS=1407
update 130/390 | step=266240 | SPS=1402
update 140/390 | step=286720 | SPS=1407
[300016] Regime switch detected! 0 -> 1. Snapshotting anchor model.
update 150/390 | step=307200 | SPS=1416
update 160/390 | step=327680 | SPS=1423
update 170/390 | step=348160 | SPS=1428
update 180/390 | step=368640 | SPS=1432
update 190/390 | step=389120 | SPS=1439
[400016] Regime switch detected! 1 -> 0. Snapshotting anchor model.
update 200/390 | step=409600 | SPS=1447
update 210/390 | step=430080 | SPS=1446
update 220/390 | step=450560 | SPS=1443
update 230/390 | step=471040 | SPS=1440
update 240/390 | step=491520 | SPS=1436
[500016] Regime switch detected! 0 -> 1. Snapshotting anchor model.
update 250/390 | step=512000 | SPS=1434
update 260/390 | step=532480 | SPS=1438
update 270/390 | step=552960 | SPS=1437
update 280/390 | step=573440 | SPS=1434
update 290/390 | step=593920 | SPS=1433
[600016] Regime switch detected! 1 -> 0. Snapshotting anchor model.
update 300/390 | step=614400 | SPS=1429
update 310/390 | step=634880 | SPS=1428
update 320/390 | step=655360 | SPS=1427
update 330/390 | step=675840 | SPS=1424
update 340/390 | step=696320 | SPS=1423
[700016] Regime switch detected! 0 -> 1. Snapshotting anchor model.
update 350/390 | step=716800 | SPS=1421
update 360/390 | step=737280 | SPS=1418
update 370/390 | step=757760 | SPS=1417
update 380/390 | step=778240 | SPS=1417
[save] runs/calib8x8_brain_neuromod_seed3_20260701-064813/episode_6/ep6_env0_20260701-073658/inner_checkpoints/ep6_env0_update390.pt
update 390/390 | step=798720 | SPS=1419
Episode 6/30 | reward=4.0760 | avg10=4.3438 | avg_success_rate=0.9500 | steps=38 | time=587.6s
update 10/390 | step=20480 | SPS=1636
update 20/390 | step=40960 | SPS=1517
update 30/390 | step=61440 | SPS=1485
update 40/390 | step=81920 | SPS=1500
[100016] Regime switch detected! 0 -> 1. Snapshotting anchor model.
update 50/390 | step=102400 | SPS=1479
update 60/390 | step=122880 | SPS=1460
update 70/390 | step=143360 | SPS=1447
update 80/390 | step=163840 | SPS=1433
update 90/390 | step=184320 | SPS=1427
[200016] Regime switch detected! 1 -> 0. Snapshotting anchor model.
update 100/390 | step=204800 | SPS=1438
update 110/390 | step=225280 | SPS=1441
update 120/390 | step=245760 | SPS=1435
update 130/390 | step=266240 | SPS=1428
update 140/390 | step=286720 | SPS=1424
[300016] Regime switch detected! 0 -> 1. Snapshotting anchor model.
update 150/390 | step=307200 | SPS=1420
update 160/390 | step=327680 | SPS=1428
update 170/390 | step=348160 | SPS=1434
update 180/390 | step=368640 | SPS=1439
update 190/390 | step=389120 | SPS=1446
[400016] Regime switch detected! 1 -> 0. Snapshotting anchor model.
update 200/390 | step=409600 | SPS=1453
update 210/390 | step=430080 | SPS=1459
update 220/390 | step=450560 | SPS=1464
update 230/390 | step=471040 | SPS=1469
update 240/390 | step=491520 | SPS=1472
[500016] Regime switch detected! 0 -> 1. Snapshotting anchor model.
update 250/390 | step=512000 | SPS=1476
update 260/390 | step=532480 | SPS=1479
update 270/390 | step=552960 | SPS=1480
update 280/390 | step=573440 | SPS=1481
update 290/390 | step=593920 | SPS=1482
[600016] Regime switch detected! 1 -> 0. Snapshotting anchor model.
update 300/390 | step=614400 | SPS=1477
update 310/390 | step=634880 | SPS=1473
update 320/390 | step=655360 | SPS=1469
update 330/390 | step=675840 | SPS=1467
update 340/390 | step=696320 | SPS=1465
[700016] Regime switch detected! 0 -> 1. Snapshotting anchor model.
update 350/390 | step=716800 | SPS=1468
update 360/390 | step=737280 | SPS=1466
update 370/390 | step=757760 | SPS=1464
update 380/390 | step=778240 | SPS=1464
[save] runs/calib8x8_brain_neuromod_seed3_20260701-064813/episode_7/ep7_env0_20260701-074646/inner_checkpoints/ep7_env0_update390.pt
update 390/390 | step=798720 | SPS=1465
Episode 7/30 | reward=3.4979 | avg10=4.2230 | avg_success_rate=0.9100 | steps=38 | time=570.0s
update 10/390 | step=20480 | SPS=1630
update 20/390 | step=40960 | SPS=1600
update 30/390 | step=61440 | SPS=1570
update 40/390 | step=81920 | SPS=1551
[100016] Regime switch detected! 0 -> 1. Snapshotting anchor model.
update 50/390 | step=102400 | SPS=1514
update 60/390 | step=122880 | SPS=1485
update 70/390 | step=143360 | SPS=1474
update 80/390 | step=163840 | SPS=1471
update 90/390 | step=184320 | SPS=1476
[200016] Regime switch detected! 1 -> 0. Snapshotting anchor model.
update 100/390 | step=204800 | SPS=1463
update 110/390 | step=225280 | SPS=1455
update 120/390 | step=245760 | SPS=1447
update 130/390 | step=266240 | SPS=1439
update 140/390 | step=286720 | SPS=1434
[300016] Regime switch detected! 0 -> 1. Snapshotting anchor model.
update 150/390 | step=307200 | SPS=1428
update 160/390 | step=327680 | SPS=1424
update 170/390 | step=348160 | SPS=1430
update 180/390 | step=368640 | SPS=1436
update 190/390 | step=389120 | SPS=1443
[400016] Regime switch detected! 1 -> 0. Snapshotting anchor model.
update 200/390 | step=409600 | SPS=1449
update 210/390 | step=430080 | SPS=1455
update 220/390 | step=450560 | SPS=1459
update 230/390 | step=471040 | SPS=1461
update 240/390 | step=491520 | SPS=1460
[500016] Regime switch detected! 0 -> 1. Snapshotting anchor model.
update 250/390 | step=512000 | SPS=1456
update 260/390 | step=532480 | SPS=1452
update 270/390 | step=552960 | SPS=1449
update 280/390 | step=573440 | SPS=1445
update 290/390 | step=593920 | SPS=1442
[600016] Regime switch detected! 1 -> 0. Snapshotting anchor model.
update 300/390 | step=614400 | SPS=1438
update 310/390 | step=634880 | SPS=1438
update 320/390 | step=655360 | SPS=1442
update 330/390 | step=675840 | SPS=1446
update 340/390 | step=696320 | SPS=1449
[700016] Regime switch detected! 0 -> 1. Snapshotting anchor model.
update 350/390 | step=716800 | SPS=1447
update 360/390 | step=737280 | SPS=1444
update 370/390 | step=757760 | SPS=1445
update 380/390 | step=778240 | SPS=1444
[save] runs/calib8x8_brain_neuromod_seed3_20260701-064813/episode_8/ep8_env0_20260701-075616/inner_checkpoints/ep8_env0_update390.pt
update 390/390 | step=798720 | SPS=1444
Episode 8/30 | reward=2.7779 | avg10=4.0424 | avg_success_rate=0.9100 | steps=38 | time=577.2s
update 10/390 | step=20480 | SPS=1448
update 20/390 | step=40960 | SPS=1440
update 30/390 | step=61440 | SPS=1441
update 40/390 | step=81920 | SPS=1438
[100016] Regime switch detected! 0 -> 1. Snapshotting anchor model.
update 50/390 | step=102400 | SPS=1430
update 60/390 | step=122880 | SPS=1414
update 70/390 | step=143360 | SPS=1433
update 80/390 | step=163840 | SPS=1445
update 90/390 | step=184320 | SPS=1450
[200016] Regime switch detected! 1 -> 0. Snapshotting anchor model.
update 100/390 | step=204800 | SPS=1440
update 110/390 | step=225280 | SPS=1437
update 120/390 | step=245760 | SPS=1435
update 130/390 | step=266240 | SPS=1429
update 140/390 | step=286720 | SPS=1425
[300016] Regime switch detected! 0 -> 1. Snapshotting anchor model.
update 150/390 | step=307200 | SPS=1421
update 160/390 | step=327680 | SPS=1429
update 170/390 | step=348160 | SPS=1435
update 180/390 | step=368640 | SPS=1441
update 190/390 | step=389120 | SPS=1447
[400016] Regime switch detected! 1 -> 0. Snapshotting anchor model.
update 200/390 | step=409600 | SPS=1454
update 210/390 | step=430080 | SPS=1460
update 220/390 | step=450560 | SPS=1464
update 230/390 | step=471040 | SPS=1460
update 240/390 | step=491520 | SPS=1463
[500016] Regime switch detected! 0 -> 1. Snapshotting anchor model.
update 250/390 | step=512000 | SPS=1466
update 260/390 | step=532480 | SPS=1469
update 270/390 | step=552960 | SPS=1473
update 280/390 | step=573440 | SPS=1476
update 290/390 | step=593920 | SPS=1480
[600016] Regime switch detected! 1 -> 0. Snapshotting anchor model.
update 300/390 | step=614400 | SPS=1480
update 310/390 | step=634880 | SPS=1476
update 320/390 | step=655360 | SPS=1476
update 330/390 | step=675840 | SPS=1479
update 340/390 | step=696320 | SPS=1482
[700016] Regime switch detected! 0 -> 1. Snapshotting anchor model.
update 350/390 | step=716800 | SPS=1484
update 360/390 | step=737280 | SPS=1486
update 370/390 | step=757760 | SPS=1488
update 380/390 | step=778240 | SPS=1489
[save] runs/calib8x8_brain_neuromod_seed3_20260701-064813/episode_9/ep9_env0_20260701-080553/inner_checkpoints/ep9_env0_update390.pt
update 390/390 | step=798720 | SPS=1489
Episode 9/30 | reward=2.2662 | avg10=3.8450 | avg_success_rate=0.9100 | steps=38 | time=560.9s
update 10/390 | step=20480 | SPS=1436
update 20/390 | step=40960 | SPS=1418
update 30/390 | step=61440 | SPS=1404
update 40/390 | step=81920 | SPS=1394
[100016] Regime switch detected! 0 -> 1. Snapshotting anchor model.
update 50/390 | step=102400 | SPS=1414
update 60/390 | step=122880 | SPS=1434
update 70/390 | step=143360 | SPS=1457
update 80/390 | step=163840 | SPS=1468
update 90/390 | step=184320 | SPS=1480
[200016] Regime switch detected! 1 -> 0. Snapshotting anchor model.
update 100/390 | step=204800 | SPS=1480
update 110/390 | step=225280 | SPS=1469
update 120/390 | step=245760 | SPS=1459
update 130/390 | step=266240 | SPS=1451
update 140/390 | step=286720 | SPS=1444
[300016] Regime switch detected! 0 -> 1. Snapshotting anchor model.
update 150/390 | step=307200 | SPS=1443
update 160/390 | step=327680 | SPS=1437
update 170/390 | step=348160 | SPS=1437
update 180/390 | step=368640 | SPS=1443
update 190/390 | step=389120 | SPS=1449
[400016] Regime switch detected! 1 -> 0. Snapshotting anchor model.
update 200/390 | step=409600 | SPS=1451
update 210/390 | step=430080 | SPS=1447
update 220/390 | step=450560 | SPS=1441
update 230/390 | step=471040 | SPS=1438
update 240/390 | step=491520 | SPS=1437
[500016] Regime switch detected! 0 -> 1. Snapshotting anchor model.
update 250/390 | step=512000 | SPS=1433
update 260/390 | step=532480 | SPS=1431
update 270/390 | step=552960 | SPS=1428
update 280/390 | step=573440 | SPS=1432
update 290/390 | step=593920 | SPS=1430
[600016] Regime switch detected! 1 -> 0. Snapshotting anchor model.
update 300/390 | step=614400 | SPS=1429
update 310/390 | step=634880 | SPS=1426
update 320/390 | step=655360 | SPS=1424
update 330/390 | step=675840 | SPS=1423
update 340/390 | step=696320 | SPS=1423
[700016] Regime switch detected! 0 -> 1. Snapshotting anchor model.
update 350/390 | step=716800 | SPS=1422
update 360/390 | step=737280 | SPS=1426
update 370/390 | step=757760 | SPS=1430
update 380/390 | step=778240 | SPS=1433
[save] runs/calib8x8_brain_neuromod_seed3_20260701-064813/episode_10/ep10_env0_20260701-081514/inner_checkpoints/ep10_env0_update390.pt
update 390/390 | step=798720 | SPS=1439
Episode 10/30 | reward=2.4549 | avg10=3.7060 | avg_success_rate=0.9100 | steps=38 | time=579.9s
update 10/390 | step=20480 | SPS=1622
update 20/390 | step=40960 | SPS=1528
update 30/390 | step=61440 | SPS=1475
update 40/390 | step=81920 | SPS=1453
[100016] Regime switch detected! 0 -> 1. Snapshotting anchor model.
update 50/390 | step=102400 | SPS=1441
update 60/390 | step=122880 | SPS=1424
update 70/390 | step=143360 | SPS=1419
update 80/390 | step=163840 | SPS=1410
update 90/390 | step=184320 | SPS=1404
[200016] Regime switch detected! 1 -> 0. Snapshotting anchor model.
update 100/390 | step=204800 | SPS=1399
update 110/390 | step=225280 | SPS=1395
update 120/390 | step=245760 | SPS=1391
update 130/390 | step=266240 | SPS=1390
update 140/390 | step=286720 | SPS=1391
[300016] Regime switch detected! 0 -> 1. Snapshotting anchor model.
update 150/390 | step=307200 | SPS=1394
update 160/390 | step=327680 | SPS=1393
update 170/390 | step=348160 | SPS=1392
update 180/390 | step=368640 | SPS=1393
update 190/390 | step=389120 | SPS=1398
[400016] Regime switch detected! 1 -> 0. Snapshotting anchor model.
update 200/390 | step=409600 | SPS=1404
update 210/390 | step=430080 | SPS=1408
update 220/390 | step=450560 | SPS=1407
update 230/390 | step=471040 | SPS=1408
update 240/390 | step=491520 | SPS=1410
[500016] Regime switch detected! 0 -> 1. Snapshotting anchor model.
update 250/390 | step=512000 | SPS=1410
update 260/390 | step=532480 | SPS=1415
update 270/390 | step=552960 | SPS=1420
update 280/390 | step=573440 | SPS=1425
update 290/390 | step=593920 | SPS=1429
[600016] Regime switch detected! 1 -> 0. Snapshotting anchor model.
update 300/390 | step=614400 | SPS=1434
update 310/390 | step=634880 | SPS=1437
update 320/390 | step=655360 | SPS=1438
update 330/390 | step=675840 | SPS=1435
update 340/390 | step=696320 | SPS=1438
[700016] Regime switch detected! 0 -> 1. Snapshotting anchor model.
update 350/390 | step=716800 | SPS=1441
update 360/390 | step=737280 | SPS=1441
update 370/390 | step=757760 | SPS=1439
update 380/390 | step=778240 | SPS=1436
[save] runs/calib8x8_brain_neuromod_seed3_20260701-064813/episode_11/ep11_env0_20260701-082454/inner_checkpoints/ep11_env0_update390.pt
update 390/390 | step=798720 | SPS=1434
Episode 11/30 | reward=4.2556 | avg10=3.6410 | avg_success_rate=0.9700 | steps=38 | time=582.3s
update 10/390 | step=20480 | SPS=1517
update 20/390 | step=40960 | SPS=1481
update 30/390 | step=61440 | SPS=1458
update 40/390 | step=81920 | SPS=1437
[100016] Regime switch detected! 0 -> 1. Snapshotting anchor model.
update 50/390 | step=102400 | SPS=1431
update 60/390 | step=122880 | SPS=1428
update 70/390 | step=143360 | SPS=1437
update 80/390 | step=163840 | SPS=1446
update 90/390 | step=184320 | SPS=1459
[200016] Regime switch detected! 1 -> 0. Snapshotting anchor model.
update 100/390 | step=204800 | SPS=1468
update 110/390 | step=225280 | SPS=1476
update 120/390 | step=245760 | SPS=1482
update 130/390 | step=266240 | SPS=1489
update 140/390 | step=286720 | SPS=1482
[300016] Regime switch detected! 0 -> 1. Snapshotting anchor model.
update 150/390 | step=307200 | SPS=1477
update 160/390 | step=327680 | SPS=1469
update 170/390 | step=348160 | SPS=1469
update 180/390 | step=368640 | SPS=1468
update 190/390 | step=389120 | SPS=1463
[400016] Regime switch detected! 1 -> 0. Snapshotting anchor model.
update 200/390 | step=409600 | SPS=1462
update 210/390 | step=430080 | SPS=1463
update 220/390 | step=450560 | SPS=1466
update 230/390 | step=471040 | SPS=1465
update 240/390 | step=491520 | SPS=1459
[500016] Regime switch detected! 0 -> 1. Snapshotting anchor model.
update 250/390 | step=512000 | SPS=1454
update 260/390 | step=532480 | SPS=1457
update 270/390 | step=552960 | SPS=1460
update 280/390 | step=573440 | SPS=1457
update 290/390 | step=593920 | SPS=1453
[600016] Regime switch detected! 1 -> 0. Snapshotting anchor model.
update 300/390 | step=614400 | SPS=1450
update 310/390 | step=634880 | SPS=1446
update 320/390 | step=655360 | SPS=1442
update 330/390 | step=675840 | SPS=1438
update 340/390 | step=696320 | SPS=1436
[700016] Regime switch detected! 0 -> 1. Snapshotting anchor model.
update 350/390 | step=716800 | SPS=1433
update 360/390 | step=737280 | SPS=1431
update 370/390 | step=757760 | SPS=1429
update 380/390 | step=778240 | SPS=1428
[save] runs/calib8x8_brain_neuromod_seed3_20260701-064813/episode_12/ep12_env0_20260701-083436/inner_checkpoints/ep12_env0_update390.pt
update 390/390 | step=798720 | SPS=1427
Episode 12/30 | reward=5.1760 | avg10=3.7701 | avg_success_rate=0.9600 | steps=38 | time=583.7s
update 10/390 | step=20480 | SPS=1538
update 20/390 | step=40960 | SPS=1463
update 30/390 | step=61440 | SPS=1438
update 40/390 | step=81920 | SPS=1421
[100016] Regime switch detected! 0 -> 1. Snapshotting anchor model.
update 50/390 | step=102400 | SPS=1409
update 60/390 | step=122880 | SPS=1399
update 70/390 | step=143360 | SPS=1391
update 80/390 | step=163840 | SPS=1389
update 90/390 | step=184320 | SPS=1388
[200016] Regime switch detected! 1 -> 0. Snapshotting anchor model.
update 100/390 | step=204800 | SPS=1385
update 110/390 | step=225280 | SPS=1383
update 120/390 | step=245760 | SPS=1389
update 130/390 | step=266240 | SPS=1400
update 140/390 | step=286720 | SPS=1407
[300016] Regime switch detected! 0 -> 1. Snapshotting anchor model.
update 150/390 | step=307200 | SPS=1407
update 160/390 | step=327680 | SPS=1405
update 170/390 | step=348160 | SPS=1403
update 180/390 | step=368640 | SPS=1401
update 190/390 | step=389120 | SPS=1402
[400016] Regime switch detected! 1 -> 0. Snapshotting anchor model.
update 200/390 | step=409600 | SPS=1408
update 210/390 | step=430080 | SPS=1416
update 220/390 | step=450560 | SPS=1419
update 230/390 | step=471040 | SPS=1424
update 240/390 | step=491520 | SPS=1427
[500016] Regime switch detected! 0 -> 1. Snapshotting anchor model.
update 250/390 | step=512000 | SPS=1427
update 260/390 | step=532480 | SPS=1425
update 270/390 | step=552960 | SPS=1424
update 280/390 | step=573440 | SPS=1423
update 290/390 | step=593920 | SPS=1422
[600016] Regime switch detected! 1 -> 0. Snapshotting anchor model.
update 300/390 | step=614400 | SPS=1424
update 310/390 | step=634880 | SPS=1426
update 320/390 | step=655360 | SPS=1424
update 330/390 | step=675840 | SPS=1421
update 340/390 | step=696320 | SPS=1419
[700016] Regime switch detected! 0 -> 1. Snapshotting anchor model.
update 350/390 | step=716800 | SPS=1421
update 360/390 | step=737280 | SPS=1424
update 370/390 | step=757760 | SPS=1428
update 380/390 | step=778240 | SPS=1430
[save] runs/calib8x8_brain_neuromod_seed3_20260701-064813/episode_13/ep13_env0_20260701-084420/inner_checkpoints/ep13_env0_update390.pt
update 390/390 | step=798720 | SPS=1432
Episode 13/30 | reward=5.3942 | avg10=3.9058 | avg_success_rate=0.8800 | steps=38 | time=582.5s
update 10/390 | step=20480 | SPS=1500
update 20/390 | step=40960 | SPS=1477
update 30/390 | step=61440 | SPS=1453
update 40/390 | step=81920 | SPS=1431
[100016] Regime switch detected! 0 -> 1. Snapshotting anchor model.
update 50/390 | step=102400 | SPS=1419
update 60/390 | step=122880 | SPS=1408
update 70/390 | step=143360 | SPS=1406
update 80/390 | step=163840 | SPS=1397
update 90/390 | step=184320 | SPS=1393
[200016] Regime switch detected! 1 -> 0. Snapshotting anchor model.
update 100/390 | step=204800 | SPS=1397
update 110/390 | step=225280 | SPS=1404
update 120/390 | step=245760 | SPS=1405
update 130/390 | step=266240 | SPS=1415
update 140/390 | step=286720 | SPS=1422
[300016] Regime switch detected! 0 -> 1. Snapshotting anchor model.
update 150/390 | step=307200 | SPS=1432
update 160/390 | step=327680 | SPS=1440
update 170/390 | step=348160 | SPS=1437
update 180/390 | step=368640 | SPS=1431
update 190/390 | step=389120 | SPS=1427
[400016] Regime switch detected! 1 -> 0. Snapshotting anchor model.
update 200/390 | step=409600 | SPS=1422
update 210/390 | step=430080 | SPS=1419
update 220/390 | step=450560 | SPS=1415
update 230/390 | step=471040 | SPS=1413
update 240/390 | step=491520 | SPS=1413
[500016] Regime switch detected! 0 -> 1. Snapshotting anchor model.
update 250/390 | step=512000 | SPS=1413
update 260/390 | step=532480 | SPS=1413
update 270/390 | step=552960 | SPS=1419
update 280/390 | step=573440 | SPS=1424
update 290/390 | step=593920 | SPS=1428
[600016] Regime switch detected! 1 -> 0. Snapshotting anchor model.
update 300/390 | step=614400 | SPS=1432
update 310/390 | step=634880 | SPS=1433
update 320/390 | step=655360 | SPS=1432
update 330/390 | step=675840 | SPS=1430
update 340/390 | step=696320 | SPS=1431
[700016] Regime switch detected! 0 -> 1. Snapshotting anchor model.
update 350/390 | step=716800 | SPS=1433
update 360/390 | step=737280 | SPS=1436
update 370/390 | step=757760 | SPS=1437
update 380/390 | step=778240 | SPS=1434
[save] runs/calib8x8_brain_neuromod_seed3_20260701-064813/episode_14/ep14_env0_20260701-085402/inner_checkpoints/ep14_env0_update390.pt
update 390/390 | step=798720 | SPS=1435
Episode 14/30 | reward=4.5554 | avg10=3.8565 | avg_success_rate=0.9400 | steps=38 | time=580.6s
update 10/390 | step=20480 | SPS=1567
update 20/390 | step=40960 | SPS=1611
update 30/390 | step=61440 | SPS=1581
update 40/390 | step=81920 | SPS=1543
[100016] Regime switch detected! 0 -> 1. Snapshotting anchor model.
update 50/390 | step=102400 | SPS=1525
update 60/390 | step=122880 | SPS=1531
update 70/390 | step=143360 | SPS=1538
update 80/390 | step=163840 | SPS=1539
update 90/390 | step=184320 | SPS=1533
[200016] Regime switch detected! 1 -> 0. Snapshotting anchor model.
update 100/390 | step=204800 | SPS=1515
update 110/390 | step=225280 | SPS=1500
update 120/390 | step=245760 | SPS=1489
update 130/390 | step=266240 | SPS=1481
update 140/390 | step=286720 | SPS=1472
[300016] Regime switch detected! 0 -> 1. Snapshotting anchor model.
update 150/390 | step=307200 | SPS=1466
update 160/390 | step=327680 | SPS=1462
update 170/390 | step=348160 | SPS=1458
update 180/390 | step=368640 | SPS=1452
update 190/390 | step=389120 | SPS=1447
[400016] Regime switch detected! 1 -> 0. Snapshotting anchor model.
update 200/390 | step=409600 | SPS=1441
update 210/390 | step=430080 | SPS=1436
update 220/390 | step=450560 | SPS=1434
update 230/390 | step=471040 | SPS=1433
update 240/390 | step=491520 | SPS=1431
[500016] Regime switch detected! 0 -> 1. Snapshotting anchor model.
update 250/390 | step=512000 | SPS=1430
update 260/390 | step=532480 | SPS=1432
update 270/390 | step=552960 | SPS=1433
update 280/390 | step=573440 | SPS=1433
update 290/390 | step=593920 | SPS=1435
[600016] Regime switch detected! 1 -> 0. Snapshotting anchor model.
update 300/390 | step=614400 | SPS=1434
update 310/390 | step=634880 | SPS=1431
update 320/390 | step=655360 | SPS=1429
update 330/390 | step=675840 | SPS=1428
update 340/390 | step=696320 | SPS=1428
[700016] Regime switch detected! 0 -> 1. Snapshotting anchor model.
update 350/390 | step=716800 | SPS=1428
update 360/390 | step=737280 | SPS=1426
update 370/390 | step=757760 | SPS=1425
update 380/390 | step=778240 | SPS=1423
[save] runs/calib8x8_brain_neuromod_seed3_20260701-064813/episode_15/ep15_env0_20260701-090343/inner_checkpoints/ep15_env0_update390.pt
update 390/390 | step=798720 | SPS=1421
Episode 15/30 | reward=3.9894 | avg10=3.8443 | avg_success_rate=0.9500 | steps=38 | time=584.8s
update 10/390 | step=20480 | SPS=1530
update 20/390 | step=40960 | SPS=1510
update 30/390 | step=61440 | SPS=1479
update 40/390 | step=81920 | SPS=1454
[100016] Regime switch detected! 0 -> 1. Snapshotting anchor model.
update 50/390 | step=102400 | SPS=1433
update 60/390 | step=122880 | SPS=1438
update 70/390 | step=143360 | SPS=1453
update 80/390 | step=163840 | SPS=1461
update 90/390 | step=184320 | SPS=1456
[200016] Regime switch detected! 1 -> 0. Snapshotting anchor model.
update 100/390 | step=204800 | SPS=1446
update 110/390 | step=225280 | SPS=1436
update 120/390 | step=245760 | SPS=1432
update 130/390 | step=266240 | SPS=1423
update 140/390 | step=286720 | SPS=1420
[300016] Regime switch detected! 0 -> 1. Snapshotting anchor model.
update 150/390 | step=307200 | SPS=1417
update 160/390 | step=327680 | SPS=1416
update 170/390 | step=348160 | SPS=1415
update 180/390 | step=368640 | SPS=1412
update 190/390 | step=389120 | SPS=1409
[400016] Regime switch detected! 1 -> 0. Snapshotting anchor model.
update 200/390 | step=409600 | SPS=1405
update 210/390 | step=430080 | SPS=1402
update 220/390 | step=450560 | SPS=1401
update 230/390 | step=471040 | SPS=1400
update 240/390 | step=491520 | SPS=1399
[500016] Regime switch detected! 0 -> 1. Snapshotting anchor model.
update 250/390 | step=512000 | SPS=1398
update 260/390 | step=532480 | SPS=1397
update 270/390 | step=552960 | SPS=1396
update 280/390 | step=573440 | SPS=1396
update 290/390 | step=593920 | SPS=1398
[600016] Regime switch detected! 1 -> 0. Snapshotting anchor model.
update 300/390 | step=614400 | SPS=1395
update 310/390 | step=634880 | SPS=1396
update 320/390 | step=655360 | SPS=1399
update 330/390 | step=675840 | SPS=1399
update 340/390 | step=696320 | SPS=1398
[700016] Regime switch detected! 0 -> 1. Snapshotting anchor model.
update 350/390 | step=716800 | SPS=1398
update 360/390 | step=737280 | SPS=1400
update 370/390 | step=757760 | SPS=1401
update 380/390 | step=778240 | SPS=1400
[save] runs/calib8x8_brain_neuromod_seed3_20260701-064813/episode_16/ep16_env0_20260701-091328/inner_checkpoints/ep16_env0_update390.pt
update 390/390 | step=798720 | SPS=1400
Episode 16/30 | reward=4.1790 | avg10=3.8546 | avg_success_rate=0.7500 | steps=38 | time=593.6s
update 10/390 | step=20480 | SPS=1655
update 20/390 | step=40960 | SPS=1517
update 30/390 | step=61440 | SPS=1461
update 40/390 | step=81920 | SPS=1451
[100016] Regime switch detected! 0 -> 1. Snapshotting anchor model.
update 50/390 | step=102400 | SPS=1439
update 60/390 | step=122880 | SPS=1431
update 70/390 | step=143360 | SPS=1427
update 80/390 | step=163840 | SPS=1419
update 90/390 | step=184320 | SPS=1434
[200016] Regime switch detected! 1 -> 0. Snapshotting anchor model.
update 100/390 | step=204800 | SPS=1433
update 110/390 | step=225280 | SPS=1428
update 120/390 | step=245760 | SPS=1429
update 130/390 | step=266240 | SPS=1435
update 140/390 | step=286720 | SPS=1446
[300016] Regime switch detected! 0 -> 1. Snapshotting anchor model.
update 150/390 | step=307200 | SPS=1449
update 160/390 | step=327680 | SPS=1443
update 170/390 | step=348160 | SPS=1438
update 180/390 | step=368640 | SPS=1432
update 190/390 | step=389120 | SPS=1429
[400016] Regime switch detected! 1 -> 0. Snapshotting anchor model.
update 200/390 | step=409600 | SPS=1436
update 210/390 | step=430080 | SPS=1442
update 220/390 | step=450560 | SPS=1446
update 230/390 | step=471040 | SPS=1446
update 240/390 | step=491520 | SPS=1441
[500016] Regime switch detected! 0 -> 1. Snapshotting anchor model.
update 250/390 | step=512000 | SPS=1436
update 260/390 | step=532480 | SPS=1441
update 270/390 | step=552960 | SPS=1438
update 280/390 | step=573440 | SPS=1435
update 290/390 | step=593920 | SPS=1433
[600016] Regime switch detected! 1 -> 0. Snapshotting anchor model.
update 300/390 | step=614400 | SPS=1434
update 310/390 | step=634880 | SPS=1433
update 320/390 | step=655360 | SPS=1433
update 330/390 | step=675840 | SPS=1437
update 340/390 | step=696320 | SPS=1440
[700016] Regime switch detected! 0 -> 1. Snapshotting anchor model.
update 350/390 | step=716800 | SPS=1439
update 360/390 | step=737280 | SPS=1436
update 370/390 | step=757760 | SPS=1434
update 380/390 | step=778240 | SPS=1432
[save] runs/calib8x8_brain_neuromod_seed3_20260701-064813/episode_17/ep17_env0_20260701-092321/inner_checkpoints/ep17_env0_update390.pt
update 390/390 | step=798720 | SPS=1433
Episode 17/30 | reward=4.2265 | avg10=3.9275 | avg_success_rate=0.8800 | steps=38 | time=582.1s
update 10/390 | step=20480 | SPS=1500
update 20/390 | step=40960 | SPS=1467
update 30/390 | step=61440 | SPS=1424
update 40/390 | step=81920 | SPS=1412
[100016] Regime switch detected! 0 -> 1. Snapshotting anchor model.
update 50/390 | step=102400 | SPS=1397
update 60/390 | step=122880 | SPS=1390
update 70/390 | step=143360 | SPS=1391
update 80/390 | step=163840 | SPS=1385
update 90/390 | step=184320 | SPS=1387
[200016] Regime switch detected! 1 -> 0. Snapshotting anchor model.
update 100/390 | step=204800 | SPS=1391
update 110/390 | step=225280 | SPS=1393
update 120/390 | step=245760 | SPS=1390
update 130/390 | step=266240 | SPS=1388
update 140/390 | step=286720 | SPS=1388
[300016] Regime switch detected! 0 -> 1. Snapshotting anchor model.
update 150/390 | step=307200 | SPS=1385
update 160/390 | step=327680 | SPS=1383
update 170/390 | step=348160 | SPS=1382
update 180/390 | step=368640 | SPS=1386
update 190/390 | step=389120 | SPS=1395
[400016] Regime switch detected! 1 -> 0. Snapshotting anchor model.
update 200/390 | step=409600 | SPS=1404
update 210/390 | step=430080 | SPS=1409
update 220/390 | step=450560 | SPS=1415
update 230/390 | step=471040 | SPS=1421
update 240/390 | step=491520 | SPS=1428
[500016] Regime switch detected! 0 -> 1. Snapshotting anchor model.
update 250/390 | step=512000 | SPS=1433
update 260/390 | step=532480 | SPS=1431
update 270/390 | step=552960 | SPS=1430
update 280/390 | step=573440 | SPS=1427
update 290/390 | step=593920 | SPS=1424
[600016] Regime switch detected! 1 -> 0. Snapshotting anchor model.
update 300/390 | step=614400 | SPS=1421
update 310/390 | step=634880 | SPS=1421
update 320/390 | step=655360 | SPS=1419
update 330/390 | step=675840 | SPS=1422
update 340/390 | step=696320 | SPS=1424
[700016] Regime switch detected! 0 -> 1. Snapshotting anchor model.
update 350/390 | step=716800 | SPS=1423
update 360/390 | step=737280 | SPS=1422
update 370/390 | step=757760 | SPS=1425
update 380/390 | step=778240 | SPS=1429
[save] runs/calib8x8_brain_neuromod_seed3_20260701-064813/episode_18/ep18_env0_20260701-093303/inner_checkpoints/ep18_env0_update390.pt
update 390/390 | step=798720 | SPS=1431
Episode 18/30 | reward=2.3641 | avg10=3.8861 | avg_success_rate=0.8600 | steps=38 | time=581.2s
update 10/390 | step=20480 | SPS=1465
update 20/390 | step=40960 | SPS=1501
update 30/390 | step=61440 | SPS=1512
update 40/390 | step=81920 | SPS=1519
[100016] Regime switch detected! 0 -> 1. Snapshotting anchor model.
update 50/390 | step=102400 | SPS=1482
update 60/390 | step=122880 | SPS=1460
update 70/390 | step=143360 | SPS=1460
update 80/390 | step=163840 | SPS=1452
update 90/390 | step=184320 | SPS=1444
[200016] Regime switch detected! 1 -> 0. Snapshotting anchor model.
update 100/390 | step=204800 | SPS=1435
update 110/390 | step=225280 | SPS=1428
update 120/390 | step=245760 | SPS=1428
update 130/390 | step=266240 | SPS=1421
update 140/390 | step=286720 | SPS=1417
[300016] Regime switch detected! 0 -> 1. Snapshotting anchor model.
update 150/390 | step=307200 | SPS=1412
update 160/390 | step=327680 | SPS=1417
update 170/390 | step=348160 | SPS=1426
update 180/390 | step=368640 | SPS=1433
update 190/390 | step=389120 | SPS=1437
[400016] Regime switch detected! 1 -> 0. Snapshotting anchor model.
update 200/390 | step=409600 | SPS=1435
update 210/390 | step=430080 | SPS=1434
update 220/390 | step=450560 | SPS=1432
update 230/390 | step=471040 | SPS=1429
update 240/390 | step=491520 | SPS=1427
[500016] Regime switch detected! 0 -> 1. Snapshotting anchor model.
update 250/390 | step=512000 | SPS=1424
update 260/390 | step=532480 | SPS=1422
update 270/390 | step=552960 | SPS=1420
update 280/390 | step=573440 | SPS=1418
update 290/390 | step=593920 | SPS=1417
[600016] Regime switch detected! 1 -> 0. Snapshotting anchor model.
update 300/390 | step=614400 | SPS=1415
update 310/390 | step=634880 | SPS=1415
update 320/390 | step=655360 | SPS=1420
update 330/390 | step=675840 | SPS=1423
update 340/390 | step=696320 | SPS=1427
[700016] Regime switch detected! 0 -> 1. Snapshotting anchor model.
update 350/390 | step=716800 | SPS=1431
update 360/390 | step=737280 | SPS=1431
update 370/390 | step=757760 | SPS=1430
update 380/390 | step=778240 | SPS=1429
[save] runs/calib8x8_brain_neuromod_seed3_20260701-064813/episode_19/ep19_env0_20260701-094245/inner_checkpoints/ep19_env0_update390.pt
update 390/390 | step=798720 | SPS=1427
Episode 19/30 | reward=4.3455 | avg10=4.0941 | avg_success_rate=0.7500 | steps=38 | time=582.8s
update 10/390 | step=20480 | SPS=1445
update 20/390 | step=40960 | SPS=1489
update 30/390 | step=61440 | SPS=1491
update 40/390 | step=81920 | SPS=1464
[100016] Regime switch detected! 0 -> 1. Snapshotting anchor model.
update 50/390 | step=102400 | SPS=1437
update 60/390 | step=122880 | SPS=1434
update 70/390 | step=143360 | SPS=1453
update 80/390 | step=163840 | SPS=1452
update 90/390 | step=184320 | SPS=1462
[200016] Regime switch detected! 1 -> 0. Snapshotting anchor model.
update 100/390 | step=204800 | SPS=1469
update 110/390 | step=225280 | SPS=1475
update 120/390 | step=245760 | SPS=1467
update 130/390 | step=266240 | SPS=1465
update 140/390 | step=286720 | SPS=1456
[300016] Regime switch detected! 0 -> 1. Snapshotting anchor model.
update 150/390 | step=307200 | SPS=1456
update 160/390 | step=327680 | SPS=1456
update 170/390 | step=348160 | SPS=1462
update 180/390 | step=368640 | SPS=1463
update 190/390 | step=389120 | SPS=1462
[400016] Regime switch detected! 1 -> 0. Snapshotting anchor model.
update 200/390 | step=409600 | SPS=1456
update 210/390 | step=430080 | SPS=1456
update 220/390 | step=450560 | SPS=1461
update 230/390 | step=471040 | SPS=1467
update 240/390 | step=491520 | SPS=1466
[500016] Regime switch detected! 0 -> 1. Snapshotting anchor model.
update 250/390 | step=512000 | SPS=1462
update 260/390 | step=532480 | SPS=1457
update 270/390 | step=552960 | SPS=1457
update 280/390 | step=573440 | SPS=1459
update 290/390 | step=593920 | SPS=1455
[600016] Regime switch detected! 1 -> 0. Snapshotting anchor model.
update 300/390 | step=614400 | SPS=1453
update 310/390 | step=634880 | SPS=1449
update 320/390 | step=655360 | SPS=1446
update 330/390 | step=675840 | SPS=1443
update 340/390 | step=696320 | SPS=1441
[700016] Regime switch detected! 0 -> 1. Snapshotting anchor model.
update 350/390 | step=716800 | SPS=1438
update 360/390 | step=737280 | SPS=1436
update 370/390 | step=757760 | SPS=1433
update 380/390 | step=778240 | SPS=1431
[save] runs/calib8x8_brain_neuromod_seed3_20260701-064813/episode_20/ep20_env0_20260701-095227/inner_checkpoints/ep20_env0_update390.pt
update 390/390 | step=798720 | SPS=1429
Episode 20/30 | reward=3.6161 | avg10=4.2102 | avg_success_rate=0.9500 | steps=38 | time=582.3s
update 10/390 | step=20480 | SPS=1411
update 20/390 | step=40960 | SPS=1390
update 30/390 | step=61440 | SPS=1416
update 40/390 | step=81920 | SPS=1442
[100016] Regime switch detected! 0 -> 1. Snapshotting anchor model.
update 50/390 | step=102400 | SPS=1428
update 60/390 | step=122880 | SPS=1418
update 70/390 | step=143360 | SPS=1413
update 80/390 | step=163840 | SPS=1428
update 90/390 | step=184320 | SPS=1429
[200016] Regime switch detected! 1 -> 0. Snapshotting anchor model.
update 100/390 | step=204800 | SPS=1425
update 110/390 | step=225280 | SPS=1422
update 120/390 | step=245760 | SPS=1415
update 130/390 | step=266240 | SPS=1410
update 140/390 | step=286720 | SPS=1409
[300016] Regime switch detected! 0 -> 1. Snapshotting anchor model.
update 150/390 | step=307200 | SPS=1403
update 160/390 | step=327680 | SPS=1401
update 170/390 | step=348160 | SPS=1402
update 180/390 | step=368640 | SPS=1403
update 190/390 | step=389120 | SPS=1406
[400016] Regime switch detected! 1 -> 0. Snapshotting anchor model.
update 200/390 | step=409600 | SPS=1413
update 210/390 | step=430080 | SPS=1421
update 220/390 | step=450560 | SPS=1419
update 230/390 | step=471040 | SPS=1417
update 240/390 | step=491520 | SPS=1418
[500016] Regime switch detected! 0 -> 1. Snapshotting anchor model.
update 250/390 | step=512000 | SPS=1420
update 260/390 | step=532480 | SPS=1418
update 270/390 | step=552960 | SPS=1419
update 280/390 | step=573440 | SPS=1418
update 290/390 | step=593920 | SPS=1416
[600016] Regime switch detected! 1 -> 0. Snapshotting anchor model.
update 300/390 | step=614400 | SPS=1415
update 310/390 | step=634880 | SPS=1413
update 320/390 | step=655360 | SPS=1413
update 330/390 | step=675840 | SPS=1417
update 340/390 | step=696320 | SPS=1420
[700016] Regime switch detected! 0 -> 1. Snapshotting anchor model.
update 350/390 | step=716800 | SPS=1422
update 360/390 | step=737280 | SPS=1421
update 370/390 | step=757760 | SPS=1425
update 380/390 | step=778240 | SPS=1428
[save] runs/calib8x8_brain_neuromod_seed3_20260701-064813/episode_21/ep21_env0_20260701-100210/inner_checkpoints/ep21_env0_update390.pt
update 390/390 | step=798720 | SPS=1430
Episode 21/30 | reward=4.6552 | avg10=4.2501 | avg_success_rate=0.9800 | steps=38 | time=582.3s
update 10/390 | step=20480 | SPS=1500
update 20/390 | step=40960 | SPS=1542
update 30/390 | step=61440 | SPS=1556
update 40/390 | step=81920 | SPS=1583
[100016] Regime switch detected! 0 -> 1. Snapshotting anchor model.
update 50/390 | step=102400 | SPS=1580
update 60/390 | step=122880 | SPS=1553
update 70/390 | step=143360 | SPS=1541
update 80/390 | step=163840 | SPS=1527
update 90/390 | step=184320 | SPS=1533
[200016] Regime switch detected! 1 -> 0. Snapshotting anchor model.
update 100/390 | step=204800 | SPS=1539
update 110/390 | step=225280 | SPS=1542
update 120/390 | step=245760 | SPS=1540
update 130/390 | step=266240 | SPS=1539
update 140/390 | step=286720 | SPS=1529
[300016] Regime switch detected! 0 -> 1. Snapshotting anchor model.
update 150/390 | step=307200 | SPS=1516
update 160/390 | step=327680 | SPS=1508
update 170/390 | step=348160 | SPS=1499
update 180/390 | step=368640 | SPS=1490
update 190/390 | step=389120 | SPS=1484
[400016] Regime switch detected! 1 -> 0. Snapshotting anchor model.
update 200/390 | step=409600 | SPS=1478
update 210/390 | step=430080 | SPS=1473
update 220/390 | step=450560 | SPS=1468
update 230/390 | step=471040 | SPS=1463
update 240/390 | step=491520 | SPS=1457
[500016] Regime switch detected! 0 -> 1. Snapshotting anchor model.
update 250/390 | step=512000 | SPS=1453
update 260/390 | step=532480 | SPS=1451
update 270/390 | step=552960 | SPS=1448
update 280/390 | step=573440 | SPS=1449
update 290/390 | step=593920 | SPS=1450
[600016] Regime switch detected! 1 -> 0. Snapshotting anchor model.
update 300/390 | step=614400 | SPS=1447
update 310/390 | step=634880 | SPS=1444
update 320/390 | step=655360 | SPS=1442
update 330/390 | step=675840 | SPS=1444
update 340/390 | step=696320 | SPS=1442
[700016] Regime switch detected! 0 -> 1. Snapshotting anchor model.
update 350/390 | step=716800 | SPS=1440
update 360/390 | step=737280 | SPS=1438
update 370/390 | step=757760 | SPS=1436
update 380/390 | step=778240 | SPS=1434
[save] runs/calib8x8_brain_neuromod_seed3_20260701-064813/episode_22/ep22_env0_20260701-101152/inner_checkpoints/ep22_env0_update390.pt
update 390/390 | step=798720 | SPS=1433
Episode 22/30 | reward=5.3156 | avg10=4.2641 | avg_success_rate=0.9700 | steps=38 | time=582.5s
update 10/390 | step=20480 | SPS=1440
update 20/390 | step=40960 | SPS=1428
update 30/390 | step=61440 | SPS=1415
update 40/390 | step=81920 | SPS=1434
[100016] Regime switch detected! 0 -> 1. Snapshotting anchor model.
update 50/390 | step=102400 | SPS=1428
update 60/390 | step=122880 | SPS=1416
update 70/390 | step=143360 | SPS=1409
update 80/390 | step=163840 | SPS=1402
update 90/390 | step=184320 | SPS=1401
[200016] Regime switch detected! 1 -> 0. Snapshotting anchor model.
update 100/390 | step=204800 | SPS=1401
update 110/390 | step=225280 | SPS=1401
update 120/390 | step=245760 | SPS=1409
update 130/390 | step=266240 | SPS=1418
update 140/390 | step=286720 | SPS=1416
[300016] Regime switch detected! 0 -> 1. Snapshotting anchor model.
update 150/390 | step=307200 | SPS=1410
update 160/390 | step=327680 | SPS=1408
update 170/390 | step=348160 | SPS=1405
update 180/390 | step=368640 | SPS=1401
update 190/390 | step=389120 | SPS=1402
[400016] Regime switch detected! 1 -> 0. Snapshotting anchor model.
update 200/390 | step=409600 | SPS=1407
update 210/390 | step=430080 | SPS=1414
update 220/390 | step=450560 | SPS=1412
update 230/390 | step=471040 | SPS=1416
update 240/390 | step=491520 | SPS=1419
[500016] Regime switch detected! 0 -> 1. Snapshotting anchor model.
update 250/390 | step=512000 | SPS=1417
update 260/390 | step=532480 | SPS=1415
update 270/390 | step=552960 | SPS=1413
update 280/390 | step=573440 | SPS=1411
update 290/390 | step=593920 | SPS=1410
[600016] Regime switch detected! 1 -> 0. Snapshotting anchor model.
update 300/390 | step=614400 | SPS=1408
update 310/390 | step=634880 | SPS=1408
update 320/390 | step=655360 | SPS=1409
update 330/390 | step=675840 | SPS=1408
update 340/390 | step=696320 | SPS=1407
[700016] Regime switch detected! 0 -> 1. Snapshotting anchor model.
update 350/390 | step=716800 | SPS=1405
update 360/390 | step=737280 | SPS=1403
update 370/390 | step=757760 | SPS=1402
update 380/390 | step=778240 | SPS=1401
[save] runs/calib8x8_brain_neuromod_seed3_20260701-064813/episode_23/ep23_env0_20260701-102135/inner_checkpoints/ep23_env0_update390.pt
update 390/390 | step=798720 | SPS=1400
Episode 23/30 | reward=4.5737 | avg10=4.1820 | avg_success_rate=0.8700 | steps=38 | time=595.5s
update 10/390 | step=20480 | SPS=1436
update 20/390 | step=40960 | SPS=1469
update 30/390 | step=61440 | SPS=1454
update 40/390 | step=81920 | SPS=1441
[100016] Regime switch detected! 0 -> 1. Snapshotting anchor model.
update 50/390 | step=102400 | SPS=1425
update 60/390 | step=122880 | SPS=1413
update 70/390 | step=143360 | SPS=1410
update 80/390 | step=163840 | SPS=1402
update 90/390 | step=184320 | SPS=1402
[200016] Regime switch detected! 1 -> 0. Snapshotting anchor model.
update 100/390 | step=204800 | SPS=1399
update 110/390 | step=225280 | SPS=1395
update 120/390 | step=245760 | SPS=1392
update 130/390 | step=266240 | SPS=1401
update 140/390 | step=286720 | SPS=1402
[300016] Regime switch detected! 0 -> 1. Snapshotting anchor model.
update 150/390 | step=307200 | SPS=1406
update 160/390 | step=327680 | SPS=1405
update 170/390 | step=348160 | SPS=1408
update 180/390 | step=368640 | SPS=1414
update 190/390 | step=389120 | SPS=1421
[400016] Regime switch detected! 1 -> 0. Snapshotting anchor model.
update 200/390 | step=409600 | SPS=1426
update 210/390 | step=430080 | SPS=1431
update 220/390 | step=450560 | SPS=1434
update 230/390 | step=471040 | SPS=1432
update 240/390 | step=491520 | SPS=1430
[500016] Regime switch detected! 0 -> 1. Snapshotting anchor model.
update 250/390 | step=512000 | SPS=1429
update 260/390 | step=532480 | SPS=1428
update 270/390 | step=552960 | SPS=1425
update 280/390 | step=573440 | SPS=1424
update 290/390 | step=593920 | SPS=1422
[600016] Regime switch detected! 1 -> 0. Snapshotting anchor model.
update 300/390 | step=614400 | SPS=1422
update 310/390 | step=634880 | SPS=1420
update 320/390 | step=655360 | SPS=1425
update 330/390 | step=675840 | SPS=1425
update 340/390 | step=696320 | SPS=1424
[700016] Regime switch detected! 0 -> 1. Snapshotting anchor model.
update 350/390 | step=716800 | SPS=1422
update 360/390 | step=737280 | SPS=1421
update 370/390 | step=757760 | SPS=1420
update 380/390 | step=778240 | SPS=1419
[save] runs/calib8x8_brain_neuromod_seed3_20260701-064813/episode_24/ep24_env0_20260701-103130/inner_checkpoints/ep24_env0_update390.pt
update 390/390 | step=798720 | SPS=1421
Episode 24/30 | reward=3.0661 | avg10=4.0331 | avg_success_rate=0.9800 | steps=38 | time=585.5s
update 10/390 | step=20480 | SPS=1471
update 20/390 | step=40960 | SPS=1490
update 30/390 | step=61440 | SPS=1455
update 40/390 | step=81920 | SPS=1436
[100016] Regime switch detected! 0 -> 1. Snapshotting anchor model.
update 50/390 | step=102400 | SPS=1422
update 60/390 | step=122880 | SPS=1440
update 70/390 | step=143360 | SPS=1436
update 80/390 | step=163840 | SPS=1431
update 90/390 | step=184320 | SPS=1429
[200016] Regime switch detected! 1 -> 0. Snapshotting anchor model.
update 100/390 | step=204800 | SPS=1424
update 110/390 | step=225280 | SPS=1437
update 120/390 | step=245760 | SPS=1446
update 130/390 | step=266240 | SPS=1451
update 140/390 | step=286720 | SPS=1450
[300016] Regime switch detected! 0 -> 1. Snapshotting anchor model.
update 150/390 | step=307200 | SPS=1448
update 160/390 | step=327680 | SPS=1443
update 170/390 | step=348160 | SPS=1438
update 180/390 | step=368640 | SPS=1434
update 190/390 | step=389120 | SPS=1432
[400016] Regime switch detected! 1 -> 0. Snapshotting anchor model.
update 200/390 | step=409600 | SPS=1429
update 210/390 | step=430080 | SPS=1427
update 220/390 | step=450560 | SPS=1428
update 230/390 | step=471040 | SPS=1425
update 240/390 | step=491520 | SPS=1421
[500016] Regime switch detected! 0 -> 1. Snapshotting anchor model.
update 250/390 | step=512000 | SPS=1419
update 260/390 | step=532480 | SPS=1418
update 270/390 | step=552960 | SPS=1416
update 280/390 | step=573440 | SPS=1414
update 290/390 | step=593920 | SPS=1414
[600016] Regime switch detected! 1 -> 0. Snapshotting anchor model.
update 300/390 | step=614400 | SPS=1413
update 310/390 | step=634880 | SPS=1415
update 320/390 | step=655360 | SPS=1415
update 330/390 | step=675840 | SPS=1414
update 340/390 | step=696320 | SPS=1416
[700016] Regime switch detected! 0 -> 1. Snapshotting anchor model.
update 350/390 | step=716800 | SPS=1421
update 360/390 | step=737280 | SPS=1420
update 370/390 | step=757760 | SPS=1419
update 380/390 | step=778240 | SPS=1419
[save] runs/calib8x8_brain_neuromod_seed3_20260701-064813/episode_25/ep25_env0_20260701-104115/inner_checkpoints/ep25_env0_update390.pt
update 390/390 | step=798720 | SPS=1418
Episode 25/30 | reward=1.7794 | avg10=3.8121 | avg_success_rate=0.9100 | steps=38 | time=587.4s
update 10/390 | step=20480 | SPS=1532
update 20/390 | step=40960 | SPS=1514
update 30/390 | step=61440 | SPS=1476
update 40/390 | step=81920 | SPS=1454
[100016] Regime switch detected! 0 -> 1. Snapshotting anchor model.
update 50/390 | step=102400 | SPS=1434
update 60/390 | step=122880 | SPS=1421
update 70/390 | step=143360 | SPS=1413
update 80/390 | step=163840 | SPS=1406
update 90/390 | step=184320 | SPS=1405
[200016] Regime switch detected! 1 -> 0. Snapshotting anchor model.
update 100/390 | step=204800 | SPS=1405
update 110/390 | step=225280 | SPS=1403
update 120/390 | step=245760 | SPS=1399
update 130/390 | step=266240 | SPS=1403
update 140/390 | step=286720 | SPS=1402
[300016] Regime switch detected! 0 -> 1. Snapshotting anchor model.
update 150/390 | step=307200 | SPS=1399
update 160/390 | step=327680 | SPS=1398
update 170/390 | step=348160 | SPS=1396
update 180/390 | step=368640 | SPS=1398
update 190/390 | step=389120 | SPS=1399
[400016] Regime switch detected! 1 -> 0. Snapshotting anchor model.
update 200/390 | step=409600 | SPS=1400
update 210/390 | step=430080 | SPS=1404
update 220/390 | step=450560 | SPS=1407
update 230/390 | step=471040 | SPS=1409
update 240/390 | step=491520 | SPS=1413
[500016] Regime switch detected! 0 -> 1. Snapshotting anchor model.
update 250/390 | step=512000 | SPS=1418
update 260/390 | step=532480 | SPS=1421
update 270/390 | step=552960 | SPS=1418
update 280/390 | step=573440 | SPS=1422
update 290/390 | step=593920 | SPS=1426
[600016] Regime switch detected! 1 -> 0. Snapshotting anchor model.
update 300/390 | step=614400 | SPS=1428
update 310/390 | step=634880 | SPS=1425
update 320/390 | step=655360 | SPS=1424
update 330/390 | step=675840 | SPS=1422
update 340/390 | step=696320 | SPS=1421
[700016] Regime switch detected! 0 -> 1. Snapshotting anchor model.
update 350/390 | step=716800 | SPS=1418
update 360/390 | step=737280 | SPS=1416
update 370/390 | step=757760 | SPS=1415
update 380/390 | step=778240 | SPS=1413
[save] runs/calib8x8_brain_neuromod_seed3_20260701-064813/episode_26/ep26_env0_20260701-105103/inner_checkpoints/ep26_env0_update390.pt
update 390/390 | step=798720 | SPS=1412
Episode 26/30 | reward=4.2198 | avg10=3.8162 | avg_success_rate=0.8000 | steps=38 | time=590.3s
update 10/390 | step=20480 | SPS=1572
update 20/390 | step=40960 | SPS=1484
update 30/390 | step=61440 | SPS=1448
update 40/390 | step=81920 | SPS=1431
[100016] Regime switch detected! 0 -> 1. Snapshotting anchor model.
update 50/390 | step=102400 | SPS=1419
update 60/390 | step=122880 | SPS=1438
update 70/390 | step=143360 | SPS=1446
update 80/390 | step=163840 | SPS=1434
update 90/390 | step=184320 | SPS=1440
[200016] Regime switch detected! 1 -> 0. Snapshotting anchor model.
update 100/390 | step=204800 | SPS=1438
update 110/390 | step=225280 | SPS=1434
update 120/390 | step=245760 | SPS=1429
update 130/390 | step=266240 | SPS=1423
update 140/390 | step=286720 | SPS=1420
[300016] Regime switch detected! 0 -> 1. Snapshotting anchor model.
update 150/390 | step=307200 | SPS=1421
update 160/390 | step=327680 | SPS=1430
update 170/390 | step=348160 | SPS=1438
update 180/390 | step=368640 | SPS=1434
update 190/390 | step=389120 | SPS=1431
[400016] Regime switch detected! 1 -> 0. Snapshotting anchor model.
update 200/390 | step=409600 | SPS=1436
update 210/390 | step=430080 | SPS=1441
update 220/390 | step=450560 | SPS=1445
update 230/390 | step=471040 | SPS=1446
update 240/390 | step=491520 | SPS=1444
[500016] Regime switch detected! 0 -> 1. Snapshotting anchor model.
update 250/390 | step=512000 | SPS=1447
update 260/390 | step=532480 | SPS=1452
update 270/390 | step=552960 | SPS=1449
update 280/390 | step=573440 | SPS=1447
update 290/390 | step=593920 | SPS=1444
[600016] Regime switch detected! 1 -> 0. Snapshotting anchor model.
update 300/390 | step=614400 | SPS=1441
update 310/390 | step=634880 | SPS=1438
update 320/390 | step=655360 | SPS=1437
update 330/390 | step=675840 | SPS=1437
update 340/390 | step=696320 | SPS=1440
[700016] Regime switch detected! 0 -> 1. Snapshotting anchor model.
update 350/390 | step=716800 | SPS=1436
update 360/390 | step=737280 | SPS=1435
update 370/390 | step=757760 | SPS=1434
update 380/390 | step=778240 | SPS=1434
[save] runs/calib8x8_brain_neuromod_seed3_20260701-064813/episode_27/ep27_env0_20260701-110053/inner_checkpoints/ep27_env0_update390.pt
update 390/390 | step=798720 | SPS=1433
Episode 27/30 | reward=4.0464 | avg10=3.7982 | avg_success_rate=0.8200 | steps=38 | time=581.6s
update 10/390 | step=20480 | SPS=1472
update 20/390 | step=40960 | SPS=1436
update 30/390 | step=61440 | SPS=1409
update 40/390 | step=81920 | SPS=1406
[100016] Regime switch detected! 0 -> 1. Snapshotting anchor model.
update 50/390 | step=102400 | SPS=1394
update 60/390 | step=122880 | SPS=1392
update 70/390 | step=143360 | SPS=1395
update 80/390 | step=163840 | SPS=1393
update 90/390 | step=184320 | SPS=1399
[200016] Regime switch detected! 1 -> 0. Snapshotting anchor model.
update 100/390 | step=204800 | SPS=1403
update 110/390 | step=225280 | SPS=1406
update 120/390 | step=245760 | SPS=1406
update 130/390 | step=266240 | SPS=1416
update 140/390 | step=286720 | SPS=1412
[300016] Regime switch detected! 0 -> 1. Snapshotting anchor model.
update 150/390 | step=307200 | SPS=1418
update 160/390 | step=327680 | SPS=1415
update 170/390 | step=348160 | SPS=1413
update 180/390 | step=368640 | SPS=1410
update 190/390 | step=389120 | SPS=1409
[400016] Regime switch detected! 1 -> 0. Snapshotting anchor model.
update 200/390 | step=409600 | SPS=1408
update 210/390 | step=430080 | SPS=1405
update 220/390 | step=450560 | SPS=1404
update 230/390 | step=471040 | SPS=1411
update 240/390 | step=491520 | SPS=1418
[500016] Regime switch detected! 0 -> 1. Snapshotting anchor model.
update 250/390 | step=512000 | SPS=1424
update 260/390 | step=532480 | SPS=1429
update 270/390 | step=552960 | SPS=1432
update 280/390 | step=573440 | SPS=1431
update 290/390 | step=593920 | SPS=1429
[600016] Regime switch detected! 1 -> 0. Snapshotting anchor model.
update 300/390 | step=614400 | SPS=1427
update 310/390 | step=634880 | SPS=1426
update 320/390 | step=655360 | SPS=1425
update 330/390 | step=675840 | SPS=1423
update 340/390 | step=696320 | SPS=1426
[700016] Regime switch detected! 0 -> 1. Snapshotting anchor model.
update 350/390 | step=716800 | SPS=1429
update 360/390 | step=737280 | SPS=1432
update 370/390 | step=757760 | SPS=1435
update 380/390 | step=778240 | SPS=1438
[save] runs/calib8x8_brain_neuromod_seed3_20260701-064813/episode_28/ep28_env0_20260701-111035/inner_checkpoints/ep28_env0_update390.pt
update 390/390 | step=798720 | SPS=1441
Episode 28/30 | reward=3.6684 | avg10=3.9286 | avg_success_rate=0.9700 | steps=38 | time=579.0s
update 10/390 | step=20480 | SPS=1560
update 20/390 | step=40960 | SPS=1465
update 30/390 | step=61440 | SPS=1447
update 40/390 | step=81920 | SPS=1439
[100016] Regime switch detected! 0 -> 1. Snapshotting anchor model.
update 50/390 | step=102400 | SPS=1423
update 60/390 | step=122880 | SPS=1407
update 70/390 | step=143360 | SPS=1404
update 80/390 | step=163840 | SPS=1401
update 90/390 | step=184320 | SPS=1408
[200016] Regime switch detected! 1 -> 0. Snapshotting anchor model.
update 100/390 | step=204800 | SPS=1403
update 110/390 | step=225280 | SPS=1400
update 120/390 | step=245760 | SPS=1396
update 130/390 | step=266240 | SPS=1395
update 140/390 | step=286720 | SPS=1392
[300016] Regime switch detected! 0 -> 1. Snapshotting anchor model.
update 150/390 | step=307200 | SPS=1392
update 160/390 | step=327680 | SPS=1392
update 170/390 | step=348160 | SPS=1392
update 180/390 | step=368640 | SPS=1389
update 190/390 | step=389120 | SPS=1389
[400016] Regime switch detected! 1 -> 0. Snapshotting anchor model.
update 200/390 | step=409600 | SPS=1387
update 210/390 | step=430080 | SPS=1386
update 220/390 | step=450560 | SPS=1386
update 230/390 | step=471040 | SPS=1391
update 240/390 | step=491520 | SPS=1392
[500016] Regime switch detected! 0 -> 1. Snapshotting anchor model.
update 250/390 | step=512000 | SPS=1391
update 260/390 | step=532480 | SPS=1392
update 270/390 | step=552960 | SPS=1394
update 280/390 | step=573440 | SPS=1396
update 290/390 | step=593920 | SPS=1395
[600016] Regime switch detected! 1 -> 0. Snapshotting anchor model.
update 300/390 | step=614400 | SPS=1394
update 310/390 | step=634880 | SPS=1392
update 320/390 | step=655360 | SPS=1391
update 330/390 | step=675840 | SPS=1390
update 340/390 | step=696320 | SPS=1390
[700016] Regime switch detected! 0 -> 1. Snapshotting anchor model.
update 350/390 | step=716800 | SPS=1389
update 360/390 | step=737280 | SPS=1388
update 370/390 | step=757760 | SPS=1387
update 380/390 | step=778240 | SPS=1387
[save] runs/calib8x8_brain_neuromod_seed3_20260701-064813/episode_29/ep29_env0_20260701-112014/inner_checkpoints/ep29_env0_update390.pt
update 390/390 | step=798720 | SPS=1388
Episode 29/30 | reward=7.7664 | avg10=4.2707 | avg_success_rate=0.9800 | steps=38 | time=598.4s
update 10/390 | step=20480 | SPS=1426
update 20/390 | step=40960 | SPS=1406
update 30/390 | step=61440 | SPS=1396
update 40/390 | step=81920 | SPS=1424
[100016] Regime switch detected! 0 -> 1. Snapshotting anchor model.
update 50/390 | step=102400 | SPS=1431
update 60/390 | step=122880 | SPS=1435
update 70/390 | step=143360 | SPS=1430
update 80/390 | step=163840 | SPS=1449
update 90/390 | step=184320 | SPS=1460
[200016] Regime switch detected! 1 -> 0. Snapshotting anchor model.
update 100/390 | step=204800 | SPS=1472
update 110/390 | step=225280 | SPS=1473
update 120/390 | step=245760 | SPS=1478
update 130/390 | step=266240 | SPS=1469
update 140/390 | step=286720 | SPS=1465
[300016] Regime switch detected! 0 -> 1. Snapshotting anchor model.
update 150/390 | step=307200 | SPS=1458
update 160/390 | step=327680 | SPS=1449
update 170/390 | step=348160 | SPS=1445
update 180/390 | step=368640 | SPS=1439
update 190/390 | step=389120 | SPS=1438
[400016] Regime switch detected! 1 -> 0. Snapshotting anchor model.
update 200/390 | step=409600 | SPS=1441
update 210/390 | step=430080 | SPS=1438
update 220/390 | step=450560 | SPS=1437
update 230/390 | step=471040 | SPS=1441
update 240/390 | step=491520 | SPS=1438
[500016] Regime switch detected! 0 -> 1. Snapshotting anchor model.
update 250/390 | step=512000 | SPS=1441
update 260/390 | step=532480 | SPS=1445
update 270/390 | step=552960 | SPS=1445
update 280/390 | step=573440 | SPS=1442
update 290/390 | step=593920 | SPS=1442
[600016] Regime switch detected! 1 -> 0. Snapshotting anchor model.
update 300/390 | step=614400 | SPS=1440
update 310/390 | step=634880 | SPS=1438
update 320/390 | step=655360 | SPS=1435
update 330/390 | step=675840 | SPS=1434
update 340/390 | step=696320 | SPS=1432
[700016] Regime switch detected! 0 -> 1. Snapshotting anchor model.
update 350/390 | step=716800 | SPS=1429
update 360/390 | step=737280 | SPS=1432
update 370/390 | step=757760 | SPS=1435
update 380/390 | step=778240 | SPS=1437
[save] runs/calib8x8_brain_neuromod_seed3_20260701-064813/episode_30/ep30_env0_20260701-113012/inner_checkpoints/ep30_env0_update390.pt
update 390/390 | step=798720 | SPS=1436
Episode 30/30 | reward=5.7592 | avg10=4.4850 | avg_success_rate=1.0000 | steps=38 | time=579.4s
  [brain ckpt] runs/calib8x8_brain_neuromod_seed3_20260701-064813/episode_30/brain_ep30.pt
Saved Brain model to: runs/calib8x8_brain_neuromod_seed3_20260701-064813/brain_model.pt

Brain training complete. Total RL episodes: 30
