Saved configuration to: runs/calib8x8_brain_neuromod_seed4_20260701-064813/config.txt
Training Brain on cuda for 30 RL episodes
  Inner: 800000 timesteps, regime switch every 100000 steps
  Parallel Envs: 1
  Brain vectorization: sync
  Decision interval: 10 inner updates

--- Starting Meta-RL PPO Training (Target: 30) ---
update 10/390 | step=20480 | SPS=1431
update 20/390 | step=40960 | SPS=1429
update 30/390 | step=61440 | SPS=1408
update 40/390 | step=81920 | SPS=1396
[100016] Regime switch detected! 0 -> 1. Snapshotting anchor model.
update 50/390 | step=102400 | SPS=1390
update 60/390 | step=122880 | SPS=1389
update 70/390 | step=143360 | SPS=1387
update 80/390 | step=163840 | SPS=1392
update 90/390 | step=184320 | SPS=1397
[200016] Regime switch detected! 1 -> 0. Snapshotting anchor model.
update 100/390 | step=204800 | SPS=1408
update 110/390 | step=225280 | SPS=1405
update 120/390 | step=245760 | SPS=1413
update 130/390 | step=266240 | SPS=1425
update 140/390 | step=286720 | SPS=1435
[300016] Regime switch detected! 0 -> 1. Snapshotting anchor model.
update 150/390 | step=307200 | SPS=1442
update 160/390 | step=327680 | SPS=1437
update 170/390 | step=348160 | SPS=1444
update 180/390 | step=368640 | SPS=1450
update 190/390 | step=389120 | SPS=1453
[400016] Regime switch detected! 1 -> 0. Snapshotting anchor model.
update 200/390 | step=409600 | SPS=1453
update 210/390 | step=430080 | SPS=1450
update 220/390 | step=450560 | SPS=1447
update 230/390 | step=471040 | SPS=1443
update 240/390 | step=491520 | SPS=1440
[500016] Regime switch detected! 0 -> 1. Snapshotting anchor model.
update 250/390 | step=512000 | SPS=1437
update 260/390 | step=532480 | SPS=1434
update 270/390 | step=552960 | SPS=1437
update 280/390 | step=573440 | SPS=1436
update 290/390 | step=593920 | SPS=1433
[600016] Regime switch detected! 1 -> 0. Snapshotting anchor model.
update 300/390 | step=614400 | SPS=1434
update 310/390 | step=634880 | SPS=1433
update 320/390 | step=655360 | SPS=1431
update 330/390 | step=675840 | SPS=1431
update 340/390 | step=696320 | SPS=1429
[700016] Regime switch detected! 0 -> 1. Snapshotting anchor model.
update 350/390 | step=716800 | SPS=1429
update 360/390 | step=737280 | SPS=1429
update 370/390 | step=757760 | SPS=1427
update 380/390 | step=778240 | SPS=1426
[save] runs/calib8x8_brain_neuromod_seed4_20260701-064813/episode_1/ep1_env0_20260701-064819/inner_checkpoints/ep1_env0_update390.pt
update 390/390 | step=798720 | SPS=1428
Episode 1/30 | reward=4.0926 | avg10=4.0926 | avg_success_rate=0.9600 | steps=38 | time=584.7s
update 10/390 | step=20480 | SPS=1572
update 20/390 | step=40960 | SPS=1476
update 30/390 | step=61440 | SPS=1434
update 40/390 | step=81920 | SPS=1417
[100016] Regime switch detected! 0 -> 1. Snapshotting anchor model.
update 50/390 | step=102400 | SPS=1408
update 60/390 | step=122880 | SPS=1411
update 70/390 | step=143360 | SPS=1411
update 80/390 | step=163840 | SPS=1425
update 90/390 | step=184320 | SPS=1437
[200016] Regime switch detected! 1 -> 0. Snapshotting anchor model.
update 100/390 | step=204800 | SPS=1441
update 110/390 | step=225280 | SPS=1437
update 120/390 | step=245760 | SPS=1439
update 130/390 | step=266240 | SPS=1436
update 140/390 | step=286720 | SPS=1433
[300016] Regime switch detected! 0 -> 1. Snapshotting anchor model.
update 150/390 | step=307200 | SPS=1433
update 160/390 | step=327680 | SPS=1435
update 170/390 | step=348160 | SPS=1432
update 180/390 | step=368640 | SPS=1434
update 190/390 | step=389120 | SPS=1441
[400016] Regime switch detected! 1 -> 0. Snapshotting anchor model.
update 200/390 | step=409600 | SPS=1446
update 210/390 | step=430080 | SPS=1447
update 220/390 | step=450560 | SPS=1451
update 230/390 | step=471040 | SPS=1452
update 240/390 | step=491520 | SPS=1457
[500016] Regime switch detected! 0 -> 1. Snapshotting anchor model.
update 250/390 | step=512000 | SPS=1461
update 260/390 | step=532480 | SPS=1462
update 270/390 | step=552960 | SPS=1466
update 280/390 | step=573440 | SPS=1464
update 290/390 | step=593920 | SPS=1460
[600016] Regime switch detected! 1 -> 0. Snapshotting anchor model.
update 300/390 | step=614400 | SPS=1458
update 310/390 | step=634880 | SPS=1456
update 320/390 | step=655360 | SPS=1456
update 330/390 | step=675840 | SPS=1456
update 340/390 | step=696320 | SPS=1453
[700016] Regime switch detected! 0 -> 1. Snapshotting anchor model.
update 350/390 | step=716800 | SPS=1450
update 360/390 | step=737280 | SPS=1447
update 370/390 | step=757760 | SPS=1445
update 380/390 | step=778240 | SPS=1443
[save] runs/calib8x8_brain_neuromod_seed4_20260701-064813/episode_2/ep2_env0_20260701-065802/inner_checkpoints/ep2_env0_update390.pt
update 390/390 | step=798720 | SPS=1440
Episode 2/30 | reward=3.0292 | avg10=3.5609 | avg_success_rate=0.9700 | steps=38 | time=578.8s
update 10/390 | step=20480 | SPS=1495
update 20/390 | step=40960 | SPS=1447
update 30/390 | step=61440 | SPS=1439
update 40/390 | step=81920 | SPS=1433
[100016] Regime switch detected! 0 -> 1. Snapshotting anchor model.
update 50/390 | step=102400 | SPS=1428
update 60/390 | step=122880 | SPS=1423
update 70/390 | step=143360 | SPS=1425
update 80/390 | step=163840 | SPS=1418
update 90/390 | step=184320 | SPS=1413
[200016] Regime switch detected! 1 -> 0. Snapshotting anchor model.
update 100/390 | step=204800 | SPS=1414
update 110/390 | step=225280 | SPS=1415
update 120/390 | step=245760 | SPS=1408
update 130/390 | step=266240 | SPS=1407
update 140/390 | step=286720 | SPS=1403
[300016] Regime switch detected! 0 -> 1. Snapshotting anchor model.
update 150/390 | step=307200 | SPS=1401
update 160/390 | step=327680 | SPS=1397
update 170/390 | step=348160 | SPS=1395
update 180/390 | step=368640 | SPS=1393
update 190/390 | step=389120 | SPS=1392
[400016] Regime switch detected! 1 -> 0. Snapshotting anchor model.
update 200/390 | step=409600 | SPS=1391
update 210/390 | step=430080 | SPS=1390
update 220/390 | step=450560 | SPS=1390
update 230/390 | step=471040 | SPS=1388
update 240/390 | step=491520 | SPS=1387
[500016] Regime switch detected! 0 -> 1. Snapshotting anchor model.
update 250/390 | step=512000 | SPS=1385
update 260/390 | step=532480 | SPS=1383
update 270/390 | step=552960 | SPS=1385
update 280/390 | step=573440 | SPS=1389
update 290/390 | step=593920 | SPS=1390
[600016] Regime switch detected! 1 -> 0. Snapshotting anchor model.
update 300/390 | step=614400 | SPS=1393
update 310/390 | step=634880 | SPS=1398
update 320/390 | step=655360 | SPS=1400
update 330/390 | step=675840 | SPS=1401
update 340/390 | step=696320 | SPS=1399
[700016] Regime switch detected! 0 -> 1. Snapshotting anchor model.
update 350/390 | step=716800 | SPS=1397
update 360/390 | step=737280 | SPS=1397
update 370/390 | step=757760 | SPS=1395
update 380/390 | step=778240 | SPS=1394
[save] runs/calib8x8_brain_neuromod_seed4_20260701-064813/episode_3/ep3_env0_20260701-070741/inner_checkpoints/ep3_env0_update390.pt
update 390/390 | step=798720 | SPS=1393
Episode 3/30 | reward=5.2232 | avg10=4.1150 | avg_success_rate=0.9500 | steps=38 | time=598.0s
update 10/390 | step=20480 | SPS=1453
update 20/390 | step=40960 | SPS=1454
update 30/390 | step=61440 | SPS=1479
update 40/390 | step=81920 | SPS=1505
[100016] Regime switch detected! 0 -> 1. Snapshotting anchor model.
update 50/390 | step=102400 | SPS=1507
update 60/390 | step=122880 | SPS=1487
update 70/390 | step=143360 | SPS=1484
update 80/390 | step=163840 | SPS=1496
update 90/390 | step=184320 | SPS=1502
[200016] Regime switch detected! 1 -> 0. Snapshotting anchor model.
update 100/390 | step=204800 | SPS=1504
update 110/390 | step=225280 | SPS=1489
update 120/390 | step=245760 | SPS=1477
update 130/390 | step=266240 | SPS=1469
update 140/390 | step=286720 | SPS=1462
[300016] Regime switch detected! 0 -> 1. Snapshotting anchor model.
update 150/390 | step=307200 | SPS=1455
update 160/390 | step=327680 | SPS=1447
update 170/390 | step=348160 | SPS=1445
update 180/390 | step=368640 | SPS=1440
update 190/390 | step=389120 | SPS=1439
[400016] Regime switch detected! 1 -> 0. Snapshotting anchor model.
update 200/390 | step=409600 | SPS=1445
update 210/390 | step=430080 | SPS=1451
update 220/390 | step=450560 | SPS=1455
update 230/390 | step=471040 | SPS=1458
update 240/390 | step=491520 | SPS=1456
[500016] Regime switch detected! 0 -> 1. Snapshotting anchor model.
update 250/390 | step=512000 | SPS=1453
update 260/390 | step=532480 | SPS=1453
update 270/390 | step=552960 | SPS=1455
update 280/390 | step=573440 | SPS=1451
update 290/390 | step=593920 | SPS=1449
[600016] Regime switch detected! 1 -> 0. Snapshotting anchor model.
update 300/390 | step=614400 | SPS=1447
update 310/390 | step=634880 | SPS=1443
update 320/390 | step=655360 | SPS=1441
update 330/390 | step=675840 | SPS=1438
update 340/390 | step=696320 | SPS=1435
[700016] Regime switch detected! 0 -> 1. Snapshotting anchor model.
update 350/390 | step=716800 | SPS=1432
update 360/390 | step=737280 | SPS=1430
update 370/390 | step=757760 | SPS=1431
update 380/390 | step=778240 | SPS=1430
[save] runs/calib8x8_brain_neuromod_seed4_20260701-064813/episode_4/ep4_env0_20260701-071739/inner_checkpoints/ep4_env0_update390.pt
update 390/390 | step=798720 | SPS=1431
Episode 4/30 | reward=1.5780 | avg10=3.4807 | avg_success_rate=0.9300 | steps=38 | time=582.5s
update 10/390 | step=20480 | SPS=1517
update 20/390 | step=40960 | SPS=1474
update 30/390 | step=61440 | SPS=1441
update 40/390 | step=81920 | SPS=1430
[100016] Regime switch detected! 0 -> 1. Snapshotting anchor model.
update 50/390 | step=102400 | SPS=1453
update 60/390 | step=122880 | SPS=1464
update 70/390 | step=143360 | SPS=1462
update 80/390 | step=163840 | SPS=1452
update 90/390 | step=184320 | SPS=1451
[200016] Regime switch detected! 1 -> 0. Snapshotting anchor model.
update 100/390 | step=204800 | SPS=1443
update 110/390 | step=225280 | SPS=1434
update 120/390 | step=245760 | SPS=1438
update 130/390 | step=266240 | SPS=1434
update 140/390 | step=286720 | SPS=1436
[300016] Regime switch detected! 0 -> 1. Snapshotting anchor model.
update 150/390 | step=307200 | SPS=1441
update 160/390 | step=327680 | SPS=1449
update 170/390 | step=348160 | SPS=1456
update 180/390 | step=368640 | SPS=1459
update 190/390 | step=389120 | SPS=1458
[400016] Regime switch detected! 1 -> 0. Snapshotting anchor model.
update 200/390 | step=409600 | SPS=1450
update 210/390 | step=430080 | SPS=1454
update 220/390 | step=450560 | SPS=1459
update 230/390 | step=471040 | SPS=1462
update 240/390 | step=491520 | SPS=1465
[500016] Regime switch detected! 0 -> 1. Snapshotting anchor model.
update 250/390 | step=512000 | SPS=1470
update 260/390 | step=532480 | SPS=1472
update 270/390 | step=552960 | SPS=1477
update 280/390 | step=573440 | SPS=1481
update 290/390 | step=593920 | SPS=1482
[600016] Regime switch detected! 1 -> 0. Snapshotting anchor model.
update 300/390 | step=614400 | SPS=1480
update 310/390 | step=634880 | SPS=1481
update 320/390 | step=655360 | SPS=1483
update 330/390 | step=675840 | SPS=1486
update 340/390 | step=696320 | SPS=1489
[700016] Regime switch detected! 0 -> 1. Snapshotting anchor model.
update 350/390 | step=716800 | SPS=1490
update 360/390 | step=737280 | SPS=1491
update 370/390 | step=757760 | SPS=1492
update 380/390 | step=778240 | SPS=1494
[save] runs/calib8x8_brain_neuromod_seed4_20260701-064813/episode_5/ep5_env0_20260701-072721/inner_checkpoints/ep5_env0_update390.pt
update 390/390 | step=798720 | SPS=1496
Episode 5/30 | reward=4.7626 | avg10=3.7371 | avg_success_rate=0.9400 | steps=38 | time=557.5s
update 10/390 | step=20480 | SPS=1664
update 20/390 | step=40960 | SPS=1676
update 30/390 | step=61440 | SPS=1605
update 40/390 | step=81920 | SPS=1577
[100016] Regime switch detected! 0 -> 1. Snapshotting anchor model.
update 50/390 | step=102400 | SPS=1531
update 60/390 | step=122880 | SPS=1514
update 70/390 | step=143360 | SPS=1513
update 80/390 | step=163840 | SPS=1517
update 90/390 | step=184320 | SPS=1516
[200016] Regime switch detected! 1 -> 0. Snapshotting anchor model.
update 100/390 | step=204800 | SPS=1511
update 110/390 | step=225280 | SPS=1505
update 120/390 | step=245760 | SPS=1493
update 130/390 | step=266240 | SPS=1481
update 140/390 | step=286720 | SPS=1470
[300016] Regime switch detected! 0 -> 1. Snapshotting anchor model.
update 150/390 | step=307200 | SPS=1460
update 160/390 | step=327680 | SPS=1461
update 170/390 | step=348160 | SPS=1464
update 180/390 | step=368640 | SPS=1458
update 190/390 | step=389120 | SPS=1454
[400016] Regime switch detected! 1 -> 0. Snapshotting anchor model.
update 200/390 | step=409600 | SPS=1461
update 210/390 | step=430080 | SPS=1459
update 220/390 | step=450560 | SPS=1458
update 230/390 | step=471040 | SPS=1463
update 240/390 | step=491520 | SPS=1466
[500016] Regime switch detected! 0 -> 1. Snapshotting anchor model.
update 250/390 | step=512000 | SPS=1464
update 260/390 | step=532480 | SPS=1465
update 270/390 | step=552960 | SPS=1461
update 280/390 | step=573440 | SPS=1458
update 290/390 | step=593920 | SPS=1457
[600016] Regime switch detected! 1 -> 0. Snapshotting anchor model.
update 300/390 | step=614400 | SPS=1459
update 310/390 | step=634880 | SPS=1462
update 320/390 | step=655360 | SPS=1464
update 330/390 | step=675840 | SPS=1462
update 340/390 | step=696320 | SPS=1461
[700016] Regime switch detected! 0 -> 1. Snapshotting anchor model.
update 350/390 | step=716800 | SPS=1457
update 360/390 | step=737280 | SPS=1455
update 370/390 | step=757760 | SPS=1452
update 380/390 | step=778240 | SPS=1449
[save] runs/calib8x8_brain_neuromod_seed4_20260701-064813/episode_6/ep6_env0_20260701-073639/inner_checkpoints/ep6_env0_update390.pt
update 390/390 | step=798720 | SPS=1447
Episode 6/30 | reward=1.3810 | avg10=3.3444 | avg_success_rate=0.8300 | steps=38 | time=576.3s
update 10/390 | step=20480 | SPS=1505
update 20/390 | step=40960 | SPS=1499
update 30/390 | step=61440 | SPS=1516
update 40/390 | step=81920 | SPS=1491
[100016] Regime switch detected! 0 -> 1. Snapshotting anchor model.
update 50/390 | step=102400 | SPS=1473
update 60/390 | step=122880 | SPS=1459
update 70/390 | step=143360 | SPS=1444
update 80/390 | step=163840 | SPS=1435
update 90/390 | step=184320 | SPS=1423
[200016] Regime switch detected! 1 -> 0. Snapshotting anchor model.
update 100/390 | step=204800 | SPS=1418
update 110/390 | step=225280 | SPS=1422
update 120/390 | step=245760 | SPS=1419
update 130/390 | step=266240 | SPS=1423
update 140/390 | step=286720 | SPS=1422
[300016] Regime switch detected! 0 -> 1. Snapshotting anchor model.
update 150/390 | step=307200 | SPS=1416
update 160/390 | step=327680 | SPS=1412
update 170/390 | step=348160 | SPS=1416
update 180/390 | step=368640 | SPS=1420
update 190/390 | step=389120 | SPS=1419
[400016] Regime switch detected! 1 -> 0. Snapshotting anchor model.
update 200/390 | step=409600 | SPS=1419
update 210/390 | step=430080 | SPS=1424
update 220/390 | step=450560 | SPS=1430
update 230/390 | step=471040 | SPS=1434
update 240/390 | step=491520 | SPS=1437
[500016] Regime switch detected! 0 -> 1. Snapshotting anchor model.
update 250/390 | step=512000 | SPS=1442
update 260/390 | step=532480 | SPS=1444
update 270/390 | step=552960 | SPS=1447
update 280/390 | step=573440 | SPS=1450
update 290/390 | step=593920 | SPS=1453
[600016] Regime switch detected! 1 -> 0. Snapshotting anchor model.
update 300/390 | step=614400 | SPS=1454
update 310/390 | step=634880 | SPS=1456
update 320/390 | step=655360 | SPS=1453
update 330/390 | step=675840 | SPS=1450
update 340/390 | step=696320 | SPS=1450
[700016] Regime switch detected! 0 -> 1. Snapshotting anchor model.
update 350/390 | step=716800 | SPS=1451
update 360/390 | step=737280 | SPS=1454
update 370/390 | step=757760 | SPS=1457
update 380/390 | step=778240 | SPS=1460
[save] runs/calib8x8_brain_neuromod_seed4_20260701-064813/episode_7/ep7_env0_20260701-074615/inner_checkpoints/ep7_env0_update390.pt
update 390/390 | step=798720 | SPS=1462
Episode 7/30 | reward=1.2898 | avg10=3.0509 | avg_success_rate=0.9100 | steps=38 | time=570.5s
update 10/390 | step=20480 | SPS=1536
update 20/390 | step=40960 | SPS=1535
update 30/390 | step=61440 | SPS=1505
update 40/390 | step=81920 | SPS=1509
[100016] Regime switch detected! 0 -> 1. Snapshotting anchor model.
update 50/390 | step=102400 | SPS=1484
update 60/390 | step=122880 | SPS=1463
update 70/390 | step=143360 | SPS=1448
update 80/390 | step=163840 | SPS=1440
update 90/390 | step=184320 | SPS=1434
[200016] Regime switch detected! 1 -> 0. Snapshotting anchor model.
update 100/390 | step=204800 | SPS=1431
update 110/390 | step=225280 | SPS=1433
update 120/390 | step=245760 | SPS=1441
update 130/390 | step=266240 | SPS=1448
update 140/390 | step=286720 | SPS=1454
[300016] Regime switch detected! 0 -> 1. Snapshotting anchor model.
update 150/390 | step=307200 | SPS=1456
update 160/390 | step=327680 | SPS=1448
update 170/390 | step=348160 | SPS=1444
update 180/390 | step=368640 | SPS=1437
update 190/390 | step=389120 | SPS=1431
[400016] Regime switch detected! 1 -> 0. Snapshotting anchor model.
update 200/390 | step=409600 | SPS=1428
update 210/390 | step=430080 | SPS=1426
update 220/390 | step=450560 | SPS=1430
update 230/390 | step=471040 | SPS=1435
update 240/390 | step=491520 | SPS=1432
[500016] Regime switch detected! 0 -> 1. Snapshotting anchor model.
update 250/390 | step=512000 | SPS=1430
update 260/390 | step=532480 | SPS=1427
update 270/390 | step=552960 | SPS=1430
update 280/390 | step=573440 | SPS=1431
update 290/390 | step=593920 | SPS=1429
[600016] Regime switch detected! 1 -> 0. Snapshotting anchor model.
update 300/390 | step=614400 | SPS=1427
update 310/390 | step=634880 | SPS=1425
update 320/390 | step=655360 | SPS=1422
update 330/390 | step=675840 | SPS=1420
update 340/390 | step=696320 | SPS=1420
[700016] Regime switch detected! 0 -> 1. Snapshotting anchor model.
update 350/390 | step=716800 | SPS=1418
update 360/390 | step=737280 | SPS=1416
update 370/390 | step=757760 | SPS=1415
update 380/390 | step=778240 | SPS=1413
[save] runs/calib8x8_brain_neuromod_seed4_20260701-064813/episode_8/ep8_env0_20260701-075546/inner_checkpoints/ep8_env0_update390.pt
update 390/390 | step=798720 | SPS=1411
Episode 8/30 | reward=4.7398 | avg10=3.2620 | avg_success_rate=0.9400 | steps=38 | time=590.3s
update 10/390 | step=20480 | SPS=1535
update 20/390 | step=40960 | SPS=1471
update 30/390 | step=61440 | SPS=1451
update 40/390 | step=81920 | SPS=1443
[100016] Regime switch detected! 0 -> 1. Snapshotting anchor model.
update 50/390 | step=102400 | SPS=1450
update 60/390 | step=122880 | SPS=1451
update 70/390 | step=143360 | SPS=1432
update 80/390 | step=163840 | SPS=1431
update 90/390 | step=184320 | SPS=1435
[200016] Regime switch detected! 1 -> 0. Snapshotting anchor model.
update 100/390 | step=204800 | SPS=1448
update 110/390 | step=225280 | SPS=1450
update 120/390 | step=245760 | SPS=1441
update 130/390 | step=266240 | SPS=1435
update 140/390 | step=286720 | SPS=1442
[300016] Regime switch detected! 0 -> 1. Snapshotting anchor model.
update 150/390 | step=307200 | SPS=1443
update 160/390 | step=327680 | SPS=1438
update 170/390 | step=348160 | SPS=1434
update 180/390 | step=368640 | SPS=1431
update 190/390 | step=389120 | SPS=1431
[400016] Regime switch detected! 1 -> 0. Snapshotting anchor model.
update 200/390 | step=409600 | SPS=1436
update 210/390 | step=430080 | SPS=1437
update 220/390 | step=450560 | SPS=1435
update 230/390 | step=471040 | SPS=1432
update 240/390 | step=491520 | SPS=1431
[500016] Regime switch detected! 0 -> 1. Snapshotting anchor model.
update 250/390 | step=512000 | SPS=1432
update 260/390 | step=532480 | SPS=1436
update 270/390 | step=552960 | SPS=1439
update 280/390 | step=573440 | SPS=1443
update 290/390 | step=593920 | SPS=1445
[600016] Regime switch detected! 1 -> 0. Snapshotting anchor model.
update 300/390 | step=614400 | SPS=1449
update 310/390 | step=634880 | SPS=1451
update 320/390 | step=655360 | SPS=1453
update 330/390 | step=675840 | SPS=1456
update 340/390 | step=696320 | SPS=1460
[700016] Regime switch detected! 0 -> 1. Snapshotting anchor model.
update 350/390 | step=716800 | SPS=1461
update 360/390 | step=737280 | SPS=1459
update 370/390 | step=757760 | SPS=1459
update 380/390 | step=778240 | SPS=1457
[save] runs/calib8x8_brain_neuromod_seed4_20260701-064813/episode_9/ep9_env0_20260701-080536/inner_checkpoints/ep9_env0_update390.pt
update 390/390 | step=798720 | SPS=1460
Episode 9/30 | reward=3.3432 | avg10=3.2710 | avg_success_rate=0.9900 | steps=38 | time=571.1s
update 10/390 | step=20480 | SPS=1482
update 20/390 | step=40960 | SPS=1437
update 30/390 | step=61440 | SPS=1415
update 40/390 | step=81920 | SPS=1406
[100016] Regime switch detected! 0 -> 1. Snapshotting anchor model.
update 50/390 | step=102400 | SPS=1420
update 60/390 | step=122880 | SPS=1436
update 70/390 | step=143360 | SPS=1450
update 80/390 | step=163840 | SPS=1462
update 90/390 | step=184320 | SPS=1473
[200016] Regime switch detected! 1 -> 0. Snapshotting anchor model.
update 100/390 | step=204800 | SPS=1483
update 110/390 | step=225280 | SPS=1490
update 120/390 | step=245760 | SPS=1487
update 130/390 | step=266240 | SPS=1477
update 140/390 | step=286720 | SPS=1469
[300016] Regime switch detected! 0 -> 1. Snapshotting anchor model.
update 150/390 | step=307200 | SPS=1465
update 160/390 | step=327680 | SPS=1471
update 170/390 | step=348160 | SPS=1476
update 180/390 | step=368640 | SPS=1479
update 190/390 | step=389120 | SPS=1477
[400016] Regime switch detected! 1 -> 0. Snapshotting anchor model.
update 200/390 | step=409600 | SPS=1481
update 210/390 | step=430080 | SPS=1485
update 220/390 | step=450560 | SPS=1480
update 230/390 | step=471040 | SPS=1473
update 240/390 | step=491520 | SPS=1468
[500016] Regime switch detected! 0 -> 1. Snapshotting anchor model.
update 250/390 | step=512000 | SPS=1464
update 260/390 | step=532480 | SPS=1461
update 270/390 | step=552960 | SPS=1457
update 280/390 | step=573440 | SPS=1460
update 290/390 | step=593920 | SPS=1464
[600016] Regime switch detected! 1 -> 0. Snapshotting anchor model.
update 300/390 | step=614400 | SPS=1466
update 310/390 | step=634880 | SPS=1463
update 320/390 | step=655360 | SPS=1459
update 330/390 | step=675840 | SPS=1457
update 340/390 | step=696320 | SPS=1454
[700016] Regime switch detected! 0 -> 1. Snapshotting anchor model.
update 350/390 | step=716800 | SPS=1457
update 360/390 | step=737280 | SPS=1458
update 370/390 | step=757760 | SPS=1456
update 380/390 | step=778240 | SPS=1454
[save] runs/calib8x8_brain_neuromod_seed4_20260701-064813/episode_10/ep10_env0_20260701-081507/inner_checkpoints/ep10_env0_update390.pt
update 390/390 | step=798720 | SPS=1452
Episode 10/30 | reward=1.3434 | avg10=3.0783 | avg_success_rate=0.7900 | steps=38 | time=574.8s
update 10/390 | step=20480 | SPS=1534
update 20/390 | step=40960 | SPS=1474
update 30/390 | step=61440 | SPS=1438
update 40/390 | step=81920 | SPS=1421
[100016] Regime switch detected! 0 -> 1. Snapshotting anchor model.
update 50/390 | step=102400 | SPS=1411
update 60/390 | step=122880 | SPS=1408
update 70/390 | step=143360 | SPS=1398
update 80/390 | step=163840 | SPS=1397
update 90/390 | step=184320 | SPS=1392
[200016] Regime switch detected! 1 -> 0. Snapshotting anchor model.
update 100/390 | step=204800 | SPS=1397
update 110/390 | step=225280 | SPS=1399
update 120/390 | step=245760 | SPS=1406
update 130/390 | step=266240 | SPS=1402
update 140/390 | step=286720 | SPS=1405
[300016] Regime switch detected! 0 -> 1. Snapshotting anchor model.
update 150/390 | step=307200 | SPS=1400
update 160/390 | step=327680 | SPS=1399
update 170/390 | step=348160 | SPS=1396
update 180/390 | step=368640 | SPS=1392
update 190/390 | step=389120 | SPS=1390
[400016] Regime switch detected! 1 -> 0. Snapshotting anchor model.
update 200/390 | step=409600 | SPS=1389
update 210/390 | step=430080 | SPS=1390
update 220/390 | step=450560 | SPS=1388
update 230/390 | step=471040 | SPS=1387
update 240/390 | step=491520 | SPS=1386
[500016] Regime switch detected! 0 -> 1. Snapshotting anchor model.
update 250/390 | step=512000 | SPS=1386
update 260/390 | step=532480 | SPS=1386
update 270/390 | step=552960 | SPS=1385
update 280/390 | step=573440 | SPS=1385
update 290/390 | step=593920 | SPS=1384
[600016] Regime switch detected! 1 -> 0. Snapshotting anchor model.
update 300/390 | step=614400 | SPS=1383
update 310/390 | step=634880 | SPS=1383
update 320/390 | step=655360 | SPS=1382
update 330/390 | step=675840 | SPS=1383
update 340/390 | step=696320 | SPS=1383
[700016] Regime switch detected! 0 -> 1. Snapshotting anchor model.
update 350/390 | step=716800 | SPS=1383
update 360/390 | step=737280 | SPS=1381
update 370/390 | step=757760 | SPS=1381
update 380/390 | step=778240 | SPS=1381
[save] runs/calib8x8_brain_neuromod_seed4_20260701-064813/episode_11/ep11_env0_20260701-082442/inner_checkpoints/ep11_env0_update390.pt
update 390/390 | step=798720 | SPS=1381
Episode 11/30 | reward=5.1266 | avg10=3.1817 | avg_success_rate=1.0000 | steps=38 | time=602.6s
update 10/390 | step=20480 | SPS=1430
update 20/390 | step=40960 | SPS=1419
update 30/390 | step=61440 | SPS=1398
update 40/390 | step=81920 | SPS=1398
[100016] Regime switch detected! 0 -> 1. Snapshotting anchor model.
update 50/390 | step=102400 | SPS=1404
update 60/390 | step=122880 | SPS=1409
update 70/390 | step=143360 | SPS=1427
update 80/390 | step=163840 | SPS=1444
update 90/390 | step=184320 | SPS=1454
[200016] Regime switch detected! 1 -> 0. Snapshotting anchor model.
update 100/390 | step=204800 | SPS=1466
update 110/390 | step=225280 | SPS=1472
update 120/390 | step=245760 | SPS=1479
update 130/390 | step=266240 | SPS=1486
update 140/390 | step=286720 | SPS=1492
[300016] Regime switch detected! 0 -> 1. Snapshotting anchor model.
update 150/390 | step=307200 | SPS=1487
update 160/390 | step=327680 | SPS=1479
update 170/390 | step=348160 | SPS=1481
update 180/390 | step=368640 | SPS=1476
update 190/390 | step=389120 | SPS=1469
[400016] Regime switch detected! 1 -> 0. Snapshotting anchor model.
update 200/390 | step=409600 | SPS=1464
update 210/390 | step=430080 | SPS=1460
update 220/390 | step=450560 | SPS=1457
update 230/390 | step=471040 | SPS=1451
update 240/390 | step=491520 | SPS=1447
[500016] Regime switch detected! 0 -> 1. Snapshotting anchor model.
update 250/390 | step=512000 | SPS=1448
update 260/390 | step=532480 | SPS=1445
update 270/390 | step=552960 | SPS=1443
update 280/390 | step=573440 | SPS=1439
update 290/390 | step=593920 | SPS=1437
[600016] Regime switch detected! 1 -> 0. Snapshotting anchor model.
update 300/390 | step=614400 | SPS=1435
update 310/390 | step=634880 | SPS=1431
update 320/390 | step=655360 | SPS=1428
update 330/390 | step=675840 | SPS=1425
update 340/390 | step=696320 | SPS=1422
[700016] Regime switch detected! 0 -> 1. Snapshotting anchor model.
update 350/390 | step=716800 | SPS=1420
update 360/390 | step=737280 | SPS=1418
update 370/390 | step=757760 | SPS=1421
update 380/390 | step=778240 | SPS=1423
[save] runs/calib8x8_brain_neuromod_seed4_20260701-064813/episode_12/ep12_env0_20260701-083445/inner_checkpoints/ep12_env0_update390.pt
update 390/390 | step=798720 | SPS=1428
Episode 12/30 | reward=6.3476 | avg10=3.5135 | avg_success_rate=0.9900 | steps=38 | time=584.2s
update 10/390 | step=20480 | SPS=1459
update 20/390 | step=40960 | SPS=1423
update 30/390 | step=61440 | SPS=1410
update 40/390 | step=81920 | SPS=1400
[100016] Regime switch detected! 0 -> 1. Snapshotting anchor model.
update 50/390 | step=102400 | SPS=1397
update 60/390 | step=122880 | SPS=1424
update 70/390 | step=143360 | SPS=1429
update 80/390 | step=163840 | SPS=1445
update 90/390 | step=184320 | SPS=1440
[200016] Regime switch detected! 1 -> 0. Snapshotting anchor model.
update 100/390 | step=204800 | SPS=1435
update 110/390 | step=225280 | SPS=1429
update 120/390 | step=245760 | SPS=1424
update 130/390 | step=266240 | SPS=1420
update 140/390 | step=286720 | SPS=1419
[300016] Regime switch detected! 0 -> 1. Snapshotting anchor model.
update 150/390 | step=307200 | SPS=1415
update 160/390 | step=327680 | SPS=1410
update 170/390 | step=348160 | SPS=1407
update 180/390 | step=368640 | SPS=1405
update 190/390 | step=389120 | SPS=1405
[400016] Regime switch detected! 1 -> 0. Snapshotting anchor model.
update 200/390 | step=409600 | SPS=1407
update 210/390 | step=430080 | SPS=1404
update 220/390 | step=450560 | SPS=1402
update 230/390 | step=471040 | SPS=1404
update 240/390 | step=491520 | SPS=1403
[500016] Regime switch detected! 0 -> 1. Snapshotting anchor model.
update 250/390 | step=512000 | SPS=1403
update 260/390 | step=532480 | SPS=1409
update 270/390 | step=552960 | SPS=1408
update 280/390 | step=573440 | SPS=1407
update 290/390 | step=593920 | SPS=1405
[600016] Regime switch detected! 1 -> 0. Snapshotting anchor model.
update 300/390 | step=614400 | SPS=1403
update 310/390 | step=634880 | SPS=1400
update 320/390 | step=655360 | SPS=1399
update 330/390 | step=675840 | SPS=1398
update 340/390 | step=696320 | SPS=1398
[700016] Regime switch detected! 0 -> 1. Snapshotting anchor model.
update 350/390 | step=716800 | SPS=1397
update 360/390 | step=737280 | SPS=1396
update 370/390 | step=757760 | SPS=1396
update 380/390 | step=778240 | SPS=1398
[save] runs/calib8x8_brain_neuromod_seed4_20260701-064813/episode_13/ep13_env0_20260701-084429/inner_checkpoints/ep13_env0_update390.pt
update 390/390 | step=798720 | SPS=1400
Episode 13/30 | reward=1.0797 | avg10=3.0992 | avg_success_rate=0.9200 | steps=38 | time=595.0s
update 10/390 | step=20480 | SPS=1536
update 20/390 | step=40960 | SPS=1489
update 30/390 | step=61440 | SPS=1449
update 40/390 | step=81920 | SPS=1430
[100016] Regime switch detected! 0 -> 1. Snapshotting anchor model.
update 50/390 | step=102400 | SPS=1444
update 60/390 | step=122880 | SPS=1433
update 70/390 | step=143360 | SPS=1417
update 80/390 | step=163840 | SPS=1409
update 90/390 | step=184320 | SPS=1419
[200016] Regime switch detected! 1 -> 0. Snapshotting anchor model.
update 100/390 | step=204800 | SPS=1434
update 110/390 | step=225280 | SPS=1444
update 120/390 | step=245760 | SPS=1450
update 130/390 | step=266240 | SPS=1454
update 140/390 | step=286720 | SPS=1456
[300016] Regime switch detected! 0 -> 1. Snapshotting anchor model.
update 150/390 | step=307200 | SPS=1456
update 160/390 | step=327680 | SPS=1449
update 170/390 | step=348160 | SPS=1443
update 180/390 | step=368640 | SPS=1436
update 190/390 | step=389120 | SPS=1436
[400016] Regime switch detected! 1 -> 0. Snapshotting anchor model.
update 200/390 | step=409600 | SPS=1442
update 210/390 | step=430080 | SPS=1438
update 220/390 | step=450560 | SPS=1433
update 230/390 | step=471040 | SPS=1432
update 240/390 | step=491520 | SPS=1435
[500016] Regime switch detected! 0 -> 1. Snapshotting anchor model.
update 250/390 | step=512000 | SPS=1436
update 260/390 | step=532480 | SPS=1434
update 270/390 | step=552960 | SPS=1435
update 280/390 | step=573440 | SPS=1436
update 290/390 | step=593920 | SPS=1437
[600016] Regime switch detected! 1 -> 0. Snapshotting anchor model.
update 300/390 | step=614400 | SPS=1434
update 310/390 | step=634880 | SPS=1432
update 320/390 | step=655360 | SPS=1430
update 330/390 | step=675840 | SPS=1427
update 340/390 | step=696320 | SPS=1425
[700016] Regime switch detected! 0 -> 1. Snapshotting anchor model.
update 350/390 | step=716800 | SPS=1423
update 360/390 | step=737280 | SPS=1422
update 370/390 | step=757760 | SPS=1420
update 380/390 | step=778240 | SPS=1422
[save] runs/calib8x8_brain_neuromod_seed4_20260701-064813/episode_14/ep14_env0_20260701-085424/inner_checkpoints/ep14_env0_update390.pt
update 390/390 | step=798720 | SPS=1423
Episode 14/30 | reward=0.8486 | avg10=3.0262 | avg_success_rate=0.7200 | steps=38 | time=585.1s
update 10/390 | step=20480 | SPS=1433
update 20/390 | step=40960 | SPS=1404
update 30/390 | step=61440 | SPS=1405
update 40/390 | step=81920 | SPS=1396
[100016] Regime switch detected! 0 -> 1. Snapshotting anchor model.
update 50/390 | step=102400 | SPS=1393
update 60/390 | step=122880 | SPS=1389
update 70/390 | step=143360 | SPS=1381
update 80/390 | step=163840 | SPS=1378
update 90/390 | step=184320 | SPS=1376
[200016] Regime switch detected! 1 -> 0. Snapshotting anchor model.
update 100/390 | step=204800 | SPS=1377
update 110/390 | step=225280 | SPS=1377
update 120/390 | step=245760 | SPS=1390
update 130/390 | step=266240 | SPS=1398
update 140/390 | step=286720 | SPS=1399
[300016] Regime switch detected! 0 -> 1. Snapshotting anchor model.
update 150/390 | step=307200 | SPS=1402
update 160/390 | step=327680 | SPS=1398
update 170/390 | step=348160 | SPS=1395
update 180/390 | step=368640 | SPS=1391
update 190/390 | step=389120 | SPS=1396
[400016] Regime switch detected! 1 -> 0. Snapshotting anchor model.
update 200/390 | step=409600 | SPS=1398
update 210/390 | step=430080 | SPS=1406
update 220/390 | step=450560 | SPS=1409
update 230/390 | step=471040 | SPS=1412
update 240/390 | step=491520 | SPS=1417
[500016] Regime switch detected! 0 -> 1. Snapshotting anchor model.
update 250/390 | step=512000 | SPS=1422
update 260/390 | step=532480 | SPS=1421
update 270/390 | step=552960 | SPS=1420
update 280/390 | step=573440 | SPS=1417
update 290/390 | step=593920 | SPS=1422
[600016] Regime switch detected! 1 -> 0. Snapshotting anchor model.
update 300/390 | step=614400 | SPS=1427
update 310/390 | step=634880 | SPS=1429
update 320/390 | step=655360 | SPS=1432
update 330/390 | step=675840 | SPS=1435
update 340/390 | step=696320 | SPS=1435
[700016] Regime switch detected! 0 -> 1. Snapshotting anchor model.
update 350/390 | step=716800 | SPS=1433
update 360/390 | step=737280 | SPS=1432
update 370/390 | step=757760 | SPS=1435
update 380/390 | step=778240 | SPS=1439
[save] runs/calib8x8_brain_neuromod_seed4_20260701-064813/episode_15/ep15_env0_20260701-090409/inner_checkpoints/ep15_env0_update390.pt
update 390/390 | step=798720 | SPS=1440
Episode 15/30 | reward=4.1592 | avg10=2.9659 | avg_success_rate=0.9000 | steps=38 | time=578.7s
update 10/390 | step=20480 | SPS=1455
update 20/390 | step=40960 | SPS=1449
update 30/390 | step=61440 | SPS=1432
update 40/390 | step=81920 | SPS=1465
[100016] Regime switch detected! 0 -> 1. Snapshotting anchor model.
update 50/390 | step=102400 | SPS=1479
update 60/390 | step=122880 | SPS=1484
update 70/390 | step=143360 | SPS=1480
update 80/390 | step=163840 | SPS=1464
update 90/390 | step=184320 | SPS=1449
[200016] Regime switch detected! 1 -> 0. Snapshotting anchor model.
update 100/390 | step=204800 | SPS=1440
update 110/390 | step=225280 | SPS=1431
update 120/390 | step=245760 | SPS=1423
update 130/390 | step=266240 | SPS=1427
update 140/390 | step=286720 | SPS=1435
[300016] Regime switch detected! 0 -> 1. Snapshotting anchor model.
update 150/390 | step=307200 | SPS=1445
update 160/390 | step=327680 | SPS=1447
update 170/390 | step=348160 | SPS=1449
update 180/390 | step=368640 | SPS=1441
update 190/390 | step=389120 | SPS=1434
[400016] Regime switch detected! 1 -> 0. Snapshotting anchor model.
update 200/390 | step=409600 | SPS=1430
update 210/390 | step=430080 | SPS=1428
update 220/390 | step=450560 | SPS=1432
update 230/390 | step=471040 | SPS=1436
update 240/390 | step=491520 | SPS=1438
[500016] Regime switch detected! 0 -> 1. Snapshotting anchor model.
update 250/390 | step=512000 | SPS=1441
update 260/390 | step=532480 | SPS=1444
update 270/390 | step=552960 | SPS=1447
update 280/390 | step=573440 | SPS=1445
update 290/390 | step=593920 | SPS=1448
[600016] Regime switch detected! 1 -> 0. Snapshotting anchor model.
update 300/390 | step=614400 | SPS=1447
update 310/390 | step=634880 | SPS=1445
update 320/390 | step=655360 | SPS=1441
update 330/390 | step=675840 | SPS=1438
update 340/390 | step=696320 | SPS=1439
[700016] Regime switch detected! 0 -> 1. Snapshotting anchor model.
update 350/390 | step=716800 | SPS=1438
update 360/390 | step=737280 | SPS=1438
update 370/390 | step=757760 | SPS=1440
update 380/390 | step=778240 | SPS=1439
[save] runs/calib8x8_brain_neuromod_seed4_20260701-064813/episode_16/ep16_env0_20260701-091347/inner_checkpoints/ep16_env0_update390.pt
update 390/390 | step=798720 | SPS=1442
Episode 16/30 | reward=3.3098 | avg10=3.1588 | avg_success_rate=0.9100 | steps=38 | time=578.7s
update 10/390 | step=20480 | SPS=1443
update 20/390 | step=40960 | SPS=1421
update 30/390 | step=61440 | SPS=1390
update 40/390 | step=81920 | SPS=1388
[100016] Regime switch detected! 0 -> 1. Snapshotting anchor model.
update 50/390 | step=102400 | SPS=1383
update 60/390 | step=122880 | SPS=1380
update 70/390 | step=143360 | SPS=1377
update 80/390 | step=163840 | SPS=1379
update 90/390 | step=184320 | SPS=1375
[200016] Regime switch detected! 1 -> 0. Snapshotting anchor model.
update 100/390 | step=204800 | SPS=1374
update 110/390 | step=225280 | SPS=1378
update 120/390 | step=245760 | SPS=1392
update 130/390 | step=266240 | SPS=1404
update 140/390 | step=286720 | SPS=1404
[300016] Regime switch detected! 0 -> 1. Snapshotting anchor model.
update 150/390 | step=307200 | SPS=1398
update 160/390 | step=327680 | SPS=1396
update 170/390 | step=348160 | SPS=1394
update 180/390 | step=368640 | SPS=1393
update 190/390 | step=389120 | SPS=1390
[400016] Regime switch detected! 1 -> 0. Snapshotting anchor model.
update 200/390 | step=409600 | SPS=1390
update 210/390 | step=430080 | SPS=1391
update 220/390 | step=450560 | SPS=1389
update 230/390 | step=471040 | SPS=1386
update 240/390 | step=491520 | SPS=1385
[500016] Regime switch detected! 0 -> 1. Snapshotting anchor model.
update 250/390 | step=512000 | SPS=1385
update 260/390 | step=532480 | SPS=1387
update 270/390 | step=552960 | SPS=1389
update 280/390 | step=573440 | SPS=1394
update 290/390 | step=593920 | SPS=1400
[600016] Regime switch detected! 1 -> 0. Snapshotting anchor model.
update 300/390 | step=614400 | SPS=1402
update 310/390 | step=634880 | SPS=1401
update 320/390 | step=655360 | SPS=1404
update 330/390 | step=675840 | SPS=1407
update 340/390 | step=696320 | SPS=1404
[700016] Regime switch detected! 0 -> 1. Snapshotting anchor model.
update 350/390 | step=716800 | SPS=1404
update 360/390 | step=737280 | SPS=1402
update 370/390 | step=757760 | SPS=1401
update 380/390 | step=778240 | SPS=1402
[save] runs/calib8x8_brain_neuromod_seed4_20260701-064813/episode_17/ep17_env0_20260701-092326/inner_checkpoints/ep17_env0_update390.pt
update 390/390 | step=798720 | SPS=1403
Episode 17/30 | reward=2.8387 | avg10=3.3137 | avg_success_rate=0.8700 | steps=38 | time=594.2s
update 10/390 | step=20480 | SPS=1409
update 20/390 | step=40960 | SPS=1386
update 30/390 | step=61440 | SPS=1367
update 40/390 | step=81920 | SPS=1362
[100016] Regime switch detected! 0 -> 1. Snapshotting anchor model.
update 50/390 | step=102400 | SPS=1363
update 60/390 | step=122880 | SPS=1367
update 70/390 | step=143360 | SPS=1364
update 80/390 | step=163840 | SPS=1369
update 90/390 | step=184320 | SPS=1369
[200016] Regime switch detected! 1 -> 0. Snapshotting anchor model.
update 100/390 | step=204800 | SPS=1380
update 110/390 | step=225280 | SPS=1395
update 120/390 | step=245760 | SPS=1408
update 130/390 | step=266240 | SPS=1408
update 140/390 | step=286720 | SPS=1406
[300016] Regime switch detected! 0 -> 1. Snapshotting anchor model.
update 150/390 | step=307200 | SPS=1401
update 160/390 | step=327680 | SPS=1398
update 170/390 | step=348160 | SPS=1398
update 180/390 | step=368640 | SPS=1395
update 190/390 | step=389120 | SPS=1395
[400016] Regime switch detected! 1 -> 0. Snapshotting anchor model.
update 200/390 | step=409600 | SPS=1395
update 210/390 | step=430080 | SPS=1393
update 220/390 | step=450560 | SPS=1392
update 230/390 | step=471040 | SPS=1391
update 240/390 | step=491520 | SPS=1394
[500016] Regime switch detected! 0 -> 1. Snapshotting anchor model.
update 250/390 | step=512000 | SPS=1393
update 260/390 | step=532480 | SPS=1392
update 270/390 | step=552960 | SPS=1390
update 280/390 | step=573440 | SPS=1389
update 290/390 | step=593920 | SPS=1388
[600016] Regime switch detected! 1 -> 0. Snapshotting anchor model.
update 300/390 | step=614400 | SPS=1390
update 310/390 | step=634880 | SPS=1390
update 320/390 | step=655360 | SPS=1388
update 330/390 | step=675840 | SPS=1387
update 340/390 | step=696320 | SPS=1385
[700016] Regime switch detected! 0 -> 1. Snapshotting anchor model.
update 350/390 | step=716800 | SPS=1385
update 360/390 | step=737280 | SPS=1387
update 370/390 | step=757760 | SPS=1390
update 380/390 | step=778240 | SPS=1395
[save] runs/calib8x8_brain_neuromod_seed4_20260701-064813/episode_18/ep18_env0_20260701-093320/inner_checkpoints/ep18_env0_update390.pt
update 390/390 | step=798720 | SPS=1395
Episode 18/30 | reward=3.7210 | avg10=3.2118 | avg_success_rate=0.9400 | steps=38 | time=596.9s
update 10/390 | step=20480 | SPS=1419
update 20/390 | step=40960 | SPS=1399
update 30/390 | step=61440 | SPS=1391
update 40/390 | step=81920 | SPS=1422
[100016] Regime switch detected! 0 -> 1. Snapshotting anchor model.
update 50/390 | step=102400 | SPS=1428
update 60/390 | step=122880 | SPS=1419
update 70/390 | step=143360 | SPS=1406
update 80/390 | step=163840 | SPS=1400
update 90/390 | step=184320 | SPS=1405
[200016] Regime switch detected! 1 -> 0. Snapshotting anchor model.
update 100/390 | step=204800 | SPS=1414
update 110/390 | step=225280 | SPS=1410
update 120/390 | step=245760 | SPS=1406
update 130/390 | step=266240 | SPS=1402
update 140/390 | step=286720 | SPS=1403
[300016] Regime switch detected! 0 -> 1. Snapshotting anchor model.
update 150/390 | step=307200 | SPS=1400
update 160/390 | step=327680 | SPS=1398
update 170/390 | step=348160 | SPS=1398
update 180/390 | step=368640 | SPS=1395
update 190/390 | step=389120 | SPS=1402
[400016] Regime switch detected! 1 -> 0. Snapshotting anchor model.
update 200/390 | step=409600 | SPS=1403
update 210/390 | step=430080 | SPS=1404
update 220/390 | step=450560 | SPS=1410
update 230/390 | step=471040 | SPS=1413
update 240/390 | step=491520 | SPS=1411
[500016] Regime switch detected! 0 -> 1. Snapshotting anchor model.
update 250/390 | step=512000 | SPS=1413
update 260/390 | step=532480 | SPS=1418
update 270/390 | step=552960 | SPS=1418
update 280/390 | step=573440 | SPS=1415
update 290/390 | step=593920 | SPS=1413
[600016] Regime switch detected! 1 -> 0. Snapshotting anchor model.
update 300/390 | step=614400 | SPS=1415
update 310/390 | step=634880 | SPS=1419
update 320/390 | step=655360 | SPS=1418
update 330/390 | step=675840 | SPS=1418
update 340/390 | step=696320 | SPS=1419
[700016] Regime switch detected! 0 -> 1. Snapshotting anchor model.
update 350/390 | step=716800 | SPS=1421
update 360/390 | step=737280 | SPS=1421
update 370/390 | step=757760 | SPS=1421
update 380/390 | step=778240 | SPS=1425
[save] runs/calib8x8_brain_neuromod_seed4_20260701-064813/episode_19/ep19_env0_20260701-094317/inner_checkpoints/ep19_env0_update390.pt
update 390/390 | step=798720 | SPS=1426
Episode 19/30 | reward=3.1456 | avg10=3.1920 | avg_success_rate=0.6600 | steps=38 | time=584.0s
update 10/390 | step=20480 | SPS=1440
update 20/390 | step=40960 | SPS=1406
update 30/390 | step=61440 | SPS=1378
update 40/390 | step=81920 | SPS=1377
[100016] Regime switch detected! 0 -> 1. Snapshotting anchor model.
update 50/390 | step=102400 | SPS=1376
update 60/390 | step=122880 | SPS=1376
update 70/390 | step=143360 | SPS=1376
update 80/390 | step=163840 | SPS=1377
update 90/390 | step=184320 | SPS=1374
[200016] Regime switch detected! 1 -> 0. Snapshotting anchor model.
update 100/390 | step=204800 | SPS=1378
update 110/390 | step=225280 | SPS=1374
update 120/390 | step=245760 | SPS=1372
update 130/390 | step=266240 | SPS=1374
update 140/390 | step=286720 | SPS=1375
[300016] Regime switch detected! 0 -> 1. Snapshotting anchor model.
update 150/390 | step=307200 | SPS=1380
update 160/390 | step=327680 | SPS=1379
update 170/390 | step=348160 | SPS=1377
update 180/390 | step=368640 | SPS=1378
update 190/390 | step=389120 | SPS=1379
[400016] Regime switch detected! 1 -> 0. Snapshotting anchor model.
update 200/390 | step=409600 | SPS=1380
update 210/390 | step=430080 | SPS=1381
update 220/390 | step=450560 | SPS=1380
update 230/390 | step=471040 | SPS=1379
update 240/390 | step=491520 | SPS=1378
[500016] Regime switch detected! 0 -> 1. Snapshotting anchor model.
update 250/390 | step=512000 | SPS=1376
update 260/390 | step=532480 | SPS=1375
update 270/390 | step=552960 | SPS=1374
update 280/390 | step=573440 | SPS=1374
update 290/390 | step=593920 | SPS=1373
[600016] Regime switch detected! 1 -> 0. Snapshotting anchor model.
update 300/390 | step=614400 | SPS=1373
update 310/390 | step=634880 | SPS=1372
update 320/390 | step=655360 | SPS=1373
update 330/390 | step=675840 | SPS=1372
update 340/390 | step=696320 | SPS=1376
[700016] Regime switch detected! 0 -> 1. Snapshotting anchor model.
update 350/390 | step=716800 | SPS=1375
update 360/390 | step=737280 | SPS=1377
update 370/390 | step=757760 | SPS=1383
update 380/390 | step=778240 | SPS=1383
[save] runs/calib8x8_brain_neuromod_seed4_20260701-064813/episode_20/ep20_env0_20260701-095301/inner_checkpoints/ep20_env0_update390.pt
update 390/390 | step=798720 | SPS=1384
Episode 20/30 | reward=5.4715 | avg10=3.6048 | avg_success_rate=0.8100 | steps=38 | time=601.2s
update 10/390 | step=20480 | SPS=1421
update 20/390 | step=40960 | SPS=1422
update 30/390 | step=61440 | SPS=1399
update 40/390 | step=81920 | SPS=1410
[100016] Regime switch detected! 0 -> 1. Snapshotting anchor model.
update 50/390 | step=102400 | SPS=1405
update 60/390 | step=122880 | SPS=1405
update 70/390 | step=143360 | SPS=1399
update 80/390 | step=163840 | SPS=1399
update 90/390 | step=184320 | SPS=1392
[200016] Regime switch detected! 1 -> 0. Snapshotting anchor model.
update 100/390 | step=204800 | SPS=1406
update 110/390 | step=225280 | SPS=1401
update 120/390 | step=245760 | SPS=1396
update 130/390 | step=266240 | SPS=1395
update 140/390 | step=286720 | SPS=1397
[300016] Regime switch detected! 0 -> 1. Snapshotting anchor model.
update 150/390 | step=307200 | SPS=1395
update 160/390 | step=327680 | SPS=1394
update 170/390 | step=348160 | SPS=1392
update 180/390 | step=368640 | SPS=1391
update 190/390 | step=389120 | SPS=1389
[400016] Regime switch detected! 1 -> 0. Snapshotting anchor model.
update 200/390 | step=409600 | SPS=1390
update 210/390 | step=430080 | SPS=1391
update 220/390 | step=450560 | SPS=1397
update 230/390 | step=471040 | SPS=1404
update 240/390 | step=491520 | SPS=1411
[500016] Regime switch detected! 0 -> 1. Snapshotting anchor model.
update 250/390 | step=512000 | SPS=1413
update 260/390 | step=532480 | SPS=1412
update 270/390 | step=552960 | SPS=1414
update 280/390 | step=573440 | SPS=1413
update 290/390 | step=593920 | SPS=1413
[600016] Regime switch detected! 1 -> 0. Snapshotting anchor model.
update 300/390 | step=614400 | SPS=1413
update 310/390 | step=634880 | SPS=1411
update 320/390 | step=655360 | SPS=1410
update 330/390 | step=675840 | SPS=1409
update 340/390 | step=696320 | SPS=1409
[700016] Regime switch detected! 0 -> 1. Snapshotting anchor model.
update 350/390 | step=716800 | SPS=1408
update 360/390 | step=737280 | SPS=1409
update 370/390 | step=757760 | SPS=1410
update 380/390 | step=778240 | SPS=1411
[save] runs/calib8x8_brain_neuromod_seed4_20260701-064813/episode_21/ep21_env0_20260701-100302/inner_checkpoints/ep21_env0_update390.pt
update 390/390 | step=798720 | SPS=1415
Episode 21/30 | reward=4.4102 | avg10=3.5332 | avg_success_rate=0.9900 | steps=38 | time=589.1s
update 10/390 | step=20480 | SPS=1400
update 20/390 | step=40960 | SPS=1417
update 30/390 | step=61440 | SPS=1426
update 40/390 | step=81920 | SPS=1449
[100016] Regime switch detected! 0 -> 1. Snapshotting anchor model.
update 50/390 | step=102400 | SPS=1435
update 60/390 | step=122880 | SPS=1419
update 70/390 | step=143360 | SPS=1408
update 80/390 | step=163840 | SPS=1402
update 90/390 | step=184320 | SPS=1407
[200016] Regime switch detected! 1 -> 0. Snapshotting anchor model.
update 100/390 | step=204800 | SPS=1418
update 110/390 | step=225280 | SPS=1431
update 120/390 | step=245760 | SPS=1429
update 130/390 | step=266240 | SPS=1423
update 140/390 | step=286720 | SPS=1418
[300016] Regime switch detected! 0 -> 1. Snapshotting anchor model.
update 150/390 | step=307200 | SPS=1419
update 160/390 | step=327680 | SPS=1425
update 170/390 | step=348160 | SPS=1427
update 180/390 | step=368640 | SPS=1423
update 190/390 | step=389120 | SPS=1421
[400016] Regime switch detected! 1 -> 0. Snapshotting anchor model.
update 200/390 | step=409600 | SPS=1427
update 210/390 | step=430080 | SPS=1430
update 220/390 | step=450560 | SPS=1430
update 230/390 | step=471040 | SPS=1430
update 240/390 | step=491520 | SPS=1427
[500016] Regime switch detected! 0 -> 1. Snapshotting anchor model.
update 250/390 | step=512000 | SPS=1425
update 260/390 | step=532480 | SPS=1425
update 270/390 | step=552960 | SPS=1430
update 280/390 | step=573440 | SPS=1428
update 290/390 | step=593920 | SPS=1425
[600016] Regime switch detected! 1 -> 0. Snapshotting anchor model.
update 300/390 | step=614400 | SPS=1424
update 310/390 | step=634880 | SPS=1423
update 320/390 | step=655360 | SPS=1421
update 330/390 | step=675840 | SPS=1418
update 340/390 | step=696320 | SPS=1422
[700016] Regime switch detected! 0 -> 1. Snapshotting anchor model.
update 350/390 | step=716800 | SPS=1422
update 360/390 | step=737280 | SPS=1429
update 370/390 | step=757760 | SPS=1429
update 380/390 | step=778240 | SPS=1428
[save] runs/calib8x8_brain_neuromod_seed4_20260701-064813/episode_22/ep22_env0_20260701-101252/inner_checkpoints/ep22_env0_update390.pt
update 390/390 | step=798720 | SPS=1426
Episode 22/30 | reward=-0.1557 | avg10=2.8829 | avg_success_rate=0.8600 | steps=38 | time=584.5s
update 10/390 | step=20480 | SPS=1436
update 20/390 | step=40960 | SPS=1408
update 30/390 | step=61440 | SPS=1419
update 40/390 | step=81920 | SPS=1461
[100016] Regime switch detected! 0 -> 1. Snapshotting anchor model.
update 50/390 | step=102400 | SPS=1483
update 60/390 | step=122880 | SPS=1474
update 70/390 | step=143360 | SPS=1483
update 80/390 | step=163840 | SPS=1491
update 90/390 | step=184320 | SPS=1484
[200016] Regime switch detected! 1 -> 0. Snapshotting anchor model.
update 100/390 | step=204800 | SPS=1473
update 110/390 | step=225280 | SPS=1461
update 120/390 | step=245760 | SPS=1455
update 130/390 | step=266240 | SPS=1447
update 140/390 | step=286720 | SPS=1438
[300016] Regime switch detected! 0 -> 1. Snapshotting anchor model.
update 150/390 | step=307200 | SPS=1431
update 160/390 | step=327680 | SPS=1432
update 170/390 | step=348160 | SPS=1428
update 180/390 | step=368640 | SPS=1434
update 190/390 | step=389120 | SPS=1438
[400016] Regime switch detected! 1 -> 0. Snapshotting anchor model.
update 200/390 | step=409600 | SPS=1439
update 210/390 | step=430080 | SPS=1438
update 220/390 | step=450560 | SPS=1441
update 230/390 | step=471040 | SPS=1443
update 240/390 | step=491520 | SPS=1448
[500016] Regime switch detected! 0 -> 1. Snapshotting anchor model.
update 250/390 | step=512000 | SPS=1453
update 260/390 | step=532480 | SPS=1458
update 270/390 | step=552960 | SPS=1462
update 280/390 | step=573440 | SPS=1467
update 290/390 | step=593920 | SPS=1468
[600016] Regime switch detected! 1 -> 0. Snapshotting anchor model.
update 300/390 | step=614400 | SPS=1469
update 310/390 | step=634880 | SPS=1466
update 320/390 | step=655360 | SPS=1464
update 330/390 | step=675840 | SPS=1460
update 340/390 | step=696320 | SPS=1457
[700016] Regime switch detected! 0 -> 1. Snapshotting anchor model.
update 350/390 | step=716800 | SPS=1455
update 360/390 | step=737280 | SPS=1457
update 370/390 | step=757760 | SPS=1461
update 380/390 | step=778240 | SPS=1462
[save] runs/calib8x8_brain_neuromod_seed4_20260701-064813/episode_23/ep23_env0_20260701-102236/inner_checkpoints/ep23_env0_update390.pt
update 390/390 | step=798720 | SPS=1460
Episode 23/30 | reward=4.6237 | avg10=3.2373 | avg_success_rate=0.8800 | steps=38 | time=570.3s
update 10/390 | step=20480 | SPS=1442
update 20/390 | step=40960 | SPS=1419
update 30/390 | step=61440 | SPS=1391
update 40/390 | step=81920 | SPS=1399
[100016] Regime switch detected! 0 -> 1. Snapshotting anchor model.
update 50/390 | step=102400 | SPS=1404
update 60/390 | step=122880 | SPS=1399
update 70/390 | step=143360 | SPS=1393
update 80/390 | step=163840 | SPS=1393
update 90/390 | step=184320 | SPS=1396
[200016] Regime switch detected! 1 -> 0. Snapshotting anchor model.
update 100/390 | step=204800 | SPS=1402
update 110/390 | step=225280 | SPS=1410
update 120/390 | step=245760 | SPS=1410
update 130/390 | step=266240 | SPS=1410
update 140/390 | step=286720 | SPS=1409
[300016] Regime switch detected! 0 -> 1. Snapshotting anchor model.
update 150/390 | step=307200 | SPS=1415
update 160/390 | step=327680 | SPS=1422
update 170/390 | step=348160 | SPS=1430
update 180/390 | step=368640 | SPS=1434
update 190/390 | step=389120 | SPS=1431
[400016] Regime switch detected! 1 -> 0. Snapshotting anchor model.
update 200/390 | step=409600 | SPS=1433
update 210/390 | step=430080 | SPS=1439
update 220/390 | step=450560 | SPS=1442
update 230/390 | step=471040 | SPS=1443
update 240/390 | step=491520 | SPS=1445
[500016] Regime switch detected! 0 -> 1. Snapshotting anchor model.
update 250/390 | step=512000 | SPS=1443
update 260/390 | step=532480 | SPS=1441
update 270/390 | step=552960 | SPS=1438
update 280/390 | step=573440 | SPS=1441
update 290/390 | step=593920 | SPS=1440
[600016] Regime switch detected! 1 -> 0. Snapshotting anchor model.
update 300/390 | step=614400 | SPS=1437
update 310/390 | step=634880 | SPS=1435
update 320/390 | step=655360 | SPS=1433
update 330/390 | step=675840 | SPS=1431
update 340/390 | step=696320 | SPS=1429
[700016] Regime switch detected! 0 -> 1. Snapshotting anchor model.
update 350/390 | step=716800 | SPS=1430
update 360/390 | step=737280 | SPS=1431
update 370/390 | step=757760 | SPS=1430
update 380/390 | step=778240 | SPS=1432
[save] runs/calib8x8_brain_neuromod_seed4_20260701-064813/episode_24/ep24_env0_20260701-103206/inner_checkpoints/ep24_env0_update390.pt
update 390/390 | step=798720 | SPS=1432
Episode 24/30 | reward=5.9122 | avg10=3.7436 | avg_success_rate=0.8800 | steps=38 | time=581.9s
update 10/390 | step=20480 | SPS=1423
update 20/390 | step=40960 | SPS=1415
update 30/390 | step=61440 | SPS=1412
update 40/390 | step=81920 | SPS=1401
[100016] Regime switch detected! 0 -> 1. Snapshotting anchor model.
update 50/390 | step=102400 | SPS=1386
update 60/390 | step=122880 | SPS=1380
update 70/390 | step=143360 | SPS=1375
update 80/390 | step=163840 | SPS=1375
update 90/390 | step=184320 | SPS=1372
[200016] Regime switch detected! 1 -> 0. Snapshotting anchor model.
update 100/390 | step=204800 | SPS=1374
update 110/390 | step=225280 | SPS=1379
update 120/390 | step=245760 | SPS=1379
update 130/390 | step=266240 | SPS=1378
update 140/390 | step=286720 | SPS=1377
[300016] Regime switch detected! 0 -> 1. Snapshotting anchor model.
update 150/390 | step=307200 | SPS=1383
update 160/390 | step=327680 | SPS=1387
update 170/390 | step=348160 | SPS=1394
update 180/390 | step=368640 | SPS=1401
update 190/390 | step=389120 | SPS=1409
[400016] Regime switch detected! 1 -> 0. Snapshotting anchor model.
update 200/390 | step=409600 | SPS=1408
update 210/390 | step=430080 | SPS=1405
update 220/390 | step=450560 | SPS=1403
update 230/390 | step=471040 | SPS=1401
update 240/390 | step=491520 | SPS=1400
[500016] Regime switch detected! 0 -> 1. Snapshotting anchor model.
update 250/390 | step=512000 | SPS=1403
update 260/390 | step=532480 | SPS=1408
update 270/390 | step=552960 | SPS=1412
update 280/390 | step=573440 | SPS=1417
update 290/390 | step=593920 | SPS=1422
[600016] Regime switch detected! 1 -> 0. Snapshotting anchor model.
update 300/390 | step=614400 | SPS=1427
update 310/390 | step=634880 | SPS=1430
update 320/390 | step=655360 | SPS=1434
update 330/390 | step=675840 | SPS=1438
update 340/390 | step=696320 | SPS=1442
[700016] Regime switch detected! 0 -> 1. Snapshotting anchor model.
update 350/390 | step=716800 | SPS=1444
update 360/390 | step=737280 | SPS=1442
update 370/390 | step=757760 | SPS=1439
update 380/390 | step=778240 | SPS=1439
[save] runs/calib8x8_brain_neuromod_seed4_20260701-064813/episode_25/ep25_env0_20260701-104148/inner_checkpoints/ep25_env0_update390.pt
update 390/390 | step=798720 | SPS=1441
Episode 25/30 | reward=3.1165 | avg10=3.6394 | avg_success_rate=0.9000 | steps=38 | time=577.9s
update 10/390 | step=20480 | SPS=1408
update 20/390 | step=40960 | SPS=1413
update 30/390 | step=61440 | SPS=1465
update 40/390 | step=81920 | SPS=1445
[100016] Regime switch detected! 0 -> 1. Snapshotting anchor model.
update 50/390 | step=102400 | SPS=1425
update 60/390 | step=122880 | SPS=1426
update 70/390 | step=143360 | SPS=1444
update 80/390 | step=163840 | SPS=1460
update 90/390 | step=184320 | SPS=1458
[200016] Regime switch detected! 1 -> 0. Snapshotting anchor model.
update 100/390 | step=204800 | SPS=1463
update 110/390 | step=225280 | SPS=1471
update 120/390 | step=245760 | SPS=1472
update 130/390 | step=266240 | SPS=1464
update 140/390 | step=286720 | SPS=1456
[300016] Regime switch detected! 0 -> 1. Snapshotting anchor model.
update 150/390 | step=307200 | SPS=1458
update 160/390 | step=327680 | SPS=1452
update 170/390 | step=348160 | SPS=1449
update 180/390 | step=368640 | SPS=1451
update 190/390 | step=389120 | SPS=1455
[400016] Regime switch detected! 1 -> 0. Snapshotting anchor model.
update 200/390 | step=409600 | SPS=1459
update 210/390 | step=430080 | SPS=1463
update 220/390 | step=450560 | SPS=1461
update 230/390 | step=471040 | SPS=1463
update 240/390 | step=491520 | SPS=1466
[500016] Regime switch detected! 0 -> 1. Snapshotting anchor model.
update 250/390 | step=512000 | SPS=1470
update 260/390 | step=532480 | SPS=1467
update 270/390 | step=552960 | SPS=1464
update 280/390 | step=573440 | SPS=1460
update 290/390 | step=593920 | SPS=1457
[600016] Regime switch detected! 1 -> 0. Snapshotting anchor model.
update 300/390 | step=614400 | SPS=1454
update 310/390 | step=634880 | SPS=1456
update 320/390 | step=655360 | SPS=1453
update 330/390 | step=675840 | SPS=1450
update 340/390 | step=696320 | SPS=1447
[700016] Regime switch detected! 0 -> 1. Snapshotting anchor model.
update 350/390 | step=716800 | SPS=1443
update 360/390 | step=737280 | SPS=1441
update 370/390 | step=757760 | SPS=1439
update 380/390 | step=778240 | SPS=1437
[save] runs/calib8x8_brain_neuromod_seed4_20260701-064813/episode_26/ep26_env0_20260701-105126/inner_checkpoints/ep26_env0_update390.pt
update 390/390 | step=798720 | SPS=1440
Episode 26/30 | reward=2.1163 | avg10=3.5200 | avg_success_rate=0.8200 | steps=38 | time=579.1s
update 10/390 | step=20480 | SPS=1417
update 20/390 | step=40960 | SPS=1397
update 30/390 | step=61440 | SPS=1375
update 40/390 | step=81920 | SPS=1374
[100016] Regime switch detected! 0 -> 1. Snapshotting anchor model.
update 50/390 | step=102400 | SPS=1374
update 60/390 | step=122880 | SPS=1394
update 70/390 | step=143360 | SPS=1392
update 80/390 | step=163840 | SPS=1390
update 90/390 | step=184320 | SPS=1388
[200016] Regime switch detected! 1 -> 0. Snapshotting anchor model.
update 100/390 | step=204800 | SPS=1397
update 110/390 | step=225280 | SPS=1398
update 120/390 | step=245760 | SPS=1396
update 130/390 | step=266240 | SPS=1394
update 140/390 | step=286720 | SPS=1391
[300016] Regime switch detected! 0 -> 1. Snapshotting anchor model.
update 150/390 | step=307200 | SPS=1388
update 160/390 | step=327680 | SPS=1386
update 170/390 | step=348160 | SPS=1383
update 180/390 | step=368640 | SPS=1392
update 190/390 | step=389120 | SPS=1400
[400016] Regime switch detected! 1 -> 0. Snapshotting anchor model.
update 200/390 | step=409600 | SPS=1408
update 210/390 | step=430080 | SPS=1416
update 220/390 | step=450560 | SPS=1419
update 230/390 | step=471040 | SPS=1425
update 240/390 | step=491520 | SPS=1430
[500016] Regime switch detected! 0 -> 1. Snapshotting anchor model.
update 250/390 | step=512000 | SPS=1436
update 260/390 | step=532480 | SPS=1441
update 270/390 | step=552960 | SPS=1446
update 280/390 | step=573440 | SPS=1450
update 290/390 | step=593920 | SPS=1454
[600016] Regime switch detected! 1 -> 0. Snapshotting anchor model.
update 300/390 | step=614400 | SPS=1457
update 310/390 | step=634880 | SPS=1456
update 320/390 | step=655360 | SPS=1452
update 330/390 | step=675840 | SPS=1449
update 340/390 | step=696320 | SPS=1446
[700016] Regime switch detected! 0 -> 1. Snapshotting anchor model.
update 350/390 | step=716800 | SPS=1448
update 360/390 | step=737280 | SPS=1450
update 370/390 | step=757760 | SPS=1452
update 380/390 | step=778240 | SPS=1455
[save] runs/calib8x8_brain_neuromod_seed4_20260701-064813/episode_27/ep27_env0_20260701-110105/inner_checkpoints/ep27_env0_update390.pt
update 390/390 | step=798720 | SPS=1454
Episode 27/30 | reward=4.1509 | avg10=3.6512 | avg_success_rate=0.9200 | steps=38 | time=574.5s
update 10/390 | step=20480 | SPS=1543
update 20/390 | step=40960 | SPS=1476
update 30/390 | step=61440 | SPS=1434
update 40/390 | step=81920 | SPS=1425
[100016] Regime switch detected! 0 -> 1. Snapshotting anchor model.
update 50/390 | step=102400 | SPS=1445
update 60/390 | step=122880 | SPS=1453
update 70/390 | step=143360 | SPS=1439
update 80/390 | step=163840 | SPS=1432
update 90/390 | step=184320 | SPS=1422
[200016] Regime switch detected! 1 -> 0. Snapshotting anchor model.
update 100/390 | step=204800 | SPS=1419
update 110/390 | step=225280 | SPS=1414
update 120/390 | step=245760 | SPS=1414
update 130/390 | step=266240 | SPS=1422
update 140/390 | step=286720 | SPS=1418
[300016] Regime switch detected! 0 -> 1. Snapshotting anchor model.
update 150/390 | step=307200 | SPS=1413
update 160/390 | step=327680 | SPS=1410
update 170/390 | step=348160 | SPS=1414
update 180/390 | step=368640 | SPS=1421
update 190/390 | step=389120 | SPS=1428
[400016] Regime switch detected! 1 -> 0. Snapshotting anchor model.
update 200/390 | step=409600 | SPS=1435
update 210/390 | step=430080 | SPS=1441
update 220/390 | step=450560 | SPS=1447
update 230/390 | step=471040 | SPS=1451
update 240/390 | step=491520 | SPS=1457
[500016] Regime switch detected! 0 -> 1. Snapshotting anchor model.
update 250/390 | step=512000 | SPS=1462
update 260/390 | step=532480 | SPS=1464
update 270/390 | step=552960 | SPS=1469
update 280/390 | step=573440 | SPS=1471
update 290/390 | step=593920 | SPS=1474
[600016] Regime switch detected! 1 -> 0. Snapshotting anchor model.
update 300/390 | step=614400 | SPS=1476
update 310/390 | step=634880 | SPS=1479
update 320/390 | step=655360 | SPS=1482
update 330/390 | step=675840 | SPS=1484
update 340/390 | step=696320 | SPS=1485
[700016] Regime switch detected! 0 -> 1. Snapshotting anchor model.
update 350/390 | step=716800 | SPS=1487
update 360/390 | step=737280 | SPS=1484
update 370/390 | step=757760 | SPS=1480
update 380/390 | step=778240 | SPS=1477
[save] runs/calib8x8_brain_neuromod_seed4_20260701-064813/episode_28/ep28_env0_20260701-111040/inner_checkpoints/ep28_env0_update390.pt
update 390/390 | step=798720 | SPS=1475
Episode 28/30 | reward=5.9485 | avg10=3.8740 | avg_success_rate=0.9700 | steps=38 | time=566.1s
update 10/390 | step=20480 | SPS=1538
update 20/390 | step=40960 | SPS=1470
update 30/390 | step=61440 | SPS=1482
update 40/390 | step=81920 | SPS=1495
[100016] Regime switch detected! 0 -> 1. Snapshotting anchor model.
update 50/390 | step=102400 | SPS=1475
update 60/390 | step=122880 | SPS=1481
update 70/390 | step=143360 | SPS=1485
update 80/390 | step=163840 | SPS=1477
update 90/390 | step=184320 | SPS=1476
[200016] Regime switch detected! 1 -> 0. Snapshotting anchor model.
update 100/390 | step=204800 | SPS=1465
update 110/390 | step=225280 | SPS=1455
update 120/390 | step=245760 | SPS=1449
update 130/390 | step=266240 | SPS=1440
update 140/390 | step=286720 | SPS=1435
[300016] Regime switch detected! 0 -> 1. Snapshotting anchor model.
update 150/390 | step=307200 | SPS=1428
update 160/390 | step=327680 | SPS=1424
update 170/390 | step=348160 | SPS=1429
update 180/390 | step=368640 | SPS=1436
update 190/390 | step=389120 | SPS=1437
[400016] Regime switch detected! 1 -> 0. Snapshotting anchor model.
update 200/390 | step=409600 | SPS=1442
update 210/390 | step=430080 | SPS=1443
update 220/390 | step=450560 | SPS=1441
update 230/390 | step=471040 | SPS=1436
update 240/390 | step=491520 | SPS=1433
[500016] Regime switch detected! 0 -> 1. Snapshotting anchor model.
update 250/390 | step=512000 | SPS=1430
update 260/390 | step=532480 | SPS=1429
update 270/390 | step=552960 | SPS=1428
update 280/390 | step=573440 | SPS=1429
update 290/390 | step=593920 | SPS=1432
[600016] Regime switch detected! 1 -> 0. Snapshotting anchor model.
update 300/390 | step=614400 | SPS=1435
update 310/390 | step=634880 | SPS=1431
update 320/390 | step=655360 | SPS=1429
update 330/390 | step=675840 | SPS=1426
update 340/390 | step=696320 | SPS=1423
[700016] Regime switch detected! 0 -> 1. Snapshotting anchor model.
update 350/390 | step=716800 | SPS=1421
update 360/390 | step=737280 | SPS=1420
update 370/390 | step=757760 | SPS=1418
update 380/390 | step=778240 | SPS=1417
[save] runs/calib8x8_brain_neuromod_seed4_20260701-064813/episode_29/ep29_env0_20260701-112006/inner_checkpoints/ep29_env0_update390.pt
update 390/390 | step=798720 | SPS=1415
Episode 29/30 | reward=3.4634 | avg10=3.9058 | avg_success_rate=0.9300 | steps=38 | time=589.2s
update 10/390 | step=20480 | SPS=1559
update 20/390 | step=40960 | SPS=1559
update 30/390 | step=61440 | SPS=1549
update 40/390 | step=81920 | SPS=1541
[100016] Regime switch detected! 0 -> 1. Snapshotting anchor model.
update 50/390 | step=102400 | SPS=1505
update 60/390 | step=122880 | SPS=1496
update 70/390 | step=143360 | SPS=1502
update 80/390 | step=163840 | SPS=1504
update 90/390 | step=184320 | SPS=1507
[200016] Regime switch detected! 1 -> 0. Snapshotting anchor model.
update 100/390 | step=204800 | SPS=1515
update 110/390 | step=225280 | SPS=1520
update 120/390 | step=245760 | SPS=1524
update 130/390 | step=266240 | SPS=1516
update 140/390 | step=286720 | SPS=1503
[300016] Regime switch detected! 0 -> 1. Snapshotting anchor model.
update 150/390 | step=307200 | SPS=1495
update 160/390 | step=327680 | SPS=1493
update 170/390 | step=348160 | SPS=1483
update 180/390 | step=368640 | SPS=1475
update 190/390 | step=389120 | SPS=1476
[400016] Regime switch detected! 1 -> 0. Snapshotting anchor model.
update 200/390 | step=409600 | SPS=1476
update 210/390 | step=430080 | SPS=1470
update 220/390 | step=450560 | SPS=1467
update 230/390 | step=471040 | SPS=1463
update 240/390 | step=491520 | SPS=1460
[500016] Regime switch detected! 0 -> 1. Snapshotting anchor model.
update 250/390 | step=512000 | SPS=1455
update 260/390 | step=532480 | SPS=1450
update 270/390 | step=552960 | SPS=1447
update 280/390 | step=573440 | SPS=1449
update 290/390 | step=593920 | SPS=1447
[600016] Regime switch detected! 1 -> 0. Snapshotting anchor model.
update 300/390 | step=614400 | SPS=1447
update 310/390 | step=634880 | SPS=1449
update 320/390 | step=655360 | SPS=1450
update 330/390 | step=675840 | SPS=1450
update 340/390 | step=696320 | SPS=1448
[700016] Regime switch detected! 0 -> 1. Snapshotting anchor model.
update 350/390 | step=716800 | SPS=1448
update 360/390 | step=737280 | SPS=1450
update 370/390 | step=757760 | SPS=1449
update 380/390 | step=778240 | SPS=1449
[save] runs/calib8x8_brain_neuromod_seed4_20260701-064813/episode_30/ep30_env0_20260701-112955/inner_checkpoints/ep30_env0_update390.pt
update 390/390 | step=798720 | SPS=1447
Episode 30/30 | reward=3.9506 | avg10=3.7537 | avg_success_rate=0.8900 | steps=38 | time=576.5s
  [brain ckpt] runs/calib8x8_brain_neuromod_seed4_20260701-064813/episode_30/brain_ep30.pt
Saved Brain model to: runs/calib8x8_brain_neuromod_seed4_20260701-064813/brain_model.pt

Brain training complete. Total RL episodes: 30
