Saved configuration to: runs/calib8x8_brain_neuromod_trainable_declr_slowbrain_seed1_20260701-183955/config.txt
Training Brain on cuda for 30 RL episodes
  Inner: 800000 timesteps, regime switch every 100000 steps
  Parallel Envs: 1
  Brain vectorization: sync
  Decision interval: 10 inner updates

--- Starting Meta-RL PPO Training (Target: 30) ---
update 10/390 | step=20480 | SPS=1189
update 20/390 | step=40960 | SPS=1207
update 30/390 | step=61440 | SPS=1206
update 40/390 | step=81920 | SPS=1232
[100016] Regime switch detected! 0 -> 1. Snapshotting anchor model.
update 50/390 | step=102400 | SPS=1243
update 60/390 | step=122880 | SPS=1245
update 70/390 | step=143360 | SPS=1247
update 80/390 | step=163840 | SPS=1244
update 90/390 | step=184320 | SPS=1240
[200016] Regime switch detected! 1 -> 0. Snapshotting anchor model.
update 100/390 | step=204800 | SPS=1234
update 110/390 | step=225280 | SPS=1237
update 120/390 | step=245760 | SPS=1233
update 130/390 | step=266240 | SPS=1229
update 140/390 | step=286720 | SPS=1232
[300016] Regime switch detected! 0 -> 1. Snapshotting anchor model.
update 150/390 | step=307200 | SPS=1232
update 160/390 | step=327680 | SPS=1230
update 170/390 | step=348160 | SPS=1233
update 180/390 | step=368640 | SPS=1236
update 190/390 | step=389120 | SPS=1236
[400016] Regime switch detected! 1 -> 0. Snapshotting anchor model.
update 200/390 | step=409600 | SPS=1234
update 210/390 | step=430080 | SPS=1237
update 220/390 | step=450560 | SPS=1240
update 230/390 | step=471040 | SPS=1242
update 240/390 | step=491520 | SPS=1245
[500016] Regime switch detected! 0 -> 1. Snapshotting anchor model.
update 250/390 | step=512000 | SPS=1248
update 260/390 | step=532480 | SPS=1247
update 270/390 | step=552960 | SPS=1250
update 280/390 | step=573440 | SPS=1250
update 290/390 | step=593920 | SPS=1247
[600016] Regime switch detected! 1 -> 0. Snapshotting anchor model.
update 300/390 | step=614400 | SPS=1244
update 310/390 | step=634880 | SPS=1243
update 320/390 | step=655360 | SPS=1243
update 330/390 | step=675840 | SPS=1244
update 340/390 | step=696320 | SPS=1246
[700016] Regime switch detected! 0 -> 1. Snapshotting anchor model.
update 350/390 | step=716800 | SPS=1248
update 360/390 | step=737280 | SPS=1250
update 370/390 | step=757760 | SPS=1252
update 380/390 | step=778240 | SPS=1251
update 390/390 | step=798720 | SPS=1249
Episode 1/30 | reward=5.1178 | avg10=5.1178 | avg_success_rate=1.0000 | steps=38 | time=642.7s
update 10/390 | step=20480 | SPS=1296
update 20/390 | step=40960 | SPS=1247
update 30/390 | step=61440 | SPS=1241
update 40/390 | step=81920 | SPS=1262
[100016] Regime switch detected! 0 -> 1. Snapshotting anchor model.
update 50/390 | step=102400 | SPS=1277
update 60/390 | step=122880 | SPS=1287
update 70/390 | step=143360 | SPS=1292
update 80/390 | step=163840 | SPS=1292
update 90/390 | step=184320 | SPS=1294
[200016] Regime switch detected! 1 -> 0. Snapshotting anchor model.
update 100/390 | step=204800 | SPS=1296
update 110/390 | step=225280 | SPS=1288
update 120/390 | step=245760 | SPS=1283
update 130/390 | step=266240 | SPS=1285
update 140/390 | step=286720 | SPS=1287
[300016] Regime switch detected! 0 -> 1. Snapshotting anchor model.
update 150/390 | step=307200 | SPS=1285
update 160/390 | step=327680 | SPS=1286
update 170/390 | step=348160 | SPS=1285
update 180/390 | step=368640 | SPS=1287
update 190/390 | step=389120 | SPS=1284
[400016] Regime switch detected! 1 -> 0. Snapshotting anchor model.
update 200/390 | step=409600 | SPS=1277
update 210/390 | step=430080 | SPS=1275
update 220/390 | step=450560 | SPS=1271
update 230/390 | step=471040 | SPS=1272
update 240/390 | step=491520 | SPS=1273
[500016] Regime switch detected! 0 -> 1. Snapshotting anchor model.
update 250/390 | step=512000 | SPS=1272
update 260/390 | step=532480 | SPS=1271
update 270/390 | step=552960 | SPS=1273
update 280/390 | step=573440 | SPS=1274
update 290/390 | step=593920 | SPS=1274
[600016] Regime switch detected! 1 -> 0. Snapshotting anchor model.
update 300/390 | step=614400 | SPS=1273
update 310/390 | step=634880 | SPS=1271
update 320/390 | step=655360 | SPS=1269
update 330/390 | step=675840 | SPS=1265
update 340/390 | step=696320 | SPS=1264
[700016] Regime switch detected! 0 -> 1. Snapshotting anchor model.
update 350/390 | step=716800 | SPS=1263
update 360/390 | step=737280 | SPS=1260
update 370/390 | step=757760 | SPS=1259
update 380/390 | step=778240 | SPS=1258
update 390/390 | step=798720 | SPS=1257
Episode 2/30 | reward=5.1762 | avg10=5.1470 | avg_success_rate=0.9900 | steps=38 | time=638.6s
update 10/390 | step=20480 | SPS=1283
update 20/390 | step=40960 | SPS=1226
update 30/390 | step=61440 | SPS=1238
update 40/390 | step=81920 | SPS=1237
[100016] Regime switch detected! 0 -> 1. Snapshotting anchor model.
update 50/390 | step=102400 | SPS=1251
update 60/390 | step=122880 | SPS=1267
update 70/390 | step=143360 | SPS=1258
update 80/390 | step=163840 | SPS=1264
update 90/390 | step=184320 | SPS=1270
[200016] Regime switch detected! 1 -> 0. Snapshotting anchor model.
update 100/390 | step=204800 | SPS=1270
update 110/390 | step=225280 | SPS=1269
update 120/390 | step=245760 | SPS=1261
update 130/390 | step=266240 | SPS=1256
update 140/390 | step=286720 | SPS=1253
[300016] Regime switch detected! 0 -> 1. Snapshotting anchor model.
update 150/390 | step=307200 | SPS=1253
update 160/390 | step=327680 | SPS=1250
update 170/390 | step=348160 | SPS=1254
update 180/390 | step=368640 | SPS=1257
update 190/390 | step=389120 | SPS=1257
[400016] Regime switch detected! 1 -> 0. Snapshotting anchor model.
update 200/390 | step=409600 | SPS=1259
update 210/390 | step=430080 | SPS=1261
update 220/390 | step=450560 | SPS=1261
update 230/390 | step=471040 | SPS=1260
update 240/390 | step=491520 | SPS=1259
[500016] Regime switch detected! 0 -> 1. Snapshotting anchor model.
update 250/390 | step=512000 | SPS=1258
update 260/390 | step=532480 | SPS=1255
update 270/390 | step=552960 | SPS=1253
update 280/390 | step=573440 | SPS=1252
update 290/390 | step=593920 | SPS=1251
[600016] Regime switch detected! 1 -> 0. Snapshotting anchor model.
update 300/390 | step=614400 | SPS=1248
update 310/390 | step=634880 | SPS=1246
update 320/390 | step=655360 | SPS=1247
update 330/390 | step=675840 | SPS=1247
update 340/390 | step=696320 | SPS=1249
[700016] Regime switch detected! 0 -> 1. Snapshotting anchor model.
update 350/390 | step=716800 | SPS=1251
update 360/390 | step=737280 | SPS=1253
update 370/390 | step=757760 | SPS=1254
update 380/390 | step=778240 | SPS=1255
update 390/390 | step=798720 | SPS=1254
Episode 3/30 | reward=5.0522 | avg10=5.1154 | avg_success_rate=0.9800 | steps=38 | time=640.3s
update 10/390 | step=20480 | SPS=1245
update 20/390 | step=40960 | SPS=1213
update 30/390 | step=61440 | SPS=1209
update 40/390 | step=81920 | SPS=1217
[100016] Regime switch detected! 0 -> 1. Snapshotting anchor model.
update 50/390 | step=102400 | SPS=1231
update 60/390 | step=122880 | SPS=1223
update 70/390 | step=143360 | SPS=1238
update 80/390 | step=163840 | SPS=1251
update 90/390 | step=184320 | SPS=1258
[200016] Regime switch detected! 1 -> 0. Snapshotting anchor model.
update 100/390 | step=204800 | SPS=1266
update 110/390 | step=225280 | SPS=1270
update 120/390 | step=245760 | SPS=1273
update 130/390 | step=266240 | SPS=1277
update 140/390 | step=286720 | SPS=1280
[300016] Regime switch detected! 0 -> 1. Snapshotting anchor model.
update 150/390 | step=307200 | SPS=1279
update 160/390 | step=327680 | SPS=1282
update 170/390 | step=348160 | SPS=1282
update 180/390 | step=368640 | SPS=1283
update 190/390 | step=389120 | SPS=1284
[400016] Regime switch detected! 1 -> 0. Snapshotting anchor model.
update 200/390 | step=409600 | SPS=1280
update 210/390 | step=430080 | SPS=1277
update 220/390 | step=450560 | SPS=1279
update 230/390 | step=471040 | SPS=1282
update 240/390 | step=491520 | SPS=1283
[500016] Regime switch detected! 0 -> 1. Snapshotting anchor model.
update 250/390 | step=512000 | SPS=1284
update 260/390 | step=532480 | SPS=1285
update 270/390 | step=552960 | SPS=1284
update 280/390 | step=573440 | SPS=1282
update 290/390 | step=593920 | SPS=1280
[600016] Regime switch detected! 1 -> 0. Snapshotting anchor model.
update 300/390 | step=614400 | SPS=1277
update 310/390 | step=634880 | SPS=1277
update 320/390 | step=655360 | SPS=1277
update 330/390 | step=675840 | SPS=1274
update 340/390 | step=696320 | SPS=1274
[700016] Regime switch detected! 0 -> 1. Snapshotting anchor model.
update 350/390 | step=716800 | SPS=1272
update 360/390 | step=737280 | SPS=1273
update 370/390 | step=757760 | SPS=1274
update 380/390 | step=778240 | SPS=1272
update 390/390 | step=798720 | SPS=1270
Episode 4/30 | reward=1.7579 | avg10=4.2760 | avg_success_rate=0.7700 | steps=38 | time=631.9s
update 10/390 | step=20480 | SPS=1311
update 20/390 | step=40960 | SPS=1267
update 30/390 | step=61440 | SPS=1274
update 40/390 | step=81920 | SPS=1254
[100016] Regime switch detected! 0 -> 1. Snapshotting anchor model.
update 50/390 | step=102400 | SPS=1239
update 60/390 | step=122880 | SPS=1228
update 70/390 | step=143360 | SPS=1226
update 80/390 | step=163840 | SPS=1223
update 90/390 | step=184320 | SPS=1224
[200016] Regime switch detected! 1 -> 0. Snapshotting anchor model.
update 100/390 | step=204800 | SPS=1234
update 110/390 | step=225280 | SPS=1236
update 120/390 | step=245760 | SPS=1238
update 130/390 | step=266240 | SPS=1240
update 140/390 | step=286720 | SPS=1246
[300016] Regime switch detected! 0 -> 1. Snapshotting anchor model.
update 150/390 | step=307200 | SPS=1248
update 160/390 | step=327680 | SPS=1252
update 170/390 | step=348160 | SPS=1250
update 180/390 | step=368640 | SPS=1252
update 190/390 | step=389120 | SPS=1254
[400016] Regime switch detected! 1 -> 0. Snapshotting anchor model.
update 200/390 | step=409600 | SPS=1256
update 210/390 | step=430080 | SPS=1259
update 220/390 | step=450560 | SPS=1259
update 230/390 | step=471040 | SPS=1260
update 240/390 | step=491520 | SPS=1258
[500016] Regime switch detected! 0 -> 1. Snapshotting anchor model.
update 250/390 | step=512000 | SPS=1255
update 260/390 | step=532480 | SPS=1252
update 270/390 | step=552960 | SPS=1252
update 280/390 | step=573440 | SPS=1255
update 290/390 | step=593920 | SPS=1254
[600016] Regime switch detected! 1 -> 0. Snapshotting anchor model.
update 300/390 | step=614400 | SPS=1255
update 310/390 | step=634880 | SPS=1255
update 320/390 | step=655360 | SPS=1256
update 330/390 | step=675840 | SPS=1258
update 340/390 | step=696320 | SPS=1258
[700016] Regime switch detected! 0 -> 1. Snapshotting anchor model.
update 350/390 | step=716800 | SPS=1257
update 360/390 | step=737280 | SPS=1257
update 370/390 | step=757760 | SPS=1258
update 380/390 | step=778240 | SPS=1258
update 390/390 | step=798720 | SPS=1261
Episode 5/30 | reward=3.8094 | avg10=4.1827 | avg_success_rate=0.9000 | steps=38 | time=636.3s
  [brain ckpt] runs/calib8x8_brain_neuromod_trainable_declr_slowbrain_seed1_20260701-183955/episode_5/brain_ep5.pt
update 10/390 | step=20480 | SPS=1264
update 20/390 | step=40960 | SPS=1223
update 30/390 | step=61440 | SPS=1251
update 40/390 | step=81920 | SPS=1270
[100016] Regime switch detected! 0 -> 1. Snapshotting anchor model.
update 50/390 | step=102400 | SPS=1269
update 60/390 | step=122880 | SPS=1275
update 70/390 | step=143360 | SPS=1276
update 80/390 | step=163840 | SPS=1280
update 90/390 | step=184320 | SPS=1282
[200016] Regime switch detected! 1 -> 0. Snapshotting anchor model.
update 100/390 | step=204800 | SPS=1282
update 110/390 | step=225280 | SPS=1281
update 120/390 | step=245760 | SPS=1273
update 130/390 | step=266240 | SPS=1271
update 140/390 | step=286720 | SPS=1267
[300016] Regime switch detected! 0 -> 1. Snapshotting anchor model.
update 150/390 | step=307200 | SPS=1264
update 160/390 | step=327680 | SPS=1263
update 170/390 | step=348160 | SPS=1261
update 180/390 | step=368640 | SPS=1258
update 190/390 | step=389120 | SPS=1256
[400016] Regime switch detected! 1 -> 0. Snapshotting anchor model.
update 200/390 | step=409600 | SPS=1257
update 210/390 | step=430080 | SPS=1254
update 220/390 | step=450560 | SPS=1257
update 230/390 | step=471040 | SPS=1259
update 240/390 | step=491520 | SPS=1257
[500016] Regime switch detected! 0 -> 1. Snapshotting anchor model.
update 250/390 | step=512000 | SPS=1254
update 260/390 | step=532480 | SPS=1253
update 270/390 | step=552960 | SPS=1251
update 280/390 | step=573440 | SPS=1249
update 290/390 | step=593920 | SPS=1247
[600016] Regime switch detected! 1 -> 0. Snapshotting anchor model.
update 300/390 | step=614400 | SPS=1245
update 310/390 | step=634880 | SPS=1243
update 320/390 | step=655360 | SPS=1244
update 330/390 | step=675840 | SPS=1245
update 340/390 | step=696320 | SPS=1246
[700016] Regime switch detected! 0 -> 1. Snapshotting anchor model.
update 350/390 | step=716800 | SPS=1247
update 360/390 | step=737280 | SPS=1248
update 370/390 | step=757760 | SPS=1249
update 380/390 | step=778240 | SPS=1249
update 390/390 | step=798720 | SPS=1250
Episode 6/30 | reward=7.0313 | avg10=4.6575 | avg_success_rate=0.9600 | steps=38 | time=641.7s
update 10/390 | step=20480 | SPS=1242
update 20/390 | step=40960 | SPS=1206
update 30/390 | step=61440 | SPS=1215
update 40/390 | step=81920 | SPS=1221
[100016] Regime switch detected! 0 -> 1. Snapshotting anchor model.
update 50/390 | step=102400 | SPS=1210
update 60/390 | step=122880 | SPS=1207
update 70/390 | step=143360 | SPS=1207
update 80/390 | step=163840 | SPS=1205
update 90/390 | step=184320 | SPS=1213
[200016] Regime switch detected! 1 -> 0. Snapshotting anchor model.
update 100/390 | step=204800 | SPS=1214
update 110/390 | step=225280 | SPS=1212
update 120/390 | step=245760 | SPS=1213
update 130/390 | step=266240 | SPS=1210
update 140/390 | step=286720 | SPS=1210
[300016] Regime switch detected! 0 -> 1. Snapshotting anchor model.
update 150/390 | step=307200 | SPS=1214
update 160/390 | step=327680 | SPS=1214
update 170/390 | step=348160 | SPS=1214
update 180/390 | step=368640 | SPS=1211
update 190/390 | step=389120 | SPS=1211
[400016] Regime switch detected! 1 -> 0. Snapshotting anchor model.
update 200/390 | step=409600 | SPS=1212
update 210/390 | step=430080 | SPS=1211
update 220/390 | step=450560 | SPS=1210
update 230/390 | step=471040 | SPS=1210
update 240/390 | step=491520 | SPS=1213
[500016] Regime switch detected! 0 -> 1. Snapshotting anchor model.
update 250/390 | step=512000 | SPS=1217
update 260/390 | step=532480 | SPS=1220
update 270/390 | step=552960 | SPS=1222
update 280/390 | step=573440 | SPS=1224
update 290/390 | step=593920 | SPS=1226
[600016] Regime switch detected! 1 -> 0. Snapshotting anchor model.
update 300/390 | step=614400 | SPS=1226
update 310/390 | step=634880 | SPS=1226
update 320/390 | step=655360 | SPS=1226
update 330/390 | step=675840 | SPS=1229
update 340/390 | step=696320 | SPS=1232
[700016] Regime switch detected! 0 -> 1. Snapshotting anchor model.
update 350/390 | step=716800 | SPS=1233
update 360/390 | step=737280 | SPS=1235
update 370/390 | step=757760 | SPS=1236
update 380/390 | step=778240 | SPS=1239
update 390/390 | step=798720 | SPS=1240
Episode 7/30 | reward=6.4331 | avg10=4.9111 | avg_success_rate=0.9500 | steps=38 | time=647.1s
update 10/390 | step=20480 | SPS=1228
update 20/390 | step=40960 | SPS=1218
update 30/390 | step=61440 | SPS=1208
update 40/390 | step=81920 | SPS=1213
[100016] Regime switch detected! 0 -> 1. Snapshotting anchor model.
update 50/390 | step=102400 | SPS=1210
update 60/390 | step=122880 | SPS=1215
update 70/390 | step=143360 | SPS=1229
update 80/390 | step=163840 | SPS=1228
update 90/390 | step=184320 | SPS=1232
[200016] Regime switch detected! 1 -> 0. Snapshotting anchor model.
update 100/390 | step=204800 | SPS=1241
update 110/390 | step=225280 | SPS=1248
update 120/390 | step=245760 | SPS=1253
update 130/390 | step=266240 | SPS=1255
update 140/390 | step=286720 | SPS=1256
[300016] Regime switch detected! 0 -> 1. Snapshotting anchor model.
update 150/390 | step=307200 | SPS=1254
update 160/390 | step=327680 | SPS=1250
update 170/390 | step=348160 | SPS=1253
update 180/390 | step=368640 | SPS=1256
update 190/390 | step=389120 | SPS=1258
[400016] Regime switch detected! 1 -> 0. Snapshotting anchor model.
update 200/390 | step=409600 | SPS=1256
update 210/390 | step=430080 | SPS=1255
update 220/390 | step=450560 | SPS=1256
update 230/390 | step=471040 | SPS=1258
update 240/390 | step=491520 | SPS=1258
[500016] Regime switch detected! 0 -> 1. Snapshotting anchor model.
update 250/390 | step=512000 | SPS=1258
update 260/390 | step=532480 | SPS=1259
update 270/390 | step=552960 | SPS=1262
update 280/390 | step=573440 | SPS=1264
update 290/390 | step=593920 | SPS=1265
[600016] Regime switch detected! 1 -> 0. Snapshotting anchor model.
update 300/390 | step=614400 | SPS=1264
update 310/390 | step=634880 | SPS=1265
update 320/390 | step=655360 | SPS=1267
update 330/390 | step=675840 | SPS=1267
update 340/390 | step=696320 | SPS=1268
[700016] Regime switch detected! 0 -> 1. Snapshotting anchor model.
update 350/390 | step=716800 | SPS=1265
update 360/390 | step=737280 | SPS=1266
update 370/390 | step=757760 | SPS=1265
update 380/390 | step=778240 | SPS=1263
update 390/390 | step=798720 | SPS=1266
Episode 8/30 | reward=3.6728 | avg10=4.7563 | avg_success_rate=0.8900 | steps=38 | time=634.0s
update 10/390 | step=20480 | SPS=1244
update 20/390 | step=40960 | SPS=1236
update 30/390 | step=61440 | SPS=1223
update 40/390 | step=81920 | SPS=1213
[100016] Regime switch detected! 0 -> 1. Snapshotting anchor model.
update 50/390 | step=102400 | SPS=1221
update 60/390 | step=122880 | SPS=1213
update 70/390 | step=143360 | SPS=1211
update 80/390 | step=163840 | SPS=1209
update 90/390 | step=184320 | SPS=1211
[200016] Regime switch detected! 1 -> 0. Snapshotting anchor model.
update 100/390 | step=204800 | SPS=1212
update 110/390 | step=225280 | SPS=1214
update 120/390 | step=245760 | SPS=1214
update 130/390 | step=266240 | SPS=1219
update 140/390 | step=286720 | SPS=1224
[300016] Regime switch detected! 0 -> 1. Snapshotting anchor model.
update 150/390 | step=307200 | SPS=1227
update 160/390 | step=327680 | SPS=1225
update 170/390 | step=348160 | SPS=1224
update 180/390 | step=368640 | SPS=1221
update 190/390 | step=389120 | SPS=1221
[400016] Regime switch detected! 1 -> 0. Snapshotting anchor model.
update 200/390 | step=409600 | SPS=1220
update 210/390 | step=430080 | SPS=1218
update 220/390 | step=450560 | SPS=1220
update 230/390 | step=471040 | SPS=1220
update 240/390 | step=491520 | SPS=1219
[500016] Regime switch detected! 0 -> 1. Snapshotting anchor model.
update 250/390 | step=512000 | SPS=1221
update 260/390 | step=532480 | SPS=1224
update 270/390 | step=552960 | SPS=1226
update 280/390 | step=573440 | SPS=1228
update 290/390 | step=593920 | SPS=1230
[600016] Regime switch detected! 1 -> 0. Snapshotting anchor model.
update 300/390 | step=614400 | SPS=1229
update 310/390 | step=634880 | SPS=1229
update 320/390 | step=655360 | SPS=1228
update 330/390 | step=675840 | SPS=1230
update 340/390 | step=696320 | SPS=1231
[700016] Regime switch detected! 0 -> 1. Snapshotting anchor model.
update 350/390 | step=716800 | SPS=1231
update 360/390 | step=737280 | SPS=1234
update 370/390 | step=757760 | SPS=1233
update 380/390 | step=778240 | SPS=1232
update 390/390 | step=798720 | SPS=1234
Episode 9/30 | reward=3.1650 | avg10=4.5795 | avg_success_rate=0.8700 | steps=38 | time=650.3s
update 10/390 | step=20480 | SPS=1248
update 20/390 | step=40960 | SPS=1269
update 30/390 | step=61440 | SPS=1283
update 40/390 | step=81920 | SPS=1277
[100016] Regime switch detected! 0 -> 1. Snapshotting anchor model.
update 50/390 | step=102400 | SPS=1255
update 60/390 | step=122880 | SPS=1261
update 70/390 | step=143360 | SPS=1251
update 80/390 | step=163840 | SPS=1253
update 90/390 | step=184320 | SPS=1261
[200016] Regime switch detected! 1 -> 0. Snapshotting anchor model.
update 100/390 | step=204800 | SPS=1266
update 110/390 | step=225280 | SPS=1265
update 120/390 | step=245760 | SPS=1266
update 130/390 | step=266240 | SPS=1271
update 140/390 | step=286720 | SPS=1272
[300016] Regime switch detected! 0 -> 1. Snapshotting anchor model.
update 150/390 | step=307200 | SPS=1275
update 160/390 | step=327680 | SPS=1273
update 170/390 | step=348160 | SPS=1273
update 180/390 | step=368640 | SPS=1271
update 190/390 | step=389120 | SPS=1268
[400016] Regime switch detected! 1 -> 0. Snapshotting anchor model.
update 200/390 | step=409600 | SPS=1263
update 210/390 | step=430080 | SPS=1259
update 220/390 | step=450560 | SPS=1258
update 230/390 | step=471040 | SPS=1260
update 240/390 | step=491520 | SPS=1261
[500016] Regime switch detected! 0 -> 1. Snapshotting anchor model.
update 250/390 | step=512000 | SPS=1261
update 260/390 | step=532480 | SPS=1263
update 270/390 | step=552960 | SPS=1265
update 280/390 | step=573440 | SPS=1267
update 290/390 | step=593920 | SPS=1266
[600016] Regime switch detected! 1 -> 0. Snapshotting anchor model.
update 300/390 | step=614400 | SPS=1267
update 310/390 | step=634880 | SPS=1268
update 320/390 | step=655360 | SPS=1269
update 330/390 | step=675840 | SPS=1270
update 340/390 | step=696320 | SPS=1272
[700016] Regime switch detected! 0 -> 1. Snapshotting anchor model.
update 350/390 | step=716800 | SPS=1271
update 360/390 | step=737280 | SPS=1272
update 370/390 | step=757760 | SPS=1273
update 380/390 | step=778240 | SPS=1273
update 390/390 | step=798720 | SPS=1274
Episode 10/30 | reward=4.9201 | avg10=4.6136 | avg_success_rate=0.8800 | steps=38 | time=629.6s
  [brain ckpt] runs/calib8x8_brain_neuromod_trainable_declr_slowbrain_seed1_20260701-183955/episode_10/brain_ep10.pt
update 10/390 | step=20480 | SPS=1271
update 20/390 | step=40960 | SPS=1222
update 30/390 | step=61440 | SPS=1239
update 40/390 | step=81920 | SPS=1235
[100016] Regime switch detected! 0 -> 1. Snapshotting anchor model.
update 50/390 | step=102400 | SPS=1226
update 60/390 | step=122880 | SPS=1215
update 70/390 | step=143360 | SPS=1224
update 80/390 | step=163840 | SPS=1232
update 90/390 | step=184320 | SPS=1236
[200016] Regime switch detected! 1 -> 0. Snapshotting anchor model.
update 100/390 | step=204800 | SPS=1236
update 110/390 | step=225280 | SPS=1232
update 120/390 | step=245760 | SPS=1235
update 130/390 | step=266240 | SPS=1238
update 140/390 | step=286720 | SPS=1241
[300016] Regime switch detected! 0 -> 1. Snapshotting anchor model.
update 150/390 | step=307200 | SPS=1244
update 160/390 | step=327680 | SPS=1244
update 170/390 | step=348160 | SPS=1248
update 180/390 | step=368640 | SPS=1246
update 190/390 | step=389120 | SPS=1248
[400016] Regime switch detected! 1 -> 0. Snapshotting anchor model.
update 200/390 | step=409600 | SPS=1250
update 210/390 | step=430080 | SPS=1249
update 220/390 | step=450560 | SPS=1247
update 230/390 | step=471040 | SPS=1245
update 240/390 | step=491520 | SPS=1242
[500016] Regime switch detected! 0 -> 1. Snapshotting anchor model.
update 250/390 | step=512000 | SPS=1239
update 260/390 | step=532480 | SPS=1239
update 270/390 | step=552960 | SPS=1241
update 280/390 | step=573440 | SPS=1244
update 290/390 | step=593920 | SPS=1246
[600016] Regime switch detected! 1 -> 0. Snapshotting anchor model.
update 300/390 | step=614400 | SPS=1244
update 310/390 | step=634880 | SPS=1244
update 320/390 | step=655360 | SPS=1243
update 330/390 | step=675840 | SPS=1241
update 340/390 | step=696320 | SPS=1240
[700016] Regime switch detected! 0 -> 1. Snapshotting anchor model.
update 350/390 | step=716800 | SPS=1240
update 360/390 | step=737280 | SPS=1240
update 370/390 | step=757760 | SPS=1239
update 380/390 | step=778240 | SPS=1238
update 390/390 | step=798720 | SPS=1237
Episode 11/30 | reward=4.6192 | avg10=4.5637 | avg_success_rate=0.8400 | steps=38 | time=648.5s
update 10/390 | step=20480 | SPS=1231
update 20/390 | step=40960 | SPS=1203
update 30/390 | step=61440 | SPS=1197
update 40/390 | step=81920 | SPS=1217
[100016] Regime switch detected! 0 -> 1. Snapshotting anchor model.
update 50/390 | step=102400 | SPS=1223
update 60/390 | step=122880 | SPS=1225
update 70/390 | step=143360 | SPS=1239
update 80/390 | step=163840 | SPS=1250
update 90/390 | step=184320 | SPS=1259
[200016] Regime switch detected! 1 -> 0. Snapshotting anchor model.
update 100/390 | step=204800 | SPS=1262
update 110/390 | step=225280 | SPS=1267
update 120/390 | step=245760 | SPS=1269
update 130/390 | step=266240 | SPS=1265
update 140/390 | step=286720 | SPS=1264
[300016] Regime switch detected! 0 -> 1. Snapshotting anchor model.
update 150/390 | step=307200 | SPS=1260
update 160/390 | step=327680 | SPS=1262
update 170/390 | step=348160 | SPS=1266
update 180/390 | step=368640 | SPS=1268
update 190/390 | step=389120 | SPS=1267
[400016] Regime switch detected! 1 -> 0. Snapshotting anchor model.
update 200/390 | step=409600 | SPS=1268
update 210/390 | step=430080 | SPS=1263
update 220/390 | step=450560 | SPS=1259
update 230/390 | step=471040 | SPS=1260
update 240/390 | step=491520 | SPS=1261
[500016] Regime switch detected! 0 -> 1. Snapshotting anchor model.
update 250/390 | step=512000 | SPS=1260
update 260/390 | step=532480 | SPS=1261
update 270/390 | step=552960 | SPS=1261
update 280/390 | step=573440 | SPS=1261
update 290/390 | step=593920 | SPS=1259
[600016] Regime switch detected! 1 -> 0. Snapshotting anchor model.
update 300/390 | step=614400 | SPS=1258
update 310/390 | step=634880 | SPS=1258
update 320/390 | step=655360 | SPS=1259
update 330/390 | step=675840 | SPS=1257
update 340/390 | step=696320 | SPS=1256
[700016] Regime switch detected! 0 -> 1. Snapshotting anchor model.
update 350/390 | step=716800 | SPS=1254
update 360/390 | step=737280 | SPS=1256
update 370/390 | step=757760 | SPS=1256
update 380/390 | step=778240 | SPS=1256
update 390/390 | step=798720 | SPS=1258
Episode 12/30 | reward=2.6629 | avg10=4.3124 | avg_success_rate=0.8300 | steps=38 | time=637.7s
update 10/390 | step=20480 | SPS=1284
update 20/390 | step=40960 | SPS=1243
update 30/390 | step=61440 | SPS=1232
update 40/390 | step=81920 | SPS=1237
[100016] Regime switch detected! 0 -> 1. Snapshotting anchor model.
update 50/390 | step=102400 | SPS=1230
update 60/390 | step=122880 | SPS=1218
update 70/390 | step=143360 | SPS=1214
update 80/390 | step=163840 | SPS=1215
update 90/390 | step=184320 | SPS=1212
[200016] Regime switch detected! 1 -> 0. Snapshotting anchor model.
update 100/390 | step=204800 | SPS=1215
update 110/390 | step=225280 | SPS=1223
update 120/390 | step=245760 | SPS=1231
update 130/390 | step=266240 | SPS=1236
update 140/390 | step=286720 | SPS=1240
[300016] Regime switch detected! 0 -> 1. Snapshotting anchor model.
update 150/390 | step=307200 | SPS=1245
update 160/390 | step=327680 | SPS=1241
update 170/390 | step=348160 | SPS=1240
update 180/390 | step=368640 | SPS=1238
update 190/390 | step=389120 | SPS=1236
[400016] Regime switch detected! 1 -> 0. Snapshotting anchor model.
update 200/390 | step=409600 | SPS=1233
update 210/390 | step=430080 | SPS=1234
update 220/390 | step=450560 | SPS=1237
update 230/390 | step=471040 | SPS=1240
update 240/390 | step=491520 | SPS=1243
[500016] Regime switch detected! 0 -> 1. Snapshotting anchor model.
update 250/390 | step=512000 | SPS=1244
update 260/390 | step=532480 | SPS=1245
update 270/390 | step=552960 | SPS=1245
update 280/390 | step=573440 | SPS=1245
update 290/390 | step=593920 | SPS=1246
[600016] Regime switch detected! 1 -> 0. Snapshotting anchor model.
update 300/390 | step=614400 | SPS=1246
update 310/390 | step=634880 | SPS=1248
update 320/390 | step=655360 | SPS=1251
update 330/390 | step=675840 | SPS=1253
update 340/390 | step=696320 | SPS=1256
[700016] Regime switch detected! 0 -> 1. Snapshotting anchor model.
update 350/390 | step=716800 | SPS=1256
update 360/390 | step=737280 | SPS=1256
update 370/390 | step=757760 | SPS=1256
update 380/390 | step=778240 | SPS=1256
update 390/390 | step=798720 | SPS=1257
Episode 13/30 | reward=4.5560 | avg10=4.2628 | avg_success_rate=0.9300 | steps=38 | time=638.4s
update 10/390 | step=20480 | SPS=1280
update 20/390 | step=40960 | SPS=1231
update 30/390 | step=61440 | SPS=1211
update 40/390 | step=81920 | SPS=1208
[100016] Regime switch detected! 0 -> 1. Snapshotting anchor model.
update 50/390 | step=102400 | SPS=1206
update 60/390 | step=122880 | SPS=1200
update 70/390 | step=143360 | SPS=1199
update 80/390 | step=163840 | SPS=1205
update 90/390 | step=184320 | SPS=1206
[200016] Regime switch detected! 1 -> 0. Snapshotting anchor model.
update 100/390 | step=204800 | SPS=1206
update 110/390 | step=225280 | SPS=1209
update 120/390 | step=245760 | SPS=1215
update 130/390 | step=266240 | SPS=1221
update 140/390 | step=286720 | SPS=1227
[300016] Regime switch detected! 0 -> 1. Snapshotting anchor model.
update 150/390 | step=307200 | SPS=1232
update 160/390 | step=327680 | SPS=1236
update 170/390 | step=348160 | SPS=1242
update 180/390 | step=368640 | SPS=1245
update 190/390 | step=389120 | SPS=1242
[400016] Regime switch detected! 1 -> 0. Snapshotting anchor model.
update 200/390 | step=409600 | SPS=1242
update 210/390 | step=430080 | SPS=1244
update 220/390 | step=450560 | SPS=1246
update 230/390 | step=471040 | SPS=1248
update 240/390 | step=491520 | SPS=1245
[500016] Regime switch detected! 0 -> 1. Snapshotting anchor model.
update 250/390 | step=512000 | SPS=1242
update 260/390 | step=532480 | SPS=1242
update 270/390 | step=552960 | SPS=1245
update 280/390 | step=573440 | SPS=1246
update 290/390 | step=593920 | SPS=1248
[600016] Regime switch detected! 1 -> 0. Snapshotting anchor model.
update 300/390 | step=614400 | SPS=1250
update 310/390 | step=634880 | SPS=1253
update 320/390 | step=655360 | SPS=1255
update 330/390 | step=675840 | SPS=1255
update 340/390 | step=696320 | SPS=1253
[700016] Regime switch detected! 0 -> 1. Snapshotting anchor model.
update 350/390 | step=716800 | SPS=1252
update 360/390 | step=737280 | SPS=1252
update 370/390 | step=757760 | SPS=1250
update 380/390 | step=778240 | SPS=1248
update 390/390 | step=798720 | SPS=1247
Episode 14/30 | reward=4.9836 | avg10=4.5853 | avg_success_rate=0.9600 | steps=38 | time=643.5s
update 10/390 | step=20480 | SPS=1275
update 20/390 | step=40960 | SPS=1245
update 30/390 | step=61440 | SPS=1220
update 40/390 | step=81920 | SPS=1227
[100016] Regime switch detected! 0 -> 1. Snapshotting anchor model.
update 50/390 | step=102400 | SPS=1241
update 60/390 | step=122880 | SPS=1235
update 70/390 | step=143360 | SPS=1228
update 80/390 | step=163840 | SPS=1228
update 90/390 | step=184320 | SPS=1240
[200016] Regime switch detected! 1 -> 0. Snapshotting anchor model.
update 100/390 | step=204800 | SPS=1244
update 110/390 | step=225280 | SPS=1249
update 120/390 | step=245760 | SPS=1251
update 130/390 | step=266240 | SPS=1248
update 140/390 | step=286720 | SPS=1243
[300016] Regime switch detected! 0 -> 1. Snapshotting anchor model.
update 150/390 | step=307200 | SPS=1242
update 160/390 | step=327680 | SPS=1239
update 170/390 | step=348160 | SPS=1242
update 180/390 | step=368640 | SPS=1244
update 190/390 | step=389120 | SPS=1247
[400016] Regime switch detected! 1 -> 0. Snapshotting anchor model.
update 200/390 | step=409600 | SPS=1249
update 210/390 | step=430080 | SPS=1250
update 220/390 | step=450560 | SPS=1249
update 230/390 | step=471040 | SPS=1251
update 240/390 | step=491520 | SPS=1251
[500016] Regime switch detected! 0 -> 1. Snapshotting anchor model.
update 250/390 | step=512000 | SPS=1251
update 260/390 | step=532480 | SPS=1254
update 270/390 | step=552960 | SPS=1255
update 280/390 | step=573440 | SPS=1257
update 290/390 | step=593920 | SPS=1258
[600016] Regime switch detected! 1 -> 0. Snapshotting anchor model.
update 300/390 | step=614400 | SPS=1258
update 310/390 | step=634880 | SPS=1258
update 320/390 | step=655360 | SPS=1260
update 330/390 | step=675840 | SPS=1259
update 340/390 | step=696320 | SPS=1261
[700016] Regime switch detected! 0 -> 1. Snapshotting anchor model.
update 350/390 | step=716800 | SPS=1262
update 360/390 | step=737280 | SPS=1264
update 370/390 | step=757760 | SPS=1265
update 380/390 | step=778240 | SPS=1266
update 390/390 | step=798720 | SPS=1267
Episode 15/30 | reward=3.9705 | avg10=4.6015 | avg_success_rate=0.9100 | steps=38 | time=633.3s
  [brain ckpt] runs/calib8x8_brain_neuromod_trainable_declr_slowbrain_seed1_20260701-183955/episode_15/brain_ep15.pt
update 10/390 | step=20480 | SPS=1256
update 20/390 | step=40960 | SPS=1207
update 30/390 | step=61440 | SPS=1198
update 40/390 | step=81920 | SPS=1204
[100016] Regime switch detected! 0 -> 1. Snapshotting anchor model.
update 50/390 | step=102400 | SPS=1219
update 60/390 | step=122880 | SPS=1221
update 70/390 | step=143360 | SPS=1217
update 80/390 | step=163840 | SPS=1218
update 90/390 | step=184320 | SPS=1229
[200016] Regime switch detected! 1 -> 0. Snapshotting anchor model.
update 100/390 | step=204800 | SPS=1234
update 110/390 | step=225280 | SPS=1239
update 120/390 | step=245760 | SPS=1240
update 130/390 | step=266240 | SPS=1241
update 140/390 | step=286720 | SPS=1239
[300016] Regime switch detected! 0 -> 1. Snapshotting anchor model.
update 150/390 | step=307200 | SPS=1237
update 160/390 | step=327680 | SPS=1241
update 170/390 | step=348160 | SPS=1246
update 180/390 | step=368640 | SPS=1249
update 190/390 | step=389120 | SPS=1250
[400016] Regime switch detected! 1 -> 0. Snapshotting anchor model.
update 200/390 | step=409600 | SPS=1252
update 210/390 | step=430080 | SPS=1249
update 220/390 | step=450560 | SPS=1245
update 230/390 | step=471040 | SPS=1244
update 240/390 | step=491520 | SPS=1240
[500016] Regime switch detected! 0 -> 1. Snapshotting anchor model.
update 250/390 | step=512000 | SPS=1237
update 260/390 | step=532480 | SPS=1237
update 270/390 | step=552960 | SPS=1239
update 280/390 | step=573440 | SPS=1242
update 290/390 | step=593920 | SPS=1244
[600016] Regime switch detected! 1 -> 0. Snapshotting anchor model.
update 300/390 | step=614400 | SPS=1245
update 310/390 | step=634880 | SPS=1245
update 320/390 | step=655360 | SPS=1245
update 330/390 | step=675840 | SPS=1244
update 340/390 | step=696320 | SPS=1243
[700016] Regime switch detected! 0 -> 1. Snapshotting anchor model.
update 350/390 | step=716800 | SPS=1245
update 360/390 | step=737280 | SPS=1248
update 370/390 | step=757760 | SPS=1250
update 380/390 | step=778240 | SPS=1250
update 390/390 | step=798720 | SPS=1248
Episode 16/30 | reward=1.9644 | avg10=4.0948 | avg_success_rate=0.6400 | steps=38 | time=642.6s
update 10/390 | step=20480 | SPS=1325
update 20/390 | step=40960 | SPS=1307
update 30/390 | step=61440 | SPS=1300
update 40/390 | step=81920 | SPS=1299
[100016] Regime switch detected! 0 -> 1. Snapshotting anchor model.
update 50/390 | step=102400 | SPS=1299
update 60/390 | step=122880 | SPS=1288
update 70/390 | step=143360 | SPS=1289
update 80/390 | step=163840 | SPS=1291
update 90/390 | step=184320 | SPS=1295
[200016] Regime switch detected! 1 -> 0. Snapshotting anchor model.
update 100/390 | step=204800 | SPS=1296
update 110/390 | step=225280 | SPS=1295
update 120/390 | step=245760 | SPS=1296
update 130/390 | step=266240 | SPS=1296
update 140/390 | step=286720 | SPS=1295
[300016] Regime switch detected! 0 -> 1. Snapshotting anchor model.
update 150/390 | step=307200 | SPS=1298
update 160/390 | step=327680 | SPS=1300
update 170/390 | step=348160 | SPS=1300
update 180/390 | step=368640 | SPS=1299
update 190/390 | step=389120 | SPS=1299
[400016] Regime switch detected! 1 -> 0. Snapshotting anchor model.
update 200/390 | step=409600 | SPS=1301
update 210/390 | step=430080 | SPS=1302
update 220/390 | step=450560 | SPS=1303
update 230/390 | step=471040 | SPS=1305
update 240/390 | step=491520 | SPS=1305
[500016] Regime switch detected! 0 -> 1. Snapshotting anchor model.
update 250/390 | step=512000 | SPS=1303
update 260/390 | step=532480 | SPS=1299
update 270/390 | step=552960 | SPS=1300
update 280/390 | step=573440 | SPS=1299
update 290/390 | step=593920 | SPS=1298
[600016] Regime switch detected! 1 -> 0. Snapshotting anchor model.
update 300/390 | step=614400 | SPS=1298
update 310/390 | step=634880 | SPS=1298
update 320/390 | step=655360 | SPS=1296
update 330/390 | step=675840 | SPS=1292
update 340/390 | step=696320 | SPS=1290
[700016] Regime switch detected! 0 -> 1. Snapshotting anchor model.
update 350/390 | step=716800 | SPS=1287
update 360/390 | step=737280 | SPS=1288
update 370/390 | step=757760 | SPS=1289
update 380/390 | step=778240 | SPS=1290
update 390/390 | step=798720 | SPS=1290
Episode 17/30 | reward=-1.6901 | avg10=3.2824 | avg_success_rate=0.3500 | steps=38 | time=622.0s
update 10/390 | step=20480 | SPS=1225
update 20/390 | step=40960 | SPS=1192
update 30/390 | step=61440 | SPS=1181
update 40/390 | step=81920 | SPS=1194
[100016] Regime switch detected! 0 -> 1. Snapshotting anchor model.
update 50/390 | step=102400 | SPS=1200
update 60/390 | step=122880 | SPS=1199
update 70/390 | step=143360 | SPS=1207
update 80/390 | step=163840 | SPS=1218
update 90/390 | step=184320 | SPS=1223
[200016] Regime switch detected! 1 -> 0. Snapshotting anchor model.
update 100/390 | step=204800 | SPS=1227
update 110/390 | step=225280 | SPS=1232
update 120/390 | step=245760 | SPS=1236
update 130/390 | step=266240 | SPS=1236
update 140/390 | step=286720 | SPS=1233
[300016] Regime switch detected! 0 -> 1. Snapshotting anchor model.
update 150/390 | step=307200 | SPS=1233
update 160/390 | step=327680 | SPS=1236
update 170/390 | step=348160 | SPS=1236
update 180/390 | step=368640 | SPS=1239
update 190/390 | step=389120 | SPS=1238
[400016] Regime switch detected! 1 -> 0. Snapshotting anchor model.
update 200/390 | step=409600 | SPS=1236
update 210/390 | step=430080 | SPS=1233
update 220/390 | step=450560 | SPS=1232
update 230/390 | step=471040 | SPS=1233
update 240/390 | step=491520 | SPS=1231
[500016] Regime switch detected! 0 -> 1. Snapshotting anchor model.
update 250/390 | step=512000 | SPS=1229
update 260/390 | step=532480 | SPS=1226
update 270/390 | step=552960 | SPS=1227
update 280/390 | step=573440 | SPS=1228
update 290/390 | step=593920 | SPS=1228
[600016] Regime switch detected! 1 -> 0. Snapshotting anchor model.
update 300/390 | step=614400 | SPS=1229
update 310/390 | step=634880 | SPS=1231
update 320/390 | step=655360 | SPS=1233
update 330/390 | step=675840 | SPS=1236
update 340/390 | step=696320 | SPS=1236
[700016] Regime switch detected! 0 -> 1. Snapshotting anchor model.
update 350/390 | step=716800 | SPS=1236
update 360/390 | step=737280 | SPS=1239
update 370/390 | step=757760 | SPS=1239
update 380/390 | step=778240 | SPS=1237
update 390/390 | step=798720 | SPS=1235
Episode 18/30 | reward=3.5419 | avg10=3.2694 | avg_success_rate=0.8900 | steps=38 | time=649.6s
update 10/390 | step=20480 | SPS=1244
update 20/390 | step=40960 | SPS=1228
update 30/390 | step=61440 | SPS=1238
update 40/390 | step=81920 | SPS=1237
[100016] Regime switch detected! 0 -> 1. Snapshotting anchor model.
update 50/390 | step=102400 | SPS=1239
update 60/390 | step=122880 | SPS=1236
update 70/390 | step=143360 | SPS=1237
update 80/390 | step=163840 | SPS=1233
update 90/390 | step=184320 | SPS=1238
[200016] Regime switch detected! 1 -> 0. Snapshotting anchor model.
update 100/390 | step=204800 | SPS=1243
update 110/390 | step=225280 | SPS=1240
update 120/390 | step=245760 | SPS=1244
update 130/390 | step=266240 | SPS=1244
update 140/390 | step=286720 | SPS=1239
[300016] Regime switch detected! 0 -> 1. Snapshotting anchor model.
update 150/390 | step=307200 | SPS=1236
update 160/390 | step=327680 | SPS=1234
update 170/390 | step=348160 | SPS=1231
update 180/390 | step=368640 | SPS=1234
update 190/390 | step=389120 | SPS=1237
[400016] Regime switch detected! 1 -> 0. Snapshotting anchor model.
update 200/390 | step=409600 | SPS=1240
update 210/390 | step=430080 | SPS=1244
update 220/390 | step=450560 | SPS=1248
update 230/390 | step=471040 | SPS=1250
update 240/390 | step=491520 | SPS=1251
[500016] Regime switch detected! 0 -> 1. Snapshotting anchor model.
update 250/390 | step=512000 | SPS=1250
update 260/390 | step=532480 | SPS=1249
update 270/390 | step=552960 | SPS=1251
update 280/390 | step=573440 | SPS=1252
update 290/390 | step=593920 | SPS=1253
[600016] Regime switch detected! 1 -> 0. Snapshotting anchor model.
update 300/390 | step=614400 | SPS=1254
update 310/390 | step=634880 | SPS=1256
update 320/390 | step=655360 | SPS=1257
update 330/390 | step=675840 | SPS=1259
update 340/390 | step=696320 | SPS=1258
[700016] Regime switch detected! 0 -> 1. Snapshotting anchor model.
update 350/390 | step=716800 | SPS=1259
update 360/390 | step=737280 | SPS=1259
update 370/390 | step=757760 | SPS=1257
update 380/390 | step=778240 | SPS=1256
update 390/390 | step=798720 | SPS=1255
Episode 19/30 | reward=4.7939 | avg10=3.4322 | avg_success_rate=0.5900 | steps=38 | time=639.2s
update 10/390 | step=20480 | SPS=1381
update 20/390 | step=40960 | SPS=1342
update 30/390 | step=61440 | SPS=1333
update 40/390 | step=81920 | SPS=1333
[100016] Regime switch detected! 0 -> 1. Snapshotting anchor model.
update 50/390 | step=102400 | SPS=1306
update 60/390 | step=122880 | SPS=1284
update 70/390 | step=143360 | SPS=1281
update 80/390 | step=163840 | SPS=1282
update 90/390 | step=184320 | SPS=1288
[200016] Regime switch detected! 1 -> 0. Snapshotting anchor model.
update 100/390 | step=204800 | SPS=1288
update 110/390 | step=225280 | SPS=1289
update 120/390 | step=245760 | SPS=1293
update 130/390 | step=266240 | SPS=1293
update 140/390 | step=286720 | SPS=1294
[300016] Regime switch detected! 0 -> 1. Snapshotting anchor model.
update 150/390 | step=307200 | SPS=1294
update 160/390 | step=327680 | SPS=1286
update 170/390 | step=348160 | SPS=1286
update 180/390 | step=368640 | SPS=1281
update 190/390 | step=389120 | SPS=1282
[400016] Regime switch detected! 1 -> 0. Snapshotting anchor model.
update 200/390 | step=409600 | SPS=1280
update 210/390 | step=430080 | SPS=1280
update 220/390 | step=450560 | SPS=1279
update 230/390 | step=471040 | SPS=1279
update 240/390 | step=491520 | SPS=1275
[500016] Regime switch detected! 0 -> 1. Snapshotting anchor model.
update 250/390 | step=512000 | SPS=1271
update 260/390 | step=532480 | SPS=1271
update 270/390 | step=552960 | SPS=1272
update 280/390 | step=573440 | SPS=1274
update 290/390 | step=593920 | SPS=1274
[600016] Regime switch detected! 1 -> 0. Snapshotting anchor model.
update 300/390 | step=614400 | SPS=1274
update 310/390 | step=634880 | SPS=1272
update 320/390 | step=655360 | SPS=1272
update 330/390 | step=675840 | SPS=1273
update 340/390 | step=696320 | SPS=1272
[700016] Regime switch detected! 0 -> 1. Snapshotting anchor model.
update 350/390 | step=716800 | SPS=1271
update 360/390 | step=737280 | SPS=1271
update 370/390 | step=757760 | SPS=1270
update 380/390 | step=778240 | SPS=1271
update 390/390 | step=798720 | SPS=1272
Episode 20/30 | reward=5.0451 | avg10=3.4447 | avg_success_rate=0.8600 | steps=38 | time=630.6s
  [brain ckpt] runs/calib8x8_brain_neuromod_trainable_declr_slowbrain_seed1_20260701-183955/episode_20/brain_ep20.pt
update 10/390 | step=20480 | SPS=1242
update 20/390 | step=40960 | SPS=1217
update 30/390 | step=61440 | SPS=1233
update 40/390 | step=81920 | SPS=1246
[100016] Regime switch detected! 0 -> 1. Snapshotting anchor model.
update 50/390 | step=102400 | SPS=1256
update 60/390 | step=122880 | SPS=1256
update 70/390 | step=143360 | SPS=1244
update 80/390 | step=163840 | SPS=1248
update 90/390 | step=184320 | SPS=1256
[200016] Regime switch detected! 1 -> 0. Snapshotting anchor model.
update 100/390 | step=204800 | SPS=1258
update 110/390 | step=225280 | SPS=1262
update 120/390 | step=245760 | SPS=1265
update 130/390 | step=266240 | SPS=1268
update 140/390 | step=286720 | SPS=1273
[300016] Regime switch detected! 0 -> 1. Snapshotting anchor model.
update 150/390 | step=307200 | SPS=1277
update 160/390 | step=327680 | SPS=1276
update 170/390 | step=348160 | SPS=1273
update 180/390 | step=368640 | SPS=1268
update 190/390 | step=389120 | SPS=1263
[400016] Regime switch detected! 1 -> 0. Snapshotting anchor model.
update 200/390 | step=409600 | SPS=1261
update 210/390 | step=430080 | SPS=1260
update 220/390 | step=450560 | SPS=1256
update 230/390 | step=471040 | SPS=1257
update 240/390 | step=491520 | SPS=1259
[500016] Regime switch detected! 0 -> 1. Snapshotting anchor model.
update 250/390 | step=512000 | SPS=1260
update 260/390 | step=532480 | SPS=1261
update 270/390 | step=552960 | SPS=1263
update 280/390 | step=573440 | SPS=1265
update 290/390 | step=593920 | SPS=1265
[600016] Regime switch detected! 1 -> 0. Snapshotting anchor model.
update 300/390 | step=614400 | SPS=1264
update 310/390 | step=634880 | SPS=1263
update 320/390 | step=655360 | SPS=1262
update 330/390 | step=675840 | SPS=1260
update 340/390 | step=696320 | SPS=1260
[700016] Regime switch detected! 0 -> 1. Snapshotting anchor model.
update 350/390 | step=716800 | SPS=1260
update 360/390 | step=737280 | SPS=1262
update 370/390 | step=757760 | SPS=1261
update 380/390 | step=778240 | SPS=1263
update 390/390 | step=798720 | SPS=1264
Episode 21/30 | reward=2.6977 | avg10=3.2526 | avg_success_rate=0.7100 | steps=38 | time=634.9s
update 10/390 | step=20480 | SPS=1236
update 20/390 | step=40960 | SPS=1218
update 30/390 | step=61440 | SPS=1211
update 40/390 | step=81920 | SPS=1210
[100016] Regime switch detected! 0 -> 1. Snapshotting anchor model.
update 50/390 | step=102400 | SPS=1221
update 60/390 | step=122880 | SPS=1218
update 70/390 | step=143360 | SPS=1229
update 80/390 | step=163840 | SPS=1228
update 90/390 | step=184320 | SPS=1238
[200016] Regime switch detected! 1 -> 0. Snapshotting anchor model.
update 100/390 | step=204800 | SPS=1245
update 110/390 | step=225280 | SPS=1251
update 120/390 | step=245760 | SPS=1255
update 130/390 | step=266240 | SPS=1256
update 140/390 | step=286720 | SPS=1258
[300016] Regime switch detected! 0 -> 1. Snapshotting anchor model.
update 150/390 | step=307200 | SPS=1261
update 160/390 | step=327680 | SPS=1258
update 170/390 | step=348160 | SPS=1257
update 180/390 | step=368640 | SPS=1258
update 190/390 | step=389120 | SPS=1261
[400016] Regime switch detected! 1 -> 0. Snapshotting anchor model.
update 200/390 | step=409600 | SPS=1264
update 210/390 | step=430080 | SPS=1265
update 220/390 | step=450560 | SPS=1266
update 230/390 | step=471040 | SPS=1269
update 240/390 | step=491520 | SPS=1269
[500016] Regime switch detected! 0 -> 1. Snapshotting anchor model.
update 250/390 | step=512000 | SPS=1268
update 260/390 | step=532480 | SPS=1268
update 270/390 | step=552960 | SPS=1268
update 280/390 | step=573440 | SPS=1270
update 290/390 | step=593920 | SPS=1270
[600016] Regime switch detected! 1 -> 0. Snapshotting anchor model.
update 300/390 | step=614400 | SPS=1270
update 310/390 | step=634880 | SPS=1270
update 320/390 | step=655360 | SPS=1272
update 330/390 | step=675840 | SPS=1273
update 340/390 | step=696320 | SPS=1274
[700016] Regime switch detected! 0 -> 1. Snapshotting anchor model.
update 350/390 | step=716800 | SPS=1273
update 360/390 | step=737280 | SPS=1274
update 370/390 | step=757760 | SPS=1273
update 380/390 | step=778240 | SPS=1272
update 390/390 | step=798720 | SPS=1273
Episode 22/30 | reward=5.2124 | avg10=3.5075 | avg_success_rate=0.8600 | steps=38 | time=630.4s
update 10/390 | step=20480 | SPS=1229
update 20/390 | step=40960 | SPS=1218
update 30/390 | step=61440 | SPS=1217
update 40/390 | step=81920 | SPS=1212
[100016] Regime switch detected! 0 -> 1. Snapshotting anchor model.
update 50/390 | step=102400 | SPS=1211
update 60/390 | step=122880 | SPS=1207
update 70/390 | step=143360 | SPS=1217
update 80/390 | step=163840 | SPS=1229
update 90/390 | step=184320 | SPS=1234
[200016] Regime switch detected! 1 -> 0. Snapshotting anchor model.
update 100/390 | step=204800 | SPS=1237
update 110/390 | step=225280 | SPS=1240
update 120/390 | step=245760 | SPS=1243
update 130/390 | step=266240 | SPS=1245
update 140/390 | step=286720 | SPS=1249
[300016] Regime switch detected! 0 -> 1. Snapshotting anchor model.
update 150/390 | step=307200 | SPS=1253
update 160/390 | step=327680 | SPS=1256
update 170/390 | step=348160 | SPS=1259
update 180/390 | step=368640 | SPS=1261
update 190/390 | step=389120 | SPS=1261
[400016] Regime switch detected! 1 -> 0. Snapshotting anchor model.
update 200/390 | step=409600 | SPS=1261
update 210/390 | step=430080 | SPS=1263
update 220/390 | step=450560 | SPS=1265
update 230/390 | step=471040 | SPS=1267
update 240/390 | step=491520 | SPS=1268
[500016] Regime switch detected! 0 -> 1. Snapshotting anchor model.
update 250/390 | step=512000 | SPS=1268
update 260/390 | step=532480 | SPS=1270
update 270/390 | step=552960 | SPS=1271
update 280/390 | step=573440 | SPS=1272
update 290/390 | step=593920 | SPS=1273
[600016] Regime switch detected! 1 -> 0. Snapshotting anchor model.
update 300/390 | step=614400 | SPS=1275
update 310/390 | step=634880 | SPS=1277
update 320/390 | step=655360 | SPS=1277
update 330/390 | step=675840 | SPS=1275
update 340/390 | step=696320 | SPS=1273
[700016] Regime switch detected! 0 -> 1. Snapshotting anchor model.
update 350/390 | step=716800 | SPS=1269
update 360/390 | step=737280 | SPS=1268
update 370/390 | step=757760 | SPS=1269
update 380/390 | step=778240 | SPS=1269
update 390/390 | step=798720 | SPS=1270
Episode 23/30 | reward=4.1056 | avg10=3.4625 | avg_success_rate=0.9400 | steps=38 | time=631.7s
update 10/390 | step=20480 | SPS=1389
update 20/390 | step=40960 | SPS=1335
update 30/390 | step=61440 | SPS=1289
update 40/390 | step=81920 | SPS=1296
[100016] Regime switch detected! 0 -> 1. Snapshotting anchor model.
update 50/390 | step=102400 | SPS=1306
update 60/390 | step=122880 | SPS=1304
update 70/390 | step=143360 | SPS=1302
update 80/390 | step=163840 | SPS=1301
update 90/390 | step=184320 | SPS=1301
[200016] Regime switch detected! 1 -> 0. Snapshotting anchor model.
update 100/390 | step=204800 | SPS=1301
update 110/390 | step=225280 | SPS=1300
update 120/390 | step=245760 | SPS=1301
update 130/390 | step=266240 | SPS=1304
update 140/390 | step=286720 | SPS=1304
[300016] Regime switch detected! 0 -> 1. Snapshotting anchor model.
update 150/390 | step=307200 | SPS=1294
update 160/390 | step=327680 | SPS=1288
update 170/390 | step=348160 | SPS=1286
update 180/390 | step=368640 | SPS=1282
update 190/390 | step=389120 | SPS=1279
[400016] Regime switch detected! 1 -> 0. Snapshotting anchor model.
update 200/390 | step=409600 | SPS=1280
update 210/390 | step=430080 | SPS=1278
update 220/390 | step=450560 | SPS=1278
update 230/390 | step=471040 | SPS=1273
update 240/390 | step=491520 | SPS=1272
[500016] Regime switch detected! 0 -> 1. Snapshotting anchor model.
update 250/390 | step=512000 | SPS=1270
update 260/390 | step=532480 | SPS=1269
update 270/390 | step=552960 | SPS=1269
update 280/390 | step=573440 | SPS=1267
update 290/390 | step=593920 | SPS=1265
[600016] Regime switch detected! 1 -> 0. Snapshotting anchor model.
update 300/390 | step=614400 | SPS=1264
update 310/390 | step=634880 | SPS=1265
update 320/390 | step=655360 | SPS=1265
update 330/390 | step=675840 | SPS=1267
update 340/390 | step=696320 | SPS=1265
[700016] Regime switch detected! 0 -> 1. Snapshotting anchor model.
update 350/390 | step=716800 | SPS=1262
update 360/390 | step=737280 | SPS=1262
update 370/390 | step=757760 | SPS=1262
update 380/390 | step=778240 | SPS=1262
update 390/390 | step=798720 | SPS=1260
Episode 24/30 | reward=3.9110 | avg10=3.3552 | avg_success_rate=0.8800 | steps=38 | time=637.0s
update 10/390 | step=20480 | SPS=1285
update 20/390 | step=40960 | SPS=1230
update 30/390 | step=61440 | SPS=1219
update 40/390 | step=81920 | SPS=1221
[100016] Regime switch detected! 0 -> 1. Snapshotting anchor model.
update 50/390 | step=102400 | SPS=1221
update 60/390 | step=122880 | SPS=1218
update 70/390 | step=143360 | SPS=1212
update 80/390 | step=163840 | SPS=1210
update 90/390 | step=184320 | SPS=1219
[200016] Regime switch detected! 1 -> 0. Snapshotting anchor model.
update 100/390 | step=204800 | SPS=1225
update 110/390 | step=225280 | SPS=1229
update 120/390 | step=245760 | SPS=1234
update 130/390 | step=266240 | SPS=1237
update 140/390 | step=286720 | SPS=1237
[300016] Regime switch detected! 0 -> 1. Snapshotting anchor model.
update 150/390 | step=307200 | SPS=1240
update 160/390 | step=327680 | SPS=1240
update 170/390 | step=348160 | SPS=1243
update 180/390 | step=368640 | SPS=1239
update 190/390 | step=389120 | SPS=1234
[400016] Regime switch detected! 1 -> 0. Snapshotting anchor model.
update 200/390 | step=409600 | SPS=1232
update 210/390 | step=430080 | SPS=1229
update 220/390 | step=450560 | SPS=1228
update 230/390 | step=471040 | SPS=1229
update 240/390 | step=491520 | SPS=1231
[500016] Regime switch detected! 0 -> 1. Snapshotting anchor model.
update 250/390 | step=512000 | SPS=1232
update 260/390 | step=532480 | SPS=1232
update 270/390 | step=552960 | SPS=1233
update 280/390 | step=573440 | SPS=1233
update 290/390 | step=593920 | SPS=1231
[600016] Regime switch detected! 1 -> 0. Snapshotting anchor model.
update 300/390 | step=614400 | SPS=1230
update 310/390 | step=634880 | SPS=1231
update 320/390 | step=655360 | SPS=1231
update 330/390 | step=675840 | SPS=1229
update 340/390 | step=696320 | SPS=1229
[700016] Regime switch detected! 0 -> 1. Snapshotting anchor model.
update 350/390 | step=716800 | SPS=1228
update 360/390 | step=737280 | SPS=1228
update 370/390 | step=757760 | SPS=1229
update 380/390 | step=778240 | SPS=1231
update 390/390 | step=798720 | SPS=1230
Episode 25/30 | reward=-3.4539 | avg10=2.6128 | avg_success_rate=0.2500 | steps=38 | time=652.5s
  [brain ckpt] runs/calib8x8_brain_neuromod_trainable_declr_slowbrain_seed1_20260701-183955/episode_25/brain_ep25.pt
update 10/390 | step=20480 | SPS=1251
update 20/390 | step=40960 | SPS=1260
update 30/390 | step=61440 | SPS=1247
update 40/390 | step=81920 | SPS=1239
[100016] Regime switch detected! 0 -> 1. Snapshotting anchor model.
update 50/390 | step=102400 | SPS=1251
update 60/390 | step=122880 | SPS=1257
update 70/390 | step=143360 | SPS=1257
update 80/390 | step=163840 | SPS=1254
update 90/390 | step=184320 | SPS=1252
[200016] Regime switch detected! 1 -> 0. Snapshotting anchor model.
update 100/390 | step=204800 | SPS=1255
update 110/390 | step=225280 | SPS=1253
update 120/390 | step=245760 | SPS=1248
update 130/390 | step=266240 | SPS=1252
update 140/390 | step=286720 | SPS=1254
[300016] Regime switch detected! 0 -> 1. Snapshotting anchor model.
update 150/390 | step=307200 | SPS=1259
update 160/390 | step=327680 | SPS=1264
update 170/390 | step=348160 | SPS=1265
update 180/390 | step=368640 | SPS=1268
update 190/390 | step=389120 | SPS=1269
[400016] Regime switch detected! 1 -> 0. Snapshotting anchor model.
update 200/390 | step=409600 | SPS=1272
update 210/390 | step=430080 | SPS=1273
update 220/390 | step=450560 | SPS=1274
update 230/390 | step=471040 | SPS=1276
update 240/390 | step=491520 | SPS=1277
[500016] Regime switch detected! 0 -> 1. Snapshotting anchor model.
update 250/390 | step=512000 | SPS=1274
update 260/390 | step=532480 | SPS=1270
update 270/390 | step=552960 | SPS=1267
update 280/390 | step=573440 | SPS=1263
update 290/390 | step=593920 | SPS=1264
[600016] Regime switch detected! 1 -> 0. Snapshotting anchor model.
update 300/390 | step=614400 | SPS=1265
update 310/390 | step=634880 | SPS=1262
update 320/390 | step=655360 | SPS=1262
update 330/390 | step=675840 | SPS=1261
update 340/390 | step=696320 | SPS=1263
[700016] Regime switch detected! 0 -> 1. Snapshotting anchor model.
update 350/390 | step=716800 | SPS=1264
update 360/390 | step=737280 | SPS=1265
update 370/390 | step=757760 | SPS=1265
update 380/390 | step=778240 | SPS=1266
update 390/390 | step=798720 | SPS=1265
Episode 26/30 | reward=-0.0442 | avg10=2.4119 | avg_success_rate=0.7100 | steps=38 | time=634.2s
update 10/390 | step=20480 | SPS=1289
update 20/390 | step=40960 | SPS=1259
update 30/390 | step=61440 | SPS=1232
update 40/390 | step=81920 | SPS=1228
[100016] Regime switch detected! 0 -> 1. Snapshotting anchor model.
update 50/390 | step=102400 | SPS=1246
update 60/390 | step=122880 | SPS=1262
update 70/390 | step=143360 | SPS=1255
update 80/390 | step=163840 | SPS=1248
update 90/390 | step=184320 | SPS=1250
[200016] Regime switch detected! 1 -> 0. Snapshotting anchor model.
update 100/390 | step=204800 | SPS=1243
update 110/390 | step=225280 | SPS=1246
update 120/390 | step=245760 | SPS=1247
update 130/390 | step=266240 | SPS=1249
update 140/390 | step=286720 | SPS=1251
[300016] Regime switch detected! 0 -> 1. Snapshotting anchor model.
update 150/390 | step=307200 | SPS=1257
update 160/390 | step=327680 | SPS=1262
update 170/390 | step=348160 | SPS=1262
update 180/390 | step=368640 | SPS=1265
update 190/390 | step=389120 | SPS=1266
[400016] Regime switch detected! 1 -> 0. Snapshotting anchor model.
update 200/390 | step=409600 | SPS=1267
update 210/390 | step=430080 | SPS=1269
update 220/390 | step=450560 | SPS=1270
update 230/390 | step=471040 | SPS=1267
update 240/390 | step=491520 | SPS=1264
[500016] Regime switch detected! 0 -> 1. Snapshotting anchor model.
update 250/390 | step=512000 | SPS=1267
update 260/390 | step=532480 | SPS=1267
update 270/390 | step=552960 | SPS=1269
update 280/390 | step=573440 | SPS=1270
update 290/390 | step=593920 | SPS=1272
[600016] Regime switch detected! 1 -> 0. Snapshotting anchor model.
update 300/390 | step=614400 | SPS=1271
update 310/390 | step=634880 | SPS=1270
update 320/390 | step=655360 | SPS=1268
update 330/390 | step=675840 | SPS=1264
update 340/390 | step=696320 | SPS=1262
[700016] Regime switch detected! 0 -> 1. Snapshotting anchor model.
update 350/390 | step=716800 | SPS=1259
update 360/390 | step=737280 | SPS=1258
update 370/390 | step=757760 | SPS=1257
update 380/390 | step=778240 | SPS=1256
update 390/390 | step=798720 | SPS=1254
Episode 27/30 | reward=-3.1229 | avg10=2.2686 | avg_success_rate=0.2600 | steps=38 | time=640.0s
update 10/390 | step=20480 | SPS=1244
update 20/390 | step=40960 | SPS=1219
update 30/390 | step=61440 | SPS=1205
update 40/390 | step=81920 | SPS=1206
[100016] Regime switch detected! 0 -> 1. Snapshotting anchor model.
update 50/390 | step=102400 | SPS=1201
update 60/390 | step=122880 | SPS=1198
update 70/390 | step=143360 | SPS=1199
update 80/390 | step=163840 | SPS=1213
update 90/390 | step=184320 | SPS=1224
[200016] Regime switch detected! 1 -> 0. Snapshotting anchor model.
update 100/390 | step=204800 | SPS=1231
update 110/390 | step=225280 | SPS=1238
update 120/390 | step=245760 | SPS=1235
update 130/390 | step=266240 | SPS=1237
update 140/390 | step=286720 | SPS=1238
[300016] Regime switch detected! 0 -> 1. Snapshotting anchor model.
update 150/390 | step=307200 | SPS=1242
update 160/390 | step=327680 | SPS=1239
update 170/390 | step=348160 | SPS=1242
update 180/390 | step=368640 | SPS=1240
update 190/390 | step=389120 | SPS=1240
[400016] Regime switch detected! 1 -> 0. Snapshotting anchor model.
update 200/390 | step=409600 | SPS=1242
update 210/390 | step=430080 | SPS=1245
update 220/390 | step=450560 | SPS=1248
update 230/390 | step=471040 | SPS=1248
update 240/390 | step=491520 | SPS=1245
[500016] Regime switch detected! 0 -> 1. Snapshotting anchor model.
update 250/390 | step=512000 | SPS=1242
update 260/390 | step=532480 | SPS=1246
update 270/390 | step=552960 | SPS=1248
update 280/390 | step=573440 | SPS=1250
update 290/390 | step=593920 | SPS=1253
[600016] Regime switch detected! 1 -> 0. Snapshotting anchor model.
update 300/390 | step=614400 | SPS=1253
update 310/390 | step=634880 | SPS=1253
update 320/390 | step=655360 | SPS=1255
update 330/390 | step=675840 | SPS=1256
update 340/390 | step=696320 | SPS=1258
[700016] Regime switch detected! 0 -> 1. Snapshotting anchor model.
update 350/390 | step=716800 | SPS=1259
update 360/390 | step=737280 | SPS=1259
update 370/390 | step=757760 | SPS=1260
update 380/390 | step=778240 | SPS=1262
update 390/390 | step=798720 | SPS=1263
Episode 28/30 | reward=5.7863 | avg10=2.4931 | avg_success_rate=0.9500 | steps=38 | time=635.1s
update 10/390 | step=20480 | SPS=1241
update 20/390 | step=40960 | SPS=1222
update 30/390 | step=61440 | SPS=1219
update 40/390 | step=81920 | SPS=1229
[100016] Regime switch detected! 0 -> 1. Snapshotting anchor model.
update 50/390 | step=102400 | SPS=1251
update 60/390 | step=122880 | SPS=1251
update 70/390 | step=143360 | SPS=1240
update 80/390 | step=163840 | SPS=1236
update 90/390 | step=184320 | SPS=1241
[200016] Regime switch detected! 1 -> 0. Snapshotting anchor model.
update 100/390 | step=204800 | SPS=1246
update 110/390 | step=225280 | SPS=1247
update 120/390 | step=245760 | SPS=1248
update 130/390 | step=266240 | SPS=1254
update 140/390 | step=286720 | SPS=1258
[300016] Regime switch detected! 0 -> 1. Snapshotting anchor model.
update 150/390 | step=307200 | SPS=1262
update 160/390 | step=327680 | SPS=1265
update 170/390 | step=348160 | SPS=1268
update 180/390 | step=368640 | SPS=1265
update 190/390 | step=389120 | SPS=1263
[400016] Regime switch detected! 1 -> 0. Snapshotting anchor model.
update 200/390 | step=409600 | SPS=1261
update 210/390 | step=430080 | SPS=1262
update 220/390 | step=450560 | SPS=1261
update 230/390 | step=471040 | SPS=1261
update 240/390 | step=491520 | SPS=1262
[500016] Regime switch detected! 0 -> 1. Snapshotting anchor model.
update 250/390 | step=512000 | SPS=1264
update 260/390 | step=532480 | SPS=1264
update 270/390 | step=552960 | SPS=1264
update 280/390 | step=573440 | SPS=1265
update 290/390 | step=593920 | SPS=1265
[600016] Regime switch detected! 1 -> 0. Snapshotting anchor model.
update 300/390 | step=614400 | SPS=1267
update 310/390 | step=634880 | SPS=1269
update 320/390 | step=655360 | SPS=1271
update 330/390 | step=675840 | SPS=1271
update 340/390 | step=696320 | SPS=1269
[700016] Regime switch detected! 0 -> 1. Snapshotting anchor model.
update 350/390 | step=716800 | SPS=1268
update 360/390 | step=737280 | SPS=1269
update 370/390 | step=757760 | SPS=1269
update 380/390 | step=778240 | SPS=1270
update 390/390 | step=798720 | SPS=1271
Episode 29/30 | reward=3.8985 | avg10=2.4036 | avg_success_rate=0.9100 | steps=38 | time=631.1s
update 10/390 | step=20480 | SPS=1239
update 20/390 | step=40960 | SPS=1223
update 30/390 | step=61440 | SPS=1209
update 40/390 | step=81920 | SPS=1210
[100016] Regime switch detected! 0 -> 1. Snapshotting anchor model.
update 50/390 | step=102400 | SPS=1208
update 60/390 | step=122880 | SPS=1211
update 70/390 | step=143360 | SPS=1221
update 80/390 | step=163840 | SPS=1232
update 90/390 | step=184320 | SPS=1241
[200016] Regime switch detected! 1 -> 0. Snapshotting anchor model.
update 100/390 | step=204800 | SPS=1246
update 110/390 | step=225280 | SPS=1241
update 120/390 | step=245760 | SPS=1237
update 130/390 | step=266240 | SPS=1241
update 140/390 | step=286720 | SPS=1243
[300016] Regime switch detected! 0 -> 1. Snapshotting anchor model.
update 150/390 | step=307200 | SPS=1241
update 160/390 | step=327680 | SPS=1242
update 170/390 | step=348160 | SPS=1240
update 180/390 | step=368640 | SPS=1238
update 190/390 | step=389120 | SPS=1239
[400016] Regime switch detected! 1 -> 0. Snapshotting anchor model.
update 200/390 | step=409600 | SPS=1242
update 210/390 | step=430080 | SPS=1242
update 220/390 | step=450560 | SPS=1242
update 230/390 | step=471040 | SPS=1245
update 240/390 | step=491520 | SPS=1247
[500016] Regime switch detected! 0 -> 1. Snapshotting anchor model.
update 250/390 | step=512000 | SPS=1248
update 260/390 | step=532480 | SPS=1245
update 270/390 | step=552960 | SPS=1246
update 280/390 | step=573440 | SPS=1243
update 290/390 | step=593920 | SPS=1243
[600016] Regime switch detected! 1 -> 0. Snapshotting anchor model.
update 300/390 | step=614400 | SPS=1243
update 310/390 | step=634880 | SPS=1243
update 320/390 | step=655360 | SPS=1244
update 330/390 | step=675840 | SPS=1245
update 340/390 | step=696320 | SPS=1247
[700016] Regime switch detected! 0 -> 1. Snapshotting anchor model.
update 350/390 | step=716800 | SPS=1249
update 360/390 | step=737280 | SPS=1248
update 370/390 | step=757760 | SPS=1246
update 380/390 | step=778240 | SPS=1245
update 390/390 | step=798720 | SPS=1243
Episode 30/30 | reward=-2.2190 | avg10=1.6771 | avg_success_rate=0.4800 | steps=38 | time=645.7s
  [brain ckpt] runs/calib8x8_brain_neuromod_trainable_declr_slowbrain_seed1_20260701-183955/episode_30/brain_ep30.pt
Saved Brain model to: runs/calib8x8_brain_neuromod_trainable_declr_slowbrain_seed1_20260701-183955/brain_model.pt

Brain training complete. Total RL episodes: 30
