Saved configuration to: runs/calib8x8_brain_neuromod_trainable_declr_seed3_20260701-231428/config.txt
Training Brain on cuda for 30 RL episodes
  Inner: 800000 timesteps, regime switch every 100000 steps
  Parallel Envs: 1
  Brain vectorization: sync
  Decision interval: 10 inner updates

--- Starting Meta-RL PPO Training (Target: 30) ---
update 10/390 | step=20480 | SPS=1210
update 20/390 | step=40960 | SPS=1219
update 30/390 | step=61440 | SPS=1278
update 40/390 | step=81920 | SPS=1286
[100016] Regime switch detected! 0 -> 1. Snapshotting anchor model.
update 50/390 | step=102400 | SPS=1271
update 60/390 | step=122880 | SPS=1273
update 70/390 | step=143360 | SPS=1279
update 80/390 | step=163840 | SPS=1270
update 90/390 | step=184320 | SPS=1263
[200016] Regime switch detected! 1 -> 0. Snapshotting anchor model.
update 100/390 | step=204800 | SPS=1259
update 110/390 | step=225280 | SPS=1253
update 120/390 | step=245760 | SPS=1252
update 130/390 | step=266240 | SPS=1247
update 140/390 | step=286720 | SPS=1245
[300016] Regime switch detected! 0 -> 1. Snapshotting anchor model.
update 150/390 | step=307200 | SPS=1249
update 160/390 | step=327680 | SPS=1247
update 170/390 | step=348160 | SPS=1244
update 180/390 | step=368640 | SPS=1243
update 190/390 | step=389120 | SPS=1247
[400016] Regime switch detected! 1 -> 0. Snapshotting anchor model.
update 200/390 | step=409600 | SPS=1250
update 210/390 | step=430080 | SPS=1254
update 220/390 | step=450560 | SPS=1256
update 230/390 | step=471040 | SPS=1260
update 240/390 | step=491520 | SPS=1263
[500016] Regime switch detected! 0 -> 1. Snapshotting anchor model.
update 250/390 | step=512000 | SPS=1263
update 260/390 | step=532480 | SPS=1262
update 270/390 | step=552960 | SPS=1262
update 280/390 | step=573440 | SPS=1264
update 290/390 | step=593920 | SPS=1266
[600016] Regime switch detected! 1 -> 0. Snapshotting anchor model.
update 300/390 | step=614400 | SPS=1263
update 310/390 | step=634880 | SPS=1260
update 320/390 | step=655360 | SPS=1259
update 330/390 | step=675840 | SPS=1260
update 340/390 | step=696320 | SPS=1257
[700016] Regime switch detected! 0 -> 1. Snapshotting anchor model.
update 350/390 | step=716800 | SPS=1257
update 360/390 | step=737280 | SPS=1257
update 370/390 | step=757760 | SPS=1256
update 380/390 | step=778240 | SPS=1258
update 390/390 | step=798720 | SPS=1260
Episode 1/30 | reward=4.6355 | avg10=4.6355 | avg_success_rate=0.9800 | steps=38 | time=636.6s
update 10/390 | step=20480 | SPS=1412
update 20/390 | step=40960 | SPS=1310
update 30/390 | step=61440 | SPS=1306
update 40/390 | step=81920 | SPS=1305
[100016] Regime switch detected! 0 -> 1. Snapshotting anchor model.
update 50/390 | step=102400 | SPS=1294
update 60/390 | step=122880 | SPS=1273
update 70/390 | step=143360 | SPS=1262
update 80/390 | step=163840 | SPS=1259
update 90/390 | step=184320 | SPS=1253
[200016] Regime switch detected! 1 -> 0. Snapshotting anchor model.
update 100/390 | step=204800 | SPS=1253
update 110/390 | step=225280 | SPS=1257
update 120/390 | step=245760 | SPS=1252
update 130/390 | step=266240 | SPS=1249
update 140/390 | step=286720 | SPS=1245
[300016] Regime switch detected! 0 -> 1. Snapshotting anchor model.
update 150/390 | step=307200 | SPS=1248
update 160/390 | step=327680 | SPS=1253
update 170/390 | step=348160 | SPS=1258
update 180/390 | step=368640 | SPS=1260
update 190/390 | step=389120 | SPS=1263
[400016] Regime switch detected! 1 -> 0. Snapshotting anchor model.
update 200/390 | step=409600 | SPS=1265
update 210/390 | step=430080 | SPS=1262
update 220/390 | step=450560 | SPS=1261
update 230/390 | step=471040 | SPS=1261
update 240/390 | step=491520 | SPS=1261
[500016] Regime switch detected! 0 -> 1. Snapshotting anchor model.
update 250/390 | step=512000 | SPS=1262
update 260/390 | step=532480 | SPS=1264
update 270/390 | step=552960 | SPS=1267
update 280/390 | step=573440 | SPS=1268
update 290/390 | step=593920 | SPS=1270
[600016] Regime switch detected! 1 -> 0. Snapshotting anchor model.
update 300/390 | step=614400 | SPS=1271
update 310/390 | step=634880 | SPS=1270
update 320/390 | step=655360 | SPS=1270
update 330/390 | step=675840 | SPS=1269
update 340/390 | step=696320 | SPS=1268
[700016] Regime switch detected! 0 -> 1. Snapshotting anchor model.
update 350/390 | step=716800 | SPS=1270
update 360/390 | step=737280 | SPS=1270
update 370/390 | step=757760 | SPS=1271
update 380/390 | step=778240 | SPS=1270
update 390/390 | step=798720 | SPS=1271
Episode 2/30 | reward=3.3951 | avg10=4.0153 | avg_success_rate=0.7500 | steps=38 | time=631.3s
update 10/390 | step=20480 | SPS=1283
update 20/390 | step=40960 | SPS=1252
update 30/390 | step=61440 | SPS=1253
update 40/390 | step=81920 | SPS=1244
[100016] Regime switch detected! 0 -> 1. Snapshotting anchor model.
update 50/390 | step=102400 | SPS=1245
update 60/390 | step=122880 | SPS=1236
update 70/390 | step=143360 | SPS=1239
update 80/390 | step=163840 | SPS=1246
update 90/390 | step=184320 | SPS=1244
[200016] Regime switch detected! 1 -> 0. Snapshotting anchor model.
update 100/390 | step=204800 | SPS=1240
update 110/390 | step=225280 | SPS=1236
update 120/390 | step=245760 | SPS=1231
update 130/390 | step=266240 | SPS=1226
update 140/390 | step=286720 | SPS=1225
[300016] Regime switch detected! 0 -> 1. Snapshotting anchor model.
update 150/390 | step=307200 | SPS=1222
update 160/390 | step=327680 | SPS=1225
update 170/390 | step=348160 | SPS=1226
update 180/390 | step=368640 | SPS=1226
update 190/390 | step=389120 | SPS=1226
[400016] Regime switch detected! 1 -> 0. Snapshotting anchor model.
update 200/390 | step=409600 | SPS=1224
update 210/390 | step=430080 | SPS=1224
update 220/390 | step=450560 | SPS=1225
update 230/390 | step=471040 | SPS=1224
update 240/390 | step=491520 | SPS=1223
[500016] Regime switch detected! 0 -> 1. Snapshotting anchor model.
update 250/390 | step=512000 | SPS=1222
update 260/390 | step=532480 | SPS=1224
update 270/390 | step=552960 | SPS=1227
update 280/390 | step=573440 | SPS=1226
update 290/390 | step=593920 | SPS=1226
[600016] Regime switch detected! 1 -> 0. Snapshotting anchor model.
update 300/390 | step=614400 | SPS=1225
update 310/390 | step=634880 | SPS=1223
update 320/390 | step=655360 | SPS=1221
update 330/390 | step=675840 | SPS=1220
update 340/390 | step=696320 | SPS=1220
[700016] Regime switch detected! 0 -> 1. Snapshotting anchor model.
update 350/390 | step=716800 | SPS=1220
update 360/390 | step=737280 | SPS=1222
update 370/390 | step=757760 | SPS=1224
update 380/390 | step=778240 | SPS=1224
update 390/390 | step=798720 | SPS=1225
Episode 3/30 | reward=4.3866 | avg10=4.1391 | avg_success_rate=0.9700 | steps=38 | time=655.1s
update 10/390 | step=20480 | SPS=1304
update 20/390 | step=40960 | SPS=1281
update 30/390 | step=61440 | SPS=1298
update 40/390 | step=81920 | SPS=1303
[100016] Regime switch detected! 0 -> 1. Snapshotting anchor model.
update 50/390 | step=102400 | SPS=1310
update 60/390 | step=122880 | SPS=1309
update 70/390 | step=143360 | SPS=1311
update 80/390 | step=163840 | SPS=1296
update 90/390 | step=184320 | SPS=1297
[200016] Regime switch detected! 1 -> 0. Snapshotting anchor model.
update 100/390 | step=204800 | SPS=1299
update 110/390 | step=225280 | SPS=1300
update 120/390 | step=245760 | SPS=1293
update 130/390 | step=266240 | SPS=1296
update 140/390 | step=286720 | SPS=1297
[300016] Regime switch detected! 0 -> 1. Snapshotting anchor model.
update 150/390 | step=307200 | SPS=1298
update 160/390 | step=327680 | SPS=1300
update 170/390 | step=348160 | SPS=1302
update 180/390 | step=368640 | SPS=1300
update 190/390 | step=389120 | SPS=1298
[400016] Regime switch detected! 1 -> 0. Snapshotting anchor model.
update 200/390 | step=409600 | SPS=1293
update 210/390 | step=430080 | SPS=1291
update 220/390 | step=450560 | SPS=1289
update 230/390 | step=471040 | SPS=1288
update 240/390 | step=491520 | SPS=1285
[500016] Regime switch detected! 0 -> 1. Snapshotting anchor model.
update 250/390 | step=512000 | SPS=1282
update 260/390 | step=532480 | SPS=1282
update 270/390 | step=552960 | SPS=1282
update 280/390 | step=573440 | SPS=1280
update 290/390 | step=593920 | SPS=1280
[600016] Regime switch detected! 1 -> 0. Snapshotting anchor model.
update 300/390 | step=614400 | SPS=1282
update 310/390 | step=634880 | SPS=1282
update 320/390 | step=655360 | SPS=1284
update 330/390 | step=675840 | SPS=1284
update 340/390 | step=696320 | SPS=1284
[700016] Regime switch detected! 0 -> 1. Snapshotting anchor model.
update 350/390 | step=716800 | SPS=1283
update 360/390 | step=737280 | SPS=1283
update 370/390 | step=757760 | SPS=1284
update 380/390 | step=778240 | SPS=1288
update 390/390 | step=798720 | SPS=1291
Episode 4/30 | reward=2.0683 | avg10=3.6214 | avg_success_rate=0.6500 | steps=38 | time=621.5s
update 10/390 | step=20480 | SPS=1368
update 20/390 | step=40960 | SPS=1385
update 30/390 | step=61440 | SPS=1429
update 40/390 | step=81920 | SPS=1439
[100016] Regime switch detected! 0 -> 1. Snapshotting anchor model.
update 50/390 | step=102400 | SPS=1438
update 60/390 | step=122880 | SPS=1429
update 70/390 | step=143360 | SPS=1431
update 80/390 | step=163840 | SPS=1417
update 90/390 | step=184320 | SPS=1407
[200016] Regime switch detected! 1 -> 0. Snapshotting anchor model.
update 100/390 | step=204800 | SPS=1398
update 110/390 | step=225280 | SPS=1395
update 120/390 | step=245760 | SPS=1401
update 130/390 | step=266240 | SPS=1409
update 140/390 | step=286720 | SPS=1414
[300016] Regime switch detected! 0 -> 1. Snapshotting anchor model.
update 150/390 | step=307200 | SPS=1417
update 160/390 | step=327680 | SPS=1411
update 170/390 | step=348160 | SPS=1409
update 180/390 | step=368640 | SPS=1411
update 190/390 | step=389120 | SPS=1416
[400016] Regime switch detected! 1 -> 0. Snapshotting anchor model.
update 200/390 | step=409600 | SPS=1419
update 210/390 | step=430080 | SPS=1421
update 220/390 | step=450560 | SPS=1421
update 230/390 | step=471040 | SPS=1416
update 240/390 | step=491520 | SPS=1410
[500016] Regime switch detected! 0 -> 1. Snapshotting anchor model.
update 250/390 | step=512000 | SPS=1406
update 260/390 | step=532480 | SPS=1402
update 270/390 | step=552960 | SPS=1399
update 280/390 | step=573440 | SPS=1395
update 290/390 | step=593920 | SPS=1392
[600016] Regime switch detected! 1 -> 0. Snapshotting anchor model.
update 300/390 | step=614400 | SPS=1387
update 310/390 | step=634880 | SPS=1386
update 320/390 | step=655360 | SPS=1385
update 330/390 | step=675840 | SPS=1382
update 340/390 | step=696320 | SPS=1380
[700016] Regime switch detected! 0 -> 1. Snapshotting anchor model.
update 350/390 | step=716800 | SPS=1377
update 360/390 | step=737280 | SPS=1375
update 370/390 | step=757760 | SPS=1373
update 380/390 | step=778240 | SPS=1370
update 390/390 | step=798720 | SPS=1368
Episode 5/30 | reward=3.6080 | avg10=3.6187 | avg_success_rate=0.8600 | steps=38 | time=587.0s
  [brain ckpt] runs/calib8x8_brain_neuromod_trainable_declr_seed3_20260701-231428/episode_5/brain_ep5.pt
update 10/390 | step=20480 | SPS=1358
update 20/390 | step=40960 | SPS=1403
update 30/390 | step=61440 | SPS=1386
update 40/390 | step=81920 | SPS=1362
[100016] Regime switch detected! 0 -> 1. Snapshotting anchor model.
update 50/390 | step=102400 | SPS=1359
update 60/390 | step=122880 | SPS=1365
update 70/390 | step=143360 | SPS=1371
update 80/390 | step=163840 | SPS=1382
update 90/390 | step=184320 | SPS=1386
[200016] Regime switch detected! 1 -> 0. Snapshotting anchor model.
update 100/390 | step=204800 | SPS=1375
update 110/390 | step=225280 | SPS=1379
update 120/390 | step=245760 | SPS=1372
update 130/390 | step=266240 | SPS=1368
update 140/390 | step=286720 | SPS=1371
[300016] Regime switch detected! 0 -> 1. Snapshotting anchor model.
update 150/390 | step=307200 | SPS=1372
update 160/390 | step=327680 | SPS=1372
update 170/390 | step=348160 | SPS=1369
update 180/390 | step=368640 | SPS=1363
update 190/390 | step=389120 | SPS=1359
[400016] Regime switch detected! 1 -> 0. Snapshotting anchor model.
update 200/390 | step=409600 | SPS=1355
update 210/390 | step=430080 | SPS=1351
update 220/390 | step=450560 | SPS=1353
update 230/390 | step=471040 | SPS=1353
update 240/390 | step=491520 | SPS=1351
[500016] Regime switch detected! 0 -> 1. Snapshotting anchor model.
update 250/390 | step=512000 | SPS=1348
update 260/390 | step=532480 | SPS=1346
update 270/390 | step=552960 | SPS=1345
update 280/390 | step=573440 | SPS=1348
update 290/390 | step=593920 | SPS=1353
[600016] Regime switch detected! 1 -> 0. Snapshotting anchor model.
update 300/390 | step=614400 | SPS=1355
update 310/390 | step=634880 | SPS=1359
update 320/390 | step=655360 | SPS=1363
update 330/390 | step=675840 | SPS=1367
update 340/390 | step=696320 | SPS=1370
[700016] Regime switch detected! 0 -> 1. Snapshotting anchor model.
update 350/390 | step=716800 | SPS=1369
update 360/390 | step=737280 | SPS=1369
update 370/390 | step=757760 | SPS=1371
update 380/390 | step=778240 | SPS=1373
update 390/390 | step=798720 | SPS=1375
Episode 6/30 | reward=3.4822 | avg10=3.5959 | avg_success_rate=0.7300 | steps=38 | time=583.7s
update 10/390 | step=20480 | SPS=1535
update 20/390 | step=40960 | SPS=1521
update 30/390 | step=61440 | SPS=1519
update 40/390 | step=81920 | SPS=1504
[100016] Regime switch detected! 0 -> 1. Snapshotting anchor model.
update 50/390 | step=102400 | SPS=1471
update 60/390 | step=122880 | SPS=1468
update 70/390 | step=143360 | SPS=1451
update 80/390 | step=163840 | SPS=1438
update 90/390 | step=184320 | SPS=1446
[200016] Regime switch detected! 1 -> 0. Snapshotting anchor model.
update 100/390 | step=204800 | SPS=1448
update 110/390 | step=225280 | SPS=1430
update 120/390 | step=245760 | SPS=1416
update 130/390 | step=266240 | SPS=1416
update 140/390 | step=286720 | SPS=1407
[300016] Regime switch detected! 0 -> 1. Snapshotting anchor model.
update 150/390 | step=307200 | SPS=1401
update 160/390 | step=327680 | SPS=1396
update 170/390 | step=348160 | SPS=1388
update 180/390 | step=368640 | SPS=1382
update 190/390 | step=389120 | SPS=1377
[400016] Regime switch detected! 1 -> 0. Snapshotting anchor model.
update 200/390 | step=409600 | SPS=1371
update 210/390 | step=430080 | SPS=1367
update 220/390 | step=450560 | SPS=1364
update 230/390 | step=471040 | SPS=1366
update 240/390 | step=491520 | SPS=1371
[500016] Regime switch detected! 0 -> 1. Snapshotting anchor model.
update 250/390 | step=512000 | SPS=1369
update 260/390 | step=532480 | SPS=1369
update 270/390 | step=552960 | SPS=1373
update 280/390 | step=573440 | SPS=1377
update 290/390 | step=593920 | SPS=1376
[600016] Regime switch detected! 1 -> 0. Snapshotting anchor model.
update 300/390 | step=614400 | SPS=1374
update 310/390 | step=634880 | SPS=1371
update 320/390 | step=655360 | SPS=1369
update 330/390 | step=675840 | SPS=1367
update 340/390 | step=696320 | SPS=1367
[700016] Regime switch detected! 0 -> 1. Snapshotting anchor model.
update 350/390 | step=716800 | SPS=1365
update 360/390 | step=737280 | SPS=1363
update 370/390 | step=757760 | SPS=1361
update 380/390 | step=778240 | SPS=1360
update 390/390 | step=798720 | SPS=1358
Episode 7/30 | reward=1.6533 | avg10=3.3184 | avg_success_rate=0.9000 | steps=38 | time=591.0s
update 10/390 | step=20480 | SPS=1443
update 20/390 | step=40960 | SPS=1379
update 30/390 | step=61440 | SPS=1367
update 40/390 | step=81920 | SPS=1346
[100016] Regime switch detected! 0 -> 1. Snapshotting anchor model.
update 50/390 | step=102400 | SPS=1346
update 60/390 | step=122880 | SPS=1351
update 70/390 | step=143360 | SPS=1364
update 80/390 | step=163840 | SPS=1358
update 90/390 | step=184320 | SPS=1352
[200016] Regime switch detected! 1 -> 0. Snapshotting anchor model.
update 100/390 | step=204800 | SPS=1348
update 110/390 | step=225280 | SPS=1340
update 120/390 | step=245760 | SPS=1334
update 130/390 | step=266240 | SPS=1331
update 140/390 | step=286720 | SPS=1326
[300016] Regime switch detected! 0 -> 1. Snapshotting anchor model.
update 150/390 | step=307200 | SPS=1332
update 160/390 | step=327680 | SPS=1339
update 170/390 | step=348160 | SPS=1338
update 180/390 | step=368640 | SPS=1343
update 190/390 | step=389120 | SPS=1350
[400016] Regime switch detected! 1 -> 0. Snapshotting anchor model.
update 200/390 | step=409600 | SPS=1356
update 210/390 | step=430080 | SPS=1355
update 220/390 | step=450560 | SPS=1354
update 230/390 | step=471040 | SPS=1355
update 240/390 | step=491520 | SPS=1353
[500016] Regime switch detected! 0 -> 1. Snapshotting anchor model.
update 250/390 | step=512000 | SPS=1350
update 260/390 | step=532480 | SPS=1348
update 270/390 | step=552960 | SPS=1345
update 280/390 | step=573440 | SPS=1343
update 290/390 | step=593920 | SPS=1341
[600016] Regime switch detected! 1 -> 0. Snapshotting anchor model.
update 300/390 | step=614400 | SPS=1340
update 310/390 | step=634880 | SPS=1340
update 320/390 | step=655360 | SPS=1339
update 330/390 | step=675840 | SPS=1338
update 340/390 | step=696320 | SPS=1337
[700016] Regime switch detected! 0 -> 1. Snapshotting anchor model.
update 350/390 | step=716800 | SPS=1336
update 360/390 | step=737280 | SPS=1335
update 370/390 | step=757760 | SPS=1335
update 380/390 | step=778240 | SPS=1334
update 390/390 | step=798720 | SPS=1333
Episode 8/30 | reward=3.7295 | avg10=3.3698 | avg_success_rate=0.9700 | steps=38 | time=602.5s
update 10/390 | step=20480 | SPS=1358
update 20/390 | step=40960 | SPS=1334
update 30/390 | step=61440 | SPS=1388
update 40/390 | step=81920 | SPS=1409
[100016] Regime switch detected! 0 -> 1. Snapshotting anchor model.
update 50/390 | step=102400 | SPS=1389
update 60/390 | step=122880 | SPS=1374
update 70/390 | step=143360 | SPS=1371
update 80/390 | step=163840 | SPS=1367
update 90/390 | step=184320 | SPS=1360
[200016] Regime switch detected! 1 -> 0. Snapshotting anchor model.
update 100/390 | step=204800 | SPS=1359
update 110/390 | step=225280 | SPS=1360
update 120/390 | step=245760 | SPS=1359
update 130/390 | step=266240 | SPS=1354
update 140/390 | step=286720 | SPS=1349
[300016] Regime switch detected! 0 -> 1. Snapshotting anchor model.
update 150/390 | step=307200 | SPS=1346
update 160/390 | step=327680 | SPS=1343
update 170/390 | step=348160 | SPS=1345
update 180/390 | step=368640 | SPS=1349
update 190/390 | step=389120 | SPS=1355
[400016] Regime switch detected! 1 -> 0. Snapshotting anchor model.
update 200/390 | step=409600 | SPS=1356
update 210/390 | step=430080 | SPS=1354
update 220/390 | step=450560 | SPS=1350
update 230/390 | step=471040 | SPS=1348
update 240/390 | step=491520 | SPS=1346
[500016] Regime switch detected! 0 -> 1. Snapshotting anchor model.
update 250/390 | step=512000 | SPS=1343
update 260/390 | step=532480 | SPS=1348
update 270/390 | step=552960 | SPS=1352
update 280/390 | step=573440 | SPS=1356
update 290/390 | step=593920 | SPS=1360
[600016] Regime switch detected! 1 -> 0. Snapshotting anchor model.
update 300/390 | step=614400 | SPS=1365
update 310/390 | step=634880 | SPS=1368
update 320/390 | step=655360 | SPS=1370
update 330/390 | step=675840 | SPS=1368
update 340/390 | step=696320 | SPS=1366
[700016] Regime switch detected! 0 -> 1. Snapshotting anchor model.
update 350/390 | step=716800 | SPS=1364
update 360/390 | step=737280 | SPS=1362
update 370/390 | step=757760 | SPS=1362
update 380/390 | step=778240 | SPS=1363
update 390/390 | step=798720 | SPS=1364
Episode 9/30 | reward=4.0396 | avg10=3.4442 | avg_success_rate=0.9800 | steps=38 | time=588.8s
update 10/390 | step=20480 | SPS=1548
update 20/390 | step=40960 | SPS=1552
update 30/390 | step=61440 | SPS=1542
update 40/390 | step=81920 | SPS=1528
[100016] Regime switch detected! 0 -> 1. Snapshotting anchor model.
update 50/390 | step=102400 | SPS=1501
update 60/390 | step=122880 | SPS=1491
update 70/390 | step=143360 | SPS=1475
update 80/390 | step=163840 | SPS=1448
update 90/390 | step=184320 | SPS=1442
[200016] Regime switch detected! 1 -> 0. Snapshotting anchor model.
update 100/390 | step=204800 | SPS=1423
update 110/390 | step=225280 | SPS=1422
update 120/390 | step=245760 | SPS=1427
update 130/390 | step=266240 | SPS=1428
update 140/390 | step=286720 | SPS=1429
[300016] Regime switch detected! 0 -> 1. Snapshotting anchor model.
update 150/390 | step=307200 | SPS=1418
update 160/390 | step=327680 | SPS=1410
update 170/390 | step=348160 | SPS=1411
update 180/390 | step=368640 | SPS=1403
update 190/390 | step=389120 | SPS=1399
[400016] Regime switch detected! 1 -> 0. Snapshotting anchor model.
update 200/390 | step=409600 | SPS=1393
update 210/390 | step=430080 | SPS=1388
update 220/390 | step=450560 | SPS=1385
update 230/390 | step=471040 | SPS=1390
update 240/390 | step=491520 | SPS=1387
[500016] Regime switch detected! 0 -> 1. Snapshotting anchor model.
update 250/390 | step=512000 | SPS=1382
update 260/390 | step=532480 | SPS=1378
update 270/390 | step=552960 | SPS=1382
update 280/390 | step=573440 | SPS=1384
update 290/390 | step=593920 | SPS=1385
[600016] Regime switch detected! 1 -> 0. Snapshotting anchor model.
update 300/390 | step=614400 | SPS=1385
update 310/390 | step=634880 | SPS=1387
update 320/390 | step=655360 | SPS=1390
update 330/390 | step=675840 | SPS=1388
update 340/390 | step=696320 | SPS=1386
[700016] Regime switch detected! 0 -> 1. Snapshotting anchor model.
update 350/390 | step=716800 | SPS=1384
update 360/390 | step=737280 | SPS=1382
update 370/390 | step=757760 | SPS=1382
update 380/390 | step=778240 | SPS=1379
update 390/390 | step=798720 | SPS=1379
Episode 10/30 | reward=1.2593 | avg10=3.2257 | avg_success_rate=0.6600 | steps=38 | time=582.0s
  [brain ckpt] runs/calib8x8_brain_neuromod_trainable_declr_seed3_20260701-231428/episode_10/brain_ep10.pt
update 10/390 | step=20480 | SPS=1521
update 20/390 | step=40960 | SPS=1436
update 30/390 | step=61440 | SPS=1400
update 40/390 | step=81920 | SPS=1370
[100016] Regime switch detected! 0 -> 1. Snapshotting anchor model.
update 50/390 | step=102400 | SPS=1354
update 60/390 | step=122880 | SPS=1340
update 70/390 | step=143360 | SPS=1346
update 80/390 | step=163840 | SPS=1347
update 90/390 | step=184320 | SPS=1343
[200016] Regime switch detected! 1 -> 0. Snapshotting anchor model.
update 100/390 | step=204800 | SPS=1335
update 110/390 | step=225280 | SPS=1331
update 120/390 | step=245760 | SPS=1326
update 130/390 | step=266240 | SPS=1323
update 140/390 | step=286720 | SPS=1319
[300016] Regime switch detected! 0 -> 1. Snapshotting anchor model.
update 150/390 | step=307200 | SPS=1318
update 160/390 | step=327680 | SPS=1316
update 170/390 | step=348160 | SPS=1315
update 180/390 | step=368640 | SPS=1315
update 190/390 | step=389120 | SPS=1322
[400016] Regime switch detected! 1 -> 0. Snapshotting anchor model.
update 200/390 | step=409600 | SPS=1328
update 210/390 | step=430080 | SPS=1330
update 220/390 | step=450560 | SPS=1335
update 230/390 | step=471040 | SPS=1336
update 240/390 | step=491520 | SPS=1335
[500016] Regime switch detected! 0 -> 1. Snapshotting anchor model.
update 250/390 | step=512000 | SPS=1338
update 260/390 | step=532480 | SPS=1338
update 270/390 | step=552960 | SPS=1341
update 280/390 | step=573440 | SPS=1346
update 290/390 | step=593920 | SPS=1350
[600016] Regime switch detected! 1 -> 0. Snapshotting anchor model.
update 300/390 | step=614400 | SPS=1353
update 310/390 | step=634880 | SPS=1357
update 320/390 | step=655360 | SPS=1357
update 330/390 | step=675840 | SPS=1355
update 340/390 | step=696320 | SPS=1353
[700016] Regime switch detected! 0 -> 1. Snapshotting anchor model.
update 350/390 | step=716800 | SPS=1357
update 360/390 | step=737280 | SPS=1358
update 370/390 | step=757760 | SPS=1361
update 380/390 | step=778240 | SPS=1363
update 390/390 | step=798720 | SPS=1363
Episode 11/30 | reward=4.4760 | avg10=3.2098 | avg_success_rate=0.9800 | steps=38 | time=589.1s
update 10/390 | step=20480 | SPS=1345
update 20/390 | step=40960 | SPS=1332
update 30/390 | step=61440 | SPS=1332
update 40/390 | step=81920 | SPS=1332
[100016] Regime switch detected! 0 -> 1. Snapshotting anchor model.
update 50/390 | step=102400 | SPS=1356
update 60/390 | step=122880 | SPS=1365
update 70/390 | step=143360 | SPS=1364
update 80/390 | step=163840 | SPS=1354
update 90/390 | step=184320 | SPS=1348
[200016] Regime switch detected! 1 -> 0. Snapshotting anchor model.
update 100/390 | step=204800 | SPS=1342
update 110/390 | step=225280 | SPS=1337
update 120/390 | step=245760 | SPS=1340
update 130/390 | step=266240 | SPS=1337
update 140/390 | step=286720 | SPS=1335
[300016] Regime switch detected! 0 -> 1. Snapshotting anchor model.
update 150/390 | step=307200 | SPS=1334
update 160/390 | step=327680 | SPS=1333
update 170/390 | step=348160 | SPS=1333
update 180/390 | step=368640 | SPS=1331
update 190/390 | step=389120 | SPS=1330
[400016] Regime switch detected! 1 -> 0. Snapshotting anchor model.
update 200/390 | step=409600 | SPS=1327
update 210/390 | step=430080 | SPS=1326
update 220/390 | step=450560 | SPS=1326
update 230/390 | step=471040 | SPS=1326
update 240/390 | step=491520 | SPS=1327
[500016] Regime switch detected! 0 -> 1. Snapshotting anchor model.
update 250/390 | step=512000 | SPS=1330
update 260/390 | step=532480 | SPS=1331
update 270/390 | step=552960 | SPS=1329
update 280/390 | step=573440 | SPS=1328
update 290/390 | step=593920 | SPS=1327
[600016] Regime switch detected! 1 -> 0. Snapshotting anchor model.
update 300/390 | step=614400 | SPS=1327
update 310/390 | step=634880 | SPS=1328
update 320/390 | step=655360 | SPS=1327
update 330/390 | step=675840 | SPS=1328
update 340/390 | step=696320 | SPS=1329
[700016] Regime switch detected! 0 -> 1. Snapshotting anchor model.
update 350/390 | step=716800 | SPS=1329
update 360/390 | step=737280 | SPS=1328
update 370/390 | step=757760 | SPS=1327
update 380/390 | step=778240 | SPS=1327
update 390/390 | step=798720 | SPS=1325
Episode 12/30 | reward=3.0018 | avg10=3.1705 | avg_success_rate=0.9600 | steps=38 | time=605.6s
update 10/390 | step=20480 | SPS=1346
update 20/390 | step=40960 | SPS=1415
update 30/390 | step=61440 | SPS=1389
update 40/390 | step=81920 | SPS=1368
[100016] Regime switch detected! 0 -> 1. Snapshotting anchor model.
update 50/390 | step=102400 | SPS=1357
update 60/390 | step=122880 | SPS=1345
update 70/390 | step=143360 | SPS=1342
update 80/390 | step=163840 | SPS=1348
update 90/390 | step=184320 | SPS=1356
[200016] Regime switch detected! 1 -> 0. Snapshotting anchor model.
update 100/390 | step=204800 | SPS=1355
update 110/390 | step=225280 | SPS=1367
update 120/390 | step=245760 | SPS=1365
update 130/390 | step=266240 | SPS=1363
update 140/390 | step=286720 | SPS=1366
[300016] Regime switch detected! 0 -> 1. Snapshotting anchor model.
update 150/390 | step=307200 | SPS=1368
update 160/390 | step=327680 | SPS=1376
update 170/390 | step=348160 | SPS=1383
update 180/390 | step=368640 | SPS=1383
update 190/390 | step=389120 | SPS=1379
[400016] Regime switch detected! 1 -> 0. Snapshotting anchor model.
update 200/390 | step=409600 | SPS=1375
update 210/390 | step=430080 | SPS=1376
update 220/390 | step=450560 | SPS=1373
update 230/390 | step=471040 | SPS=1375
update 240/390 | step=491520 | SPS=1374
[500016] Regime switch detected! 0 -> 1. Snapshotting anchor model.
update 250/390 | step=512000 | SPS=1370
update 260/390 | step=532480 | SPS=1368
update 270/390 | step=552960 | SPS=1366
update 280/390 | step=573440 | SPS=1362
update 290/390 | step=593920 | SPS=1362
[600016] Regime switch detected! 1 -> 0. Snapshotting anchor model.
update 300/390 | step=614400 | SPS=1366
update 310/390 | step=634880 | SPS=1363
update 320/390 | step=655360 | SPS=1364
update 330/390 | step=675840 | SPS=1365
update 340/390 | step=696320 | SPS=1364
[700016] Regime switch detected! 0 -> 1. Snapshotting anchor model.
update 350/390 | step=716800 | SPS=1362
update 360/390 | step=737280 | SPS=1360
update 370/390 | step=757760 | SPS=1359
update 380/390 | step=778240 | SPS=1357
update 390/390 | step=798720 | SPS=1356
Episode 13/30 | reward=3.9703 | avg10=3.1288 | avg_success_rate=1.0000 | steps=38 | time=592.1s
update 10/390 | step=20480 | SPS=1363
update 20/390 | step=40960 | SPS=1340
update 30/390 | step=61440 | SPS=1376
update 40/390 | step=81920 | SPS=1403
[100016] Regime switch detected! 0 -> 1. Snapshotting anchor model.
update 50/390 | step=102400 | SPS=1423
update 60/390 | step=122880 | SPS=1418
update 70/390 | step=143360 | SPS=1400
update 80/390 | step=163840 | SPS=1407
update 90/390 | step=184320 | SPS=1418
[200016] Regime switch detected! 1 -> 0. Snapshotting anchor model.
update 100/390 | step=204800 | SPS=1428
update 110/390 | step=225280 | SPS=1432
update 120/390 | step=245760 | SPS=1436
update 130/390 | step=266240 | SPS=1440
update 140/390 | step=286720 | SPS=1441
[300016] Regime switch detected! 0 -> 1. Snapshotting anchor model.
update 150/390 | step=307200 | SPS=1440
update 160/390 | step=327680 | SPS=1443
update 170/390 | step=348160 | SPS=1444
update 180/390 | step=368640 | SPS=1446
update 190/390 | step=389120 | SPS=1441
[400016] Regime switch detected! 1 -> 0. Snapshotting anchor model.
update 200/390 | step=409600 | SPS=1442
update 210/390 | step=430080 | SPS=1444
update 220/390 | step=450560 | SPS=1435
update 230/390 | step=471040 | SPS=1428
update 240/390 | step=491520 | SPS=1421
[500016] Regime switch detected! 0 -> 1. Snapshotting anchor model.
update 250/390 | step=512000 | SPS=1423
update 260/390 | step=532480 | SPS=1422
update 270/390 | step=552960 | SPS=1416
update 280/390 | step=573440 | SPS=1412
update 290/390 | step=593920 | SPS=1408
[600016] Regime switch detected! 1 -> 0. Snapshotting anchor model.
update 300/390 | step=614400 | SPS=1403
update 310/390 | step=634880 | SPS=1400
update 320/390 | step=655360 | SPS=1403
update 330/390 | step=675840 | SPS=1407
update 340/390 | step=696320 | SPS=1409
[700016] Regime switch detected! 0 -> 1. Snapshotting anchor model.
update 350/390 | step=716800 | SPS=1405
update 360/390 | step=737280 | SPS=1404
update 370/390 | step=757760 | SPS=1405
update 380/390 | step=778240 | SPS=1403
update 390/390 | step=798720 | SPS=1402
Episode 14/30 | reward=0.5048 | avg10=2.9725 | avg_success_rate=0.6900 | steps=38 | time=572.8s
update 10/390 | step=20480 | SPS=1366
update 20/390 | step=40960 | SPS=1357
update 30/390 | step=61440 | SPS=1383
update 40/390 | step=81920 | SPS=1370
[100016] Regime switch detected! 0 -> 1. Snapshotting anchor model.
update 50/390 | step=102400 | SPS=1362
update 60/390 | step=122880 | SPS=1351
update 70/390 | step=143360 | SPS=1342
update 80/390 | step=163840 | SPS=1339
update 90/390 | step=184320 | SPS=1340
[200016] Regime switch detected! 1 -> 0. Snapshotting anchor model.
update 100/390 | step=204800 | SPS=1355
update 110/390 | step=225280 | SPS=1364
update 120/390 | step=245760 | SPS=1359
update 130/390 | step=266240 | SPS=1362
update 140/390 | step=286720 | SPS=1366
[300016] Regime switch detected! 0 -> 1. Snapshotting anchor model.
update 150/390 | step=307200 | SPS=1367
update 160/390 | step=327680 | SPS=1364
update 170/390 | step=348160 | SPS=1367
update 180/390 | step=368640 | SPS=1373
update 190/390 | step=389120 | SPS=1380
[400016] Regime switch detected! 1 -> 0. Snapshotting anchor model.
update 200/390 | step=409600 | SPS=1387
update 210/390 | step=430080 | SPS=1392
update 220/390 | step=450560 | SPS=1394
update 230/390 | step=471040 | SPS=1394
update 240/390 | step=491520 | SPS=1389
[500016] Regime switch detected! 0 -> 1. Snapshotting anchor model.
update 250/390 | step=512000 | SPS=1383
update 260/390 | step=532480 | SPS=1379
update 270/390 | step=552960 | SPS=1376
update 280/390 | step=573440 | SPS=1371
update 290/390 | step=593920 | SPS=1368
[600016] Regime switch detected! 1 -> 0. Snapshotting anchor model.
update 300/390 | step=614400 | SPS=1366
update 310/390 | step=634880 | SPS=1366
update 320/390 | step=655360 | SPS=1368
update 330/390 | step=675840 | SPS=1370
update 340/390 | step=696320 | SPS=1373
[700016] Regime switch detected! 0 -> 1. Snapshotting anchor model.
update 350/390 | step=716800 | SPS=1376
update 360/390 | step=737280 | SPS=1379
update 370/390 | step=757760 | SPS=1382
update 380/390 | step=778240 | SPS=1385
update 390/390 | step=798720 | SPS=1386
Episode 15/30 | reward=3.5438 | avg10=2.9661 | avg_success_rate=0.9500 | steps=38 | time=579.3s
  [brain ckpt] runs/calib8x8_brain_neuromod_trainable_declr_seed3_20260701-231428/episode_15/brain_ep15.pt
update 10/390 | step=20480 | SPS=1547
update 20/390 | step=40960 | SPS=1449
update 30/390 | step=61440 | SPS=1459
update 40/390 | step=81920 | SPS=1468
[100016] Regime switch detected! 0 -> 1. Snapshotting anchor model.
update 50/390 | step=102400 | SPS=1476
update 60/390 | step=122880 | SPS=1464
update 70/390 | step=143360 | SPS=1459
update 80/390 | step=163840 | SPS=1460
update 90/390 | step=184320 | SPS=1465
[200016] Regime switch detected! 1 -> 0. Snapshotting anchor model.
update 100/390 | step=204800 | SPS=1465
update 110/390 | step=225280 | SPS=1467
update 120/390 | step=245760 | SPS=1453
update 130/390 | step=266240 | SPS=1452
update 140/390 | step=286720 | SPS=1454
[300016] Regime switch detected! 0 -> 1. Snapshotting anchor model.
update 150/390 | step=307200 | SPS=1458
update 160/390 | step=327680 | SPS=1461
update 170/390 | step=348160 | SPS=1459
update 180/390 | step=368640 | SPS=1449
update 190/390 | step=389120 | SPS=1447
[400016] Regime switch detected! 1 -> 0. Snapshotting anchor model.
update 200/390 | step=409600 | SPS=1449
update 210/390 | step=430080 | SPS=1450
update 220/390 | step=450560 | SPS=1451
update 230/390 | step=471040 | SPS=1445
update 240/390 | step=491520 | SPS=1442
[500016] Regime switch detected! 0 -> 1. Snapshotting anchor model.
update 250/390 | step=512000 | SPS=1436
update 260/390 | step=532480 | SPS=1429
update 270/390 | step=552960 | SPS=1425
update 280/390 | step=573440 | SPS=1420
update 290/390 | step=593920 | SPS=1416
[600016] Regime switch detected! 1 -> 0. Snapshotting anchor model.
update 300/390 | step=614400 | SPS=1413
update 310/390 | step=634880 | SPS=1408
update 320/390 | step=655360 | SPS=1406
update 330/390 | step=675840 | SPS=1401
update 340/390 | step=696320 | SPS=1402
[700016] Regime switch detected! 0 -> 1. Snapshotting anchor model.
update 350/390 | step=716800 | SPS=1402
update 360/390 | step=737280 | SPS=1404
update 370/390 | step=757760 | SPS=1402
update 380/390 | step=778240 | SPS=1400
update 390/390 | step=798720 | SPS=1398
Episode 16/30 | reward=3.8494 | avg10=3.0028 | avg_success_rate=0.9100 | steps=38 | time=574.2s
update 10/390 | step=20480 | SPS=1424
update 20/390 | step=40960 | SPS=1372
update 30/390 | step=61440 | SPS=1339
update 40/390 | step=81920 | SPS=1347
[100016] Regime switch detected! 0 -> 1. Snapshotting anchor model.
update 50/390 | step=102400 | SPS=1377
update 60/390 | step=122880 | SPS=1386
update 70/390 | step=143360 | SPS=1386
update 80/390 | step=163840 | SPS=1373
update 90/390 | step=184320 | SPS=1367
[200016] Regime switch detected! 1 -> 0. Snapshotting anchor model.
update 100/390 | step=204800 | SPS=1359
update 110/390 | step=225280 | SPS=1355
update 120/390 | step=245760 | SPS=1355
update 130/390 | step=266240 | SPS=1355
update 140/390 | step=286720 | SPS=1357
[300016] Regime switch detected! 0 -> 1. Snapshotting anchor model.
update 150/390 | step=307200 | SPS=1357
update 160/390 | step=327680 | SPS=1362
update 170/390 | step=348160 | SPS=1365
update 180/390 | step=368640 | SPS=1362
update 190/390 | step=389120 | SPS=1362
[400016] Regime switch detected! 1 -> 0. Snapshotting anchor model.
update 200/390 | step=409600 | SPS=1358
update 210/390 | step=430080 | SPS=1355
update 220/390 | step=450560 | SPS=1356
update 230/390 | step=471040 | SPS=1354
update 240/390 | step=491520 | SPS=1354
[500016] Regime switch detected! 0 -> 1. Snapshotting anchor model.
update 250/390 | step=512000 | SPS=1353
update 260/390 | step=532480 | SPS=1352
update 270/390 | step=552960 | SPS=1352
update 280/390 | step=573440 | SPS=1352
update 290/390 | step=593920 | SPS=1353
[600016] Regime switch detected! 1 -> 0. Snapshotting anchor model.
update 300/390 | step=614400 | SPS=1354
update 310/390 | step=634880 | SPS=1353
update 320/390 | step=655360 | SPS=1351
update 330/390 | step=675840 | SPS=1350
update 340/390 | step=696320 | SPS=1348
[700016] Regime switch detected! 0 -> 1. Snapshotting anchor model.
update 350/390 | step=716800 | SPS=1348
update 360/390 | step=737280 | SPS=1348
update 370/390 | step=757760 | SPS=1347
update 380/390 | step=778240 | SPS=1347
update 390/390 | step=798720 | SPS=1348
Episode 17/30 | reward=3.2613 | avg10=3.1636 | avg_success_rate=0.7600 | steps=38 | time=595.2s
update 10/390 | step=20480 | SPS=1376
update 20/390 | step=40960 | SPS=1359
update 30/390 | step=61440 | SPS=1329
update 40/390 | step=81920 | SPS=1336
[100016] Regime switch detected! 0 -> 1. Snapshotting anchor model.
update 50/390 | step=102400 | SPS=1335
update 60/390 | step=122880 | SPS=1338
update 70/390 | step=143360 | SPS=1339
update 80/390 | step=163840 | SPS=1330
update 90/390 | step=184320 | SPS=1341
[200016] Regime switch detected! 1 -> 0. Snapshotting anchor model.
update 100/390 | step=204800 | SPS=1343
update 110/390 | step=225280 | SPS=1350
update 120/390 | step=245760 | SPS=1356
update 130/390 | step=266240 | SPS=1363
update 140/390 | step=286720 | SPS=1372
[300016] Regime switch detected! 0 -> 1. Snapshotting anchor model.
update 150/390 | step=307200 | SPS=1379
update 160/390 | step=327680 | SPS=1385
update 170/390 | step=348160 | SPS=1384
update 180/390 | step=368640 | SPS=1387
update 190/390 | step=389120 | SPS=1382
[400016] Regime switch detected! 1 -> 0. Snapshotting anchor model.
update 200/390 | step=409600 | SPS=1376
update 210/390 | step=430080 | SPS=1372
update 220/390 | step=450560 | SPS=1369
update 230/390 | step=471040 | SPS=1366
update 240/390 | step=491520 | SPS=1370
[500016] Regime switch detected! 0 -> 1. Snapshotting anchor model.
update 250/390 | step=512000 | SPS=1374
update 260/390 | step=532480 | SPS=1379
update 270/390 | step=552960 | SPS=1381
update 280/390 | step=573440 | SPS=1384
update 290/390 | step=593920 | SPS=1383
[600016] Regime switch detected! 1 -> 0. Snapshotting anchor model.
update 300/390 | step=614400 | SPS=1380
update 310/390 | step=634880 | SPS=1377
update 320/390 | step=655360 | SPS=1375
update 330/390 | step=675840 | SPS=1376
update 340/390 | step=696320 | SPS=1375
[700016] Regime switch detected! 0 -> 1. Snapshotting anchor model.
update 350/390 | step=716800 | SPS=1373
update 360/390 | step=737280 | SPS=1373
update 370/390 | step=757760 | SPS=1374
update 380/390 | step=778240 | SPS=1376
update 390/390 | step=798720 | SPS=1379
Episode 18/30 | reward=4.2246 | avg10=3.2131 | avg_success_rate=0.7800 | steps=38 | time=582.0s
update 10/390 | step=20480 | SPS=1345
update 20/390 | step=40960 | SPS=1328
update 30/390 | step=61440 | SPS=1320
update 40/390 | step=81920 | SPS=1308
[100016] Regime switch detected! 0 -> 1. Snapshotting anchor model.
update 50/390 | step=102400 | SPS=1339
update 60/390 | step=122880 | SPS=1336
update 70/390 | step=143360 | SPS=1333
update 80/390 | step=163840 | SPS=1327
update 90/390 | step=184320 | SPS=1326
[200016] Regime switch detected! 1 -> 0. Snapshotting anchor model.
update 100/390 | step=204800 | SPS=1324
update 110/390 | step=225280 | SPS=1333
update 120/390 | step=245760 | SPS=1344
update 130/390 | step=266240 | SPS=1351
update 140/390 | step=286720 | SPS=1361
[300016] Regime switch detected! 0 -> 1. Snapshotting anchor model.
update 150/390 | step=307200 | SPS=1369
update 160/390 | step=327680 | SPS=1376
update 170/390 | step=348160 | SPS=1374
update 180/390 | step=368640 | SPS=1374
update 190/390 | step=389120 | SPS=1381
[400016] Regime switch detected! 1 -> 0. Snapshotting anchor model.
update 200/390 | step=409600 | SPS=1382
update 210/390 | step=430080 | SPS=1386
update 220/390 | step=450560 | SPS=1391
update 230/390 | step=471040 | SPS=1393
update 240/390 | step=491520 | SPS=1397
[500016] Regime switch detected! 0 -> 1. Snapshotting anchor model.
update 250/390 | step=512000 | SPS=1398
update 260/390 | step=532480 | SPS=1402
update 270/390 | step=552960 | SPS=1405
update 280/390 | step=573440 | SPS=1408
update 290/390 | step=593920 | SPS=1408
[600016] Regime switch detected! 1 -> 0. Snapshotting anchor model.
update 300/390 | step=614400 | SPS=1406
update 310/390 | step=634880 | SPS=1406
update 320/390 | step=655360 | SPS=1408
update 330/390 | step=675840 | SPS=1409
update 340/390 | step=696320 | SPS=1411
[700016] Regime switch detected! 0 -> 1. Snapshotting anchor model.
update 350/390 | step=716800 | SPS=1413
update 360/390 | step=737280 | SPS=1414
update 370/390 | step=757760 | SPS=1415
update 380/390 | step=778240 | SPS=1417
update 390/390 | step=798720 | SPS=1419
Episode 19/30 | reward=3.6639 | avg10=3.1755 | avg_success_rate=0.9600 | steps=38 | time=565.9s
update 10/390 | step=20480 | SPS=1361
update 20/390 | step=40960 | SPS=1337
update 30/390 | step=61440 | SPS=1316
update 40/390 | step=81920 | SPS=1311
[100016] Regime switch detected! 0 -> 1. Snapshotting anchor model.
update 50/390 | step=102400 | SPS=1310
update 60/390 | step=122880 | SPS=1315
update 70/390 | step=143360 | SPS=1323
update 80/390 | step=163840 | SPS=1331
update 90/390 | step=184320 | SPS=1333
[200016] Regime switch detected! 1 -> 0. Snapshotting anchor model.
update 100/390 | step=204800 | SPS=1329
update 110/390 | step=225280 | SPS=1326
update 120/390 | step=245760 | SPS=1323
update 130/390 | step=266240 | SPS=1320
update 140/390 | step=286720 | SPS=1319
[300016] Regime switch detected! 0 -> 1. Snapshotting anchor model.
update 150/390 | step=307200 | SPS=1318
update 160/390 | step=327680 | SPS=1319
update 170/390 | step=348160 | SPS=1318
update 180/390 | step=368640 | SPS=1316
update 190/390 | step=389120 | SPS=1315
[400016] Regime switch detected! 1 -> 0. Snapshotting anchor model.
update 200/390 | step=409600 | SPS=1313
update 210/390 | step=430080 | SPS=1313
update 220/390 | step=450560 | SPS=1314
update 230/390 | step=471040 | SPS=1314
update 240/390 | step=491520 | SPS=1314
[500016] Regime switch detected! 0 -> 1. Snapshotting anchor model.
update 250/390 | step=512000 | SPS=1314
update 260/390 | step=532480 | SPS=1315
update 270/390 | step=552960 | SPS=1314
update 280/390 | step=573440 | SPS=1314
update 290/390 | step=593920 | SPS=1313
[600016] Regime switch detected! 1 -> 0. Snapshotting anchor model.
update 300/390 | step=614400 | SPS=1312
update 310/390 | step=634880 | SPS=1314
update 320/390 | step=655360 | SPS=1314
update 330/390 | step=675840 | SPS=1313
update 340/390 | step=696320 | SPS=1313
[700016] Regime switch detected! 0 -> 1. Snapshotting anchor model.
update 350/390 | step=716800 | SPS=1315
update 360/390 | step=737280 | SPS=1315
update 370/390 | step=757760 | SPS=1316
update 380/390 | step=778240 | SPS=1317
update 390/390 | step=798720 | SPS=1319
Episode 20/30 | reward=2.9677 | avg10=3.3464 | avg_success_rate=0.7500 | steps=38 | time=608.2s
  [brain ckpt] runs/calib8x8_brain_neuromod_trainable_declr_seed3_20260701-231428/episode_20/brain_ep20.pt
update 10/390 | step=20480 | SPS=1375
update 20/390 | step=40960 | SPS=1348
update 30/390 | step=61440 | SPS=1322
update 40/390 | step=81920 | SPS=1314
[100016] Regime switch detected! 0 -> 1. Snapshotting anchor model.
update 50/390 | step=102400 | SPS=1314
update 60/390 | step=122880 | SPS=1314
update 70/390 | step=143360 | SPS=1313
update 80/390 | step=163840 | SPS=1308
update 90/390 | step=184320 | SPS=1309
[200016] Regime switch detected! 1 -> 0. Snapshotting anchor model.
update 100/390 | step=204800 | SPS=1309
update 110/390 | step=225280 | SPS=1310
update 120/390 | step=245760 | SPS=1314
update 130/390 | step=266240 | SPS=1324
update 140/390 | step=286720 | SPS=1329
[300016] Regime switch detected! 0 -> 1. Snapshotting anchor model.
update 150/390 | step=307200 | SPS=1340
update 160/390 | step=327680 | SPS=1344
update 170/390 | step=348160 | SPS=1339
update 180/390 | step=368640 | SPS=1336
update 190/390 | step=389120 | SPS=1333
[400016] Regime switch detected! 1 -> 0. Snapshotting anchor model.
update 200/390 | step=409600 | SPS=1338
update 210/390 | step=430080 | SPS=1343
update 220/390 | step=450560 | SPS=1347
update 230/390 | step=471040 | SPS=1351
update 240/390 | step=491520 | SPS=1351
[500016] Regime switch detected! 0 -> 1. Snapshotting anchor model.
update 250/390 | step=512000 | SPS=1348
update 260/390 | step=532480 | SPS=1346
update 270/390 | step=552960 | SPS=1348
update 280/390 | step=573440 | SPS=1352
update 290/390 | step=593920 | SPS=1355
[600016] Regime switch detected! 1 -> 0. Snapshotting anchor model.
update 300/390 | step=614400 | SPS=1358
update 310/390 | step=634880 | SPS=1362
update 320/390 | step=655360 | SPS=1366
update 330/390 | step=675840 | SPS=1367
update 340/390 | step=696320 | SPS=1371
[700016] Regime switch detected! 0 -> 1. Snapshotting anchor model.
update 350/390 | step=716800 | SPS=1374
update 360/390 | step=737280 | SPS=1375
update 370/390 | step=757760 | SPS=1378
update 380/390 | step=778240 | SPS=1376
update 390/390 | step=798720 | SPS=1374
Episode 21/30 | reward=7.2854 | avg10=3.6273 | avg_success_rate=0.9600 | steps=38 | time=584.2s
update 10/390 | step=20480 | SPS=1370
update 20/390 | step=40960 | SPS=1342
update 30/390 | step=61440 | SPS=1316
update 40/390 | step=81920 | SPS=1305
[100016] Regime switch detected! 0 -> 1. Snapshotting anchor model.
update 50/390 | step=102400 | SPS=1308
update 60/390 | step=122880 | SPS=1328
update 70/390 | step=143360 | SPS=1354
update 80/390 | step=163840 | SPS=1347
update 90/390 | step=184320 | SPS=1344
[200016] Regime switch detected! 1 -> 0. Snapshotting anchor model.
update 100/390 | step=204800 | SPS=1339
update 110/390 | step=225280 | SPS=1335
update 120/390 | step=245760 | SPS=1332
update 130/390 | step=266240 | SPS=1330
update 140/390 | step=286720 | SPS=1340
[300016] Regime switch detected! 0 -> 1. Snapshotting anchor model.
update 150/390 | step=307200 | SPS=1350
update 160/390 | step=327680 | SPS=1359
update 170/390 | step=348160 | SPS=1364
update 180/390 | step=368640 | SPS=1366
update 190/390 | step=389120 | SPS=1369
[400016] Regime switch detected! 1 -> 0. Snapshotting anchor model.
update 200/390 | step=409600 | SPS=1365
update 210/390 | step=430080 | SPS=1361
update 220/390 | step=450560 | SPS=1358
update 230/390 | step=471040 | SPS=1355
update 240/390 | step=491520 | SPS=1351
[500016] Regime switch detected! 0 -> 1. Snapshotting anchor model.
update 250/390 | step=512000 | SPS=1357
update 260/390 | step=532480 | SPS=1361
update 270/390 | step=552960 | SPS=1366
update 280/390 | step=573440 | SPS=1371
update 290/390 | step=593920 | SPS=1375
[600016] Regime switch detected! 1 -> 0. Snapshotting anchor model.
update 300/390 | step=614400 | SPS=1377
update 310/390 | step=634880 | SPS=1380
update 320/390 | step=655360 | SPS=1381
update 330/390 | step=675840 | SPS=1383
update 340/390 | step=696320 | SPS=1383
[700016] Regime switch detected! 0 -> 1. Snapshotting anchor model.
update 350/390 | step=716800 | SPS=1381
update 360/390 | step=737280 | SPS=1379
update 370/390 | step=757760 | SPS=1376
update 380/390 | step=778240 | SPS=1375
update 390/390 | step=798720 | SPS=1374
Episode 22/30 | reward=4.9287 | avg10=3.8200 | avg_success_rate=0.9000 | steps=38 | time=584.3s
update 10/390 | step=20480 | SPS=1359
update 20/390 | step=40960 | SPS=1355
update 30/390 | step=61440 | SPS=1355
update 40/390 | step=81920 | SPS=1335
[100016] Regime switch detected! 0 -> 1. Snapshotting anchor model.
update 50/390 | step=102400 | SPS=1329
update 60/390 | step=122880 | SPS=1324
update 70/390 | step=143360 | SPS=1325
update 80/390 | step=163840 | SPS=1320
update 90/390 | step=184320 | SPS=1320
[200016] Regime switch detected! 1 -> 0. Snapshotting anchor model.
update 100/390 | step=204800 | SPS=1318
update 110/390 | step=225280 | SPS=1320
update 120/390 | step=245760 | SPS=1321
update 130/390 | step=266240 | SPS=1321
update 140/390 | step=286720 | SPS=1321
[300016] Regime switch detected! 0 -> 1. Snapshotting anchor model.
update 150/390 | step=307200 | SPS=1321
update 160/390 | step=327680 | SPS=1322
update 170/390 | step=348160 | SPS=1320
update 180/390 | step=368640 | SPS=1320
update 190/390 | step=389120 | SPS=1319
[400016] Regime switch detected! 1 -> 0. Snapshotting anchor model.
update 200/390 | step=409600 | SPS=1323
update 210/390 | step=430080 | SPS=1330
update 220/390 | step=450560 | SPS=1337
update 230/390 | step=471040 | SPS=1343
update 240/390 | step=491520 | SPS=1347
[500016] Regime switch detected! 0 -> 1. Snapshotting anchor model.
update 250/390 | step=512000 | SPS=1346
update 260/390 | step=532480 | SPS=1348
update 270/390 | step=552960 | SPS=1347
update 280/390 | step=573440 | SPS=1346
update 290/390 | step=593920 | SPS=1345
[600016] Regime switch detected! 1 -> 0. Snapshotting anchor model.
update 300/390 | step=614400 | SPS=1347
update 310/390 | step=634880 | SPS=1348
update 320/390 | step=655360 | SPS=1352
update 330/390 | step=675840 | SPS=1353
update 340/390 | step=696320 | SPS=1355
[700016] Regime switch detected! 0 -> 1. Snapshotting anchor model.
update 350/390 | step=716800 | SPS=1358
update 360/390 | step=737280 | SPS=1361
update 370/390 | step=757760 | SPS=1363
update 380/390 | step=778240 | SPS=1361
update 390/390 | step=798720 | SPS=1362
Episode 23/30 | reward=7.1046 | avg10=4.1334 | avg_success_rate=0.8200 | steps=38 | time=589.2s
update 10/390 | step=20480 | SPS=1406
update 20/390 | step=40960 | SPS=1395
update 30/390 | step=61440 | SPS=1388
update 40/390 | step=81920 | SPS=1378
[100016] Regime switch detected! 0 -> 1. Snapshotting anchor model.
update 50/390 | step=102400 | SPS=1368
update 60/390 | step=122880 | SPS=1383
update 70/390 | step=143360 | SPS=1381
update 80/390 | step=163840 | SPS=1369
update 90/390 | step=184320 | SPS=1362
[200016] Regime switch detected! 1 -> 0. Snapshotting anchor model.
update 100/390 | step=204800 | SPS=1354
update 110/390 | step=225280 | SPS=1351
update 120/390 | step=245760 | SPS=1345
update 130/390 | step=266240 | SPS=1340
update 140/390 | step=286720 | SPS=1335
[300016] Regime switch detected! 0 -> 1. Snapshotting anchor model.
update 150/390 | step=307200 | SPS=1333
update 160/390 | step=327680 | SPS=1330
update 170/390 | step=348160 | SPS=1328
update 180/390 | step=368640 | SPS=1337
update 190/390 | step=389120 | SPS=1336
[400016] Regime switch detected! 1 -> 0. Snapshotting anchor model.
update 200/390 | step=409600 | SPS=1335
update 210/390 | step=430080 | SPS=1338
update 220/390 | step=450560 | SPS=1337
update 230/390 | step=471040 | SPS=1342
update 240/390 | step=491520 | SPS=1344
[500016] Regime switch detected! 0 -> 1. Snapshotting anchor model.
update 250/390 | step=512000 | SPS=1341
update 260/390 | step=532480 | SPS=1338
update 270/390 | step=552960 | SPS=1336
update 280/390 | step=573440 | SPS=1335
update 290/390 | step=593920 | SPS=1335
[600016] Regime switch detected! 1 -> 0. Snapshotting anchor model.
update 300/390 | step=614400 | SPS=1339
update 310/390 | step=634880 | SPS=1337
update 320/390 | step=655360 | SPS=1336
update 330/390 | step=675840 | SPS=1335
update 340/390 | step=696320 | SPS=1335
[700016] Regime switch detected! 0 -> 1. Snapshotting anchor model.
update 350/390 | step=716800 | SPS=1338
update 360/390 | step=737280 | SPS=1337
update 370/390 | step=757760 | SPS=1336
update 380/390 | step=778240 | SPS=1335
update 390/390 | step=798720 | SPS=1339
Episode 24/30 | reward=2.5852 | avg10=4.3414 | avg_success_rate=0.7700 | steps=38 | time=599.3s
update 10/390 | step=20480 | SPS=1366
update 20/390 | step=40960 | SPS=1335
update 30/390 | step=61440 | SPS=1336
update 40/390 | step=81920 | SPS=1353
[100016] Regime switch detected! 0 -> 1. Snapshotting anchor model.
update 50/390 | step=102400 | SPS=1352
update 60/390 | step=122880 | SPS=1356
update 70/390 | step=143360 | SPS=1351
update 80/390 | step=163840 | SPS=1350
update 90/390 | step=184320 | SPS=1368
[200016] Regime switch detected! 1 -> 0. Snapshotting anchor model.
update 100/390 | step=204800 | SPS=1371
update 110/390 | step=225280 | SPS=1364
update 120/390 | step=245760 | SPS=1358
update 130/390 | step=266240 | SPS=1352
update 140/390 | step=286720 | SPS=1349
[300016] Regime switch detected! 0 -> 1. Snapshotting anchor model.
update 150/390 | step=307200 | SPS=1347
update 160/390 | step=327680 | SPS=1345
update 170/390 | step=348160 | SPS=1340
update 180/390 | step=368640 | SPS=1337
update 190/390 | step=389120 | SPS=1335
[400016] Regime switch detected! 1 -> 0. Snapshotting anchor model.
update 200/390 | step=409600 | SPS=1335
update 210/390 | step=430080 | SPS=1341
update 220/390 | step=450560 | SPS=1347
update 230/390 | step=471040 | SPS=1353
update 240/390 | step=491520 | SPS=1357
[500016] Regime switch detected! 0 -> 1. Snapshotting anchor model.
update 250/390 | step=512000 | SPS=1363
update 260/390 | step=532480 | SPS=1367
update 270/390 | step=552960 | SPS=1370
update 280/390 | step=573440 | SPS=1368
update 290/390 | step=593920 | SPS=1366
[600016] Regime switch detected! 1 -> 0. Snapshotting anchor model.
update 300/390 | step=614400 | SPS=1365
update 310/390 | step=634880 | SPS=1362
update 320/390 | step=655360 | SPS=1365
update 330/390 | step=675840 | SPS=1367
update 340/390 | step=696320 | SPS=1370
[700016] Regime switch detected! 0 -> 1. Snapshotting anchor model.
update 350/390 | step=716800 | SPS=1372
update 360/390 | step=737280 | SPS=1373
update 370/390 | step=757760 | SPS=1376
update 380/390 | step=778240 | SPS=1376
update 390/390 | step=798720 | SPS=1378
Episode 25/30 | reward=4.5544 | avg10=4.4425 | avg_success_rate=0.9600 | steps=38 | time=582.4s
  [brain ckpt] runs/calib8x8_brain_neuromod_trainable_declr_seed3_20260701-231428/episode_25/brain_ep25.pt
update 10/390 | step=20480 | SPS=1425
update 20/390 | step=40960 | SPS=1422
update 30/390 | step=61440 | SPS=1393
update 40/390 | step=81920 | SPS=1401
[100016] Regime switch detected! 0 -> 1. Snapshotting anchor model.
update 50/390 | step=102400 | SPS=1415
update 60/390 | step=122880 | SPS=1428
update 70/390 | step=143360 | SPS=1420
update 80/390 | step=163840 | SPS=1405
update 90/390 | step=184320 | SPS=1390
[200016] Regime switch detected! 1 -> 0. Snapshotting anchor model.
update 100/390 | step=204800 | SPS=1380
update 110/390 | step=225280 | SPS=1384
update 120/390 | step=245760 | SPS=1382
update 130/390 | step=266240 | SPS=1387
update 140/390 | step=286720 | SPS=1388
[300016] Regime switch detected! 0 -> 1. Snapshotting anchor model.
update 150/390 | step=307200 | SPS=1392
update 160/390 | step=327680 | SPS=1397
update 170/390 | step=348160 | SPS=1398
update 180/390 | step=368640 | SPS=1400
update 190/390 | step=389120 | SPS=1404
[400016] Regime switch detected! 1 -> 0. Snapshotting anchor model.
update 200/390 | step=409600 | SPS=1402
update 210/390 | step=430080 | SPS=1406
update 220/390 | step=450560 | SPS=1408
update 230/390 | step=471040 | SPS=1406
update 240/390 | step=491520 | SPS=1406
[500016] Regime switch detected! 0 -> 1. Snapshotting anchor model.
update 250/390 | step=512000 | SPS=1408
update 260/390 | step=532480 | SPS=1410
update 270/390 | step=552960 | SPS=1413
update 280/390 | step=573440 | SPS=1408
update 290/390 | step=593920 | SPS=1404
[600016] Regime switch detected! 1 -> 0. Snapshotting anchor model.
update 300/390 | step=614400 | SPS=1400
update 310/390 | step=634880 | SPS=1397
update 320/390 | step=655360 | SPS=1398
update 330/390 | step=675840 | SPS=1399
update 340/390 | step=696320 | SPS=1401
[700016] Regime switch detected! 0 -> 1. Snapshotting anchor model.
update 350/390 | step=716800 | SPS=1403
update 360/390 | step=737280 | SPS=1405
update 370/390 | step=757760 | SPS=1403
update 380/390 | step=778240 | SPS=1401
update 390/390 | step=798720 | SPS=1397
Episode 26/30 | reward=3.7205 | avg10=4.4296 | avg_success_rate=0.9000 | steps=38 | time=574.5s
update 10/390 | step=20480 | SPS=1360
update 20/390 | step=40960 | SPS=1336
update 30/390 | step=61440 | SPS=1329
update 40/390 | step=81920 | SPS=1321
[100016] Regime switch detected! 0 -> 1. Snapshotting anchor model.
update 50/390 | step=102400 | SPS=1341
update 60/390 | step=122880 | SPS=1360
update 70/390 | step=143360 | SPS=1363
update 80/390 | step=163840 | SPS=1353
update 90/390 | step=184320 | SPS=1351
[200016] Regime switch detected! 1 -> 0. Snapshotting anchor model.
update 100/390 | step=204800 | SPS=1346
update 110/390 | step=225280 | SPS=1342
update 120/390 | step=245760 | SPS=1338
update 130/390 | step=266240 | SPS=1333
update 140/390 | step=286720 | SPS=1331
[300016] Regime switch detected! 0 -> 1. Snapshotting anchor model.
update 150/390 | step=307200 | SPS=1327
update 160/390 | step=327680 | SPS=1325
update 170/390 | step=348160 | SPS=1324
update 180/390 | step=368640 | SPS=1323
update 190/390 | step=389120 | SPS=1321
[400016] Regime switch detected! 1 -> 0. Snapshotting anchor model.
update 200/390 | step=409600 | SPS=1319
update 210/390 | step=430080 | SPS=1317
update 220/390 | step=450560 | SPS=1318
update 230/390 | step=471040 | SPS=1318
update 240/390 | step=491520 | SPS=1323
[500016] Regime switch detected! 0 -> 1. Snapshotting anchor model.
update 250/390 | step=512000 | SPS=1322
update 260/390 | step=532480 | SPS=1321
update 270/390 | step=552960 | SPS=1322
update 280/390 | step=573440 | SPS=1322
update 290/390 | step=593920 | SPS=1321
[600016] Regime switch detected! 1 -> 0. Snapshotting anchor model.
update 300/390 | step=614400 | SPS=1322
update 310/390 | step=634880 | SPS=1320
update 320/390 | step=655360 | SPS=1322
update 330/390 | step=675840 | SPS=1323
update 340/390 | step=696320 | SPS=1322
[700016] Regime switch detected! 0 -> 1. Snapshotting anchor model.
update 350/390 | step=716800 | SPS=1322
update 360/390 | step=737280 | SPS=1321
update 370/390 | step=757760 | SPS=1322
update 380/390 | step=778240 | SPS=1321
update 390/390 | step=798720 | SPS=1323
Episode 27/30 | reward=2.5484 | avg10=4.3583 | avg_success_rate=0.9300 | steps=38 | time=606.6s
update 10/390 | step=20480 | SPS=1376
update 20/390 | step=40960 | SPS=1351
update 30/390 | step=61440 | SPS=1386
update 40/390 | step=81920 | SPS=1402
[100016] Regime switch detected! 0 -> 1. Snapshotting anchor model.
update 50/390 | step=102400 | SPS=1407
update 60/390 | step=122880 | SPS=1408
update 70/390 | step=143360 | SPS=1404
update 80/390 | step=163840 | SPS=1393
update 90/390 | step=184320 | SPS=1395
[200016] Regime switch detected! 1 -> 0. Snapshotting anchor model.
update 100/390 | step=204800 | SPS=1402
update 110/390 | step=225280 | SPS=1406
update 120/390 | step=245760 | SPS=1412
update 130/390 | step=266240 | SPS=1416
update 140/390 | step=286720 | SPS=1422
[300016] Regime switch detected! 0 -> 1. Snapshotting anchor model.
update 150/390 | step=307200 | SPS=1425
update 160/390 | step=327680 | SPS=1425
update 170/390 | step=348160 | SPS=1424
update 180/390 | step=368640 | SPS=1422
update 190/390 | step=389120 | SPS=1423
[400016] Regime switch detected! 1 -> 0. Snapshotting anchor model.
update 200/390 | step=409600 | SPS=1424
update 210/390 | step=430080 | SPS=1428
update 220/390 | step=450560 | SPS=1422
update 230/390 | step=471040 | SPS=1414
update 240/390 | step=491520 | SPS=1416
[500016] Regime switch detected! 0 -> 1. Snapshotting anchor model.
update 250/390 | step=512000 | SPS=1411
update 260/390 | step=532480 | SPS=1405
update 270/390 | step=552960 | SPS=1407
update 280/390 | step=573440 | SPS=1403
update 290/390 | step=593920 | SPS=1401
[600016] Regime switch detected! 1 -> 0. Snapshotting anchor model.
update 300/390 | step=614400 | SPS=1399
update 310/390 | step=634880 | SPS=1401
update 320/390 | step=655360 | SPS=1400
update 330/390 | step=675840 | SPS=1396
update 340/390 | step=696320 | SPS=1395
[700016] Regime switch detected! 0 -> 1. Snapshotting anchor model.
update 350/390 | step=716800 | SPS=1396
update 360/390 | step=737280 | SPS=1391
update 370/390 | step=757760 | SPS=1389
update 380/390 | step=778240 | SPS=1389
update 390/390 | step=798720 | SPS=1386
Episode 28/30 | reward=4.3997 | avg10=4.3758 | avg_success_rate=0.9600 | steps=38 | time=579.2s
update 10/390 | step=20480 | SPS=1366
update 20/390 | step=40960 | SPS=1354
update 30/390 | step=61440 | SPS=1354
update 40/390 | step=81920 | SPS=1344
[100016] Regime switch detected! 0 -> 1. Snapshotting anchor model.
update 50/390 | step=102400 | SPS=1334
update 60/390 | step=122880 | SPS=1323
update 70/390 | step=143360 | SPS=1325
update 80/390 | step=163840 | SPS=1325
update 90/390 | step=184320 | SPS=1325
[200016] Regime switch detected! 1 -> 0. Snapshotting anchor model.
update 100/390 | step=204800 | SPS=1323
update 110/390 | step=225280 | SPS=1322
update 120/390 | step=245760 | SPS=1328
update 130/390 | step=266240 | SPS=1338
update 140/390 | step=286720 | SPS=1344
[300016] Regime switch detected! 0 -> 1. Snapshotting anchor model.
update 150/390 | step=307200 | SPS=1342
update 160/390 | step=327680 | SPS=1349
update 170/390 | step=348160 | SPS=1347
update 180/390 | step=368640 | SPS=1344
update 190/390 | step=389120 | SPS=1341
[400016] Regime switch detected! 1 -> 0. Snapshotting anchor model.
update 200/390 | step=409600 | SPS=1338
update 210/390 | step=430080 | SPS=1340
update 220/390 | step=450560 | SPS=1339
update 230/390 | step=471040 | SPS=1338
update 240/390 | step=491520 | SPS=1337
[500016] Regime switch detected! 0 -> 1. Snapshotting anchor model.
update 250/390 | step=512000 | SPS=1335
update 260/390 | step=532480 | SPS=1339
update 270/390 | step=552960 | SPS=1344
update 280/390 | step=573440 | SPS=1347
update 290/390 | step=593920 | SPS=1351
[600016] Regime switch detected! 1 -> 0. Snapshotting anchor model.
update 300/390 | step=614400 | SPS=1353
update 310/390 | step=634880 | SPS=1351
update 320/390 | step=655360 | SPS=1352
update 330/390 | step=675840 | SPS=1355
update 340/390 | step=696320 | SPS=1359
[700016] Regime switch detected! 0 -> 1. Snapshotting anchor model.
update 350/390 | step=716800 | SPS=1363
update 360/390 | step=737280 | SPS=1366
update 370/390 | step=757760 | SPS=1369
update 380/390 | step=778240 | SPS=1372
update 390/390 | step=798720 | SPS=1372
Episode 29/30 | reward=4.1134 | avg10=4.4208 | avg_success_rate=0.9000 | steps=38 | time=585.0s
update 10/390 | step=20480 | SPS=1432
update 20/390 | step=40960 | SPS=1372
update 30/390 | step=61440 | SPS=1352
update 40/390 | step=81920 | SPS=1334
[100016] Regime switch detected! 0 -> 1. Snapshotting anchor model.
update 50/390 | step=102400 | SPS=1327
update 60/390 | step=122880 | SPS=1318
update 70/390 | step=143360 | SPS=1333
update 80/390 | step=163840 | SPS=1328
update 90/390 | step=184320 | SPS=1323
[200016] Regime switch detected! 1 -> 0. Snapshotting anchor model.
update 100/390 | step=204800 | SPS=1339
update 110/390 | step=225280 | SPS=1342
update 120/390 | step=245760 | SPS=1339
update 130/390 | step=266240 | SPS=1336
update 140/390 | step=286720 | SPS=1334
[300016] Regime switch detected! 0 -> 1. Snapshotting anchor model.
update 150/390 | step=307200 | SPS=1331
update 160/390 | step=327680 | SPS=1330
update 170/390 | step=348160 | SPS=1328
update 180/390 | step=368640 | SPS=1327
update 190/390 | step=389120 | SPS=1328
[400016] Regime switch detected! 1 -> 0. Snapshotting anchor model.
update 200/390 | step=409600 | SPS=1336
update 210/390 | step=430080 | SPS=1341
update 220/390 | step=450560 | SPS=1348
update 230/390 | step=471040 | SPS=1348
update 240/390 | step=491520 | SPS=1346
[500016] Regime switch detected! 0 -> 1. Snapshotting anchor model.
update 250/390 | step=512000 | SPS=1343
update 260/390 | step=532480 | SPS=1342
update 270/390 | step=552960 | SPS=1347
update 280/390 | step=573440 | SPS=1351
update 290/390 | step=593920 | SPS=1352
[600016] Regime switch detected! 1 -> 0. Snapshotting anchor model.
update 300/390 | step=614400 | SPS=1352
update 310/390 | step=634880 | SPS=1350
update 320/390 | step=655360 | SPS=1348
update 330/390 | step=675840 | SPS=1347
update 340/390 | step=696320 | SPS=1349
[700016] Regime switch detected! 0 -> 1. Snapshotting anchor model.
update 350/390 | step=716800 | SPS=1349
update 360/390 | step=737280 | SPS=1352
update 370/390 | step=757760 | SPS=1355
update 380/390 | step=778240 | SPS=1358
update 390/390 | step=798720 | SPS=1360
Episode 30/30 | reward=4.4963 | avg10=4.5737 | avg_success_rate=0.8700 | steps=38 | time=590.3s
  [brain ckpt] runs/calib8x8_brain_neuromod_trainable_declr_seed3_20260701-231428/episode_30/brain_ep30.pt
Saved Brain model to: runs/calib8x8_brain_neuromod_trainable_declr_seed3_20260701-231428/brain_model.pt

Brain training complete. Total RL episodes: 30
